82784 epoll_pwait(4, [{events=EPOLLOUT, data={u32=2948828032, u64=132519869778816}}], 1024, 18, NULL, 8) = 1
82784 epoll_pwait(4, [], 1024, 18, NULL, 8) = 0
82784 futex(0x7886aff952f8, FUTEX_WAKE_PRIVATE, 1) = 1
82768 <... futex resumed>)              = 0
82784 write(5, "\1\0\0\0\0\0\0\0", 8 <unfinished ...>
82768 futex(0x7886ab202a68, FUTEX_WAKE_PRIVATE, 1 <unfinished ...>
82784 <... write resumed>)              = 8
82768 <... futex resumed>)              = 1
82784 sendto(26, "\224\0\0\0\0\0\0\0", 8, MSG_NOSIGNAL, NULL, 0 <unfinished ...>
82782 <... futex resumed>)              = 0
82768 futex(0x7886aff952f8, FUTEX_WAIT_PRIVATE, 1, NULL <unfinished ...>
82784 <... sendto resumed>)             = 8
82782 epoll_pwait(4,  <unfinished ...>
85918 <... recvfrom resumed>"\224\0\0\0\0\0\0\0", 8, 0, NULL, NULL) = 8
82784 sendto(26, "\2\0\0\0\1\0\0\0\0\0\0\0\2\0\0\0\4\0\0\0\0\0\0\0tick\0\00008"..., 148, MSG_NOSIGNAL, NULL, 0 <unfinished ...>
82782 <... epoll_pwait resumed>[{events=EPOLLIN, data={u32=0, u64=0}}], 1024, 19, NULL, 8) = 1
85918 recvfrom(3,  <unfinished ...>
82784 <... sendto resumed>)             = 148
82784 recvfrom(26,  <unfinished ...>
82782 epoll_pwait(4,  <unfinished ...>
85918 <... recvfrom resumed>"\2\0\0\0\1\0\0\0\0\0\0\0\2\0\0\0\4\0\0\0\0\0\0\0tick\0\00008"..., 148, 0, NULL, NULL) = 148
82784 <... recvfrom resumed>0x7886aff91f10, 8, 0, NULL, NULL) = -1 EAGAIN (Resource temporarily unavailable)
85918 futex(0x604f584bab58, FUTEX_WAKE_PRIVATE, 1 <unfinished ...>
82784 futex(0x7886aaa02a68, FUTEX_WAIT_PRIVATE, 1, NULL <unfinished ...>
85918 <... futex resumed>)              = 1
85908 <... futex resumed>)              = 0
85918 sendto(3, "$\0\0\0\0\0\0\0", 8, MSG_NOSIGNAL, NULL, 0 <unfinished ...>
85908 sendto(6, "\257\0\0\0\0\0\0\0", 8, MSG_NOSIGNAL, NULL, 0 <unfinished ...>
85918 <... sendto resumed>)             = 8
82782 <... epoll_pwait resumed>[{events=EPOLLIN|EPOLLOUT, data={u32=2948826496, u64=132519869777280}}], 1024, 19, NULL, 8) = 1
85918 sendto(3, "\5\0\0\0\0\0\0\0\0\0\0\0@\35=\237\16\376\210f\34R\37\222\233\34I\366\252\373EP"..., 36, MSG_NOSIGNAL, NULL, 0 <unfinished ...>
85908 <... sendto resumed>)             = 8
82782 recvfrom(26,  <unfinished ...>
85918 <... sendto resumed>)             = 36
85908 sendto(6, "\2\0\0\0\7\0\0\0\0\0\0\0latency\0\0\240\16>\237\16\376\210f\34R\37"..., 175, MSG_NOSIGNAL, NULL, 0 <unfinished ...>
82782 <... recvfrom resumed>"$\0\0\0\0\0\0\0", 8, 0, NULL, NULL) = 8
85918 recvfrom(3,  <unfinished ...>
85908 <... sendto resumed>)             = 175
82782 recvfrom(26,  <unfinished ...>
85908 futex(0x604f584bab58, FUTEX_WAIT_BITSET_PRIVATE, 4294967295, NULL, FUTEX_BITSET_MATCH_ANY <unfinished ...>
82782 <... recvfrom resumed>"\5\0\0\0\0\0\0\0\0\0\0\0@\35=\237\16\376\210f\34R\37\222\233\34I\366\252\373EP"..., 36, 0, NULL, NULL) = 36
82782 epoll_pwait(4, [{events=EPOLLIN|EPOLLOUT, data={u32=2948832512, u64=132519869783296}}, {events=EPOLLOUT, data={u32=2948826496, u64=132519869777280}}], 1024, 19, NULL, 8) = 2
82782 recvfrom(33, "\257\0\0\0\0\0\0\0", 8, 0, NULL, NULL) = 8
82782 recvfrom(33, "\2\0\0\0\7\0\0\0\0\0\0\0latency\0\0\240\16>\237\16\376\210f\34R\37"..., 175, 0, NULL, NULL) = 175
82782 futex(0x7886aff952f8, FUTEX_WAKE_PRIVATE, 1) = 1
82768 <... futex resumed>)              = 0
82782 recvfrom(33,  <unfinished ...>
82768 futex(0x7886aaa02a68, FUTEX_WAKE_PRIVATE, 1 <unfinished ...>
82782 <... recvfrom resumed>0x7886afc54c50, 8, 0, NULL, NULL) = -1 EAGAIN (Resource temporarily unavailable)
82784 <... futex resumed>)              = 0
82768 <... futex resumed>)              = 1
82782 sendto(28, "\273\0\0\0\0\0\0\0", 8, MSG_NOSIGNAL, NULL, 0 <unfinished ...>
82784 epoll_pwait(4,  <unfinished ...>
82768 futex(0x7886aff952f8, FUTEX_WAIT_PRIVATE, 1, NULL <unfinished ...>
82782 <... sendto resumed>)             = 8
85917 <... recvfrom resumed>"\273\0\0\0\0\0\0\0", 8, 0, NULL, NULL) = 8
82782 sendto(28, "\2\0\0\0\1\0\0\0\0\0\0\0\2\0\0\0\7\0\0\0\0\0\0\0latency\0"..., 187, MSG_NOSIGNAL, NULL, 0 <unfinished ...>
85917 recvfrom(3,  <unfinished ...>
82782 <... sendto resumed>)             = 187
82782 recvfrom(28,  <unfinished ...>
85917 <... recvfrom resumed>"\2\0\0\0\1\0\0\0\0\0\0\0\2\0\0\0\7\0\0\0\0\0\0\0latency\0"..., 187, 0, NULL, NULL) = 187
82782 <... recvfrom resumed>0x7886aff91ea0, 8, 0, NULL, NULL) = -1 EAGAIN (Resource temporarily unavailable)
85917 futex(0x59e86ea2ab58, FUTEX_WAKE_PRIVATE, 1 <unfinished ...>
82782 futex(0x7886ab202a68, FUTEX_WAIT_PRIVATE, 1, NULL <unfinished ...>
85917 <... futex resumed>)              = 1
85911 <... futex resumed>)              = 0
85917 sendto(3, "$\0\0\0\0\0\0\0", 8, MSG_NOSIGNAL, NULL, 0 <unfinished ...>
85911 futex(0x59e86ea2ab58, FUTEX_WAIT_BITSET_PRIVATE, 4294967295, NULL, FUTEX_BITSET_MATCH_ANY <unfinished ...>
85917 <... sendto resumed>)             = 8
82784 <... epoll_pwait resumed>[{events=EPOLLIN|EPOLLOUT, data={u32=2948828032, u64=132519869778816}}], 1024, 19, NULL, 8) = 1
85917 sendto(3, "\5\0\0\0\0\0\0\0\0\0\0\0 \202o\237\16\376\210f\"\227\f\306\2RH\343\260\\\323i"..., 36, MSG_NOSIGNAL, NULL, 0 <unfinished ...>
82784 recvfrom(28,  <unfinished ...>
85917 <... sendto resumed>)             = 36
82784 <... recvfrom resumed>"$\0\0\0\0\0\0\0", 8, 0, NULL, NULL) = 8
85917 recvfrom(3,  <unfinished ...>
82784 recvfrom(28, "\5\0\0\0\0\0\0\0\0\0\0\0 \202o\237\16\376\210f\"\227\f\306\2RH\343\260\\\323i"..., 36, 0, NULL, NULL) = 36
82784 epoll_pwait(4, [{events=EPOLLOUT, data={u32=2948828032, u64=132519869778816}}], 1024, 18, NULL, 8) = 1
82784 epoll_pwait(4, [], 1024, 18, NULL, 8) = 0
82784 epoll_pwait(4, [], 1024, 0, NULL, 8) = 0
82784 futex(0x7886aff952f8, FUTEX_WAKE_PRIVATE, 1) = 1
82768 <... futex resumed>)              = 0
82784 write(5, "\1\0\0\0\0\0\0\0", 8 <unfinished ...>
82768 futex(0x7886ab202a68, FUTEX_WAKE_PRIVATE, 1 <unfinished ...>
82784 <... write resumed>)              = 8
82768 <... futex resumed>)              = 1
82784 sendto(26, "\224\0\0\0\0\0\0\0", 8, MSG_NOSIGNAL, NULL, 0 <unfinished ...>
82768 futex(0x7886aff952f8, FUTEX_WAIT_PRIVATE, 1, NULL <unfinished ...>
82782 <... futex resumed>)              = 0
82784 <... sendto resumed>)             = 8
85918 <... recvfrom resumed>"\224\0\0\0\0\0\0\0", 8, 0, NULL, NULL) = 8
82784 sendto(26, "\2\0\0\0\1\0\0\0\0\0\0\0\2\0\0\0\4\0\0\0\0\0\0\0tick\0\0\320\251"..., 148, MSG_NOSIGNAL, NULL, 0 <unfinished ...>
82782 epoll_pwait(4,  <unfinished ...>
85918 recvfrom(3,  <unfinished ...>
82784 <... sendto resumed>)             = 148
82782 <... epoll_pwait resumed>[{events=EPOLLIN, data={u32=0, u64=0}}], 1024, 14, NULL, 8) = 1
82784 recvfrom(26,  <unfinished ...>
85918 <... recvfrom resumed>"\2\0\0\0\1\0\0\0\0\0\0\0\2\0\0\0\4\0\0\0\0\0\0\0tick\0\0\320\251"..., 148, 0, NULL, NULL) = 148
82784 <... recvfrom resumed>0x7886aff91f10, 8, 0, NULL, NULL) = -1 EAGAIN (Resource temporarily unavailable)
82782 epoll_pwait(4,  <unfinished ...>
85918 futex(0x604f584bab58, FUTEX_WAKE_PRIVATE, 1 <unfinished ...>
82784 futex(0x7886aaa02a68, FUTEX_WAIT_PRIVATE, 1, NULL <unfinished ...>
85918 <... futex resumed>)              = 1
85918 sendto(3, "$\0\0\0\0\0\0\0", 8, MSG_NOSIGNAL, NULL, 0 <unfinished ...>
85908 <... futex resumed>)              = 0
85918 <... sendto resumed>)             = 8
85908 sendto(6, "\257\0\0\0\0\0\0\0", 8, MSG_NOSIGNAL, NULL, 0 <unfinished ...>
82782 <... epoll_pwait resumed>[{events=EPOLLIN|EPOLLOUT, data={u32=2948826496, u64=132519869777280}}], 1024, 14, NULL, 8) = 1
85918 sendto(3, "\5\0\0\0\0\0\0\0\0\0\0\0\260^A\244\16\376\210f\34R\37\222\233\34I\366\252\373EP"..., 36, MSG_NOSIGNAL, NULL, 0 <unfinished ...>
85908 <... sendto resumed>)             = 8
82782 recvfrom(26,  <unfinished ...>
85918 <... sendto resumed>)             = 36
85908 sendto(6, "\2\0\0\0\7\0\0\0\0\0\0\0latency\0\0\20\1E\244\16\376\210f\34R\37"..., 175, MSG_NOSIGNAL, NULL, 0 <unfinished ...>
85918 recvfrom(3,  <unfinished ...>
82782 <... recvfrom resumed>"$\0\0\0\0\0\0\0", 8, 0, NULL, NULL) = 8
85908 <... sendto resumed>)             = 175
82782 recvfrom(26,  <unfinished ...>
85908 futex(0x604f584bab58, FUTEX_WAIT_BITSET_PRIVATE, 4294967295, NULL, FUTEX_BITSET_MATCH_ANY <unfinished ...>
82782 <... recvfrom resumed>"\5\0\0\0\0\0\0\0\0\0\0\0\260^A\244\16\376\210f\34R\37\222\233\34I\366\252\373EP"..., 36, 0, NULL, NULL) = 36
82782 epoll_pwait(4, [{events=EPOLLIN|EPOLLOUT, data={u32=2948832512, u64=132519869783296}}, {events=EPOLLOUT, data={u32=2948826496, u64=132519869777280}}], 1024, 0, NULL, 8) = 2
82782 recvfrom(33, "\257\0\0\0\0\0\0\0", 8, 0, NULL, NULL) = 8
82782 recvfrom(33, "\2\0\0\0\7\0\0\0\0\0\0\0latency\0\0\20\1E\244\16\376\210f\34R\37"..., 175, 0, NULL, NULL) = 175
82782 futex(0x7886aff952f8, FUTEX_WAKE_PRIVATE, 1) = 1
82768 <... futex resumed>)              = 0
82782 recvfrom(33,  <unfinished ...>
82768 futex(0x7886aaa02a68, FUTEX_WAKE_PRIVATE, 1 <unfinished ...>
82782 <... recvfrom resumed>0x7886afc54c50, 8, 0, NULL, NULL) = -1 EAGAIN (Resource temporarily unavailable)
82784 <... futex resumed>)              = 0
82768 <... futex resumed>)              = 1
82782 sendto(28, "\273\0\0\0\0\0\0\0", 8, MSG_NOSIGNAL, NULL, 0 <unfinished ...>
82784 epoll_pwait(4,  <unfinished ...>
82768 futex(0x7886aff952f8, FUTEX_WAIT_PRIVATE, 1, NULL <unfinished ...>
82782 <... sendto resumed>)             = 8
85917 <... recvfrom resumed>"\273\0\0\0\0\0\0\0", 8, 0, NULL, NULL) = 8
82782 sendto(28, "\2\0\0\0\1\0\0\0\0\0\0\0\2\0\0\0\7\0\0\0\0\0\0\0latency\0"..., 187, MSG_NOSIGNAL, NULL, 0 <unfinished ...>
85917 recvfrom(3,  <unfinished ...>
82782 <... sendto resumed>)             = 187
85917 <... recvfrom resumed>"\2\0\0\0\1\0\0\0\0\0\0\0\2\0\0\0\7\0\0\0\0\0\0\0latency\0"..., 187, 0, NULL, NULL) = 187
82782 recvfrom(28,  <unfinished ...>
85917 futex(0x59e86ea2ab58, FUTEX_WAKE_PRIVATE, 1 <unfinished ...>
82782 <... recvfrom resumed>0x7886aff91ea0, 8, 0, NULL, NULL) = -1 EAGAIN (Resource temporarily unavailable)
85917 <... futex resumed>)              = 1
82782 futex(0x7886ab202a68, FUTEX_WAIT_PRIVATE, 1, NULL <unfinished ...>
85911 <... futex resumed>)              = 0
85917 sendto(3, "$\0\0\0\0\0\0\0", 8, MSG_NOSIGNAL, NULL, 0 <unfinished ...>
85911 futex(0x59e86ea2ab58, FUTEX_WAIT_BITSET_PRIVATE, 4294967295, NULL, FUTEX_BITSET_MATCH_ANY <unfinished ...>
85917 <... sendto resumed>)             = 8
82784 <... epoll_pwait resumed>[{events=EPOLLIN|EPOLLOUT, data={u32=2948828032, u64=132519869778816}}], 1024, 13, NULL, 8) = 1
85917 sendto(3, "\5\0\0\0\0\0\0\0\0\0\0\0\240:o\244\16\376\210f\"\227\f\306\2RH\343\260\\\323i"..., 36, MSG_NOSIGNAL, NULL, 0 <unfinished ...>
82784 recvfrom(28,  <unfinished ...>
85917 <... sendto resumed>)             = 36
82784 <... recvfrom resumed>"$\0\0\0\0\0\0\0", 8, 0, NULL, NULL) = 8
85917 recvfrom(3,  <unfinished ...>
82784 recvfrom(28, "\5\0\0\0\0\0\0\0\0\0\0\0\240:o\244\16\376\210f\"\227\f\306\2RH\343\260\\\323i"..., 36, 0, NULL, NULL) = 36
82784 epoll_pwait(4, [{events=EPOLLOUT, data={u32=2948828032, u64=132519869778816}}], 1024, 13, NULL, 8) = 1
82784 epoll_pwait(4, [], 1024, 13, NULL, 8) = 0
82784 epoll_pwait(4, [], 1024, 6, NULL, 8) = 0
82784 futex(0x7886aff952f8, FUTEX_WAKE_PRIVATE, 1) = 1
82768 <... futex resumed>)              = 0
82784 write(5, "\1\0\0\0\0\0\0\0", 8 <unfinished ...>
82768 futex(0x7886ab202a68, FUTEX_WAKE_PRIVATE, 1 <unfinished ...>
82784 <... write resumed>)              = 8
82768 <... futex resumed>)              = 1
82784 sendto(26, "\224\0\0\0\0\0\0\0", 8, MSG_NOSIGNAL, NULL, 0 <unfinished ...>
82782 <... futex resumed>)              = 0
82768 futex(0x7886aff952f8, FUTEX_WAIT_PRIVATE, 1, NULL <unfinished ...>
82784 <... sendto resumed>)             = 8
85918 <... recvfrom resumed>"\224\0\0\0\0\0\0\0", 8, 0, NULL, NULL) = 8
82784 sendto(26, "\2\0\0\0\1\0\0\0\0\0\0\0\2\0\0\0\4\0\0\0\0\0\0\0tick\0\0p\6"..., 148, MSG_NOSIGNAL, NULL, 0 <unfinished ...>
82782 epoll_pwait(4,  <unfinished ...>
85918 recvfrom(3,  <unfinished ...>
82784 <... sendto resumed>)             = 148
82782 <... epoll_pwait resumed>[{events=EPOLLIN, data={u32=0, u64=0}}], 1024, 19, NULL, 8) = 1
82784 recvfrom(26,  <unfinished ...>
85918 <... recvfrom resumed>"\2\0\0\0\1\0\0\0\0\0\0\0\2\0\0\0\4\0\0\0\0\0\0\0tick\0\0p\6"..., 148, 0, NULL, NULL) = 148
82784 <... recvfrom resumed>0x7886aff91f10, 8, 0, NULL, NULL) = -1 EAGAIN (Resource temporarily unavailable)
82782 epoll_pwait(4,  <unfinished ...>
85918 futex(0x604f584bab58, FUTEX_WAKE_PRIVATE, 1 <unfinished ...>
82784 futex(0x7886aaa02a68, FUTEX_WAIT_PRIVATE, 1, NULL <unfinished ...>
85918 <... futex resumed>)              = 1
85918 sendto(3, "$\0\0\0\0\0\0\0", 8, MSG_NOSIGNAL, NULL, 0 <unfinished ...>
85908 <... futex resumed>)              = 0
85918 <... sendto resumed>)             = 8
85908 sendto(6, "\257\0\0\0\0\0\0\0", 8, MSG_NOSIGNAL, NULL, 0 <unfinished ...>
82782 <... epoll_pwait resumed>[{events=EPOLLIN|EPOLLOUT, data={u32=2948826496, u64=132519869777280}}], 1024, 19, NULL, 8) = 1
85918 sendto(3, "\5\0\0\0\0\0\0\0\0\0\0\0P\210\210\251\16\376\210f\34R\37\222\233\34I\366\252\373EP"..., 36, MSG_NOSIGNAL, NULL, 0 <unfinished ...>
85908 <... sendto resumed>)             = 8
82782 recvfrom(26,  <unfinished ...>
85918 <... sendto resumed>)             = 36
85908 sendto(6, "\2\0\0\0\7\0\0\0\0\0\0\0latency\0\0\0\30\214\251\16\376\210f\34R\37"..., 175, MSG_NOSIGNAL, NULL, 0 <unfinished ...>
82782 <... recvfrom resumed>"$\0\0\0\0\0\0\0", 8, 0, NULL, NULL) = 8
85918 recvfrom(3,  <unfinished ...>
85908 <... sendto resumed>)             = 175
82782 recvfrom(26,  <unfinished ...>
85908 futex(0x604f584bab58, FUTEX_WAIT_BITSET_PRIVATE, 4294967295, NULL, FUTEX_BITSET_MATCH_ANY <unfinished ...>
82782 <... recvfrom resumed>"\5\0\0\0\0\0\0\0\0\0\0\0P\210\210\251\16\376\210f\34R\37\222\233\34I\366\252\373EP"..., 36, 0, NULL, NULL) = 36
82782 epoll_pwait(4, [{events=EPOLLIN|EPOLLOUT, data={u32=2948832512, u64=132519869783296}}, {events=EPOLLOUT, data={u32=2948826496, u64=132519869777280}}], 1024, 19, NULL, 8) = 2
82782 recvfrom(33, "\257\0\0\0\0\0\0\0", 8, 0, NULL, NULL) = 8
82782 recvfrom(33, "\2\0\0\0\7\0\0\0\0\0\0\0latency\0\0\0\30\214\251\16\376\210f\34R\37"..., 175, 0, NULL, NULL) = 175
82782 futex(0x7886aff952f8, FUTEX_WAKE_PRIVATE, 1) = 1
82768 <... futex resumed>)              = 0
82782 recvfrom(33,  <unfinished ...>
82768 futex(0x7886aaa02a68, FUTEX_WAKE_PRIVATE, 1 <unfinished ...>
82782 <... recvfrom resumed>0x7886afc54c50, 8, 0, NULL, NULL) = -1 EAGAIN (Resource temporarily unavailable)
82784 <... futex resumed>)              = 0
82768 <... futex resumed>)              = 1
82784 epoll_pwait(4,  <unfinished ...>
82782 sendto(28, "\273\0\0\0\0\0\0\0", 8, MSG_NOSIGNAL, NULL, 0 <unfinished ...>
82768 futex(0x7886aff952f8, FUTEX_WAIT_PRIVATE, 1, NULL <unfinished ...>
82782 <... sendto resumed>)             = 8
85917 <... recvfrom resumed>"\273\0\0\0\0\0\0\0", 8, 0, NULL, NULL) = 8
82782 sendto(28, "\2\0\0\0\1\0\0\0\0\0\0\0\2\0\0\0\7\0\0\0\0\0\0\0latency\0"..., 187, MSG_NOSIGNAL, NULL, 0 <unfinished ...>
85917 recvfrom(3,  <unfinished ...>
82782 <... sendto resumed>)             = 187
85917 <... recvfrom resumed>"\2\0\0\0\1\0\0\0\0\0\0\0\2\0\0\0\7\0\0\0\0\0\0\0latency\0"..., 187, 0, NULL, NULL) = 187
82782 recvfrom(28,  <unfinished ...>
85917 futex(0x59e86ea2ab58, FUTEX_WAKE_PRIVATE, 1 <unfinished ...>
82782 <... recvfrom resumed>0x7886aff91ea0, 8, 0, NULL, NULL) = -1 EAGAIN (Resource temporarily unavailable)
85917 <... futex resumed>)              = 1
82782 futex(0x7886ab202a68, FUTEX_WAIT_PRIVATE, 1, NULL <unfinished ...>
85911 <... futex resumed>)              = 0
85917 sendto(3, "$\0\0\0\0\0\0\0", 8, MSG_NOSIGNAL, NULL, 0 <unfinished ...>
85911 futex(0x59e86ea2ab58, FUTEX_WAIT_BITSET_PRIVATE, 4294967295, NULL, FUTEX_BITSET_MATCH_ANY <unfinished ...>
85917 <... sendto resumed>)             = 8
82784 <... epoll_pwait resumed>[{events=EPOLLIN|EPOLLOUT, data={u32=2948828032, u64=132519869778816}}], 1024, 18, NULL, 8) = 1
85917 sendto(3, "\5\0\0\0\0\0\0\0\0\0\0\0\320\203\270\251\16\376\210f\"\227\f\306\2RH\343\260\\\323i"..., 36, MSG_NOSIGNAL, NULL, 0 <unfinished ...>
82784 recvfrom(28,  <unfinished ...>
85917 <... sendto resumed>)             = 36
82784 <... recvfrom resumed>"$\0\0\0\0\0\0\0", 8, 0, NULL, NULL) = 8
85917 recvfrom(3,  <unfinished ...>
82784 recvfrom(28, "\5\0\0\0\0\0\0\0\0\0\0\0\320\203\270\251\16\376\210f\"\227\f\306\2RH\343\260\\\323i"..., 36, 0, NULL, NULL) = 36
82784 epoll_pwait(4, [{events=EPOLLOUT, data={u32=2948828032, u64=132519869778816}}], 1024, 18, NULL, 8) = 1
82784 epoll_pwait(4, [], 1024, 18, NULL, 8) = 0
82784 futex(0x7886aff952f8, FUTEX_WAKE_PRIVATE, 1) = 1
82768 <... futex resumed>)              = 0
82784 write(5, "\1\0\0\0\0\0\0\0", 8 <unfinished ...>
82768 futex(0x7886ab202a68, FUTEX_WAKE_PRIVATE, 1 <unfinished ...>
82784 <... write resumed>)              = 8
82768 <... futex resumed>)              = 1
82784 sendto(26, "\224\0\0\0\0\0\0\0", 8, MSG_NOSIGNAL, NULL, 0 <unfinished ...>
82782 <... futex resumed>)              = 0
82768 futex(0x7886aff952f8, FUTEX_WAIT_PRIVATE, 1, NULL <unfinished ...>
82784 <... sendto resumed>)             = 8
82782 epoll_pwait(4,  <unfinished ...>
85918 <... recvfrom resumed>"\224\0\0\0\0\0\0\0", 8, 0, NULL, NULL) = 8
82784 sendto(26, "\2\0\0\0\1\0\0\0\0\0\0\0\2\0\0\0\4\0\0\0\0\0\0\0tick\0\0\300\305"..., 148, MSG_NOSIGNAL, NULL, 0 <unfinished ...>
85918 recvfrom(3,  <unfinished ...>
82782 <... epoll_pwait resumed>[{events=EPOLLIN, data={u32=0, u64=0}}], 1024, 20, NULL, 8) = 1
82784 <... sendto resumed>)             = 148
85918 <... recvfrom resumed>"\2\0\0\0\1\0\0\0\0\0\0\0\2\0\0\0\4\0\0\0\0\0\0\0tick\0\0\300\305"..., 148, 0, NULL, NULL) = 148
82784 recvfrom(26,  <unfinished ...>
82782 epoll_pwait(4,  <unfinished ...>
82784 <... recvfrom resumed>0x7886aff91f10, 8, 0, NULL, NULL) = -1 EAGAIN (Resource temporarily unavailable)
85918 futex(0x604f584bab58, FUTEX_WAKE_PRIVATE, 1 <unfinished ...>
82784 futex(0x7886aaa02a68, FUTEX_WAIT_PRIVATE, 1, NULL <unfinished ...>
85918 <... futex resumed>)              = 1
85908 <... futex resumed>)              = 0
85918 sendto(3, "$\0\0\0\0\0\0\0", 8, MSG_NOSIGNAL, NULL, 0 <unfinished ...>
85908 sendto(6, "\257\0\0\0\0\0\0\0", 8, MSG_NOSIGNAL, NULL, 0 <unfinished ...>
85918 <... sendto resumed>)             = 8
82782 <... epoll_pwait resumed>[{events=EPOLLIN|EPOLLOUT, data={u32=2948826496, u64=132519869777280}}], 1024, 20, NULL, 8) = 1
85918 sendto(3, "\5\0\0\0\0\0\0\0\0\0\0\0p\311\204\256\16\376\210f\34R\37\222\233\34I\366\252\373EP"..., 36, MSG_NOSIGNAL, NULL, 0 <unfinished ...>
85908 <... sendto resumed>)             = 8
82782 recvfrom(26,  <unfinished ...>
85918 <... sendto resumed>)             = 36
85908 sendto(6, "\2\0\0\0\7\0\0\0\0\0\0\0latency\0\0000\274\205\256\16\376\210f\34R\37"..., 175, MSG_NOSIGNAL, NULL, 0 <unfinished ...>
82782 <... recvfrom resumed>"$\0\0\0\0\0\0\0", 8, 0, NULL, NULL) = 8
85918 recvfrom(3,  <unfinished ...>
85908 <... sendto resumed>)             = 175
82782 recvfrom(26,  <unfinished ...>
85908 futex(0x604f584bab58, FUTEX_WAIT_BITSET_PRIVATE, 4294967295, NULL, FUTEX_BITSET_MATCH_ANY <unfinished ...>
82782 <... recvfrom resumed>"\5\0\0\0\0\0\0\0\0\0\0\0p\311\204\256\16\376\210f\34R\37\222\233\34I\366\252\373EP"..., 36, 0, NULL, NULL) = 36
82782 epoll_pwait(4, [{events=EPOLLIN|EPOLLOUT, data={u32=2948832512, u64=132519869783296}}, {events=EPOLLOUT, data={u32=2948826496, u64=132519869777280}}], 1024, 19, NULL, 8) = 2
82782 recvfrom(33, "\257\0\0\0\0\0\0\0", 8, 0, NULL, NULL) = 8
82782 recvfrom(33, "\2\0\0\0\7\0\0\0\0\0\0\0latency\0\0000\274\205\256\16\376\210f\34R\37"..., 175, 0, NULL, NULL) = 175
82782 futex(0x7886aff952f8, FUTEX_WAKE_PRIVATE, 1) = 1
82768 <... futex resumed>)              = 0
82782 recvfrom(33,  <unfinished ...>
82768 futex(0x7886aaa02a68, FUTEX_WAKE_PRIVATE, 1 <unfinished ...>
82782 <... recvfrom resumed>0x7886afc54c50, 8, 0, NULL, NULL) = -1 EAGAIN (Resource temporarily unavailable)
82784 <... futex resumed>)              = 0
82768 <... futex resumed>)              = 1
82782 sendto(28, "\273\0\0\0\0\0\0\0", 8, MSG_NOSIGNAL, NULL, 0 <unfinished ...>
82784 epoll_pwait(4,  <unfinished ...>
82768 futex(0x7886aff952f8, FUTEX_WAIT_PRIVATE, 1, NULL <unfinished ...>
82782 <... sendto resumed>)             = 8
85917 <... recvfrom resumed>"\273\0\0\0\0\0\0\0", 8, 0, NULL, NULL) = 8
82782 sendto(28, "\2\0\0\0\1\0\0\0\0\0\0\0\2\0\0\0\7\0\0\0\0\0\0\0latency\0"..., 187, MSG_NOSIGNAL, NULL, 0 <unfinished ...>
85917 recvfrom(3,  <unfinished ...>
82782 <... sendto resumed>)             = 187
85917 <... recvfrom resumed>"\2\0\0\0\1\0\0\0\0\0\0\0\2\0\0\0\7\0\0\0\0\0\0\0latency\0"..., 187, 0, NULL, NULL) = 187
82782 recvfrom(28,  <unfinished ...>
85917 futex(0x59e86ea2ab58, FUTEX_WAKE_PRIVATE, 1 <unfinished ...>
82782 <... recvfrom resumed>0x7886aff91ea0, 8, 0, NULL, NULL) = -1 EAGAIN (Resource temporarily unavailable)
85917 <... futex resumed>)              = 1
82782 futex(0x7886ab202a68, FUTEX_WAIT_PRIVATE, 1, NULL <unfinished ...>
85911 <... futex resumed>)              = 0
85917 sendto(3, "$\0\0\0\0\0\0\0", 8, MSG_NOSIGNAL, NULL, 0 <unfinished ...>
85911 futex(0x59e86ea2ab58, FUTEX_WAIT_BITSET_PRIVATE, 4294967295, NULL, FUTEX_BITSET_MATCH_ANY <unfinished ...>
85917 <... sendto resumed>)             = 8
82784 <... epoll_pwait resumed>[{events=EPOLLIN|EPOLLOUT, data={u32=2948828032, u64=132519869778816}}], 1024, 19, NULL, 8) = 1
85917 sendto(3, "\5\0\0\0\0\0\0\0\0\0\0\0\200\314\270\256\16\376\210f\"\227\f\306\2RH\343\260\\\323i"..., 36, MSG_NOSIGNAL, NULL, 0 <unfinished ...>
82784 recvfrom(28,  <unfinished ...>
85917 <... sendto resumed>)             = 36
82784 <... recvfrom resumed>"$\0\0\0\0\0\0\0", 8, 0, NULL, NULL) = 8
85917 recvfrom(3,  <unfinished ...>
82784 recvfrom(28, "\5\0\0\0\0\0\0\0\0\0\0\0\200\314\270\256\16\376\210f\"\227\f\306\2RH\343\260\\\323i"..., 36, 0, NULL, NULL) = 36
82784 epoll_pwait(4, [{events=EPOLLOUT, data={u32=2948828032, u64=132519869778816}}], 1024, 19, NULL, 8) = 1
82784 epoll_pwait(4, [], 1024, 18, NULL, 8) = 0
82784 futex(0x7886aff952f8, FUTEX_WAKE_PRIVATE, 1) = 1
82768 <... futex resumed>)              = 0
82784 write(5, "\1\0\0\0\0\0\0\0", 8 <unfinished ...>
82768 futex(0x7886ab202a68, FUTEX_WAKE_PRIVATE, 1 <unfinished ...>
82784 <... write resumed>)              = 8
82768 <... futex resumed>)              = 1
82782 <... futex resumed>)              = 0
82784 sendto(26, "\224\0\0\0\0\0\0\0", 8, MSG_NOSIGNAL, NULL, 0 <unfinished ...>
82768 futex(0x7886aff952f8, FUTEX_WAIT_PRIVATE, 1, NULL <unfinished ...>
82782 epoll_pwait(4,  <unfinished ...>
82784 <... sendto resumed>)             = 8
82782 <... epoll_pwait resumed>[{events=EPOLLIN, data={u32=0, u64=0}}], 1024, 18, NULL, 8) = 1
85918 <... recvfrom resumed>"\224\0\0\0\0\0\0\0", 8, 0, NULL, NULL) = 8
82784 sendto(26, "\2\0\0\0\1\0\0\0\0\0\0\0\2\0\0\0\4\0\0\0\0\0\0\0tick\0\0\300\250"..., 148, MSG_NOSIGNAL, NULL, 0 <unfinished ...>
85918 recvfrom(3,  <unfinished ...>
82782 epoll_pwait(4,  <unfinished ...>
82784 <... sendto resumed>)             = 148
85918 <... recvfrom resumed>"\2\0\0\0\1\0\0\0\0\0\0\0\2\0\0\0\4\0\0\0\0\0\0\0tick\0\0\300\250"..., 148, 0, NULL, NULL) = 148
82784 recvfrom(26,  <unfinished ...>
85918 futex(0x604f584bab58, FUTEX_WAKE_PRIVATE, 1 <unfinished ...>
82784 <... recvfrom resumed>0x7886aff91f10, 8, 0, NULL, NULL) = -1 EAGAIN (Resource temporarily unavailable)
85918 <... futex resumed>)              = 1
85908 <... futex resumed>)              = 0
82784 futex(0x7886aaa02a68, FUTEX_WAIT_PRIVATE, 1, NULL <unfinished ...>
85918 sendto(3, "$\0\0\0\0\0\0\0", 8, MSG_NOSIGNAL, NULL, 0 <unfinished ...>
85908 sendto(6, "\257\0\0\0\0\0\0\0", 8, MSG_NOSIGNAL, NULL, 0 <unfinished ...>
85918 <... sendto resumed>)             = 8
82782 <... epoll_pwait resumed>[{events=EPOLLIN|EPOLLOUT, data={u32=2948826496, u64=132519869777280}}], 1024, 18, NULL, 8) = 1
85918 sendto(3, "\5\0\0\0\0\0\0\0\0\0\0\0Pu\211\263\16\376\210f\34R\37\222\233\34I\366\252\373EP"..., 36, MSG_NOSIGNAL, NULL, 0 <unfinished ...>
85908 <... sendto resumed>)             = 8
82782 recvfrom(26,  <unfinished ...>
85918 <... sendto resumed>)             = 36
85908 sendto(6, "\2\0\0\0\7\0\0\0\0\0\0\0latency\0\0P\362\212\263\16\376\210f\34R\37"..., 175, MSG_NOSIGNAL, NULL, 0 <unfinished ...>
85918 recvfrom(3,  <unfinished ...>
82782 <... recvfrom resumed>"$\0\0\0\0\0\0\0", 8, 0, NULL, NULL) = 8
85908 <... sendto resumed>)             = 175
82782 recvfrom(26,  <unfinished ...>
85908 futex(0x604f584bab58, FUTEX_WAIT_BITSET_PRIVATE, 4294967295, NULL, FUTEX_BITSET_MATCH_ANY <unfinished ...>
82782 <... recvfrom resumed>"\5\0\0\0\0\0\0\0\0\0\0\0Pu\211\263\16\376\210f\34R\37\222\233\34I\366\252\373EP"..., 36, 0, NULL, NULL) = 36
82782 epoll_pwait(4, [{events=EPOLLIN|EPOLLOUT, data={u32=2948832512, u64=132519869783296}}, {events=EPOLLOUT, data={u32=2948826496, u64=132519869777280}}], 1024, 18, NULL, 8) = 2
82782 recvfrom(33, "\257\0\0\0\0\0\0\0", 8, 0, NULL, NULL) = 8
82782 recvfrom(33, "\2\0\0\0\7\0\0\0\0\0\0\0latency\0\0P\362\212\263\16\376\210f\34R\37"..., 175, 0, NULL, NULL) = 175
82782 futex(0x7886aff952f8, FUTEX_WAKE_PRIVATE, 1) = 1
82768 <... futex resumed>)              = 0
82782 recvfrom(33,  <unfinished ...>
82768 futex(0x7886aaa02a68, FUTEX_WAKE_PRIVATE, 1 <unfinished ...>
82782 <... recvfrom resumed>0x7886afc54c50, 8, 0, NULL, NULL) = -1 EAGAIN (Resource temporarily unavailable)
82784 <... futex resumed>)              = 0
82768 <... futex resumed>)              = 1
82784 epoll_pwait(4,  <unfinished ...>
82782 sendto(28, "\273\0\0\0\0\0\0\0", 8, MSG_NOSIGNAL, NULL, 0 <unfinished ...>
82768 futex(0x7886aff952f8, FUTEX_WAIT_PRIVATE, 1, NULL <unfinished ...>
82782 <... sendto resumed>)             = 8
85917 <... recvfrom resumed>"\273\0\0\0\0\0\0\0", 8, 0, NULL, NULL) = 8
82782 sendto(28, "\2\0\0\0\1\0\0\0\0\0\0\0\2\0\0\0\7\0\0\0\0\0\0\0latency\0"..., 187, MSG_NOSIGNAL, NULL, 0 <unfinished ...>
85917 recvfrom(3,  <unfinished ...>
82782 <... sendto resumed>)             = 187
85917 <... recvfrom resumed>"\2\0\0\0\1\0\0\0\0\0\0\0\2\0\0\0\7\0\0\0\0\0\0\0latency\0"..., 187, 0, NULL, NULL) = 187
82782 recvfrom(28,  <unfinished ...>
85917 futex(0x59e86ea2ab58, FUTEX_WAKE_PRIVATE, 1 <unfinished ...>
82782 <... recvfrom resumed>0x7886aff91ea0, 8, 0, NULL, NULL) = -1 EAGAIN (Resource temporarily unavailable)
85917 <... futex resumed>)              = 1
82782 futex(0x7886ab202a68, FUTEX_WAIT_PRIVATE, 1, NULL <unfinished ...>
85911 <... futex resumed>)              = 0
85917 sendto(3, "$\0\0\0\0\0\0\0", 8, MSG_NOSIGNAL, NULL, 0 <unfinished ...>
85911 futex(0x59e86ea2ab58, FUTEX_WAIT_BITSET_PRIVATE, 4294967295, NULL, FUTEX_BITSET_MATCH_ANY <unfinished ...>
85917 <... sendto resumed>)             = 8
82784 <... epoll_pwait resumed>[{events=EPOLLIN|EPOLLOUT, data={u32=2948828032, u64=132519869778816}}], 1024, 17, NULL, 8) = 1
85917 sendto(3, "\5\0\0\0\0\0\0\0\0\0\0\0\0v\272\263\16\376\210f\"\227\f\306\2RH\343\260\\\323i"..., 36, MSG_NOSIGNAL, NULL, 0 <unfinished ...>
82784 recvfrom(28,  <unfinished ...>
85917 <... sendto resumed>)             = 36
82784 <... recvfrom resumed>"$\0\0\0\0\0\0\0", 8, 0, NULL, NULL) = 8
85917 recvfrom(3,  <unfinished ...>
82784 recvfrom(28, "\5\0\0\0\0\0\0\0\0\0\0\0\0v\272\263\16\376\210f\"\227\f\306\2RH\343\260\\\323i"..., 36, 0, NULL, NULL) = 36
82784 epoll_pwait(4, [{events=EPOLLOUT, data={u32=2948828032, u64=132519869778816}}], 1024, 17, NULL, 8) = 1
82784 epoll_pwait(4, [], 1024, 17, NULL, 8) = 0
82784 epoll_pwait(4, [], 1024, 2, NULL, 8) = 0
82784 futex(0x7886aff952f8, FUTEX_WAKE_PRIVATE, 1) = 1
82768 <... futex resumed>)              = 0
82784 write(5, "\1\0\0\0\0\0\0\0", 8 <unfinished ...>
82768 futex(0x7886ab202a68, FUTEX_WAKE_PRIVATE, 1 <unfinished ...>
82784 <... write resumed>)              = 8
82768 <... futex resumed>)              = 1
82784 sendto(26, "\224\0\0\0\0\0\0\0", 8, MSG_NOSIGNAL, NULL, 0 <unfinished ...>
82782 <... futex resumed>)              = 0
82768 futex(0x7886aff952f8, FUTEX_WAIT_PRIVATE, 1, NULL <unfinished ...>
82784 <... sendto resumed>)             = 8
85918 <... recvfrom resumed>"\224\0\0\0\0\0\0\0", 8, 0, NULL, NULL) = 8
82782 epoll_pwait(4,  <unfinished ...>
82784 sendto(26, "\2\0\0\0\1\0\0\0\0\0\0\0\2\0\0\0\4\0\0\0\0\0\0\0tick\0\0\300\303"..., 148, MSG_NOSIGNAL, NULL, 0 <unfinished ...>
85918 recvfrom(3,  <unfinished ...>
82782 <... epoll_pwait resumed>[{events=EPOLLIN, data={u32=0, u64=0}}], 1024, 19, NULL, 8) = 1
82784 <... sendto resumed>)             = 148
85918 <... recvfrom resumed>"\2\0\0\0\1\0\0\0\0\0\0\0\2\0\0\0\4\0\0\0\0\0\0\0tick\0\0\300\303"..., 148, 0, NULL, NULL) = 148
82784 recvfrom(26,  <unfinished ...>
82782 epoll_pwait(4,  <unfinished ...>
82784 <... recvfrom resumed>0x7886aff91f10, 8, 0, NULL, NULL) = -1 EAGAIN (Resource temporarily unavailable)
85918 futex(0x604f584bab58, FUTEX_WAKE_PRIVATE, 1 <unfinished ...>
82784 futex(0x7886aaa02a68, FUTEX_WAIT_PRIVATE, 1, NULL <unfinished ...>
85918 <... futex resumed>)              = 1
85908 <... futex resumed>)              = 0
85918 sendto(3, "$\0\0\0\0\0\0\0", 8, MSG_NOSIGNAL, NULL, 0 <unfinished ...>
85908 sendto(6, "\257\0\0\0\0\0\0\0", 8, MSG_NOSIGNAL, NULL, 0 <unfinished ...>
85918 <... sendto resumed>)             = 8
82782 <... epoll_pwait resumed>[{events=EPOLLIN|EPOLLOUT, data={u32=2948826496, u64=132519869777280}}], 1024, 19, NULL, 8) = 1
85918 sendto(3, "\5\0\0\0\0\0\0\0\0\0\0\0@v\320\270\16\376\210f\34R\37\222\233\34I\366\252\373EP"..., 36, MSG_NOSIGNAL, NULL, 0 <unfinished ...>
85908 <... sendto resumed>)             = 8
82782 recvfrom(26,  <unfinished ...>
85918 <... sendto resumed>)             = 36
85908 sendto(6, "\2\0\0\0\7\0\0\0\0\0\0\0latency\0\0`\277\321\270\16\376\210f\34R\37"..., 175, MSG_NOSIGNAL, NULL, 0 <unfinished ...>
82782 <... recvfrom resumed>"$\0\0\0\0\0\0\0", 8, 0, NULL, NULL) = 8
85918 recvfrom(3,  <unfinished ...>
85908 <... sendto resumed>)             = 175
82782 recvfrom(26,  <unfinished ...>
85908 futex(0x604f584bab58, FUTEX_WAIT_BITSET_PRIVATE, 4294967295, NULL, FUTEX_BITSET_MATCH_ANY <unfinished ...>
82782 <... recvfrom resumed>"\5\0\0\0\0\0\0\0\0\0\0\0@v\320\270\16\376\210f\34R\37\222\233\34I\366\252\373EP"..., 36, 0, NULL, NULL) = 36
82782 epoll_pwait(4, [{events=EPOLLIN|EPOLLOUT, data={u32=2948832512, u64=132519869783296}}, {events=EPOLLOUT, data={u32=2948826496, u64=132519869777280}}], 1024, 19, NULL, 8) = 2
82782 recvfrom(33, "\257\0\0\0\0\0\0\0", 8, 0, NULL, NULL) = 8
82782 recvfrom(33, "\2\0\0\0\7\0\0\0\0\0\0\0latency\0\0`\277\321\270\16\376\210f\34R\37"..., 175, 0, NULL, NULL) = 175
82782 futex(0x7886aff952f8, FUTEX_WAKE_PRIVATE, 1) = 1
82768 <... futex resumed>)              = 0
82782 recvfrom(33, 0x7886afc54c50, 8, 0, NULL, NULL) = -1 EAGAIN (Resource temporarily unavailable)
82768 futex(0x7886aaa02a68, FUTEX_WAKE_PRIVATE, 1 <unfinished ...>
82782 sendto(28, "\273\0\0\0\0\0\0\0", 8, MSG_NOSIGNAL, NULL, 0 <unfinished ...>
82784 <... futex resumed>)              = 0
82768 <... futex resumed>)              = 1
82784 epoll_pwait(4,  <unfinished ...>
82782 <... sendto resumed>)             = 8
85917 <... recvfrom resumed>"\273\0\0\0\0\0\0\0", 8, 0, NULL, NULL) = 8
82768 futex(0x7886aff952f8, FUTEX_WAIT_PRIVATE, 1, NULL <unfinished ...>
82782 sendto(28, "\2\0\0\0\1\0\0\0\0\0\0\0\2\0\0\0\7\0\0\0\0\0\0\0latency\0"..., 187, MSG_NOSIGNAL, NULL, 0 <unfinished ...>
85917 recvfrom(3,  <unfinished ...>
82782 <... sendto resumed>)             = 187
85917 <... recvfrom resumed>"\2\0\0\0\1\0\0\0\0\0\0\0\2\0\0\0\7\0\0\0\0\0\0\0latency\0"..., 187, 0, NULL, NULL) = 187
82782 recvfrom(28,  <unfinished ...>
85917 futex(0x59e86ea2ab58, FUTEX_WAKE_PRIVATE, 1 <unfinished ...>
82782 <... recvfrom resumed>0x7886aff91ea0, 8, 0, NULL, NULL) = -1 EAGAIN (Resource temporarily unavailable)
85917 <... futex resumed>)              = 1
85911 <... futex resumed>)              = 0
82782 futex(0x7886ab202a68, FUTEX_WAIT_PRIVATE, 1, NULL <unfinished ...>
85917 sendto(3, "$\0\0\0\0\0\0\0", 8, MSG_NOSIGNAL, NULL, 0 <unfinished ...>
85911 futex(0x59e86ea2ab58, FUTEX_WAIT_BITSET_PRIVATE, 4294967295, NULL, FUTEX_BITSET_MATCH_ANY <unfinished ...>
85917 <... sendto resumed>)             = 8
82784 <... epoll_pwait resumed>[{events=EPOLLIN|EPOLLOUT, data={u32=2948828032, u64=132519869778816}}], 1024, 19, NULL, 8) = 1
85917 sendto(3, "\5\0\0\0\0\0\0\0\0\0\0\0 T\3\271\16\376\210f\"\227\f\306\2RH\343\260\\\323i"..., 36, MSG_NOSIGNAL, NULL, 0 <unfinished ...>
82784 recvfrom(28,  <unfinished ...>
85917 <... sendto resumed>)             = 36
82784 <... recvfrom resumed>"$\0\0\0\0\0\0\0", 8, 0, NULL, NULL) = 8
85917 recvfrom(3,  <unfinished ...>
82784 recvfrom(28, "\5\0\0\0\0\0\0\0\0\0\0\0 T\3\271\16\376\210f\"\227\f\306\2RH\343\260\\\323i"..., 36, 0, NULL, NULL) = 36
82784 epoll_pwait(4, [{events=EPOLLOUT, data={u32=2948828032, u64=132519869778816}}], 1024, 18, NULL, 8) = 1
82784 epoll_pwait(4, [], 1024, 18, NULL, 8) = 0
82784 futex(0x7886aff952f8, FUTEX_WAKE_PRIVATE, 1) = 1
82768 <... futex resumed>)              = 0
82784 write(5, "\1\0\0\0\0\0\0\0", 8 <unfinished ...>
82768 futex(0x7886ab202a68, FUTEX_WAKE_PRIVATE, 1 <unfinished ...>
82784 <... write resumed>)              = 8
82768 <... futex resumed>)              = 1
82782 <... futex resumed>)              = 0
82784 sendto(26, "\224\0\0\0\0\0\0\0", 8, MSG_NOSIGNAL, NULL, 0 <unfinished ...>
82782 epoll_pwait(4,  <unfinished ...>
82768 futex(0x7886aff952f8, FUTEX_WAIT_PRIVATE, 1, NULL <unfinished ...>
82784 <... sendto resumed>)             = 8
82782 <... epoll_pwait resumed>[{events=EPOLLIN, data={u32=0, u64=0}}], 1024, 20, NULL, 8) = 1
85918 <... recvfrom resumed>"\224\0\0\0\0\0\0\0", 8, 0, NULL, NULL) = 8
82784 sendto(26, "\2\0\0\0\1\0\0\0\0\0\0\0\2\0\0\0\4\0\0\0\0\0\0\0tick\0\0\360\235"..., 148, MSG_NOSIGNAL, NULL, 0 <unfinished ...>
85918 recvfrom(3,  <unfinished ...>
82782 epoll_pwait(4,  <unfinished ...>
82784 <... sendto resumed>)             = 148
85918 <... recvfrom resumed>"\2\0\0\0\1\0\0\0\0\0\0\0\2\0\0\0\4\0\0\0\0\0\0\0tick\0\0\360\235"..., 148, 0, NULL, NULL) = 148
82784 recvfrom(26,  <unfinished ...>
85918 futex(0x604f584bab58, FUTEX_WAKE_PRIVATE, 1 <unfinished ...>
82784 <... recvfrom resumed>0x7886aff91f10, 8, 0, NULL, NULL) = -1 EAGAIN (Resource temporarily unavailable)
85918 <... futex resumed>)              = 1
82784 futex(0x7886aaa02a68, FUTEX_WAIT_PRIVATE, 1, NULL <unfinished ...>
85908 <... futex resumed>)              = 0
85918 sendto(3, "$\0\0\0\0\0\0\0", 8, MSG_NOSIGNAL, NULL, 0 <unfinished ...>
85908 sendto(6, "\257\0\0\0\0\0\0\0", 8, MSG_NOSIGNAL, NULL, 0 <unfinished ...>
85918 <... sendto resumed>)             = 8
82782 <... epoll_pwait resumed>[{events=EPOLLIN|EPOLLOUT, data={u32=2948826496, u64=132519869777280}}], 1024, 20, NULL, 8) = 1
85918 sendto(3, "\5\0\0\0\0\0\0\0\0\0\0\0\20=\332\275\16\376\210f\34R\37\222\233\34I\366\252\373EP"..., 36, MSG_NOSIGNAL, NULL, 0 <unfinished ...>
85908 <... sendto resumed>)             = 8
82782 recvfrom(26,  <unfinished ...>
85918 <... sendto resumed>)             = 36
85908 sendto(6, "\2\0\0\0\7\0\0\0\0\0\0\0latency\0\0\200\n\334\275\16\376\210f\34R\37"..., 175, MSG_NOSIGNAL, NULL, 0 <unfinished ...>
85918 recvfrom(3,  <unfinished ...>
82782 <... recvfrom resumed>"$\0\0\0\0\0\0\0", 8, 0, NULL, NULL) = 8
85908 <... sendto resumed>)             = 175
82782 recvfrom(26,  <unfinished ...>
85908 futex(0x604f584bab58, FUTEX_WAIT_BITSET_PRIVATE, 4294967295, NULL, FUTEX_BITSET_MATCH_ANY <unfinished ...>
82782 <... recvfrom resumed>"\5\0\0\0\0\0\0\0\0\0\0\0\20=\332\275\16\376\210f\34R\37\222\233\34I\366\252\373EP"..., 36, 0, NULL, NULL) = 36
82782 epoll_pwait(4, [{events=EPOLLIN|EPOLLOUT, data={u32=2948832512, u64=132519869783296}}, {events=EPOLLOUT, data={u32=2948826496, u64=132519869777280}}], 1024, 19, NULL, 8) = 2
82782 recvfrom(33, "\257\0\0\0\0\0\0\0", 8, 0, NULL, NULL) = 8
82782 recvfrom(33, "\2\0\0\0\7\0\0\0\0\0\0\0latency\0\0\200\n\334\275\16\376\210f\34R\37"..., 175, 0, NULL, NULL) = 175
82782 futex(0x7886aff952f8, FUTEX_WAKE_PRIVATE, 1) = 1
82768 <... futex resumed>)              = 0
82782 recvfrom(33,  <unfinished ...>
82768 futex(0x7886aaa02a68, FUTEX_WAKE_PRIVATE, 1 <unfinished ...>
82782 <... recvfrom resumed>0x7886afc54c50, 8, 0, NULL, NULL) = -1 EAGAIN (Resource temporarily unavailable)
82784 <... futex resumed>)              = 0
82768 <... futex resumed>)              = 1
82782 sendto(28, "\273\0\0\0\0\0\0\0", 8, MSG_NOSIGNAL, NULL, 0 <unfinished ...>
82784 epoll_pwait(4,  <unfinished ...>
82768 futex(0x7886aff952f8, FUTEX_WAIT_PRIVATE, 1, NULL <unfinished ...>
82782 <... sendto resumed>)             = 8
85917 <... recvfrom resumed>"\273\0\0\0\0\0\0\0", 8, 0, NULL, NULL) = 8
82782 sendto(28, "\2\0\0\0\1\0\0\0\0\0\0\0\2\0\0\0\7\0\0\0\0\0\0\0latency\0"..., 187, MSG_NOSIGNAL, NULL, 0 <unfinished ...>
85917 recvfrom(3,  <unfinished ...>
82782 <... sendto resumed>)             = 187
85917 <... recvfrom resumed>"\2\0\0\0\1\0\0\0\0\0\0\0\2\0\0\0\7\0\0\0\0\0\0\0latency\0"..., 187, 0, NULL, NULL) = 187
82782 recvfrom(28,  <unfinished ...>
85917 futex(0x59e86ea2ab58, FUTEX_WAKE_PRIVATE, 1 <unfinished ...>
82782 <... recvfrom resumed>0x7886aff91ea0, 8, 0, NULL, NULL) = -1 EAGAIN (Resource temporarily unavailable)
85917 <... futex resumed>)              = 1
82782 futex(0x7886ab202a68, FUTEX_WAIT_PRIVATE, 1, NULL <unfinished ...>
85911 <... futex resumed>)              = 0
85917 sendto(3, "$\0\0\0\0\0\0\0", 8, MSG_NOSIGNAL, NULL, 0 <unfinished ...>
85911 futex(0x59e86ea2ab58, FUTEX_WAIT_BITSET_PRIVATE, 4294967295, NULL, FUTEX_BITSET_MATCH_ANY <unfinished ...>
85917 <... sendto resumed>)             = 8
82784 <... epoll_pwait resumed>[{events=EPOLLIN|EPOLLOUT, data={u32=2948828032, u64=132519869778816}}], 1024, 19, NULL, 8) = 1
85917 sendto(3, "\5\0\0\0\0\0\0\0\0\0\0\0\260\33\n\276\16\376\210f\"\227\f\306\2RH\343\260\\\323i"..., 36, MSG_NOSIGNAL, NULL, 0 <unfinished ...>
82784 recvfrom(28,  <unfinished ...>
85917 <... sendto resumed>)             = 36
82784 <... recvfrom resumed>"$\0\0\0\0\0\0\0", 8, 0, NULL, NULL) = 8
85917 recvfrom(3,  <unfinished ...>
82784 recvfrom(28, "\5\0\0\0\0\0\0\0\0\0\0\0\260\33\n\276\16\376\210f\"\227\f\306\2RH\343\260\\\323i"..., 36, 0, NULL, NULL) = 36
82784 epoll_pwait(4, [{events=EPOLLOUT, data={u32=2948828032, u64=132519869778816}}], 1024, 19, NULL, 8) = 1
82784 epoll_pwait(4, [], 1024, 19, NULL, 8) = 0
82784 futex(0x7886aff952f8, FUTEX_WAKE_PRIVATE, 1) = 1
82768 <... futex resumed>)              = 0
82784 write(5, "\1\0\0\0\0\0\0\0", 8 <unfinished ...>
82768 futex(0x7886ab202a68, FUTEX_WAKE_PRIVATE, 1 <unfinished ...>
82784 <... write resumed>)              = 8
82768 <... futex resumed>)              = 1
82784 sendto(26, "\224\0\0\0\0\0\0\0", 8, MSG_NOSIGNAL, NULL, 0 <unfinished ...>
82782 <... futex resumed>)              = 0
82768 futex(0x7886aff952f8, FUTEX_WAIT_PRIVATE, 1, NULL <unfinished ...>
82784 <... sendto resumed>)             = 8
82782 epoll_pwait(4,  <unfinished ...>
85918 <... recvfrom resumed>"\224\0\0\0\0\0\0\0", 8, 0, NULL, NULL) = 8
82784 sendto(26, "\2\0\0\0\1\0\0\0\0\0\0\0\2\0\0\0\4\0\0\0\0\0\0\0tick\0\0\200\273"..., 148, MSG_NOSIGNAL, NULL, 0 <unfinished ...>
82782 <... epoll_pwait resumed>[{events=EPOLLIN, data={u32=0, u64=0}}], 1024, 19, NULL, 8) = 1
85918 recvfrom(3,  <unfinished ...>
82784 <... sendto resumed>)             = 148
82782 epoll_pwait(4,  <unfinished ...>
82784 recvfrom(26,  <unfinished ...>
85918 <... recvfrom resumed>"\2\0\0\0\1\0\0\0\0\0\0\0\2\0\0\0\4\0\0\0\0\0\0\0tick\0\0\200\273"..., 148, 0, NULL, NULL) = 148
82784 <... recvfrom resumed>0x7886aff91f10, 8, 0, NULL, NULL) = -1 EAGAIN (Resource temporarily unavailable)
85918 futex(0x604f584bab58, FUTEX_WAKE_PRIVATE, 1 <unfinished ...>
82784 futex(0x7886aaa02a68, FUTEX_WAIT_PRIVATE, 1, NULL <unfinished ...>
85918 <... futex resumed>)              = 1
85908 <... futex resumed>)              = 0
85918 sendto(3, "$\0\0\0\0\0\0\0", 8, MSG_NOSIGNAL, NULL, 0 <unfinished ...>
85908 sendto(6, "\257\0\0\0\0\0\0\0", 8, MSG_NOSIGNAL, NULL, 0 <unfinished ...>
85918 <... sendto resumed>)             = 8
82782 <... epoll_pwait resumed>[{events=EPOLLIN|EPOLLOUT, data={u32=2948826496, u64=132519869777280}}], 1024, 19, NULL, 8) = 1
85918 sendto(3, "\5\0\0\0\0\0\0\0\0\0\0\0p\246\"\303\16\376\210f\34R\37\222\233\34I\366\252\373EP"..., 36, MSG_NOSIGNAL, NULL, 0 <unfinished ...>
85908 <... sendto resumed>)             = 8
82782 recvfrom(26,  <unfinished ...>
85908 sendto(6, "\2\0\0\0\7\0\0\0\0\0\0\0latency\0\0\360\367#\303\16\376\210f\34R\37"..., 175, MSG_NOSIGNAL, NULL, 0 <unfinished ...>
85918 <... sendto resumed>)             = 36
82782 <... recvfrom resumed>"$\0\0\0\0\0\0\0", 8, 0, NULL, NULL) = 8
85918 recvfrom(3,  <unfinished ...>
85908 <... sendto resumed>)             = 175
82782 recvfrom(26,  <unfinished ...>
85908 futex(0x604f584bab58, FUTEX_WAIT_BITSET_PRIVATE, 4294967295, NULL, FUTEX_BITSET_MATCH_ANY <unfinished ...>
82782 <... recvfrom resumed>"\5\0\0\0\0\0\0\0\0\0\0\0p\246\"\303\16\376\210f\34R\37\222\233\34I\366\252\373EP"..., 36, 0, NULL, NULL) = 36
82782 epoll_pwait(4, [{events=EPOLLIN|EPOLLOUT, data={u32=2948832512, u64=132519869783296}}, {events=EPOLLOUT, data={u32=2948826496, u64=132519869777280}}], 1024, 19, NULL, 8) = 2
82782 recvfrom(33, "\257\0\0\0\0\0\0\0", 8, 0, NULL, NULL) = 8
82782 recvfrom(33, "\2\0\0\0\7\0\0\0\0\0\0\0latency\0\0\360\367#\303\16\376\210f\34R\37"..., 175, 0, NULL, NULL) = 175
82782 futex(0x7886aff952f8, FUTEX_WAKE_PRIVATE, 1) = 1
82768 <... futex resumed>)              = 0
82782 recvfrom(33, 0x7886afc54c50, 8, 0, NULL, NULL) = -1 EAGAIN (Resource temporarily unavailable)
82768 futex(0x7886aaa02a68, FUTEX_WAKE_PRIVATE, 1 <unfinished ...>
82784 <... futex resumed>)              = 0
82782 sendto(28, "\273\0\0\0\0\0\0\0", 8, MSG_NOSIGNAL, NULL, 0 <unfinished ...>
82768 <... futex resumed>)              = 1
82784 epoll_pwait(4,  <unfinished ...>
82768 futex(0x7886aff952f8, FUTEX_WAIT_PRIVATE, 1, NULL <unfinished ...>
82782 <... sendto resumed>)             = 8
85917 <... recvfrom resumed>"\273\0\0\0\0\0\0\0", 8, 0, NULL, NULL) = 8
82782 sendto(28, "\2\0\0\0\1\0\0\0\0\0\0\0\2\0\0\0\7\0\0\0\0\0\0\0latency\0"..., 187, MSG_NOSIGNAL, NULL, 0 <unfinished ...>
85917 recvfrom(3,  <unfinished ...>
82782 <... sendto resumed>)             = 187
85917 <... recvfrom resumed>"\2\0\0\0\1\0\0\0\0\0\0\0\2\0\0\0\7\0\0\0\0\0\0\0latency\0"..., 187, 0, NULL, NULL) = 187
82782 recvfrom(28,  <unfinished ...>
85917 futex(0x59e86ea2ab58, FUTEX_WAKE_PRIVATE, 1 <unfinished ...>
82782 <... recvfrom resumed>0x7886aff91ea0, 8, 0, NULL, NULL) = -1 EAGAIN (Resource temporarily unavailable)
85917 <... futex resumed>)              = 1
85911 <... futex resumed>)              = 0
82782 futex(0x7886ab202a68, FUTEX_WAIT_PRIVATE, 1, NULL <unfinished ...>
85917 sendto(3, "$\0\0\0\0\0\0\0", 8, MSG_NOSIGNAL, NULL, 0 <unfinished ...>
85911 futex(0x59e86ea2ab58, FUTEX_WAIT_BITSET_PRIVATE, 4294967295, NULL, FUTEX_BITSET_MATCH_ANY <unfinished ...>
85917 <... sendto resumed>)             = 8
82784 <... epoll_pwait resumed>[{events=EPOLLIN|EPOLLOUT, data={u32=2948828032, u64=132519869778816}}], 1024, 18, NULL, 8) = 1
85917 sendto(3, "\5\0\0\0\0\0\0\0\0\0\0\0`\263W\303\16\376\210f\"\227\f\306\2RH\343\260\\\323i"..., 36, MSG_NOSIGNAL, NULL, 0 <unfinished ...>
82784 recvfrom(28,  <unfinished ...>
85917 <... sendto resumed>)             = 36
82784 <... recvfrom resumed>"$\0\0\0\0\0\0\0", 8, 0, NULL, NULL) = 8
85917 recvfrom(3,  <unfinished ...>
82784 recvfrom(28, "\5\0\0\0\0\0\0\0\0\0\0\0`\263W\303\16\376\210f\"\227\f\306\2RH\343\260\\\323i"..., 36, 0, NULL, NULL) = 36
82784 epoll_pwait(4, [{events=EPOLLOUT, data={u32=2948828032, u64=132519869778816}}], 1024, 18, NULL, 8) = 1
82784 epoll_pwait(4, [], 1024, 18, NULL, 8) = 0
82784 futex(0x7886aff952f8, FUTEX_WAKE_PRIVATE, 1) = 1
82768 <... futex resumed>)              = 0
82784 write(5, "\1\0\0\0\0\0\0\0", 8 <unfinished ...>
82768 futex(0x7886ab202a68, FUTEX_WAKE_PRIVATE, 1 <unfinished ...>
82784 <... write resumed>)              = 8
82768 <... futex resumed>)              = 1
82784 sendto(26, "\224\0\0\0\0\0\0\0", 8, MSG_NOSIGNAL, NULL, 0 <unfinished ...>
82782 <... futex resumed>)              = 0
82768 futex(0x7886aff952f8, FUTEX_WAIT_PRIVATE, 1, NULL <unfinished ...>
82784 <... sendto resumed>)             = 8
82782 epoll_pwait(4,  <unfinished ...>
85918 <... recvfrom resumed>"\224\0\0\0\0\0\0\0", 8, 0, NULL, NULL) = 8
82784 sendto(26, "\2\0\0\0\1\0\0\0\0\0\0\0\2\0\0\0\4\0\0\0\0\0\0\0tick\0\0\260L"..., 148, MSG_NOSIGNAL, NULL, 0 <unfinished ...>
85918 recvfrom(3,  <unfinished ...>
82782 <... epoll_pwait resumed>[{events=EPOLLIN, data={u32=0, u64=0}}], 1024, 2, NULL, 8) = 1
82784 <... sendto resumed>)             = 148
85918 <... recvfrom resumed>"\2\0\0\0\1\0\0\0\0\0\0\0\2\0\0\0\4\0\0\0\0\0\0\0tick\0\0\260L"..., 148, 0, NULL, NULL) = 148
82784 recvfrom(26,  <unfinished ...>
82782 epoll_pwait(4,  <unfinished ...>
85918 futex(0x604f584bab58, FUTEX_WAKE_PRIVATE, 1 <unfinished ...>
82784 <... recvfrom resumed>0x7886aff91f10, 8, 0, NULL, NULL) = -1 EAGAIN (Resource temporarily unavailable)
85918 <... futex resumed>)              = 1
85908 <... futex resumed>)              = 0
82784 futex(0x7886aaa02a68, FUTEX_WAIT_PRIVATE, 1, NULL <unfinished ...>
85918 sendto(3, "$\0\0\0\0\0\0\0", 8, MSG_NOSIGNAL, NULL, 0 <unfinished ...>
85908 sendto(6, "\257\0\0\0\0\0\0\0", 8, MSG_NOSIGNAL, NULL, 0 <unfinished ...>
85918 <... sendto resumed>)             = 8
82782 <... epoll_pwait resumed>[{events=EPOLLIN|EPOLLOUT, data={u32=2948826496, u64=132519869777280}}], 1024, 1, NULL, 8) = 1
85918 sendto(3, "\5\0\0\0\0\0\0\0\0\0\0\0\260J'\310\16\376\210f\34R\37\222\233\34I\366\252\373EP"..., 36, MSG_NOSIGNAL, NULL, 0 <unfinished ...>
85908 <... sendto resumed>)             = 8
82782 recvfrom(26,  <unfinished ...>
85908 sendto(6, "\2\0\0\0\7\0\0\0\0\0\0\0latency\0\0\260\377'\310\16\376\210f\34R\37"..., 175, MSG_NOSIGNAL, NULL, 0 <unfinished ...>
85918 <... sendto resumed>)             = 36
82782 <... recvfrom resumed>"$\0\0\0\0\0\0\0", 8, 0, NULL, NULL) = 8
85918 recvfrom(3,  <unfinished ...>
85908 <... sendto resumed>)             = 175
82782 recvfrom(26,  <unfinished ...>
85908 futex(0x604f584bab58, FUTEX_WAIT_BITSET_PRIVATE, 4294967295, NULL, FUTEX_BITSET_MATCH_ANY <unfinished ...>
82782 <... recvfrom resumed>"\5\0\0\0\0\0\0\0\0\0\0\0\260J'\310\16\376\210f\34R\37\222\233\34I\366\252\373EP"..., 36, 0, NULL, NULL) = 36
82782 epoll_pwait(4, [{events=EPOLLIN|EPOLLOUT, data={u32=2948832512, u64=132519869783296}}, {events=EPOLLOUT, data={u32=2948826496, u64=132519869777280}}], 1024, 1, NULL, 8) = 2
82782 recvfrom(33, "\257\0\0\0\0\0\0\0", 8, 0, NULL, NULL) = 8
82782 recvfrom(33, "\2\0\0\0\7\0\0\0\0\0\0\0latency\0\0\260\377'\310\16\376\210f\34R\37"..., 175, 0, NULL, NULL) = 175
82782 futex(0x7886aff952f8, FUTEX_WAKE_PRIVATE, 1) = 1
82768 <... futex resumed>)              = 0
82782 recvfrom(33,  <unfinished ...>
82768 futex(0x7886aaa02a68, FUTEX_WAKE_PRIVATE, 1 <unfinished ...>
82782 <... recvfrom resumed>0x7886afc54c50, 8, 0, NULL, NULL) = -1 EAGAIN (Resource temporarily unavailable)
82784 <... futex resumed>)              = 0
82768 <... futex resumed>)              = 1
82782 sendto(28, "\273\0\0\0\0\0\0\0", 8, MSG_NOSIGNAL, NULL, 0 <unfinished ...>
82784 epoll_pwait(4,  <unfinished ...>
82768 futex(0x7886aff952f8, FUTEX_WAIT_PRIVATE, 1, NULL <unfinished ...>
82782 <... sendto resumed>)             = 8
85917 <... recvfrom resumed>"\273\0\0\0\0\0\0\0", 8, 0, NULL, NULL) = 8
82782 sendto(28, "\2\0\0\0\1\0\0\0\0\0\0\0\2\0\0\0\7\0\0\0\0\0\0\0latency\0"..., 187, MSG_NOSIGNAL, NULL, 0 <unfinished ...>
85917 recvfrom(3,  <unfinished ...>
82782 <... sendto resumed>)             = 187
85917 <... recvfrom resumed>"\2\0\0\0\1\0\0\0\0\0\0\0\2\0\0\0\7\0\0\0\0\0\0\0latency\0"..., 187, 0, NULL, NULL) = 187
82782 recvfrom(28,  <unfinished ...>
85917 futex(0x59e86ea2ab58, FUTEX_WAKE_PRIVATE, 1 <unfinished ...>
82782 <... recvfrom resumed>0x7886aff91ea0, 8, 0, NULL, NULL) = -1 EAGAIN (Resource temporarily unavailable)
85917 <... futex resumed>)              = 1
82782 futex(0x7886ab202a68, FUTEX_WAIT_PRIVATE, 1, NULL <unfinished ...>
85911 <... futex resumed>)              = 0
85917 sendto(3, "$\0\0\0\0\0\0\0", 8, MSG_NOSIGNAL, NULL, 0 <unfinished ...>
85911 futex(0x59e86ea2ab58, FUTEX_WAIT_BITSET_PRIVATE, 4294967295, NULL, FUTEX_BITSET_MATCH_ANY <unfinished ...>
85917 <... sendto resumed>)             = 8
82784 <... epoll_pwait resumed>[{events=EPOLLIN|EPOLLOUT, data={u32=2948828032, u64=132519869778816}}], 1024, 1, NULL, 8) = 1
85917 sendto(3, "\5\0\0\0\0\0\0\0\0\0\0\0\300\300R\310\16\376\210f\"\227\f\306\2RH\343\260\\\323i"..., 36, MSG_NOSIGNAL, NULL, 0 <unfinished ...>
82784 recvfrom(28,  <unfinished ...>
85917 <... sendto resumed>)             = 36
82784 <... recvfrom resumed>"$\0\0\0\0\0\0\0", 8, 0, NULL, NULL) = 8
85917 recvfrom(3,  <unfinished ...>
82784 recvfrom(28, "\5\0\0\0\0\0\0\0\0\0\0\0\300\300R\310\16\376\210f\"\227\f\306\2RH\343\260\\\323i"..., 36, 0, NULL, NULL) = 36
82784 epoll_pwait(4, [{events=EPOLLOUT, data={u32=2948828032, u64=132519869778816}}], 1024, 1, NULL, 8) = 1
82784 epoll_pwait(4, [], 1024, 1, NULL, 8) = 0
82784 epoll_pwait(4, [], 1024, 17, NULL, 8) = 0
82784 futex(0x7886aff952f8, FUTEX_WAKE_PRIVATE, 1) = 1
82768 <... futex resumed>)              = 0
82784 write(5, "\1\0\0\0\0\0\0\0", 8 <unfinished ...>
82768 futex(0x7886ab202a68, FUTEX_WAKE_PRIVATE, 1 <unfinished ...>
82784 <... write resumed>)              = 8
82768 <... futex resumed>)              = 1
82782 <... futex resumed>)              = 0
82784 sendto(26, "\224\0\0\0\0\0\0\0", 8, MSG_NOSIGNAL, NULL, 0 <unfinished ...>
82768 futex(0x7886aff952f8, FUTEX_WAIT_PRIVATE, 1, NULL <unfinished ...>
82782 epoll_pwait(4,  <unfinished ...>
82784 <... sendto resumed>)             = 8
82782 <... epoll_pwait resumed>[{events=EPOLLIN, data={u32=0, u64=0}}], 1024, 20, NULL, 8) = 1
85918 <... recvfrom resumed>"\224\0\0\0\0\0\0\0", 8, 0, NULL, NULL) = 8
82784 sendto(26, "\2\0\0\0\1\0\0\0\0\0\0\0\2\0\0\0\4\0\0\0\0\0\0\0tick\0\0\220\276"..., 148, MSG_NOSIGNAL, NULL, 0 <unfinished ...>
