109176 epoll_wait(4,  <unfinished ...>
109186 sendto(42, "\224\0\0\0\0\0\0\0", 8, MSG_NOSIGNAL, NULL, 0 <unfinished ...>
109176 <... epoll_wait resumed>[{events=EPOLLIN, data={u32=0, u64=0}}], 1024, 10) = 1
130128 <... recvfrom resumed>"\224\0\0\0\0\0\0\0", 8, 0, NULL, NULL) = 8
109186 <... sendto resumed>)            = 8
109176 epoll_wait(4,  <unfinished ...>
130128 recvfrom(3,  <unfinished ...>
109186 sendto(42, "\2\0\0\0\1\0\0\0\0\0\0\0\2\0\0\0\4\0\0\0\0\0\0\0tick\0\0\20@"..., 148, MSG_NOSIGNAL, NULL, 0) = 148
130128 <... recvfrom resumed>"\2\0\0\0\1\0\0\0\0\0\0\0\2\0\0\0\4\0\0\0\0\0\0\0tick\0\0\20@"..., 148, 0, NULL, NULL) = 148
109186 recvfrom(42, 0x716988007230, 8, 0, NULL, NULL) = -1 EAGAIN (Resource temporarily unavailable)
109186 futex(0x7169d0c005c0, FUTEX_WAIT_PRIVATE, 1, NULL <unfinished ...>
130128 futex(0x6206be372b58, FUTEX_WAKE_PRIVATE, 1) = 1
130118 <... futex resumed>)             = 0
130128 sendto(3, "$\0\0\0\0\0\0\0", 8, MSG_NOSIGNAL, NULL, 0 <unfinished ...>
130118 write(1, "tick 8, sending 0x5a7c42673fb3be"..., 35 <unfinished ...>
130128 <... sendto resumed>)            = 8
130118 <... write resumed>)             = 35
109176 <... epoll_wait resumed>[{events=EPOLLIN|EPOLLOUT, data={u32=3288352256, u64=124699073857024}}, {events=EPOLLIN, data={u32=4173105792, u64=105102022838912}}], 1024, 10) = 2
130128 sendto(3, "\5\0\0\0\0\0\0\0\0\0\0\0\209!\235\321l\207f8\2732\206\345~O\4\240\370mR"..., 36, MSG_NOSIGNAL, NULL, 0 <unfinished ...>
109176 futex(0x7169d0c005c0, FUTEX_WAKE_PRIVATE, 1 <unfinished ...>
130128 <... sendto resumed>)            = 36
109176 <... futex resumed>)             = 1
130128 recvfrom(3,  <unfinished ...>
130118 sendto(6, "\256\0\0\0\0\0\0\0", 8, MSG_NOSIGNAL, NULL, 0 <unfinished ...>
109186 <... futex resumed>)             = 0
109176 read(27,  <unfinished ...>
130118 <... sendto resumed>)            = 8
109186 futex(0x7169d08005c0, FUTEX_WAKE_PRIVATE, 1 <unfinished ...>
109176 <... read resumed>"tick 8, sending 0x5a7c42673fb3be"..., 8192) = 35
130118 sendto(6, "\2\0\0\0\6\0\0\0\0\0\0\0random\0\0`\302)\235\321l\207f8\2732\206"..., 174, MSG_NOSIGNAL, NULL, 0 <unfinished ...>
109187 <... futex resumed>)             = 0
109186 <... futex resumed>)             = 1
130118 <... sendto resumed>)            = 174
109187 epoll_wait(4,  <unfinished ...>
109186 recvfrom(42,  <unfinished ...>
130118 futex(0x6206be372b58, FUTEX_WAIT_BITSET_PRIVATE, 4294967295, NULL, FUTEX_BITSET_MATCH_ANY <unfinished ...>
109176 futex(0x7169ca4005c0, FUTEX_WAKE_PRIVATE, 1 <unfinished ...>
109187 <... epoll_wait resumed>[{events=EPOLLIN|EPOLLOUT, data={u32=3288352256, u64=124699073857024}}, {events=EPOLLIN|EPOLLOUT, data={u32=2147496448, u64=124697933001216}}], 1024, 9) = 2
109186 <... recvfrom resumed>"$\0\0\0\0\0\0\0", 8, 0, NULL, NULL) = 8
130121 <... futex resumed>)             = 0
109176 <... futex resumed>)             = 1
109187 recvfrom(56,  <unfinished ...>
109186 recvfrom(42,  <unfinished ...>
130121 write(30, "tick 8, sending 0x5a7c42673fb3be"..., 35 <unfinished ...>
109187 <... recvfrom resumed>"\256\0\0\0\0\0\0\0", 8, 0, NULL, NULL) = 8
109186 <... recvfrom resumed>"\5\0\0\0\0\0\0\0\0\0\0\0\209!\235\321l\207f8\2732\206\345~O\4\240\370mR"..., 36, 0, NULL, NULL) = 36
130121 <... write resumed>)             = 35
109176 epoll_wait(4,  <unfinished ...>
109187 recvfrom(56,  <unfinished ...>
130121 write(5, "\1\0\0\0\0\0\0\0", 8)  = 8
109187 <... recvfrom resumed>"\2\0\0\0\6\0\0\0\0\0\0\0random\0\0`\302)\235\321l\207f8\2732\206"..., 174, 0, NULL, NULL) = 174
109176 <... epoll_wait resumed>[{events=EPOLLIN, data={u32=0, u64=0}}], 1024, 9) = 1
130121 sched_yield( <unfinished ...>
109186 futex(0x7169ca8005c0, FUTEX_WAKE_PRIVATE, 1 <unfinished ...>
130121 <... sched_yield resumed>)       = 0
109186 <... futex resumed>)             = 1
130122 <... futex resumed>)             = 0
130121 sched_yield( <unfinished ...>
109176 epoll_wait(4,  <unfinished ...>
130121 <... sched_yield resumed>)       = 0
109187 futex(0x7169d39aaa40, FUTEX_WAKE_PRIVATE, 1 <unfinished ...>
130122 fsync(30 <unfinished ...>
109186 futex(0x7169d0c005c0, FUTEX_WAIT_PRIVATE, 1, NULL <unfinished ...>
130121 futex(0x7169ca4005c0, FUTEX_WAIT_PRIVATE, 1, {tv_sec=9, tv_nsec=999998598} <unfinished ...>
109187 <... futex resumed>)             = 1
109174 <... futex resumed>)             = 0
109187 recvfrom(56, 0x71698800b8a0, 8, 0, NULL, NULL) = -1 EAGAIN (Resource temporarily unavailable)
109187 futex(0x7169d08005c0, FUTEX_WAIT_PRIVATE, 1, NULL <unfinished ...>
109174 futex(0x7169d08005c0, FUTEX_WAKE_PRIVATE, 1 <unfinished ...>
109187 <... futex resumed>)             = -1 EAGAIN (Resource temporarily unavailable)
109174 <... futex resumed>)             = 0
109187 futex(0x7169d0c005c0, FUTEX_WAKE_PRIVATE, 1) = 1
109186 <... futex resumed>)             = 0
109174 futex(0x7169d39aaa40, FUTEX_WAIT_PRIVATE, 1, NULL <unfinished ...>
109186 futex(0x7169d0c005c0, FUTEX_WAIT_PRIVATE, 1, NULL <unfinished ...>
109187 sendto(48, "\272\0\0\0\0\0\0\0", 8, MSG_NOSIGNAL, NULL, 0) = 8
130127 <... recvfrom resumed>"\272\0\0\0\0\0\0\0", 8, 0, NULL, NULL) = 8
109187 sendto(48, "\2\0\0\0\1\0\0\0\0\0\0\0\2\0\0\0\6\0\0\0\0\0\0\0random\0\0"..., 186, MSG_NOSIGNAL, NULL, 0 <unfinished ...>
130127 recvfrom(3,  <unfinished ...>
109187 <... sendto resumed>)            = 186
130127 <... recvfrom resumed>"\2\0\0\0\1\0\0\0\0\0\0\0\2\0\0\0\6\0\0\0\0\0\0\0random\0\0"..., 186, 0, NULL, NULL) = 186
109187 recvfrom(48, 0x7169880055b0, 8, 0, NULL, NULL) = -1 EAGAIN (Resource temporarily unavailable)
109187 futex(0x7169d08005c0, FUTEX_WAIT_PRIVATE, 1, NULL <unfinished ...>
130127 futex(0x6073738c7b58, FUTEX_WAKE_PRIVATE, 1) = 1
130120 <... futex resumed>)             = 0
130127 sendto(3, "$\0\0\0\0\0\0\0", 8, MSG_NOSIGNAL, NULL, 0) = 8
109176 <... epoll_wait resumed>[{events=EPOLLIN|EPOLLOUT, data={u32=2080380416, u64=124697865885184}}], 1024, 9) = 1
130127 sendto(3, "\5\0\0\0\0\0\0\0\0\0\0\0\3609k\235\321l\207f^)\26\t\203)D\313\247(\207F"..., 36, MSG_NOSIGNAL, NULL, 0) = 36
109176 recvfrom(48,  <unfinished ...>
130127 recvfrom(3,  <unfinished ...>
109176 <... recvfrom resumed>"$\0\0\0\0\0\0\0", 8, 0, NULL, NULL) = 8
130120 sendto(6, "\375\0\0\0\0\0\0\0", 8, MSG_NOSIGNAL, NULL, 0 <unfinished ...>
109176 recvfrom(48,  <unfinished ...>
130120 <... sendto resumed>)            = 8
109176 <... recvfrom resumed>"\5\0\0\0\0\0\0\0\0\0\0\0\3609k\235\321l\207f^)\26\t\203)D\313\247(\207F"..., 36, 0, NULL, NULL) = 36
130120 sendto(6, "\2\0\0\0\6\0\0\0\0\0\0\0status\0\0\3401s\235\321l\207f^)\26\t"..., 253, MSG_NOSIGNAL, NULL, 0) = 253
109176 epoll_wait(4, [{events=EPOLLOUT, data={u32=2080380416, u64=124697865885184}}, {events=EPOLLIN|EPOLLOUT, data={u32=2348818944, u64=124698134323712}}], 1024, 8) = 2
130120 futex(0x6073738c7b58, FUTEX_WAIT_BITSET_PRIVATE, 4294967295, NULL, FUTEX_BITSET_MATCH_ANY <unfinished ...>
109176 recvfrom(57, "\375\0\0\0\0\0\0\0", 8, 0, NULL, NULL) = 8
109176 recvfrom(57, "\2\0\0\0\6\0\0\0\0\0\0\0status\0\0\3401s\235\321l\207f^)\26\t"..., 253, 0, NULL, NULL) = 253
109176 futex(0x7169d39aaa40, FUTEX_WAKE_PRIVATE, 1) = 1
109174 <... futex resumed>)             = 0
109176 recvfrom(57, 0x5f96f8bbf1b0, 8, 0, NULL, NULL) = -1 EAGAIN (Resource temporarily unavailable)
109176 epoll_wait(4,  <unfinished ...>
109174 write(5, "\1\0\0\0\0\0\0\0", 8 <unfinished ...>
109176 <... epoll_wait resumed>[{events=EPOLLIN, data={u32=0, u64=0}}], 1024, 8) = 1
109174 <... write resumed>)             = 8
109176 futex(0x7169d0c005c0, FUTEX_WAKE_PRIVATE, 1 <unfinished ...>
109174 futex(0x7169d39aaa40, FUTEX_WAIT_PRIVATE, 1, NULL <unfinished ...>
109176 <... futex resumed>)             = 1
109186 <... futex resumed>)             = 0
109186 epoll_wait(4,  <unfinished ...>
109176 sendto(50, "\n\1\0\0\0\0\0\0", 8, MSG_NOSIGNAL, NULL, 0) = 8
130126 <... recvfrom resumed>"\n\1\0\0\0\0\0\0", 8, 0, NULL, NULL) = 8
130122 <... fsync resumed>)             = 0
109176 sendto(50, "\2\0\0\0\1\0\0\0\0\0\0\0\2\0\0\0\7\0\0\0\0\0\0\0message\0"..., 266, MSG_NOSIGNAL, NULL, 0 <unfinished ...>
130126 recvfrom(3,  <unfinished ...>
130122 write(5, "\1\0\0\0\0\0\0\0", 8 <unfinished ...>
109176 <... sendto resumed>)            = 266
130126 <... recvfrom resumed>"\2\0\0\0\1\0\0\0\0\0\0\0\2\0\0\0\7\0\0\0\0\0\0\0message\0"..., 266, 0, NULL, NULL) = 266
130122 <... write resumed>)             = 8
109186 <... epoll_wait resumed>[{events=EPOLLIN, data={u32=0, u64=0}}], 1024, 8) = 1
109176 recvfrom(50,  <unfinished ...>
130122 futex(0x7169ca8005c0, FUTEX_WAIT_PRIVATE, 1, {tv_sec=9, tv_nsec=999997746} <unfinished ...>
109176 <... recvfrom resumed>0x7169880055b0, 8, 0, NULL, NULL) = -1 EAGAIN (Resource temporarily unavailable)
109186 futex(0x7169d08005c0, FUTEX_WAKE_PRIVATE, 1) = 1
109187 <... futex resumed>)             = 0
109176 epoll_wait(4,  <unfinished ...>
109187 futex(0x7169d08005c0, FUTEX_WAIT_PRIVATE, 1, NULL <unfinished ...>
109186 futex(0x7169d0c005c0, FUTEX_WAIT_PRIVATE, 1, NULL <unfinished ...>
130126 futex(0x5e6b228d6b58, FUTEX_WAKE_PRIVATE, 1) = 1
130123 <... futex resumed>)             = 0
130126 sendto(3, "$\0\0\0\0\0\0\0", 8, MSG_NOSIGNAL, NULL, 0) = 8
109176 <... epoll_wait resumed>[{events=EPOLLIN|EPOLLOUT, data={u32=3288354944, u64=124699073859712}}], 1024, 7) = 1
130126 sendto(3, "\5\0\0\0\0\0\0\0\0\0\0\0`f\272\235\321l\207f\236\220\222\3211`Is\250\207\375\334"..., 36, MSG_NOSIGNAL, NULL, 0 <unfinished ...>
130123 write(1, "sink received message: operator "..., 87 <unfinished ...>
130126 <... sendto resumed>)            = 36
130123 <... write resumed>)             = 87
109176 recvfrom(50,  <unfinished ...>
130126 recvfrom(3,  <unfinished ...>
109176 <... recvfrom resumed>"$\0\0\0\0\0\0\0", 8, 0, NULL, NULL) = 8
130123 futex(0x5e6b228d6b58, FUTEX_WAIT_BITSET_PRIVATE, 4294967295, NULL, FUTEX_BITSET_MATCH_ANY <unfinished ...>
109176 recvfrom(50, "\5\0\0\0\0\0\0\0\0\0\0\0`f\272\235\321l\207f\236\220\222\3211`Is\250\207\375\334"..., 36, 0, NULL, NULL) = 36
109176 epoll_wait(4, [{events=EPOLLOUT, data={u32=3288354944, u64=124699073859712}}, {events=EPOLLIN, data={u32=4173111168, u64=105102022844288}}], 1024, 7) = 2
109176 read(45, "sink received message: operator "..., 8192) = 87
109176 futex(0x7169c9c005c0, FUTEX_WAKE_PRIVATE, 1) = 1
130119 <... futex resumed>)             = 0
130119 write(46, "sink received message: operator "..., 87 <unfinished ...>
109176 epoll_wait(4,  <unfinished ...>
130119 <... write resumed>)             = 87
130119 write(5, "\1\0\0\0\0\0\0\0", 8)  = 8
109176 <... epoll_wait resumed>[{events=EPOLLIN, data={u32=0, u64=0}}], 1024, 7) = 1
130119 futex(0x7169c9c005c0, FUTEX_WAIT_PRIVATE, 1, {tv_sec=9, tv_nsec=999998427} <unfinished ...>
109176 futex(0x7169d08005c0, FUTEX_WAKE_PRIVATE, 1) = 1
109187 <... futex resumed>)             = 0
109176 futex(0x7169ca4005c0, FUTEX_WAKE_PRIVATE, 1 <unfinished ...>
109187 epoll_wait(4,  <unfinished ...>
109176 <... futex resumed>)             = 1
130121 <... futex resumed>)             = 0
109176 futex(0x7169d30005c0, FUTEX_WAIT_PRIVATE, 1, NULL <unfinished ...>
130121 fsync(46)                        = 0
130121 futex(0x7169d30005c0, FUTEX_WAKE_PRIVATE, 1) = 1
109176 <... futex resumed>)             = 0
130121 futex(0x7169ca4005c0, FUTEX_WAIT_PRIVATE, 1, {tv_sec=9, tv_nsec=999998978} <unfinished ...>
109176 write(5, "\1\0\0\0\0\0\0\0", 8 <unfinished ...>
109187 <... epoll_wait resumed>[{events=EPOLLIN, data={u32=0, u64=0}}], 1024, 7) = 1
109176 <... write resumed>)             = 8
109187 epoll_wait(4,  <unfinished ...>
109176 futex(0x7169d30005c0, FUTEX_WAIT_PRIVATE, 1, NULL <unfinished ...>
109187 <... epoll_wait resumed>[], 1024, 5) = 0
109187 futex(0x7169d39aaa40, FUTEX_WAKE_PRIVATE, 1) = 1
109174 <... futex resumed>)             = 0
109187 epoll_wait(4,  <unfinished ...>
109174 write(5, "\1\0\0\0\0\0\0\0", 8 <unfinished ...>
109187 <... epoll_wait resumed>[{events=EPOLLIN, data={u32=0, u64=0}}], 1024, 8) = 1
109174 <... write resumed>)             = 8
109187 futex(0x7169d30005c0, FUTEX_WAKE_PRIVATE, 1) = 1
109176 <... futex resumed>)             = 0
109174 futex(0x7169d39aaa40, FUTEX_WAIT_PRIVATE, 1, NULL <unfinished ...>
109176 epoll_wait(4,  <unfinished ...>
109187 sendto(42, "\224\0\0\0\0\0\0\0", 8, MSG_NOSIGNAL, NULL, 0) = 8
130128 <... recvfrom resumed>"\224\0\0\0\0\0\0\0", 8, 0, NULL, NULL) = 8
109187 sendto(42, "\2\0\0\0\1\0\0\0\0\0\0\0\2\0\0\0\4\0\0\0\0\0\0\0tick\0\0\320c"..., 148, MSG_NOSIGNAL, NULL, 0 <unfinished ...>
130128 recvfrom(3,  <unfinished ...>
109187 <... sendto resumed>)            = 148
130128 <... recvfrom resumed>"\2\0\0\0\1\0\0\0\0\0\0\0\2\0\0\0\4\0\0\0\0\0\0\0tick\0\0\320c"..., 148, 0, NULL, NULL) = 148
109187 recvfrom(42, 0x5f96f8bd56b0, 8, 0, NULL, NULL) = -1 EAGAIN (Resource temporarily unavailable)
109187 futex(0x7169d08005c0, FUTEX_WAIT_PRIVATE, 1, NULL <unfinished ...>
130128 futex(0x6206be372b58, FUTEX_WAKE_PRIVATE, 1) = 1
130118 <... futex resumed>)             = 0
130128 sendto(3, "$\0\0\0\0\0\0\0", 8, MSG_NOSIGNAL, NULL, 0 <unfinished ...>
130118 write(1, "tick 9, sending 0x52f6bcd44da5ab"..., 35 <unfinished ...>
130128 <... sendto resumed>)            = 8
130118 <... write resumed>)             = 35
109176 <... epoll_wait resumed>[{events=EPOLLIN|EPOLLOUT, data={u32=3288352256, u64=124699073857024}}, {events=EPOLLIN, data={u32=4173105792, u64=105102022838912}}], 1024, 8) = 2
130128 sendto(3, "\5\0\0\0\0\0\0\0\0\0\0\0 \232\270\237\321l\207f8\2732\206\345~O\4\240\370mR"..., 36, MSG_NOSIGNAL, NULL, 0) = 36
109176 futex(0x7169d08005c0, FUTEX_WAKE_PRIVATE, 1 <unfinished ...>
130128 recvfrom(3,  <unfinished ...>
109176 <... futex resumed>)             = 1
109187 <... futex resumed>)             = 0
130118 sendto(6, "\256\0\0\0\0\0\0\0", 8, MSG_NOSIGNAL, NULL, 0 <unfinished ...>
109187 futex(0x7169d0c005c0, FUTEX_WAKE_PRIVATE, 1 <unfinished ...>
109176 read(27,  <unfinished ...>
109187 <... futex resumed>)             = 1
130118 <... sendto resumed>)            = 8
109186 <... futex resumed>)             = 0
109176 <... read resumed>"tick 9, sending 0x52f6bcd44da5ab"..., 8192) = 35
130118 sendto(6, "\2\0\0\0\6\0\0\0\0\0\0\0random\0\0\220\31\301\237\321l\207f8\2732\206"..., 174, MSG_NOSIGNAL, NULL, 0 <unfinished ...>
109187 recvfrom(42,  <unfinished ...>
109186 epoll_wait(4,  <unfinished ...>
130118 <... sendto resumed>)            = 174
109187 <... recvfrom resumed>"$\0\0\0\0\0\0\0", 8, 0, NULL, NULL) = 8
109186 <... epoll_wait resumed>[{events=EPOLLIN|EPOLLOUT, data={u32=3288352256, u64=124699073857024}}, {events=EPOLLIN|EPOLLOUT, data={u32=2147496448, u64=124697933001216}}], 1024, 7) = 2
109176 futex(0x7169ca8005c0, FUTEX_WAKE_PRIVATE, 1 <unfinished ...>
130118 futex(0x6206be372b58, FUTEX_WAIT_BITSET_PRIVATE, 4294967295, NULL, FUTEX_BITSET_MATCH_ANY <unfinished ...>
109187 recvfrom(42,  <unfinished ...>
130122 <... futex resumed>)             = 0
109176 <... futex resumed>)             = 1
109186 recvfrom(56,  <unfinished ...>
130122 write(30, "tick 9, sending 0x52f6bcd44da5ab"..., 35 <unfinished ...>
109187 <... recvfrom resumed>"\5\0\0\0\0\0\0\0\0\0\0\0 \232\270\237\321l\207f8\2732\206\345~O\4\240\370mR"..., 36, 0, NULL, NULL) = 36
109186 <... recvfrom resumed>"\256\0\0\0\0\0\0\0", 8, 0, NULL, NULL) = 8
109176 epoll_wait(4,  <unfinished ...>
130122 <... write resumed>)             = 35
109186 recvfrom(56,  <unfinished ...>
130122 futex(0x7169d08005c0, FUTEX_WAKE_PRIVATE, 1 <unfinished ...>
109187 futex(0x7169d08005c0, FUTEX_WAIT_PRIVATE, 1, NULL <unfinished ...>
130122 <... futex resumed>)             = 0
109186 <... recvfrom resumed>"\2\0\0\0\6\0\0\0\0\0\0\0random\0\0\220\31\301\237\321l\207f8\2732\206"..., 174, 0, NULL, NULL) = 174
130122 futex(0x7169ca8005c0, FUTEX_WAIT_PRIVATE, 1, {tv_sec=9, tv_nsec=999998697} <unfinished ...>
109187 <... futex resumed>)             = -1 EAGAIN (Resource temporarily unavailable)
109187 write(5, "\1\0\0\0\0\0\0\0", 8)  = 8
109186 futex(0x7169d39aaa40, FUTEX_WAKE_PRIVATE, 1 <unfinished ...>
109176 <... epoll_wait resumed>[{events=EPOLLIN, data={u32=0, u64=0}}], 1024, 7) = 1
109186 <... futex resumed>)             = 1
109174 <... futex resumed>)             = 0
109187 futex(0x7169c9c005c0, FUTEX_WAKE_PRIVATE, 1 <unfinished ...>
109186 recvfrom(56,  <unfinished ...>
109176 epoll_wait(4,  <unfinished ...>
130119 <... futex resumed>)             = 0
109187 <... futex resumed>)             = 1
109186 <... recvfrom resumed>0x716988007230, 8, 0, NULL, NULL) = -1 EAGAIN (Resource temporarily unavailable)
130119 fsync(30 <unfinished ...>
109174 write(5, "\1\0\0\0\0\0\0\0", 8 <unfinished ...>
109186 futex(0x7169d0c005c0, FUTEX_WAIT_PRIVATE, 1, NULL <unfinished ...>
109176 <... epoll_wait resumed>[{events=EPOLLIN, data={u32=0, u64=0}}], 1024, 7) = 1
109174 <... write resumed>)             = 8
109187 sendto(48, "\272\0\0\0\0\0\0\0", 8, MSG_NOSIGNAL, NULL, 0 <unfinished ...>
109176 epoll_wait(4,  <unfinished ...>
109174 futex(0x7169d39aaa40, FUTEX_WAIT_PRIVATE, 1, NULL <unfinished ...>
109187 <... sendto resumed>)            = 8
130127 <... recvfrom resumed>"\272\0\0\0\0\0\0\0", 8, 0, NULL, NULL) = 8
109187 sendto(48, "\2\0\0\0\1\0\0\0\0\0\0\0\2\0\0\0\6\0\0\0\0\0\0\0random\0\0"..., 186, MSG_NOSIGNAL, NULL, 0 <unfinished ...>
130127 recvfrom(3,  <unfinished ...>
109187 <... sendto resumed>)            = 186
130127 <... recvfrom resumed>"\2\0\0\0\1\0\0\0\0\0\0\0\2\0\0\0\6\0\0\0\0\0\0\0random\0\0"..., 186, 0, NULL, NULL) = 186
109187 recvfrom(48, 0x5f96f8bd56b0, 8, 0, NULL, NULL) = -1 EAGAIN (Resource temporarily unavailable)
109187 futex(0x7169d08005c0, FUTEX_WAIT_PRIVATE, 1, NULL <unfinished ...>
130127 futex(0x6073738c7b58, FUTEX_WAKE_PRIVATE, 1) = 1
130120 <... futex resumed>)             = 0
130127 sendto(3, "$\0\0\0\0\0\0\0", 8, MSG_NOSIGNAL, NULL, 0) = 8
109176 <... epoll_wait resumed>[{events=EPOLLIN|EPOLLOUT, data={u32=2080380416, u64=124697865885184}}], 1024, 7) = 1
130127 sendto(3, "\5\0\0\0\0\0\0\0\0\0\0\00003\371\237\321l\207f^)\26\t\203)D\313\247(\207F"..., 36, MSG_NOSIGNAL, NULL, 0) = 36
130120 sendto(6, "\375\0\0\0\0\0\0\0", 8, MSG_NOSIGNAL, NULL, 0 <unfinished ...>
109176 recvfrom(48,  <unfinished ...>
130127 recvfrom(3,  <unfinished ...>
109176 <... recvfrom resumed>"$\0\0\0\0\0\0\0", 8, 0, NULL, NULL) = 8
130120 <... sendto resumed>)            = 8
109176 recvfrom(48,  <unfinished ...>
130120 sendto(6, "\2\0\0\0\6\0\0\0\0\0\0\0status\0\0`\205\376\237\321l\207f^)\26\t"..., 253, MSG_NOSIGNAL, NULL, 0 <unfinished ...>
109176 <... recvfrom resumed>"\5\0\0\0\0\0\0\0\0\0\0\00003\371\237\321l\207f^)\26\t\203)D\313\247(\207F"..., 36, 0, NULL, NULL) = 36
130120 <... sendto resumed>)            = 253
130120 futex(0x6073738c7b58, FUTEX_WAIT_BITSET_PRIVATE, 4294967295, NULL, FUTEX_BITSET_MATCH_ANY <unfinished ...>
109176 epoll_wait(4, [{events=EPOLLOUT, data={u32=2080380416, u64=124697865885184}}, {events=EPOLLIN|EPOLLOUT, data={u32=2348818944, u64=124698134323712}}], 1024, 6) = 2
109176 recvfrom(57, "\375\0\0\0\0\0\0\0", 8, 0, NULL, NULL) = 8
109176 recvfrom(57, "\2\0\0\0\6\0\0\0\0\0\0\0status\0\0`\205\376\237\321l\207f^)\26\t"..., 253, 0, NULL, NULL) = 253
109176 futex(0x7169d39aaa40, FUTEX_WAKE_PRIVATE, 1) = 1
109174 <... futex resumed>)             = 0
109176 recvfrom(57, 0x5f96f8bbf1b0, 8, 0, NULL, NULL) = -1 EAGAIN (Resource temporarily unavailable)
109176 epoll_wait(4,  <unfinished ...>
109174 futex(0x7169d08005c0, FUTEX_WAKE_PRIVATE, 1 <unfinished ...>
109176 <... epoll_wait resumed>[], 1024, 0) = 0
109174 <... futex resumed>)             = 1
109187 <... futex resumed>)             = 0
109187 epoll_wait(4,  <unfinished ...>
109174 futex(0x7169d39aaa40, FUTEX_WAIT_PRIVATE, 1, NULL <unfinished ...>
109176 sendto(50, "\n\1\0\0\0\0\0\0", 8, MSG_NOSIGNAL, NULL, 0 <unfinished ...>
130126 <... recvfrom resumed>"\n\1\0\0\0\0\0\0", 8, 0, NULL, NULL) = 8
109176 <... sendto resumed>)            = 8
130126 recvfrom(3,  <unfinished ...>
109176 sendto(50, "\2\0\0\0\1\0\0\0\0\0\0\0\2\0\0\0\7\0\0\0\0\0\0\0message\0"..., 266, MSG_NOSIGNAL, NULL, 0) = 266
130126 <... recvfrom resumed>"\2\0\0\0\1\0\0\0\0\0\0\0\2\0\0\0\7\0\0\0\0\0\0\0message\0"..., 266, 0, NULL, NULL) = 266
109176 recvfrom(50, 0x5f96f8bd56b0, 8, 0, NULL, NULL) = -1 EAGAIN (Resource temporarily unavailable)
109176 futex(0x7169d30005c0, FUTEX_WAIT_PRIVATE, 1, NULL <unfinished ...>
130126 futex(0x5e6b228d6b58, FUTEX_WAKE_PRIVATE, 1) = 1
130123 <... futex resumed>)             = 0
130126 sendto(3, "$\0\0\0\0\0\0\0", 8, MSG_NOSIGNAL, NULL, 0) = 8
130123 write(1, "sink received message: operator "..., 87 <unfinished ...>
109187 <... epoll_wait resumed>[{events=EPOLLIN|EPOLLOUT, data={u32=3288354944, u64=124699073859712}}], 1024, 6) = 1
130126 sendto(3, "\5\0\0\0\0\0\0\0\0\0\0\0P\3551\240\321l\207f\236\220\222\3211`Is\250\207\375\334"..., 36, MSG_NOSIGNAL, NULL, 0 <unfinished ...>
130123 <... write resumed>)             = 87
130119 <... fsync resumed>)             = 0
130126 <... sendto resumed>)            = 36
109187 recvfrom(50,  <unfinished ...>
130126 recvfrom(3,  <unfinished ...>
130123 futex(0x5e6b228d6b58, FUTEX_WAIT_BITSET_PRIVATE, 4294967295, NULL, FUTEX_BITSET_MATCH_ANY <unfinished ...>
130119 futex(0x7169d30005c0, FUTEX_WAKE_PRIVATE, 1 <unfinished ...>
109187 <... recvfrom resumed>"$\0\0\0\0\0\0\0", 8, 0, NULL, NULL) = 8
130119 <... futex resumed>)             = 1
109176 <... futex resumed>)             = 0
130119 futex(0x7169c9c005c0, FUTEX_WAIT_PRIVATE, 1, {tv_sec=9, tv_nsec=999999469} <unfinished ...>
109187 recvfrom(50,  <unfinished ...>
109176 futex(0x7169d0c005c0, FUTEX_WAKE_PRIVATE, 1 <unfinished ...>
109187 <... recvfrom resumed>"\5\0\0\0\0\0\0\0\0\0\0\0P\3551\240\321l\207f\236\220\222\3211`Is\250\207\375\334"..., 36, 0, NULL, NULL) = 36
109186 <... futex resumed>)             = 0
109176 <... futex resumed>)             = 1
109187 futex(0x7169d08005c0, FUTEX_WAIT_PRIVATE, 1, NULL <unfinished ...>
109186 epoll_wait(4,  <unfinished ...>
109176 futex(0x7169d30005c0, FUTEX_WAIT_PRIVATE, 1, NULL <unfinished ...>
109186 <... epoll_wait resumed>[{events=EPOLLIN, data={u32=4173111168, u64=105102022844288}}, {events=EPOLLOUT, data={u32=3288354944, u64=124699073859712}}], 1024, 5) = 2
109186 read(45, "sink received message: operator "..., 8192) = 87
109186 futex(0x7169ca4005c0, FUTEX_WAKE_PRIVATE, 1) = 1
130121 <... futex resumed>)             = 0
130121 write(46, "sink received message: operator "..., 87 <unfinished ...>
109186 epoll_wait(4,  <unfinished ...>
130121 <... write resumed>)             = 87
130121 write(5, "\1\0\0\0\0\0\0\0", 8)  = 8
109186 <... epoll_wait resumed>[{events=EPOLLIN, data={u32=0, u64=0}}], 1024, 5) = 1
130121 futex(0x7169ca4005c0, FUTEX_WAIT_PRIVATE, 1, {tv_sec=9, tv_nsec=999998868} <unfinished ...>
109186 futex(0x7169d08005c0, FUTEX_WAKE_PRIVATE, 1 <unfinished ...>
109187 <... futex resumed>)             = 0
109186 <... futex resumed>)             = 1
109187 epoll_wait(4,  <unfinished ...>
109186 futex(0x7169ca8005c0, FUTEX_WAKE_PRIVATE, 1 <unfinished ...>
130122 <... futex resumed>)             = 0
109186 <... futex resumed>)             = 1
130122 fsync(46 <unfinished ...>
109186 futex(0x7169d0c005c0, FUTEX_WAIT_PRIVATE, 1, NULL <unfinished ...>
130122 <... fsync resumed>)             = 0
130122 futex(0x7169d0c005c0, FUTEX_WAKE_PRIVATE, 1) = 1
109186 <... futex resumed>)             = 0
130122 futex(0x7169ca8005c0, FUTEX_WAIT_PRIVATE, 1, {tv_sec=9, tv_nsec=999999218} <unfinished ...>
109186 write(5, "\1\0\0\0\0\0\0\0", 8 <unfinished ...>
109187 <... epoll_wait resumed>[{events=EPOLLIN, data={u32=0, u64=0}}], 1024, 5) = 1
109186 <... write resumed>)             = 8
109187 futex(0x7169d08005c0, FUTEX_WAIT_PRIVATE, 1, NULL <unfinished ...>
109186 epoll_wait(4, [], 1024, 4)       = 0
109186 epoll_wait(4, [], 1024, 1)       = 0
109186 futex(0x7169d08005c0, FUTEX_WAKE_PRIVATE, 1 <unfinished ...>
109187 <... futex resumed>)             = 0
109186 <... futex resumed>)             = 1
109186 futex(0x7169d30005c0, FUTEX_WAKE_PRIVATE, 1) = 1
109176 <... futex resumed>)             = 0
109187 futex(0x7169d39aaa40, FUTEX_WAKE_PRIVATE, 1) = 1
109186 write(5, "\1\0\0\0\0\0\0\0", 8 <unfinished ...>
109176 epoll_wait(4,  <unfinished ...>
109174 <... futex resumed>)             = 0
109187 write(5, "\1\0\0\0\0\0\0\0", 8 <unfinished ...>
109186 <... write resumed>)             = 8
109176 <... epoll_wait resumed>[{events=EPOLLIN, data={u32=0, u64=0}}], 1024, 510) = 1
109187 <... write resumed>)             = 8
109176 sched_yield( <unfinished ...>
109186 futex(0x7169d0c005c0, FUTEX_WAIT_PRIVATE, 1, NULL <unfinished ...>
109187 futex(0x7169d08005c0, FUTEX_WAIT_PRIVATE, 1, NULL <unfinished ...>
109176 <... sched_yield resumed>)       = 0
109174 futex(0x7169d08005c0, FUTEX_WAKE_PRIVATE, 1 <unfinished ...>
109176 epoll_wait(4,  <unfinished ...>
109187 <... futex resumed>)             = 0
109174 <... futex resumed>)             = 1
109176 <... epoll_wait resumed>[{events=EPOLLIN, data={u32=0, u64=0}}], 1024, 9) = 1
109187 futex(0x7169d0c005c0, FUTEX_WAKE_PRIVATE, 1 <unfinished ...>
109174 futex(0x7169d39aaa40, FUTEX_WAIT_PRIVATE, 1, NULL <unfinished ...>
109187 <... futex resumed>)             = 1
109186 <... futex resumed>)             = 0
109186 write(5, "\1\0\0\0\0\0\0\0", 8 <unfinished ...>
109176 epoll_wait(4,  <unfinished ...>
109186 <... write resumed>)             = 8
109176 <... epoll_wait resumed>[{events=EPOLLIN, data={u32=0, u64=0}}], 1024, 9) = 1
109187 sendto(48, "\224\0\0\0\0\0\0\0", 8, MSG_NOSIGNAL, NULL, 0 <unfinished ...>
109186 sendto(42, "\224\0\0\0\0\0\0\0", 8, MSG_NOSIGNAL, NULL, 0 <unfinished ...>
109176 epoll_wait(4,  <unfinished ...>
130127 <... recvfrom resumed>"\224\0\0\0\0\0\0\0", 8, 0, NULL, NULL) = 8
109187 <... sendto resumed>)            = 8
109186 <... sendto resumed>)            = 8
130128 <... recvfrom resumed>"\224\0\0\0\0\0\0\0", 8, 0, NULL, NULL) = 8
130127 recvfrom(3,  <unfinished ...>
109187 sendto(48, "\2\0\0\0\1\0\0\0\0\0\0\0\2\0\0\0\4\0\0\0\0\0\0\0tick\0\0\240e"..., 148, MSG_NOSIGNAL, NULL, 0 <unfinished ...>
130128 recvfrom(3,  <unfinished ...>
109186 sendto(42, "\2\0\0\0\1\0\0\0\0\0\0\0\2\0\0\0\4\0\0\0\0\0\0\0tick\0\0\320}"..., 148, MSG_NOSIGNAL, NULL, 0 <unfinished ...>
109187 <... sendto resumed>)            = 148
130127 <... recvfrom resumed>"\2\0\0\0\1\0\0\0\0\0\0\0\2\0\0\0\4\0\0\0\0\0\0\0tick\0\0\240e"..., 148, 0, NULL, NULL) = 148
109186 <... sendto resumed>)            = 148
130128 <... recvfrom resumed>"\2\0\0\0\1\0\0\0\0\0\0\0\2\0\0\0\4\0\0\0\0\0\0\0tick\0\0\320}"..., 148, 0, NULL, NULL) = 148
109187 recvfrom(48,  <unfinished ...>
109186 recvfrom(42,  <unfinished ...>
109187 <... recvfrom resumed>0x5f96f8bd56b0, 8, 0, NULL, NULL) = -1 EAGAIN (Resource temporarily unavailable)
109186 <... recvfrom resumed>0x716988007eb0, 8, 0, NULL, NULL) = -1 EAGAIN (Resource temporarily unavailable)
109187 futex(0x7169d08005c0, FUTEX_WAIT_PRIVATE, 1, NULL <unfinished ...>
109186 futex(0x7169d0c005c0, FUTEX_WAIT_PRIVATE, 1, NULL <unfinished ...>
130127 futex(0x6073738c7b58, FUTEX_WAKE_PRIVATE, 1 <unfinished ...>
130128 futex(0x6206be372b58, FUTEX_WAKE_PRIVATE, 1 <unfinished ...>
130127 <... futex resumed>)             = 1
130120 <... futex resumed>)             = 0
130128 <... futex resumed>)             = 1
130118 <... futex resumed>)             = 0
130127 sendto(3, "$\0\0\0\0\0\0\0", 8, MSG_NOSIGNAL, NULL, 0 <unfinished ...>
130128 sendto(3, "$\0\0\0\0\0\0\0", 8, MSG_NOSIGNAL, NULL, 0 <unfinished ...>
130120 futex(0x6073738c7b58, FUTEX_WAIT_BITSET_PRIVATE, 4294967295, NULL, FUTEX_BITSET_MATCH_ANY <unfinished ...>
130127 <... sendto resumed>)            = 8
130118 write(1, "tick 10, sending 0xf715f0254babb"..., 36 <unfinished ...>
130128 <... sendto resumed>)            = 8
130127 sendto(3, "\5\0\0\0\0\0\0\0\0\0\0\0\0\326w\242\321l\207f^)\26\t\203)D\313\247(\207F"..., 36, MSG_NOSIGNAL, NULL, 0 <unfinished ...>
109176 <... epoll_wait resumed>[{events=EPOLLIN|EPOLLOUT, data={u32=2080380416, u64=124697865885184}}], 1024, 9) = 1
130128 sendto(3, "\5\0\0\0\0\0\0\0\0\0\0\0P[y\242\321l\207f8\2732\206\345~O\4\240\370mR"..., 36, MSG_NOSIGNAL, NULL, 0 <unfinished ...>
130127 <... sendto resumed>)            = 36
130118 <... write resumed>)             = 36
130128 <... sendto resumed>)            = 36
130127 recvfrom(3,  <unfinished ...>
109176 recvfrom(48,  <unfinished ...>
130128 recvfrom(3,  <unfinished ...>
109176 <... recvfrom resumed>"$\0\0\0\0\0\0\0", 8, 0, NULL, NULL) = 8
109176 recvfrom(48,  <unfinished ...>
130118 sendto(6, "\256\0\0\0\0\0\0\0", 8, MSG_NOSIGNAL, NULL, 0 <unfinished ...>
109176 <... recvfrom resumed>"\5\0\0\0\0\0\0\0\0\0\0\0\0\326w\242\321l\207f^)\26\t\203)D\313\247(\207F"..., 36, 0, NULL, NULL) = 36
130118 <... sendto resumed>)            = 8
130118 sendto(6, "\2\0\0\0\6\0\0\0\0\0\0\0random\0\0\320m\211\242\321l\207f8\2732\206"..., 174, MSG_NOSIGNAL, NULL, 0) = 174
109176 epoll_wait(4, [{events=EPOLLIN|EPOLLOUT, data={u32=3288352256, u64=124699073857024}}, {events=EPOLLIN, data={u32=4173105792, u64=105102022838912}}, {events=EPOLLOUT, data={u32=2080380416, u64=124697865885184}}, {events=EPOLLIN|EPOLLOUT, data={u32=2147496448, u64=124697933001216}}], 1024, 8) = 4
130118 futex(0x6206be372b58, FUTEX_WAIT_BITSET_PRIVATE, 4294967295, NULL, FUTEX_BITSET_MATCH_ANY <unfinished ...>
109176 futex(0x7169d08005c0, FUTEX_WAKE_PRIVATE, 1 <unfinished ...>
109187 <... futex resumed>)             = 0
109176 <... futex resumed>)             = 1
109187 futex(0x7169d0c005c0, FUTEX_WAKE_PRIVATE, 1 <unfinished ...>
109176 recvfrom(56,  <unfinished ...>
109187 <... futex resumed>)             = 1
109186 <... futex resumed>)             = 0
109176 <... recvfrom resumed>"\256\0\0\0\0\0\0\0", 8, 0, NULL, NULL) = 8
109187 recvfrom(42,  <unfinished ...>
109186 futex(0x7169d10005c0, FUTEX_WAKE_PRIVATE, 1 <unfinished ...>
109176 recvfrom(56,  <unfinished ...>
109187 <... recvfrom resumed>"$\0\0\0\0\0\0\0", 8, 0, NULL, NULL) = 8
109186 <... futex resumed>)             = 1
109185 <... futex resumed>)             = 0
109176 <... recvfrom resumed>"\2\0\0\0\6\0\0\0\0\0\0\0random\0\0\320m\211\242\321l\207f8\2732\206"..., 174, 0, NULL, NULL) = 174
109187 recvfrom(42,  <unfinished ...>
109186 read(27, "tick 10, sending 0xf715f0254babb"..., 8192) = 36
109185 epoll_wait(4,  <unfinished ...>
109187 <... recvfrom resumed>"\5\0\0\0\0\0\0\0\0\0\0\0P[y\242\321l\207f8\2732\206\345~O\4\240\370mR"..., 36, 0, NULL, NULL) = 36
109176 futex(0x7169d39aaa40, FUTEX_WAKE_PRIVATE, 1) = 1
109174 <... futex resumed>)             = 0
109187 futex(0x7169d08005c0, FUTEX_WAIT_PRIVATE, 1, NULL <unfinished ...>
109186 futex(0x7169c9c005c0, FUTEX_WAKE_PRIVATE, 1 <unfinished ...>
109176 recvfrom(56,  <unfinished ...>
109186 <... futex resumed>)             = 1
130119 <... futex resumed>)             = 0
109176 <... recvfrom resumed>0x716988007230, 8, 0, NULL, NULL) = -1 EAGAIN (Resource temporarily unavailable)
130119 write(30, "tick 10, sending 0xf715f0254babb"..., 36 <unfinished ...>
109176 futex(0x7169d30005c0, FUTEX_WAIT_PRIVATE, 1, NULL <unfinished ...>
109174 futex(0x7169d39aaa40, FUTEX_WAIT_PRIVATE, 1, NULL <unfinished ...>
130119 <... write resumed>)             = 36
109186 sendto(48, "\272\0\0\0\0\0\0\0", 8, MSG_NOSIGNAL, NULL, 0 <unfinished ...>
130119 futex(0x7169d30005c0, FUTEX_WAKE_PRIVATE, 1) = 1
109176 <... futex resumed>)             = 0
130127 <... recvfrom resumed>"\272\0\0\0\0\0\0\0", 8, 0, NULL, NULL) = 8
109186 <... sendto resumed>)            = 8
130119 futex(0x7169c9c005c0, FUTEX_WAIT_PRIVATE, 1, {tv_sec=9, tv_nsec=999998417} <unfinished ...>
109176 futex(0x7169d08005c0, FUTEX_WAKE_PRIVATE, 1 <unfinished ...>
130127 recvfrom(3,  <unfinished ...>
109186 sendto(48, "\2\0\0\0\1\0\0\0\0\0\0\0\2\0\0\0\6\0\0\0\0\0\0\0random\0\0"..., 186, MSG_NOSIGNAL, NULL, 0 <unfinished ...>
109187 <... futex resumed>)             = 0
109176 <... futex resumed>)             = 1
109187 futex(0x7169d08005c0, FUTEX_WAIT_PRIVATE, 1, NULL <unfinished ...>
109186 <... sendto resumed>)            = 186
130127 <... recvfrom resumed>"\2\0\0\0\1\0\0\0\0\0\0\0\2\0\0\0\6\0\0\0\0\0\0\0random\0\0"..., 186, 0, NULL, NULL) = 186
109176 futex(0x7169ca4005c0, FUTEX_WAKE_PRIVATE, 1 <unfinished ...>
109186 recvfrom(48,  <unfinished ...>
109176 <... futex resumed>)             = 1
130121 <... futex resumed>)             = 0
109186 <... recvfrom resumed>0x716988005f40, 8, 0, NULL, NULL) = -1 EAGAIN (Resource temporarily unavailable)
109176 futex(0x7169d30005c0, FUTEX_WAIT_PRIVATE, 1, NULL <unfinished ...>
130121 fsync(30 <unfinished ...>
130127 futex(0x6073738c7b58, FUTEX_WAKE_PRIVATE, 1 <unfinished ...>
109186 futex(0x7169d0c005c0, FUTEX_WAIT_PRIVATE, 1, NULL <unfinished ...>
130127 <... futex resumed>)             = 1
130120 <... futex resumed>)             = 0
130127 sendto(3, "$\0\0\0\0\0\0\0", 8, MSG_NOSIGNAL, NULL, 0) = 8
109185 <... epoll_wait resumed>[{events=EPOLLIN|EPOLLOUT, data={u32=2080380416, u64=124697865885184}}], 1024, 8) = 1
130127 sendto(3, "\5\0\0\0\0\0\0\0\0\0\0\0\220\233\302\242\321l\207f^)\26\t\203)D\313\247(\207F"..., 36, MSG_NOSIGNAL, NULL, 0) = 36
109185 recvfrom(48,  <unfinished ...>
130127 recvfrom(3,  <unfinished ...>
130120 sendto(6, "\375\0\0\0\0\0\0\0", 8, MSG_NOSIGNAL, NULL, 0 <unfinished ...>
109185 <... recvfrom resumed>"$\0\0\0\0\0\0\0", 8, 0, NULL, NULL) = 8
109185 recvfrom(48,  <unfinished ...>
130120 <... sendto resumed>)            = 8
130120 sendto(6, "\2\0\0\0\6\0\0\0\0\0\0\0status\0\0000\364\307\242\321l\207f^)\26\t"..., 253, MSG_NOSIGNAL, NULL, 0 <unfinished ...>
109185 <... recvfrom resumed>"\5\0\0\0\0\0\0\0\0\0\0\0\220\233\302\242\321l\207f^)\26\t\203)D\313\247(\207F"..., 36, 0, NULL, NULL) = 36
130120 <... sendto resumed>)            = 253
130120 futex(0x6073738c7b58, FUTEX_WAIT_BITSET_PRIVATE, 4294967295, NULL, FUTEX_BITSET_MATCH_ANY <unfinished ...>
109185 epoll_wait(4, [{events=EPOLLOUT, data={u32=2080380416, u64=124697865885184}}, {events=EPOLLIN|EPOLLOUT, data={u32=2348818944, u64=124698134323712}}], 1024, 7) = 2
109185 recvfrom(57, "\375\0\0\0\0\0\0\0", 8, 0, NULL, NULL) = 8
109185 recvfrom(57, "\2\0\0\0\6\0\0\0\0\0\0\0status\0\0000\364\307\242\321l\207f^)\26\t"..., 253, 0, NULL, NULL) = 253
109185 futex(0x7169d39aaa40, FUTEX_WAKE_PRIVATE, 1) = 1
109174 <... futex resumed>)             = 0
109185 recvfrom(57, 0x5f96f8bbf1b0, 8, 0, NULL, NULL) = -1 EAGAIN (Resource temporarily unavailable)
109174 futex(0x7169d30005c0, FUTEX_WAKE_PRIVATE, 1 <unfinished ...>
109176 <... futex resumed>)             = 0
109174 <... futex resumed>)             = 1
109185 sendto(50, "\n\1\0\0\0\0\0\0", 8, MSG_NOSIGNAL, NULL, 0 <unfinished ...>
109176 epoll_wait(4,  <unfinished ...>
109174 futex(0x7169d39aaa40, FUTEX_WAIT_PRIVATE, 1, NULL <unfinished ...>
109185 <... sendto resumed>)            = 8
130126 <... recvfrom resumed>"\n\1\0\0\0\0\0\0", 8, 0, NULL, NULL) = 8
109185 sendto(50, "\2\0\0\0\1\0\0\0\0\0\0\0\2\0\0\0\7\0\0\0\0\0\0\0message\0"..., 266, MSG_NOSIGNAL, NULL, 0 <unfinished ...>
130126 recvfrom(3,  <unfinished ...>
109185 <... sendto resumed>)            = 266
130126 <... recvfrom resumed>"\2\0\0\0\1\0\0\0\0\0\0\0\2\0\0\0\7\0\0\0\0\0\0\0message\0"..., 266, 0, NULL, NULL) = 266
109185 recvfrom(50, 0x716988005f40, 8, 0, NULL, NULL) = -1 EAGAIN (Resource temporarily unavailable)
109185 futex(0x7169d10005c0, FUTEX_WAIT_PRIVATE, 1, NULL <unfinished ...>
130126 futex(0x5e6b228d6b58, FUTEX_WAKE_PRIVATE, 1) = 1
130123 <... futex resumed>)             = 0
130126 sendto(3, "$\0\0\0\0\0\0\0", 8, MSG_NOSIGNAL, NULL, 0) = 8
109176 <... epoll_wait resumed>[{events=EPOLLIN|EPOLLOUT, data={u32=3288354944, u64=124699073859712}}], 1024, 7) = 1
130126 sendto(3, "\5\0\0\0\0\0\0\0\0\0\0\0\0\356\10\243\321l\207f\236\220\222\3211`Is\250\207\375\334"..., 36, MSG_NOSIGNAL, NULL, 0 <unfinished ...>
130123 write(1, "sink received message: operator "..., 87 <unfinished ...>
130126 <... sendto resumed>)            = 36
109176 recvfrom(50,  <unfinished ...>
130123 <... write resumed>)             = 87
130126 recvfrom(3,  <unfinished ...>
109176 <... recvfrom resumed>"$\0\0\0\0\0\0\0", 8, 0, NULL, NULL) = 8
130123 futex(0x5e6b228d6b58, FUTEX_WAIT_BITSET_PRIVATE, 4294967295, NULL, FUTEX_BITSET_MATCH_ANY <unfinished ...>
109176 recvfrom(50, "\5\0\0\0\0\0\0\0\0\0\0\0\0\356\10\243\321l\207f\236\220\222\3211`Is\250\207\375\334"..., 36, 0, NULL, NULL) = 36
109176 epoll_wait(4, [{events=EPOLLOUT, data={u32=3288354944, u64=124699073859712}}, {events=EPOLLIN, data={u32=4173111168, u64=105102022844288}}], 1024, 6) = 2
109176 read(45, "sink received message: operator "..., 8192) = 87
109176 futex(0x7169ca8005c0, FUTEX_WAKE_PRIVATE, 1) = 1
130122 <... futex resumed>)             = 0
109176 epoll_wait(4,  <unfinished ...>
130122 write(46, "sink received message: operator "..., 87) = 87
130122 write(5, "\1\0\0\0\0\0\0\0", 8)  = 8
109176 <... epoll_wait resumed>[{events=EPOLLIN, data={u32=0, u64=0}}], 1024, 6) = 1
130122 futex(0x7169ca8005c0, FUTEX_WAIT_PRIVATE, 1, {tv_sec=9, tv_nsec=999998116} <unfinished ...>
109176 futex(0x7169d10005c0, FUTEX_WAKE_PRIVATE, 1 <unfinished ...>
109185 <... futex resumed>)             = 0
109176 <... futex resumed>)             = 1
109185 epoll_wait(4,  <unfinished ...>
109176 futex(0x7169c9c005c0, FUTEX_WAKE_PRIVATE, 1) = 1
130119 <... futex resumed>)             = 0
109176 futex(0x7169d30005c0, FUTEX_WAIT_PRIVATE, 1, NULL <unfinished ...>
130119 fsync(46 <unfinished ...>
130121 <... fsync resumed>)             = 0
130121 futex(0x7169d30005c0, FUTEX_WAKE_PRIVATE, 1) = 1
109176 <... futex resumed>)             = 0
130121 futex(0x7169ca4005c0, FUTEX_WAIT_PRIVATE, 1, {tv_sec=9, tv_nsec=999998918} <unfinished ...>
109176 write(5, "\1\0\0\0\0\0\0\0", 8 <unfinished ...>
109185 <... epoll_wait resumed>[{events=EPOLLIN, data={u32=0, u64=0}}], 1024, 6) = 1
109176 <... write resumed>)             = 8
109185 epoll_wait(4,  <unfinished ...>
109176 futex(0x7169d30005c0, FUTEX_WAIT_PRIVATE, 1, NULL <unfinished ...>
130119 <... fsync resumed>)             = 0
130119 futex(0x7169d30005c0, FUTEX_WAKE_PRIVATE, 1) = 1
109176 <... futex resumed>)             = 0
130119 futex(0x7169c9c005c0, FUTEX_WAIT_PRIVATE, 1, {tv_sec=9, tv_nsec=999998477} <unfinished ...>
109176 write(5, "\1\0\0\0\0\0\0\0", 8 <unfinished ...>
109185 <... epoll_wait resumed>[{events=EPOLLIN, data={u32=0, u64=0}}], 1024, 6) = 1
109176 <... write resumed>)             = 8
109185 futex(0x7169d10005c0, FUTEX_WAIT_PRIVATE, 1, NULL <unfinished ...>
109176 epoll_wait(4, [], 1024, 3)       = 0
109176 futex(0x7169d39aaa40, FUTEX_WAKE_PRIVATE, 1) = 1
109174 <... futex resumed>)             = 0
109176 write(5, "\1\0\0\0\0\0\0\0", 8)  = 8
109174 futex(0x7169d10005c0, FUTEX_WAKE_PRIVATE, 1 <unfinished ...>
109185 <... futex resumed>)             = 0
109174 <... futex resumed>)             = 1
109176 sendto(42, "\224\0\0\0\0\0\0\0", 8, MSG_NOSIGNAL, NULL, 0 <unfinished ...>
109185 epoll_wait(4,  <unfinished ...>
109174 futex(0x7169d39aaa40, FUTEX_WAIT_PRIVATE, 1, NULL <unfinished ...>
109185 <... epoll_wait resumed>[{events=EPOLLIN, data={u32=0, u64=0}}], 1024, 10) = 1
130128 <... recvfrom resumed>"\224\0\0\0\0\0\0\0", 8, 0, NULL, NULL) = 8
109176 <... sendto resumed>)            = 8
130128 recvfrom(3,  <unfinished ...>
109185 epoll_wait(4,  <unfinished ...>
109176 sendto(42, "\2\0\0\0\1\0\0\0\0\0\0\0\2\0\0\0\4\0\0\0\0\0\0\0tick\0\0@\267"..., 148, MSG_NOSIGNAL, NULL, 0) = 148
130128 <... recvfrom resumed>"\2\0\0\0\1\0\0\0\0\0\0\0\2\0\0\0\4\0\0\0\0\0\0\0tick\0\0@\267"..., 148, 0, NULL, NULL) = 148
109176 recvfrom(42, 0x7169c400be30, 8, 0, NULL, NULL) = -1 EAGAIN (Resource temporarily unavailable)
130128 futex(0x6206be372b58, FUTEX_WAKE_PRIVATE, 1 <unfinished ...>
109176 futex(0x7169d30005c0, FUTEX_WAIT_PRIVATE, 1, NULL <unfinished ...>
130128 <... futex resumed>)             = 1
130118 <... futex resumed>)             = 0
130128 sendto(3, "$\0\0\0\0\0\0\0", 8, MSG_NOSIGNAL, NULL, 0 <unfinished ...>
130118 write(1, "tick 11, sending 0x631f06a5b7646"..., 36 <unfinished ...>
130128 <... sendto resumed>)            = 8
130118 <... write resumed>)             = 36
109185 <... epoll_wait resumed>[{events=EPOLLIN|EPOLLOUT, data={u32=3288352256, u64=124699073857024}}, {events=EPOLLIN, data={u32=4173105792, u64=105102022838912}}], 1024, 10) = 2
130128 sendto(3, "\5\0\0\0\0\0\0\0\0\0\0\0\0n\315\244\321l\207f8\2732\206\345~O\4\240\370mR"..., 36, MSG_NOSIGNAL, NULL, 0) = 36
109185 futex(0x7169d30005c0, FUTEX_WAKE_PRIVATE, 1 <unfinished ...>
130128 recvfrom(3,  <unfinished ...>
130118 sendto(6, "\256\0\0\0\0\0\0\0", 8, MSG_NOSIGNAL, NULL, 0 <unfinished ...>
109185 <... futex resumed>)             = 1
109176 <... futex resumed>)             = 0
130118 <... sendto resumed>)            = 8
109185 read(27,  <unfinished ...>
109176 futex(0x7169d08005c0, FUTEX_WAKE_PRIVATE, 1 <unfinished ...>
130118 sendto(6, "\2\0\0\0\6\0\0\0\0\0\0\0random\0\0` \327\244\321l\207f8\2732\206"..., 174, MSG_NOSIGNAL, NULL, 0 <unfinished ...>
109185 <... read resumed>"tick 11, sending 0x631f06a5b7646"..., 8192) = 36
109187 <... futex resumed>)             = 0
109176 <... futex resumed>)             = 1
130118 <... sendto resumed>)            = 174
109176 recvfrom(42,  <unfinished ...>
109187 epoll_wait(4,  <unfinished ...>
130118 futex(0x6206be372b58, FUTEX_WAIT_BITSET_PRIVATE, 4294967295, NULL, FUTEX_BITSET_MATCH_ANY <unfinished ...>
109185 futex(0x7169ca8005c0, FUTEX_WAKE_PRIVATE, 1 <unfinished ...>
109176 <... recvfrom resumed>"$\0\0\0\0\0\0\0", 8, 0, NULL, NULL) = 8
130122 <... futex resumed>)             = 0
109187 <... epoll_wait resumed>[{events=EPOLLIN|EPOLLOUT, data={u32=3288352256, u64=124699073857024}}, {events=EPOLLIN|EPOLLOUT, data={u32=2147496448, u64=124697933001216}}], 1024, 9) = 2
109185 <... futex resumed>)             = 1
130122 write(30, "tick 11, sending 0x631f06a5b7646"..., 36 <unfinished ...>
109176 recvfrom(42,  <unfinished ...>
109185 futex(0x7169d10005c0, FUTEX_WAIT_PRIVATE, 1, NULL <unfinished ...>
109176 <... recvfrom resumed>"\5\0\0\0\0\0\0\0\0\0\0\0\0n\315\244\321l\207f8\2732\206\345~O\4\240\370mR"..., 36, 0, NULL, NULL) = 36
130122 <... write resumed>)             = 36
109187 recvfrom(56,  <unfinished ...>
130122 futex(0x7169d10005c0, FUTEX_WAKE_PRIVATE, 1 <unfinished ...>
109187 <... recvfrom resumed>"\256\0\0\0\0\0\0\0", 8, 0, NULL, NULL) = 8
130122 <... futex resumed>)             = 1
109185 <... futex resumed>)             = 0
109176 futex(0x7169ca4005c0, FUTEX_WAKE_PRIVATE, 1 <unfinished ...>
109187 recvfrom(56,  <unfinished ...>
130122 fsync(30 <unfinished ...>
130121 <... futex resumed>)             = 0
109185 epoll_wait(4,  <unfinished ...>
109176 <... futex resumed>)             = 1
130121 futex(0x7169ca4005c0, FUTEX_WAIT_PRIVATE, 1, {tv_sec=9, tv_nsec=999999179} <unfinished ...>
109187 <... recvfrom resumed>"\2\0\0\0\6\0\0\0\0\0\0\0random\0\0` \327\244\321l\207f8\2732\206"..., 174, 0, NULL, NULL) = 174
109176 futex(0x7169d30005c0, FUTEX_WAIT_PRIVATE, 1, NULL <unfinished ...>
109187 futex(0x7169d39aaa40, FUTEX_WAKE_PRIVATE, 1) = 1
109174 <... futex resumed>)             = 0
109187 recvfrom(56, 0x716988007230, 8, 0, NULL, NULL) = -1 EAGAIN (Resource temporarily unavailable)
109174 futex(0x7169d30005c0, FUTEX_WAKE_PRIVATE, 1 <unfinished ...>
109176 <... futex resumed>)             = 0
109174 <... futex resumed>)             = 1
109176 futex(0x7169d30005c0, FUTEX_WAIT_PRIVATE, 1, NULL <unfinished ...>
109187 sendto(48, "\272\0\0\0\0\0\0\0", 8, MSG_NOSIGNAL, NULL, 0 <unfinished ...>
109174 futex(0x7169d39aaa40, FUTEX_WAIT_PRIVATE, 1, NULL <unfinished ...>
109187 <... sendto resumed>)            = 8
130127 <... recvfrom resumed>"\272\0\0\0\0\0\0\0", 8, 0, NULL, NULL) = 8
109187 sendto(48, "\2\0\0\0\1\0\0\0\0\0\0\0\2\0\0\0\6\0\0\0\0\0\0\0random\0\0"..., 186, MSG_NOSIGNAL, NULL, 0 <unfinished ...>
130127 recvfrom(3,  <unfinished ...>
109187 <... sendto resumed>)            = 186
130127 <... recvfrom resumed>"\2\0\0\0\1\0\0\0\0\0\0\0\2\0\0\0\6\0\0\0\0\0\0\0random\0\0"..., 186, 0, NULL, NULL) = 186
109187 recvfrom(48, 0x716988007eb0, 8, 0, NULL, NULL) = -1 EAGAIN (Resource temporarily unavailable)
109187 futex(0x7169d08005c0, FUTEX_WAIT_PRIVATE, 1, NULL <unfinished ...>
130127 futex(0x6073738c7b58, FUTEX_WAKE_PRIVATE, 1) = 1
130120 <... futex resumed>)             = 0
130127 sendto(3, "$\0\0\0\0\0\0\0", 8, MSG_NOSIGNAL, NULL, 0) = 8
109185 <... epoll_wait resumed>[{events=EPOLLIN|EPOLLOUT, data={u32=2080380416, u64=124697865885184}}], 1024, 9) = 1
130127 sendto(3, "\5\0\0\0\0\0\0\0\0\0\0\0\240\322\5\245\321l\207f^)\26\t\203)D\313\247(\207F"..., 36, MSG_NOSIGNAL, NULL, 0 <unfinished ...>
130120 sendto(6, "\375\0\0\0\0\0\0\0", 8, MSG_NOSIGNAL, NULL, 0 <unfinished ...>
130127 <... sendto resumed>)            = 36
130127 recvfrom(3,  <unfinished ...>
109185 recvfrom(48,  <unfinished ...>
130120 <... sendto resumed>)            = 8
109185 <... recvfrom resumed>"$\0\0\0\0\0\0\0", 8, 0, NULL, NULL) = 8
130120 sendto(6, "\2\0\0\0\6\0\0\0\0\0\0\0status\0\0Pe\t\245\321l\207f^)\26\t"..., 253, MSG_NOSIGNAL, NULL, 0 <unfinished ...>
109185 recvfrom(48,  <unfinished ...>
130120 <... sendto resumed>)            = 253
109185 <... recvfrom resumed>"\5\0\0\0\0\0\0\0\0\0\0\0\240\322\5\245\321l\207f^)\26\t\203)D\313\247(\207F"..., 36, 0, NULL, NULL) = 36
130120 futex(0x6073738c7b58, FUTEX_WAIT_BITSET_PRIVATE, 4294967295, NULL, FUTEX_BITSET_MATCH_ANY <unfinished ...>
109185 epoll_wait(4, [{events=EPOLLOUT, data={u32=2080380416, u64=124697865885184}}, {events=EPOLLIN|EPOLLOUT, data={u32=2348818944, u64=124698134323712}}], 1024, 9) = 2
109185 recvfrom(57, "\375\0\0\0\0\0\0\0", 8, 0, NULL, NULL) = 8
109185 recvfrom(57, "\2\0\0\0\6\0\0\0\0\0\0\0status\0\0Pe\t\245\321l\207f^)\26\t"..., 253, 0, NULL, NULL) = 253
109185 futex(0x7169d39aaa40, FUTEX_WAKE_PRIVATE, 1) = 1
109174 <... futex resumed>)             = 0
109185 recvfrom(57, 0x5f96f8bbf1b0, 8, 0, NULL, NULL) = -1 EAGAIN (Resource temporarily unavailable)
109174 futex(0x7169d30005c0, FUTEX_WAKE_PRIVATE, 1 <unfinished ...>
109176 <... futex resumed>)             = 0
109174 <... futex resumed>)             = 1
109185 sendto(50, "\n\1\0\0\0\0\0\0", 8, MSG_NOSIGNAL, NULL, 0 <unfinished ...>
109176 epoll_wait(4,  <unfinished ...>
109174 futex(0x7169d39aaa40, FUTEX_WAIT_PRIVATE, 1, NULL <unfinished ...>
109185 <... sendto resumed>)            = 8
130126 <... recvfrom resumed>"\n\1\0\0\0\0\0\0", 8, 0, NULL, NULL) = 8
109185 sendto(50, "\2\0\0\0\1\0\0\0\0\0\0\0\2\0\0\0\7\0\0\0\0\0\0\0message\0"..., 266, MSG_NOSIGNAL, NULL, 0 <unfinished ...>
130126 recvfrom(3,  <unfinished ...>
109185 <... sendto resumed>)            = 266
130126 <... recvfrom resumed>"\2\0\0\0\1\0\0\0\0\0\0\0\2\0\0\0\7\0\0\0\0\0\0\0message\0"..., 266, 0, NULL, NULL) = 266
109185 recvfrom(50, 0x716988007eb0, 8, 0, NULL, NULL) = -1 EAGAIN (Resource temporarily unavailable)
109185 futex(0x7169d10005c0, FUTEX_WAIT_PRIVATE, 1, NULL <unfinished ...>
130126 futex(0x5e6b228d6b58, FUTEX_WAKE_PRIVATE, 1) = 1
130123 <... futex resumed>)             = 0
130126 sendto(3, "$\0\0\0\0\0\0\0", 8, MSG_NOSIGNAL, NULL, 0) = 8
130123 write(1, "sink received message: operator "..., 87 <unfinished ...>
109176 <... epoll_wait resumed>[{events=EPOLLIN|EPOLLOUT, data={u32=3288354944, u64=124699073859712}}], 1024, 8) = 1
130126 sendto(3, "\5\0\0\0\0\0\0\0\0\0\0\0 o2\245\321l\207f\236\220\222\3211`Is\250\207\375\334"..., 36, MSG_NOSIGNAL, NULL, 0 <unfinished ...>
130123 <... write resumed>)             = 87
130126 <... sendto resumed>)            = 36
130123 futex(0x5e6b228d6b58, FUTEX_WAIT_BITSET_PRIVATE, 4294967295, NULL, FUTEX_BITSET_MATCH_ANY <unfinished ...>
109176 recvfrom(50,  <unfinished ...>
130126 recvfrom(3,  <unfinished ...>
109176 <... recvfrom resumed>"$\0\0\0\0\0\0\0", 8, 0, NULL, NULL) = 8
109176 recvfrom(50, "\5\0\0\0\0\0\0\0\0\0\0\0 o2\245\321l\207f\236\220\222\3211`Is\250\207\375\334"..., 36, 0, NULL, NULL) = 36
109176 epoll_wait(4, [{events=EPOLLIN, data={u32=4173111168, u64=105102022844288}}, {events=EPOLLOUT, data={u32=3288354944, u64=124699073859712}}], 1024, 8) = 2
109176 read(45, "sink received message: operator "..., 8192) = 87
109176 futex(0x7169c9c005c0, FUTEX_WAKE_PRIVATE, 1) = 1
130119 <... futex resumed>)             = 0
130119 write(46, "sink received message: operator "..., 87 <unfinished ...>
109176 epoll_wait(4,  <unfinished ...>
130119 <... write resumed>)             = 87
130119 write(5, "\1\0\0\0\0\0\0\0", 8)  = 8
109176 <... epoll_wait resumed>[{events=EPOLLIN, data={u32=0, u64=0}}], 1024, 8) = 1
130119 futex(0x7169c9c005c0, FUTEX_WAIT_PRIVATE, 1, {tv_sec=9, tv_nsec=999998207} <unfinished ...>
109176 futex(0x7169d10005c0, FUTEX_WAKE_PRIVATE, 1 <unfinished ...>
130122 <... fsync resumed>)             = 0
109185 <... futex resumed>)             = 0
109176 <... futex resumed>)             = 1
130122 futex(0x7169ca8005c0, FUTEX_WAIT_PRIVATE, 1, {tv_sec=9, tv_nsec=999998768} <unfinished ...>
109185 futex(0x7169d08005c0, FUTEX_WAKE_PRIVATE, 1 <unfinished ...>
109176 futex(0x7169ca4005c0, FUTEX_WAKE_PRIVATE, 1 <unfinished ...>
109187 <... futex resumed>)             = 0
109185 <... futex resumed>)             = 1
130121 <... futex resumed>)             = 0
109176 <... futex resumed>)             = 1
130121 fsync(46 <unfinished ...>
109187 epoll_wait(4,  <unfinished ...>
109185 futex(0x7169d10005c0, FUTEX_WAIT_PRIVATE, 1, NULL <unfinished ...>
109176 futex(0x7169d30005c0, FUTEX_WAIT_PRIVATE, 1, NULL <unfinished ...>
130121 <... fsync resumed>)             = 0
130121 futex(0x7169d10005c0, FUTEX_WAKE_PRIVATE, 1) = 1
109185 <... futex resumed>)             = 0
130121 futex(0x7169ca4005c0, FUTEX_WAIT_PRIVATE, 1, {tv_sec=9, tv_nsec=999999048} <unfinished ...>
109185 futex(0x7169d30005c0, FUTEX_WAKE_PRIVATE, 1) = 1
109176 <... futex resumed>)             = 0
109185 futex(0x7169d10005c0, FUTEX_WAIT_PRIVATE, 1, NULL <unfinished ...>
109176 futex(0x7169d30005c0, FUTEX_WAIT_PRIVATE, 1, NULL <unfinished ...>
109187 <... epoll_wait resumed>[], 1024, 8) = 0
109187 futex(0x7169d39aaa40, FUTEX_WAKE_PRIVATE, 1) = 1
109174 <... futex resumed>)             = 0
109187 write(5, "\1\0\0\0\0\0\0\0", 8)  = 8
