130126 sendto(3, "\5\0\0\0\0\0\0\0\0\0\0\0\220\224\26\221\321l\207f\236\220\222\3211`Is\250\207\375\334"..., 36, MSG_NOSIGNAL, NULL, 0 <unfinished ...>
130123 write(1, "sink received message: operator "..., 87 <unfinished ...>
130126 <... sendto resumed>)            = 36
130123 <... write resumed>)             = 87
109187 recvfrom(50,  <unfinished ...>
130126 recvfrom(3,  <unfinished ...>
109187 <... recvfrom resumed>"$\0\0\0\0\0\0\0", 8, 0, NULL, NULL) = 8
130123 futex(0x5e6b228d6b58, FUTEX_WAIT_BITSET_PRIVATE, 4294967295, NULL, FUTEX_BITSET_MATCH_ANY <unfinished ...>
109187 recvfrom(50, "\5\0\0\0\0\0\0\0\0\0\0\0\220\224\26\221\321l\207f\236\220\222\3211`Is\250\207\375\334"..., 36, 0, NULL, NULL) = 36
109187 epoll_wait(4, [{events=EPOLLOUT, data={u32=3288354944, u64=124699073859712}}, {events=EPOLLIN, data={u32=4173111168, u64=105102022844288}}], 1024, 0) = 2
109187 read(45, "sink received message: operator "..., 8192) = 87
109187 futex(0x7169ca8005c0, FUTEX_WAKE_PRIVATE, 1) = 1
130122 <... futex resumed>)             = 0
130122 write(46, "sink received message: operator "..., 87 <unfinished ...>
109187 epoll_wait(4,  <unfinished ...>
130122 <... write resumed>)             = 87
130122 write(5, "\1\0\0\0\0\0\0\0", 8)  = 8
109187 <... epoll_wait resumed>[{events=EPOLLIN, data={u32=0, u64=0}}], 1024, 6) = 1
130122 futex(0x7169ca8005c0, FUTEX_WAIT_PRIVATE, 1, {tv_sec=9, tv_nsec=999998758} <unfinished ...>
109187 futex(0x7169d30005c0, FUTEX_WAKE_PRIVATE, 1) = 1
109176 <... futex resumed>)             = 0
109187 futex(0x7169ca4005c0, FUTEX_WAKE_PRIVATE, 1 <unfinished ...>
109176 epoll_wait(4,  <unfinished ...>
109187 <... futex resumed>)             = 1
130121 <... futex resumed>)             = 0
109187 futex(0x7169d08005c0, FUTEX_WAIT_PRIVATE, 1, NULL <unfinished ...>
130121 fsync(46 <unfinished ...>
130119 <... fsync resumed>)             = 0
130119 futex(0x7169d08005c0, FUTEX_WAKE_PRIVATE, 1) = 1
109187 <... futex resumed>)             = 0
130119 futex(0x7169c9c005c0, FUTEX_WAIT_PRIVATE, 1, {tv_sec=9, tv_nsec=999997996} <unfinished ...>
109187 write(5, "\1\0\0\0\0\0\0\0", 8)  = 8
109176 <... epoll_wait resumed>[{events=EPOLLIN, data={u32=0, u64=0}}], 1024, 6) = 1
109187 futex(0x7169d08005c0, FUTEX_WAIT_PRIVATE, 1, NULL <unfinished ...>
109176 epoll_wait(4,  <unfinished ...>
130121 <... fsync resumed>)             = 0
130121 write(5, "\1\0\0\0\0\0\0\0", 8)  = 8
109176 <... epoll_wait resumed>[{events=EPOLLIN, data={u32=0, u64=0}}], 1024, 5) = 1
130121 futex(0x7169ca4005c0, FUTEX_WAIT_PRIVATE, 1, {tv_sec=9, tv_nsec=999996733} <unfinished ...>
109176 futex(0x7169d08005c0, FUTEX_WAKE_PRIVATE, 1 <unfinished ...>
109187 <... futex resumed>)             = 0
109176 <... futex resumed>)             = 1
109187 epoll_wait(4,  <unfinished ...>
109176 futex(0x7169d30005c0, FUTEX_WAIT_PRIVATE, 1, NULL <unfinished ...>
109187 <... epoll_wait resumed>[], 1024, 3) = 0
109187 futex(0x7169d39aaa40, FUTEX_WAKE_PRIVATE, 1) = 1
109174 <... futex resumed>)             = 0
109187 write(5, "\1\0\0\0\0\0\0\0", 8)  = 8
109187 epoll_wait(4,  <unfinished ...>
109174 write(5, "\1\0\0\0\0\0\0\0", 8 <unfinished ...>
109187 <... epoll_wait resumed>[{events=EPOLLIN, data={u32=0, u64=0}}], 1024, 10) = 1
109174 <... write resumed>)             = 8
109187 futex(0x7169d30005c0, FUTEX_WAKE_PRIVATE, 1) = 1
109174 futex(0x7169d39aaa40, FUTEX_WAIT_PRIVATE, 1, NULL <unfinished ...>
109176 <... futex resumed>)             = 0
109176 epoll_wait(4,  <unfinished ...>
109187 sendto(42, "\224\0\0\0\0\0\0\0", 8, MSG_NOSIGNAL, NULL, 0 <unfinished ...>
109176 <... epoll_wait resumed>[{events=EPOLLIN, data={u32=0, u64=0}}], 1024, 10) = 1
130128 <... recvfrom resumed>"\224\0\0\0\0\0\0\0", 8, 0, NULL, NULL) = 8
109187 <... sendto resumed>)            = 8
109176 epoll_wait(4,  <unfinished ...>
109187 sendto(42, "\2\0\0\0\1\0\0\0\0\0\0\0\2\0\0\0\4\0\0\0\0\0\0\0tick\0\0\0\211"..., 148, MSG_NOSIGNAL, NULL, 0 <unfinished ...>
130128 recvfrom(3,  <unfinished ...>
109187 <... sendto resumed>)            = 148
130128 <... recvfrom resumed>"\2\0\0\0\1\0\0\0\0\0\0\0\2\0\0\0\4\0\0\0\0\0\0\0tick\0\0\0\211"..., 148, 0, NULL, NULL) = 148
109187 recvfrom(42, 0x716980002710, 8, 0, NULL, NULL) = -1 EAGAIN (Resource temporarily unavailable)
109187 futex(0x7169d08005c0, FUTEX_WAIT_PRIVATE, 1, NULL <unfinished ...>
130128 futex(0x6206be372b58, FUTEX_WAKE_PRIVATE, 1) = 1
130118 <... futex resumed>)             = 0
130128 sendto(3, "$\0\0\0\0\0\0\0", 8, MSG_NOSIGNAL, NULL, 0 <unfinished ...>
130118 write(1, "tick 4, sending 0x8a279f7b390780"..., 35 <unfinished ...>
130128 <... sendto resumed>)            = 8
130118 <... write resumed>)             = 35
130128 sendto(3, "\5\0\0\0\0\0\0\0\0\0\0\0\240\220\334\222\321l\207f8\2732\206\345~O\4\240\370mR"..., 36, MSG_NOSIGNAL, NULL, 0 <unfinished ...>
109176 <... epoll_wait resumed>[{events=EPOLLIN|EPOLLOUT, data={u32=3288352256, u64=124699073857024}}, {events=EPOLLIN, data={u32=4173105792, u64=105102022838912}}], 1024, 10) = 2
130128 <... sendto resumed>)            = 36
130128 recvfrom(3,  <unfinished ...>
109176 futex(0x7169d08005c0, FUTEX_WAKE_PRIVATE, 1 <unfinished ...>
130118 sendto(6, "\256\0\0\0\0\0\0\0", 8, MSG_NOSIGNAL, NULL, 0 <unfinished ...>
109187 <... futex resumed>)             = 0
109176 <... futex resumed>)             = 1
130118 <... sendto resumed>)            = 8
109187 futex(0x7169d0c005c0, FUTEX_WAKE_PRIVATE, 1 <unfinished ...>
109176 read(27,  <unfinished ...>
130118 sendto(6, "\2\0\0\0\6\0\0\0\0\0\0\0random\0\0\260\277\343\222\321l\207f8\2732\206"..., 174, MSG_NOSIGNAL, NULL, 0 <unfinished ...>
109187 <... futex resumed>)             = 1
109186 <... futex resumed>)             = 0
109176 <... read resumed>"tick 4, sending 0x8a279f7b390780"..., 8192) = 35
130118 <... sendto resumed>)            = 174
109187 recvfrom(42, "$\0\0\0\0\0\0\0", 8, 0, NULL, NULL) = 8
109186 epoll_wait(4,  <unfinished ...>
130118 futex(0x6206be372b58, FUTEX_WAIT_BITSET_PRIVATE, 4294967295, NULL, FUTEX_BITSET_MATCH_ANY <unfinished ...>
109187 recvfrom(42,  <unfinished ...>
109176 futex(0x7169ca8005c0, FUTEX_WAKE_PRIVATE, 1 <unfinished ...>
109186 <... epoll_wait resumed>[{events=EPOLLIN|EPOLLOUT, data={u32=3288352256, u64=124699073857024}}, {events=EPOLLIN|EPOLLOUT, data={u32=2147496448, u64=124697933001216}}], 1024, 10) = 2
130122 <... futex resumed>)             = 0
109187 <... recvfrom resumed>"\5\0\0\0\0\0\0\0\0\0\0\0\240\220\334\222\321l\207f8\2732\206\345~O\4\240\370mR"..., 36, 0, NULL, NULL) = 36
109176 <... futex resumed>)             = 1
130122 write(30, "tick 4, sending 0x8a279f7b390780"..., 35 <unfinished ...>
109186 recvfrom(56, "\256\0\0\0\0\0\0\0", 8, 0, NULL, NULL) = 8
130122 <... write resumed>)             = 35
109187 futex(0x7169d08005c0, FUTEX_WAIT_PRIVATE, 1, NULL <unfinished ...>
109176 epoll_wait(4,  <unfinished ...>
109186 recvfrom(56,  <unfinished ...>
130122 futex(0x7169d08005c0, FUTEX_WAKE_PRIVATE, 1) = 1
109187 <... futex resumed>)             = 0
109186 <... recvfrom resumed>"\2\0\0\0\6\0\0\0\0\0\0\0random\0\0\260\277\343\222\321l\207f8\2732\206"..., 174, 0, NULL, NULL) = 174
130122 futex(0x7169ca8005c0, FUTEX_WAIT_PRIVATE, 1, {tv_sec=9, tv_nsec=999998787} <unfinished ...>
109187 write(5, "\1\0\0\0\0\0\0\0", 8)  = 8
109176 <... epoll_wait resumed>[{events=EPOLLIN, data={u32=0, u64=0}}], 1024, 9) = 1
109187 futex(0x7169c9c005c0, FUTEX_WAKE_PRIVATE, 1 <unfinished ...>
109186 futex(0x7169d39aaa40, FUTEX_WAKE_PRIVATE, 1 <unfinished ...>
109187 <... futex resumed>)             = 1
109176 epoll_wait(4,  <unfinished ...>
130119 <... futex resumed>)             = 0
109186 <... futex resumed>)             = 1
109174 <... futex resumed>)             = 0
109187 futex(0x7169d08005c0, FUTEX_WAIT_PRIVATE, 1, NULL <unfinished ...>
130119 fsync(30 <unfinished ...>
109186 recvfrom(56, 0x7169800013b0, 8, 0, NULL, NULL) = -1 EAGAIN (Resource temporarily unavailable)
109174 futex(0x7169d08005c0, FUTEX_WAKE_PRIVATE, 1 <unfinished ...>
109187 <... futex resumed>)             = 0
109174 <... futex resumed>)             = 1
109187 futex(0x7169d08005c0, FUTEX_WAIT_PRIVATE, 1, NULL <unfinished ...>
109186 sendto(48, "\272\0\0\0\0\0\0\0", 8, MSG_NOSIGNAL, NULL, 0 <unfinished ...>
109174 futex(0x7169d39aaa40, FUTEX_WAIT_PRIVATE, 1, NULL <unfinished ...>
130127 <... recvfrom resumed>"\272\0\0\0\0\0\0\0", 8, 0, NULL, NULL) = 8
109186 <... sendto resumed>)            = 8
130127 recvfrom(3,  <unfinished ...>
109186 sendto(48, "\2\0\0\0\1\0\0\0\0\0\0\0\2\0\0\0\6\0\0\0\0\0\0\0random\0\0"..., 186, MSG_NOSIGNAL, NULL, 0) = 186
130127 <... recvfrom resumed>"\2\0\0\0\1\0\0\0\0\0\0\0\2\0\0\0\6\0\0\0\0\0\0\0random\0\0"..., 186, 0, NULL, NULL) = 186
109186 recvfrom(48, 0x716988005430, 8, 0, NULL, NULL) = -1 EAGAIN (Resource temporarily unavailable)
109186 futex(0x7169d0c005c0, FUTEX_WAIT_PRIVATE, 1, NULL <unfinished ...>
130127 futex(0x6073738c7b58, FUTEX_WAKE_PRIVATE, 1) = 1
130120 <... futex resumed>)             = 0
130127 sendto(3, "$\0\0\0\0\0\0\0", 8, MSG_NOSIGNAL, NULL, 0) = 8
109176 <... epoll_wait resumed>[{events=EPOLLIN|EPOLLOUT, data={u32=2080380416, u64=124697865885184}}], 1024, 9) = 1
130127 sendto(3, "\5\0\0\0\0\0\0\0\0\0\0\0PV\27\223\321l\207f^)\26\t\203)D\313\247(\207F"..., 36, MSG_NOSIGNAL, NULL, 0 <unfinished ...>
130120 sendto(6, "\375\0\0\0\0\0\0\0", 8, MSG_NOSIGNAL, NULL, 0 <unfinished ...>
130127 <... sendto resumed>)            = 36
109176 recvfrom(48,  <unfinished ...>
130127 recvfrom(3,  <unfinished ...>
130120 <... sendto resumed>)            = 8
109176 <... recvfrom resumed>"$\0\0\0\0\0\0\0", 8, 0, NULL, NULL) = 8
130120 sendto(6, "\2\0\0\0\6\0\0\0\0\0\0\0status\0\0\340\227\34\223\321l\207f^)\26\t"..., 253, MSG_NOSIGNAL, NULL, 0 <unfinished ...>
109176 recvfrom(48,  <unfinished ...>
130120 <... sendto resumed>)            = 253
109176 <... recvfrom resumed>"\5\0\0\0\0\0\0\0\0\0\0\0PV\27\223\321l\207f^)\26\t\203)D\313\247(\207F"..., 36, 0, NULL, NULL) = 36
130120 futex(0x6073738c7b58, FUTEX_WAIT_BITSET_PRIVATE, 4294967295, NULL, FUTEX_BITSET_MATCH_ANY <unfinished ...>
109176 epoll_wait(4, [{events=EPOLLOUT, data={u32=2080380416, u64=124697865885184}}, {events=EPOLLIN|EPOLLOUT, data={u32=2348818944, u64=124698134323712}}], 1024, 9) = 2
109176 epoll_wait(4, [], 1024, 0)       = 0
109176 recvfrom(57, "\375\0\0\0\0\0\0\0", 8, 0, NULL, NULL) = 8
109176 recvfrom(57, "\2\0\0\0\6\0\0\0\0\0\0\0status\0\0\340\227\34\223\321l\207f^)\26\t"..., 253, 0, NULL, NULL) = 253
109176 futex(0x7169d39aaa40, FUTEX_WAKE_PRIVATE, 1) = 1
109174 <... futex resumed>)             = 0
109176 recvfrom(57, 0x5f96f8bc71b0, 8, 0, NULL, NULL) = -1 EAGAIN (Resource temporarily unavailable)
109176 futex(0x7169d08005c0, FUTEX_WAKE_PRIVATE, 1) = 1
109187 <... futex resumed>)             = 0
109174 futex(0x7169d39aaa40, FUTEX_WAIT_PRIVATE, 1, NULL <unfinished ...>
109187 epoll_wait(4,  <unfinished ...>
109176 sendto(50, "\n\1\0\0\0\0\0\0", 8, MSG_NOSIGNAL, NULL, 0) = 8
130126 <... recvfrom resumed>"\n\1\0\0\0\0\0\0", 8, 0, NULL, NULL) = 8
109176 sendto(50, "\2\0\0\0\1\0\0\0\0\0\0\0\2\0\0\0\7\0\0\0\0\0\0\0message\0"..., 266, MSG_NOSIGNAL, NULL, 0 <unfinished ...>
130126 recvfrom(3,  <unfinished ...>
109176 <... sendto resumed>)            = 266
130126 <... recvfrom resumed>"\2\0\0\0\1\0\0\0\0\0\0\0\2\0\0\0\7\0\0\0\0\0\0\0message\0"..., 266, 0, NULL, NULL) = 266
109176 recvfrom(50, 0x716988005430, 8, 0, NULL, NULL) = -1 EAGAIN (Resource temporarily unavailable)
109176 futex(0x7169d30005c0, FUTEX_WAIT_PRIVATE, 1, NULL <unfinished ...>
130126 futex(0x5e6b228d6b58, FUTEX_WAKE_PRIVATE, 1) = 1
130123 <... futex resumed>)             = 0
130126 sendto(3, "$\0\0\0\0\0\0\0", 8, MSG_NOSIGNAL, NULL, 0) = 8
130123 write(1, "sink received message: operator "..., 87 <unfinished ...>
109187 <... epoll_wait resumed>[{events=EPOLLIN|EPOLLOUT, data={u32=3288354944, u64=124699073859712}}], 1024, 8) = 1
130126 sendto(3, "\5\0\0\0\0\0\0\0\0\0\0\0pnL\223\321l\207f\236\220\222\3211`Is\250\207\375\334"..., 36, MSG_NOSIGNAL, NULL, 0 <unfinished ...>
130123 <... write resumed>)             = 87
130126 <... sendto resumed>)            = 36
109187 recvfrom(50,  <unfinished ...>
130123 futex(0x5e6b228d6b58, FUTEX_WAIT_BITSET_PRIVATE, 4294967295, NULL, FUTEX_BITSET_MATCH_ANY <unfinished ...>
130126 recvfrom(3,  <unfinished ...>
109187 <... recvfrom resumed>"$\0\0\0\0\0\0\0", 8, 0, NULL, NULL) = 8
109187 recvfrom(50, "\5\0\0\0\0\0\0\0\0\0\0\0pnL\223\321l\207f\236\220\222\3211`Is\250\207\375\334"..., 36, 0, NULL, NULL) = 36
109187 epoll_wait(4, [{events=EPOLLIN, data={u32=4173111168, u64=105102022844288}}, {events=EPOLLOUT, data={u32=3288354944, u64=124699073859712}}], 1024, 8) = 2
109187 read(45, "sink received message: operator "..., 8192) = 87
109187 futex(0x7169ca4005c0, FUTEX_WAKE_PRIVATE, 1) = 1
130121 <... futex resumed>)             = 0
130121 write(46, "sink received message: operator "..., 87 <unfinished ...>
109187 epoll_wait(4,  <unfinished ...>
130121 <... write resumed>)             = 87
130121 write(5, "\1\0\0\0\0\0\0\0", 8 <unfinished ...>
130119 <... fsync resumed>)             = 0
130121 <... write resumed>)             = 8
109187 <... epoll_wait resumed>[{events=EPOLLIN, data={u32=0, u64=0}}], 1024, 8) = 1
130119 futex(0x7169c9c005c0, FUTEX_WAIT_PRIVATE, 1, {tv_sec=9, tv_nsec=999998457} <unfinished ...>
130121 futex(0x7169ca4005c0, FUTEX_WAIT_PRIVATE, 1, {tv_sec=9, tv_nsec=999998677} <unfinished ...>
109187 futex(0x7169d30005c0, FUTEX_WAKE_PRIVATE, 1) = 1
109176 <... futex resumed>)             = 0
109187 futex(0x7169ca8005c0, FUTEX_WAKE_PRIVATE, 1 <unfinished ...>
109176 futex(0x7169d0c005c0, FUTEX_WAKE_PRIVATE, 1 <unfinished ...>
109187 <... futex resumed>)             = 1
130122 <... futex resumed>)             = 0
109186 <... futex resumed>)             = 0
109176 <... futex resumed>)             = 1
109187 epoll_wait(4,  <unfinished ...>
130122 fsync(46 <unfinished ...>
109186 futex(0x7169d0c005c0, FUTEX_WAIT_PRIVATE, 1, NULL <unfinished ...>
109176 futex(0x7169d30005c0, FUTEX_WAIT_PRIVATE, 1, NULL <unfinished ...>
130122 <... fsync resumed>)             = 0
130122 futex(0x7169d30005c0, FUTEX_WAKE_PRIVATE, 1) = 1
109176 <... futex resumed>)             = 0
130122 futex(0x7169ca8005c0, FUTEX_WAIT_PRIVATE, 1, {tv_sec=9, tv_nsec=999998687} <unfinished ...>
109176 futex(0x7169d0c005c0, FUTEX_WAKE_PRIVATE, 1 <unfinished ...>
109186 <... futex resumed>)             = 0
109176 <... futex resumed>)             = 1
109186 futex(0x7169d0c005c0, FUTEX_WAIT_PRIVATE, 1, NULL <unfinished ...>
109176 futex(0x7169d30005c0, FUTEX_WAIT_PRIVATE, 1, NULL <unfinished ...>
109187 <... epoll_wait resumed>[], 1024, 7) = 0
109187 futex(0x7169d39aaa40, FUTEX_WAKE_PRIVATE, 1) = 1
109174 <... futex resumed>)             = 0
109187 write(5, "\1\0\0\0\0\0\0\0", 8)  = 8
109187 epoll_wait(4,  <unfinished ...>
109174 write(5, "\1\0\0\0\0\0\0\0", 8 <unfinished ...>
109187 <... epoll_wait resumed>[{events=EPOLLIN, data={u32=0, u64=0}}], 1024, 10) = 1
109174 <... write resumed>)             = 8
109187 futex(0x7169d0c005c0, FUTEX_WAKE_PRIVATE, 1) = 1
109174 futex(0x7169d39aaa40, FUTEX_WAIT_PRIVATE, 1, NULL <unfinished ...>
109186 <... futex resumed>)             = 0
109186 epoll_wait(4,  <unfinished ...>
109187 sendto(42, "\224\0\0\0\0\0\0\0", 8, MSG_NOSIGNAL, NULL, 0 <unfinished ...>
109186 <... epoll_wait resumed>[{events=EPOLLIN, data={u32=0, u64=0}}], 1024, 10) = 1
109187 <... sendto resumed>)            = 8
130128 <... recvfrom resumed>"\224\0\0\0\0\0\0\0", 8, 0, NULL, NULL) = 8
109187 sendto(42, "\2\0\0\0\1\0\0\0\0\0\0\0\2\0\0\0\4\0\0\0\0\0\0\0tick\0\0\200\310"..., 148, MSG_NOSIGNAL, NULL, 0 <unfinished ...>
109186 epoll_wait(4,  <unfinished ...>
130128 recvfrom(3,  <unfinished ...>
109187 <... sendto resumed>)            = 148
130128 <... recvfrom resumed>"\2\0\0\0\1\0\0\0\0\0\0\0\2\0\0\0\4\0\0\0\0\0\0\0tick\0\0\200\310"..., 148, 0, NULL, NULL) = 148
109187 recvfrom(42, 0x716988005430, 8, 0, NULL, NULL) = -1 EAGAIN (Resource temporarily unavailable)
109187 futex(0x7169d08005c0, FUTEX_WAIT_PRIVATE, 1, NULL <unfinished ...>
130128 futex(0x6206be372b58, FUTEX_WAKE_PRIVATE, 1) = 1
130118 <... futex resumed>)             = 0
130128 sendto(3, "$\0\0\0\0\0\0\0", 8, MSG_NOSIGNAL, NULL, 0 <unfinished ...>
130118 write(1, "tick 5, sending 0x429bbce8ad0da3"..., 35 <unfinished ...>
130128 <... sendto resumed>)            = 8
130118 <... write resumed>)             = 35
109186 <... epoll_wait resumed>[{events=EPOLLIN|EPOLLOUT, data={u32=3288352256, u64=124699073857024}}], 1024, 10) = 1
130128 sendto(3, "\5\0\0\0\0\0\0\0\0\0\0\0\220\270v\225\321l\207f8\2732\206\345~O\4\240\370mR"..., 36, MSG_NOSIGNAL, NULL, 0) = 36
130128 recvfrom(3,  <unfinished ...>
109186 recvfrom(42, "$\0\0\0\0\0\0\0", 8, 0, NULL, NULL) = 8
130118 sendto(6, "\256\0\0\0\0\0\0\0", 8, MSG_NOSIGNAL, NULL, 0 <unfinished ...>
109186 recvfrom(42,  <unfinished ...>
130118 <... sendto resumed>)            = 8
130118 sendto(6, "\2\0\0\0\6\0\0\0\0\0\0\0random\0\0\320J\200\225\321l\207f8\2732\206"..., 174, MSG_NOSIGNAL, NULL, 0 <unfinished ...>
109186 <... recvfrom resumed>"\5\0\0\0\0\0\0\0\0\0\0\0\220\270v\225\321l\207f8\2732\206\345~O\4\240\370mR"..., 36, 0, NULL, NULL) = 36
130118 <... sendto resumed>)            = 174
130118 futex(0x6206be372b58, FUTEX_WAIT_BITSET_PRIVATE, 4294967295, NULL, FUTEX_BITSET_MATCH_ANY <unfinished ...>
109186 epoll_wait(4, [{events=EPOLLIN, data={u32=4173105792, u64=105102022838912}}, {events=EPOLLOUT, data={u32=3288352256, u64=124699073857024}}, {events=EPOLLIN|EPOLLOUT, data={u32=2147496448, u64=124697933001216}}], 1024, 9) = 3
109186 futex(0x7169d08005c0, FUTEX_WAKE_PRIVATE, 1 <unfinished ...>
109187 <... futex resumed>)             = 0
109186 <... futex resumed>)             = 1
109187 futex(0x7169d30005c0, FUTEX_WAKE_PRIVATE, 1 <unfinished ...>
109186 recvfrom(56,  <unfinished ...>
109187 <... futex resumed>)             = 1
109186 <... recvfrom resumed>"\256\0\0\0\0\0\0\0", 8, 0, NULL, NULL) = 8
109176 <... futex resumed>)             = 0
109187 read(27,  <unfinished ...>
109186 recvfrom(56,  <unfinished ...>
109187 <... read resumed>"tick 5, sending 0x429bbce8ad0da3"..., 8192) = 35
109176 epoll_wait(4,  <unfinished ...>
109186 <... recvfrom resumed>"\2\0\0\0\6\0\0\0\0\0\0\0random\0\0\320J\200\225\321l\207f8\2732\206"..., 174, 0, NULL, NULL) = 174
109187 futex(0x7169c9c005c0, FUTEX_WAKE_PRIVATE, 1) = 1
130119 <... futex resumed>)             = 0
130119 write(30, "tick 5, sending 0x429bbce8ad0da3"..., 35 <unfinished ...>
109186 futex(0x7169d39aaa40, FUTEX_WAKE_PRIVATE, 1 <unfinished ...>
109187 futex(0x7169d08005c0, FUTEX_WAIT_PRIVATE, 1, NULL <unfinished ...>
109186 <... futex resumed>)             = 1
109174 <... futex resumed>)             = 0
130119 <... write resumed>)             = 35
109186 recvfrom(56,  <unfinished ...>
130119 futex(0x7169d08005c0, FUTEX_WAKE_PRIVATE, 1 <unfinished ...>
109186 <... recvfrom resumed>0x7169800013b0, 8, 0, NULL, NULL) = -1 EAGAIN (Resource temporarily unavailable)
130119 <... futex resumed>)             = 1
109187 <... futex resumed>)             = 0
130119 futex(0x7169c9c005c0, FUTEX_WAIT_PRIVATE, 1, {tv_sec=9, tv_nsec=999998387} <unfinished ...>
109187 write(5, "\1\0\0\0\0\0\0\0", 8 <unfinished ...>
109186 futex(0x7169ca4005c0, FUTEX_WAKE_PRIVATE, 1 <unfinished ...>
109174 futex(0x7169d39aaa40, FUTEX_WAIT_PRIVATE, 1, NULL <unfinished ...>
109187 <... write resumed>)             = 8
109176 <... epoll_wait resumed>[{events=EPOLLIN, data={u32=0, u64=0}}], 1024, 9) = 1
109186 <... futex resumed>)             = 1
130121 <... futex resumed>)             = 0
130121 fsync(30 <unfinished ...>
109186 futex(0x7169d0c005c0, FUTEX_WAIT_PRIVATE, 1, NULL <unfinished ...>
109187 sendto(48, "\272\0\0\0\0\0\0\0", 8, MSG_NOSIGNAL, NULL, 0 <unfinished ...>
109176 epoll_wait(4,  <unfinished ...>
109187 <... sendto resumed>)            = 8
130127 <... recvfrom resumed>"\272\0\0\0\0\0\0\0", 8, 0, NULL, NULL) = 8
109187 sendto(48, "\2\0\0\0\1\0\0\0\0\0\0\0\2\0\0\0\6\0\0\0\0\0\0\0random\0\0"..., 186, MSG_NOSIGNAL, NULL, 0 <unfinished ...>
130127 recvfrom(3,  <unfinished ...>
109187 <... sendto resumed>)            = 186
130127 <... recvfrom resumed>"\2\0\0\0\1\0\0\0\0\0\0\0\2\0\0\0\6\0\0\0\0\0\0\0random\0\0"..., 186, 0, NULL, NULL) = 186
109187 recvfrom(48, 0x716980002710, 8, 0, NULL, NULL) = -1 EAGAIN (Resource temporarily unavailable)
109187 futex(0x7169d08005c0, FUTEX_WAIT_PRIVATE, 1, NULL <unfinished ...>
130127 futex(0x6073738c7b58, FUTEX_WAKE_PRIVATE, 1) = 1
130120 <... futex resumed>)             = 0
130127 sendto(3, "$\0\0\0\0\0\0\0", 8, MSG_NOSIGNAL, NULL, 0) = 8
109176 <... epoll_wait resumed>[{events=EPOLLIN|EPOLLOUT, data={u32=2080380416, u64=124697865885184}}], 1024, 9) = 1
130127 sendto(3, "\5\0\0\0\0\0\0\0\0\0\0\0\200\224\277\225\321l\207f^)\26\t\203)D\313\247(\207F"..., 36, MSG_NOSIGNAL, NULL, 0) = 36
109176 recvfrom(48,  <unfinished ...>
130127 recvfrom(3,  <unfinished ...>
109176 <... recvfrom resumed>"$\0\0\0\0\0\0\0", 8, 0, NULL, NULL) = 8
130120 sendto(6, "\375\0\0\0\0\0\0\0", 8, MSG_NOSIGNAL, NULL, 0 <unfinished ...>
109176 recvfrom(48,  <unfinished ...>
130120 <... sendto resumed>)            = 8
109176 <... recvfrom resumed>"\5\0\0\0\0\0\0\0\0\0\0\0\200\224\277\225\321l\207f^)\26\t\203)D\313\247(\207F"..., 36, 0, NULL, NULL) = 36
130120 sendto(6, "\2\0\0\0\6\0\0\0\0\0\0\0status\0\0\20M\306\225\321l\207f^)\26\t"..., 253, MSG_NOSIGNAL, NULL, 0) = 253
109176 epoll_wait(4, [{events=EPOLLOUT, data={u32=2080380416, u64=124697865885184}}, {events=EPOLLIN|EPOLLOUT, data={u32=2348818944, u64=124698134323712}}], 1024, 8) = 2
130120 futex(0x6073738c7b58, FUTEX_WAIT_BITSET_PRIVATE, 4294967295, NULL, FUTEX_BITSET_MATCH_ANY <unfinished ...>
109176 recvfrom(57, "\375\0\0\0\0\0\0\0", 8, 0, NULL, NULL) = 8
109176 recvfrom(57, "\2\0\0\0\6\0\0\0\0\0\0\0status\0\0\20M\306\225\321l\207f^)\26\t"..., 253, 0, NULL, NULL) = 253
109176 futex(0x7169d39aaa40, FUTEX_WAKE_PRIVATE, 1) = 1
109174 <... futex resumed>)             = 0
109176 recvfrom(57, 0x5f96f8bc71b0, 8, 0, NULL, NULL) = -1 EAGAIN (Resource temporarily unavailable)
109176 futex(0x7169d08005c0, FUTEX_WAKE_PRIVATE, 1 <unfinished ...>
109187 <... futex resumed>)             = 0
109176 <... futex resumed>)             = 1
109174 futex(0x7169d39aaa40, FUTEX_WAIT_PRIVATE, 1, NULL <unfinished ...>
109187 epoll_wait(4,  <unfinished ...>
109176 sendto(50, "\n\1\0\0\0\0\0\0", 8, MSG_NOSIGNAL, NULL, 0) = 8
130126 <... recvfrom resumed>"\n\1\0\0\0\0\0\0", 8, 0, NULL, NULL) = 8
109176 sendto(50, "\2\0\0\0\1\0\0\0\0\0\0\0\2\0\0\0\7\0\0\0\0\0\0\0message\0"..., 266, MSG_NOSIGNAL, NULL, 0 <unfinished ...>
130126 recvfrom(3,  <unfinished ...>
109176 <... sendto resumed>)            = 266
109176 recvfrom(50,  <unfinished ...>
130126 <... recvfrom resumed>"\2\0\0\0\1\0\0\0\0\0\0\0\2\0\0\0\7\0\0\0\0\0\0\0message\0"..., 266, 0, NULL, NULL) = 266
109176 <... recvfrom resumed>0x716980002710, 8, 0, NULL, NULL) = -1 EAGAIN (Resource temporarily unavailable)
109176 futex(0x7169d30005c0, FUTEX_WAIT_PRIVATE, 1, NULL <unfinished ...>
130121 <... fsync resumed>)             = 0
130121 futex(0x7169d30005c0, FUTEX_WAKE_PRIVATE, 1) = 1
109176 <... futex resumed>)             = 0
130121 futex(0x7169ca4005c0, FUTEX_WAIT_PRIVATE, 1, {tv_sec=9, tv_nsec=999998607} <unfinished ...>
109176 write(5, "\1\0\0\0\0\0\0\0", 8)  = 8
109187 <... epoll_wait resumed>[{events=EPOLLIN, data={u32=0, u64=0}}], 1024, 8) = 1
109176 futex(0x7169d30005c0, FUTEX_WAIT_PRIVATE, 1, NULL <unfinished ...>
130126 futex(0x5e6b228d6b58, FUTEX_WAKE_PRIVATE, 1 <unfinished ...>
109187 epoll_wait(4,  <unfinished ...>
130126 <... futex resumed>)             = 1
130123 <... futex resumed>)             = 0
130126 sendto(3, "$\0\0\0\0\0\0\0", 8, MSG_NOSIGNAL, NULL, 0 <unfinished ...>
130123 write(1, "sink received message: operator "..., 87 <unfinished ...>
130126 <... sendto resumed>)            = 8
109187 <... epoll_wait resumed>[{events=EPOLLIN|EPOLLOUT, data={u32=3288354944, u64=124699073859712}}], 1024, 7) = 1
130126 sendto(3, "\5\0\0\0\0\0\0\0\0\0\0\0 \324\6\226\321l\207f\236\220\222\3211`Is\250\207\375\334"..., 36, MSG_NOSIGNAL, NULL, 0 <unfinished ...>
130123 <... write resumed>)             = 87
130126 <... sendto resumed>)            = 36
109187 recvfrom(50,  <unfinished ...>
130126 recvfrom(3,  <unfinished ...>
130123 futex(0x5e6b228d6b58, FUTEX_WAIT_BITSET_PRIVATE, 4294967295, NULL, FUTEX_BITSET_MATCH_ANY <unfinished ...>
109187 <... recvfrom resumed>"$\0\0\0\0\0\0\0", 8, 0, NULL, NULL) = 8
109187 recvfrom(50, "\5\0\0\0\0\0\0\0\0\0\0\0 \324\6\226\321l\207f\236\220\222\3211`Is\250\207\375\334"..., 36, 0, NULL, NULL) = 36
109187 epoll_wait(4, [{events=EPOLLIN, data={u32=4173111168, u64=105102022844288}}, {events=EPOLLOUT, data={u32=3288354944, u64=124699073859712}}], 1024, 7) = 2
109187 read(45, "sink received message: operator "..., 8192) = 87
109187 futex(0x7169ca8005c0, FUTEX_WAKE_PRIVATE, 1) = 1
130122 <... futex resumed>)             = 0
130122 write(46, "sink received message: operator "..., 87 <unfinished ...>
109187 epoll_wait(4,  <unfinished ...>
130122 <... write resumed>)             = 87
130122 write(5, "\1\0\0\0\0\0\0\0", 8)  = 8
109187 <... epoll_wait resumed>[{events=EPOLLIN, data={u32=0, u64=0}}], 1024, 7) = 1
130122 futex(0x7169ca8005c0, FUTEX_WAIT_PRIVATE, 1, {tv_sec=9, tv_nsec=999997966} <unfinished ...>
109187 futex(0x7169d30005c0, FUTEX_WAKE_PRIVATE, 1) = 1
109176 <... futex resumed>)             = 0
109187 futex(0x7169c9c005c0, FUTEX_WAKE_PRIVATE, 1) = 1
109176 epoll_wait(4,  <unfinished ...>
130119 <... futex resumed>)             = 0
109187 futex(0x7169d08005c0, FUTEX_WAIT_PRIVATE, 1, NULL <unfinished ...>
130119 fsync(46)                        = 0
130119 futex(0x7169d08005c0, FUTEX_WAKE_PRIVATE, 1) = 1
109187 <... futex resumed>)             = 0
130119 futex(0x7169c9c005c0, FUTEX_WAIT_PRIVATE, 1, {tv_sec=9, tv_nsec=999998968} <unfinished ...>
109187 write(5, "\1\0\0\0\0\0\0\0", 8)  = 8
109176 <... epoll_wait resumed>[{events=EPOLLIN, data={u32=0, u64=0}}], 1024, 7) = 1
109187 futex(0x7169d08005c0, FUTEX_WAIT_PRIVATE, 1, NULL <unfinished ...>
109176 epoll_wait(4, [], 1024, 5)       = 0
109176 futex(0x7169d39aaa40, FUTEX_WAKE_PRIVATE, 1) = 1
109174 <... futex resumed>)             = 0
109176 write(5, "\1\0\0\0\0\0\0\0", 8)  = 8
109174 futex(0x7169d08005c0, FUTEX_WAKE_PRIVATE, 1 <unfinished ...>
109187 <... futex resumed>)             = 0
109174 <... futex resumed>)             = 1
109176 sendto(42, "\224\0\0\0\0\0\0\0", 8, MSG_NOSIGNAL, NULL, 0 <unfinished ...>
109187 epoll_wait(4, [{events=EPOLLIN, data={u32=0, u64=0}}], 1024, 10) = 1
109174 futex(0x7169d39aaa40, FUTEX_WAIT_PRIVATE, 1, NULL <unfinished ...>
130128 <... recvfrom resumed>"\224\0\0\0\0\0\0\0", 8, 0, NULL, NULL) = 8
109176 <... sendto resumed>)            = 8
109187 epoll_wait(4,  <unfinished ...>
130128 recvfrom(3,  <unfinished ...>
109176 sendto(42, "\2\0\0\0\1\0\0\0\0\0\0\0\2\0\0\0\4\0\0\0\0\0\0\0tick\0\0`\177"..., 148, MSG_NOSIGNAL, NULL, 0) = 148
130128 <... recvfrom resumed>"\2\0\0\0\1\0\0\0\0\0\0\0\2\0\0\0\4\0\0\0\0\0\0\0tick\0\0`\177"..., 148, 0, NULL, NULL) = 148
109176 recvfrom(42, 0x7169c400be30, 8, 0, NULL, NULL) = -1 EAGAIN (Resource temporarily unavailable)
109176 futex(0x7169d30005c0, FUTEX_WAIT_PRIVATE, 1, NULL <unfinished ...>
130128 futex(0x6206be372b58, FUTEX_WAKE_PRIVATE, 1) = 1
130118 <... futex resumed>)             = 0
130128 sendto(3, "$\0\0\0\0\0\0\0", 8, MSG_NOSIGNAL, NULL, 0 <unfinished ...>
130118 write(1, "tick 6, sending 0x29427ddd2d93fa"..., 35 <unfinished ...>
130128 <... sendto resumed>)            = 8
109187 <... epoll_wait resumed>[{events=EPOLLIN|EPOLLOUT, data={u32=3288352256, u64=124699073857024}}], 1024, 10) = 1
130128 sendto(3, "\5\0\0\0\0\0\0\0\0\0\0\0\360\233\3\230\321l\207f8\2732\206\345~O\4\240\370mR"..., 36, MSG_NOSIGNAL, NULL, 0 <unfinished ...>
130118 <... write resumed>)             = 35
130128 <... sendto resumed>)            = 36
109187 recvfrom(42,  <unfinished ...>
130128 recvfrom(3,  <unfinished ...>
109187 <... recvfrom resumed>"$\0\0\0\0\0\0\0", 8, 0, NULL, NULL) = 8
130118 sendto(6, "\256\0\0\0\0\0\0\0", 8, MSG_NOSIGNAL, NULL, 0 <unfinished ...>
109187 recvfrom(42,  <unfinished ...>
130118 <... sendto resumed>)            = 8
109187 <... recvfrom resumed>"\5\0\0\0\0\0\0\0\0\0\0\0\360\233\3\230\321l\207f8\2732\206\345~O\4\240\370mR"..., 36, 0, NULL, NULL) = 36
130118 sendto(6, "\2\0\0\0\6\0\0\0\0\0\0\0random\0\0@\34\16\230\321l\207f8\2732\206"..., 174, MSG_NOSIGNAL, NULL, 0) = 174
109187 epoll_wait(4,  <unfinished ...>
130118 futex(0x6206be372b58, FUTEX_WAIT_BITSET_PRIVATE, 4294967295, NULL, FUTEX_BITSET_MATCH_ANY <unfinished ...>
109187 <... epoll_wait resumed>[{events=EPOLLIN, data={u32=4173105792, u64=105102022838912}}, {events=EPOLLOUT, data={u32=3288352256, u64=124699073857024}}, {events=EPOLLIN|EPOLLOUT, data={u32=2147496448, u64=124697933001216}}], 1024, 9) = 3
109187 futex(0x7169d30005c0, FUTEX_WAKE_PRIVATE, 1) = 1
109176 <... futex resumed>)             = 0
109187 recvfrom(56,  <unfinished ...>
109176 futex(0x7169d0c005c0, FUTEX_WAKE_PRIVATE, 1 <unfinished ...>
109187 <... recvfrom resumed>"\256\0\0\0\0\0\0\0", 8, 0, NULL, NULL) = 8
109186 <... futex resumed>)             = 0
109176 <... futex resumed>)             = 1
109187 recvfrom(56,  <unfinished ...>
109176 read(27,  <unfinished ...>
109186 epoll_wait(4,  <unfinished ...>
109187 <... recvfrom resumed>"\2\0\0\0\6\0\0\0\0\0\0\0random\0\0@\34\16\230\321l\207f8\2732\206"..., 174, 0, NULL, NULL) = 174
109176 <... read resumed>"tick 6, sending 0x29427ddd2d93fa"..., 8192) = 35
109187 futex(0x7169d39aaa40, FUTEX_WAKE_PRIVATE, 1 <unfinished ...>
109176 futex(0x7169ca4005c0, FUTEX_WAKE_PRIVATE, 1 <unfinished ...>
109187 <... futex resumed>)             = 1
109174 <... futex resumed>)             = 0
130121 <... futex resumed>)             = 0
109187 recvfrom(56,  <unfinished ...>
109176 <... futex resumed>)             = 1
130121 write(30, "tick 6, sending 0x29427ddd2d93fa"..., 35 <unfinished ...>
109187 <... recvfrom resumed>0x71698800b8a0, 8, 0, NULL, NULL) = -1 EAGAIN (Resource temporarily unavailable)
109174 write(5, "\1\0\0\0\0\0\0\0", 8 <unfinished ...>
130121 <... write resumed>)             = 35
109187 futex(0x7169d08005c0, FUTEX_WAIT_PRIVATE, 1, NULL <unfinished ...>
109174 <... write resumed>)             = 8
109186 <... epoll_wait resumed>[{events=EPOLLIN, data={u32=0, u64=0}}], 1024, 9) = 1
130121 futex(0x7169ca4005c0, FUTEX_WAIT_PRIVATE, 1, {tv_sec=9, tv_nsec=999998657} <unfinished ...>
109176 sendto(48, "\272\0\0\0\0\0\0\0", 8, MSG_NOSIGNAL, NULL, 0 <unfinished ...>
109174 futex(0x7169d39aaa40, FUTEX_WAIT_PRIVATE, 1, NULL <unfinished ...>
109186 futex(0x7169d08005c0, FUTEX_WAKE_PRIVATE, 1 <unfinished ...>
109187 <... futex resumed>)             = 0
109186 <... futex resumed>)             = 1
109176 <... sendto resumed>)            = 8
130127 <... recvfrom resumed>"\272\0\0\0\0\0\0\0", 8, 0, NULL, NULL) = 8
109187 epoll_wait(4,  <unfinished ...>
109186 futex(0x7169ca8005c0, FUTEX_WAKE_PRIVATE, 1 <unfinished ...>
109176 sendto(48, "\2\0\0\0\1\0\0\0\0\0\0\0\2\0\0\0\6\0\0\0\0\0\0\0random\0\0"..., 186, MSG_NOSIGNAL, NULL, 0 <unfinished ...>
130127 recvfrom(3,  <unfinished ...>
109186 <... futex resumed>)             = 1
130122 <... futex resumed>)             = 0
130127 <... recvfrom resumed>"\2\0\0\0\1\0\0\0\0\0\0\0\2\0\0\0\6\0\0\0\0\0\0\0random\0\0"..., 186, 0, NULL, NULL) = 186
109176 <... sendto resumed>)            = 186
130122 fsync(30 <unfinished ...>
109186 futex(0x7169d0c005c0, FUTEX_WAIT_PRIVATE, 1, NULL <unfinished ...>
109176 recvfrom(48, 0x5f96f8bbf1b0, 8, 0, NULL, NULL) = -1 EAGAIN (Resource temporarily unavailable)
109176 futex(0x7169d30005c0, FUTEX_WAIT_PRIVATE, 1, NULL <unfinished ...>
130127 futex(0x6073738c7b58, FUTEX_WAKE_PRIVATE, 1) = 1
130120 <... futex resumed>)             = 0
130127 sendto(3, "$\0\0\0\0\0\0\0", 8, MSG_NOSIGNAL, NULL, 0) = 8
109187 <... epoll_wait resumed>[{events=EPOLLIN|EPOLLOUT, data={u32=2080380416, u64=124697865885184}}], 1024, 9) = 1
130127 sendto(3, "\5\0\0\0\0\0\0\0\0\0\0\0\260\234C\230\321l\207f^)\26\t\203)D\313\247(\207F"..., 36, MSG_NOSIGNAL, NULL, 0 <unfinished ...>
130120 sendto(6, "\375\0\0\0\0\0\0\0", 8, MSG_NOSIGNAL, NULL, 0 <unfinished ...>
130127 <... sendto resumed>)            = 36
130127 recvfrom(3,  <unfinished ...>
109187 recvfrom(48,  <unfinished ...>
130120 <... sendto resumed>)            = 8
109187 <... recvfrom resumed>"$\0\0\0\0\0\0\0", 8, 0, NULL, NULL) = 8
130120 sendto(6, "\2\0\0\0\6\0\0\0\0\0\0\0status\0\0\200\300G\230\321l\207f^)\26\t"..., 253, MSG_NOSIGNAL, NULL, 0 <unfinished ...>
109187 recvfrom(48,  <unfinished ...>
130120 <... sendto resumed>)            = 253
109187 <... recvfrom resumed>"\5\0\0\0\0\0\0\0\0\0\0\0\260\234C\230\321l\207f^)\26\t\203)D\313\247(\207F"..., 36, 0, NULL, NULL) = 36
130120 futex(0x6073738c7b58, FUTEX_WAIT_BITSET_PRIVATE, 4294967295, NULL, FUTEX_BITSET_MATCH_ANY <unfinished ...>
109187 epoll_wait(4, [{events=EPOLLOUT, data={u32=2080380416, u64=124697865885184}}, {events=EPOLLIN|EPOLLOUT, data={u32=2348818944, u64=124698134323712}}], 1024, 8) = 2
109187 recvfrom(57, "\375\0\0\0\0\0\0\0", 8, 0, NULL, NULL) = 8
109187 recvfrom(57, "\2\0\0\0\6\0\0\0\0\0\0\0status\0\0\200\300G\230\321l\207f^)\26\t"..., 253, 0, NULL, NULL) = 253
109187 futex(0x7169d39aaa40, FUTEX_WAKE_PRIVATE, 1) = 1
109174 <... futex resumed>)             = 0
109187 recvfrom(57, 0x5f96f8bbf1b0, 8, 0, NULL, NULL) = -1 EAGAIN (Resource temporarily unavailable)
109174 futex(0x7169d0c005c0, FUTEX_WAKE_PRIVATE, 1 <unfinished ...>
109186 <... futex resumed>)             = 0
109174 <... futex resumed>)             = 1
109187 sendto(50, "\n\1\0\0\0\0\0\0", 8, MSG_NOSIGNAL, NULL, 0 <unfinished ...>
109186 epoll_wait(4,  <unfinished ...>
109174 futex(0x7169d39aaa40, FUTEX_WAIT_PRIVATE, 1, NULL <unfinished ...>
109187 <... sendto resumed>)            = 8
130126 <... recvfrom resumed>"\n\1\0\0\0\0\0\0", 8, 0, NULL, NULL) = 8
109187 sendto(50, "\2\0\0\0\1\0\0\0\0\0\0\0\2\0\0\0\7\0\0\0\0\0\0\0message\0"..., 266, MSG_NOSIGNAL, NULL, 0 <unfinished ...>
130126 recvfrom(3,  <unfinished ...>
109187 <... sendto resumed>)            = 266
130126 <... recvfrom resumed>"\2\0\0\0\1\0\0\0\0\0\0\0\2\0\0\0\7\0\0\0\0\0\0\0message\0"..., 266, 0, NULL, NULL) = 266
109187 recvfrom(50, 0x716980002710, 8, 0, NULL, NULL) = -1 EAGAIN (Resource temporarily unavailable)
109187 futex(0x7169d08005c0, FUTEX_WAIT_PRIVATE, 1, NULL <unfinished ...>
130126 futex(0x5e6b228d6b58, FUTEX_WAKE_PRIVATE, 1) = 1
130123 <... futex resumed>)             = 0
130126 sendto(3, "$\0\0\0\0\0\0\0", 8, MSG_NOSIGNAL, NULL, 0) = 8
130123 write(1, "sink received message: operator "..., 87 <unfinished ...>
109186 <... epoll_wait resumed>[{events=EPOLLIN|EPOLLOUT, data={u32=3288354944, u64=124699073859712}}], 1024, 8) = 1
130126 sendto(3, "\5\0\0\0\0\0\0\0\0\0\0\0\320zr\230\321l\207f\236\220\222\3211`Is\250\207\375\334"..., 36, MSG_NOSIGNAL, NULL, 0 <unfinished ...>
130123 <... write resumed>)             = 87
130126 <... sendto resumed>)            = 36
130123 futex(0x5e6b228d6b58, FUTEX_WAIT_BITSET_PRIVATE, 4294967295, NULL, FUTEX_BITSET_MATCH_ANY <unfinished ...>
109186 recvfrom(50,  <unfinished ...>
130126 recvfrom(3,  <unfinished ...>
109186 <... recvfrom resumed>"$\0\0\0\0\0\0\0", 8, 0, NULL, NULL) = 8
109186 recvfrom(50, "\5\0\0\0\0\0\0\0\0\0\0\0\320zr\230\321l\207f\236\220\222\3211`Is\250\207\375\334"..., 36, 0, NULL, NULL) = 36
109186 epoll_wait(4, [{events=EPOLLIN, data={u32=4173111168, u64=105102022844288}}, {events=EPOLLOUT, data={u32=3288354944, u64=124699073859712}}], 1024, 8) = 2
109186 read(45, "sink received message: operator "..., 8192) = 87
109186 futex(0x7169c9c005c0, FUTEX_WAKE_PRIVATE, 1) = 1
130119 <... futex resumed>)             = 0
130119 write(46, "sink received message: operator "..., 87 <unfinished ...>
109186 epoll_wait(4,  <unfinished ...>
130119 <... write resumed>)             = 87
130119 write(5, "\1\0\0\0\0\0\0\0", 8)  = 8
109186 <... epoll_wait resumed>[{events=EPOLLIN, data={u32=0, u64=0}}], 1024, 8) = 1
130119 futex(0x7169c9c005c0, FUTEX_WAIT_PRIVATE, 1, {tv_sec=9, tv_nsec=999998588} <unfinished ...>
109186 futex(0x7169d08005c0, FUTEX_WAKE_PRIVATE, 1 <unfinished ...>
109187 <... futex resumed>)             = 0
109186 <... futex resumed>)             = 1
109186 futex(0x7169ca4005c0, FUTEX_WAKE_PRIVATE, 1 <unfinished ...>
109187 epoll_wait(4,  <unfinished ...>
109186 <... futex resumed>)             = 1
130121 <... futex resumed>)             = 0
109186 futex(0x7169d0c005c0, FUTEX_WAIT_PRIVATE, 1, NULL <unfinished ...>
130121 fsync(46 <unfinished ...>
130122 <... fsync resumed>)             = 0
130122 futex(0x7169d0c005c0, FUTEX_WAKE_PRIVATE, 1) = 1
109186 <... futex resumed>)             = 0
130122 futex(0x7169ca8005c0, FUTEX_WAIT_PRIVATE, 1, {tv_sec=9, tv_nsec=999998798} <unfinished ...>
109186 write(5, "\1\0\0\0\0\0\0\0", 8)  = 8
109187 <... epoll_wait resumed>[{events=EPOLLIN, data={u32=0, u64=0}}], 1024, 7) = 1
109186 futex(0x7169d0c005c0, FUTEX_WAIT_PRIVATE, 1, NULL <unfinished ...>
109187 epoll_wait(4,  <unfinished ...>
130121 <... fsync resumed>)             = 0
130121 write(5, "\1\0\0\0\0\0\0\0", 8)  = 8
109187 <... epoll_wait resumed>[{events=EPOLLIN, data={u32=0, u64=0}}], 1024, 5) = 1
130121 futex(0x7169ca4005c0, FUTEX_WAIT_PRIVATE, 1, {tv_sec=9, tv_nsec=999997435} <unfinished ...>
109187 futex(0x7169d0c005c0, FUTEX_WAKE_PRIVATE, 1) = 1
109186 <... futex resumed>)             = 0
109187 futex(0x7169d08005c0, FUTEX_WAIT_PRIVATE, 1, NULL <unfinished ...>
109186 epoll_wait(4, [], 1024, 3)       = 0
109186 futex(0x7169d39aaa40, FUTEX_WAKE_PRIVATE, 1) = 1
109174 <... futex resumed>)             = 0
109186 write(5, "\1\0\0\0\0\0\0\0", 8)  = 8
109186 epoll_wait(4, [{events=EPOLLIN, data={u32=0, u64=0}}], 1024, 10) = 1
109174 write(5, "\1\0\0\0\0\0\0\0", 8 <unfinished ...>
109186 futex(0x7169d08005c0, FUTEX_WAKE_PRIVATE, 1 <unfinished ...>
109174 <... write resumed>)             = 8
109187 <... futex resumed>)             = 0
109186 <... futex resumed>)             = 1
109187 epoll_wait(4,  <unfinished ...>
109174 futex(0x7169d39aaa40, FUTEX_WAIT_PRIVATE, 1, NULL <unfinished ...>
109187 <... epoll_wait resumed>[{events=EPOLLIN, data={u32=0, u64=0}}], 1024, 10) = 1
109186 sendto(42, "\224\0\0\0\0\0\0\0", 8, MSG_NOSIGNAL, NULL, 0 <unfinished ...>
109187 epoll_wait(4,  <unfinished ...>
109186 <... sendto resumed>)            = 8
130128 <... recvfrom resumed>"\224\0\0\0\0\0\0\0", 8, 0, NULL, NULL) = 8
109186 sendto(42, "\2\0\0\0\1\0\0\0\0\0\0\0\2\0\0\0\4\0\0\0\0\0\0\0tick\0\0000K"..., 148, MSG_NOSIGNAL, NULL, 0 <unfinished ...>
130128 recvfrom(3,  <unfinished ...>
109186 <... sendto resumed>)            = 148
130128 <... recvfrom resumed>"\2\0\0\0\1\0\0\0\0\0\0\0\2\0\0\0\4\0\0\0\0\0\0\0tick\0\0000K"..., 148, 0, NULL, NULL) = 148
109186 recvfrom(42, 0x716988007230, 8, 0, NULL, NULL) = -1 EAGAIN (Resource temporarily unavailable)
109186 futex(0x7169d0c005c0, FUTEX_WAIT_PRIVATE, 1, NULL <unfinished ...>
130128 futex(0x6206be372b58, FUTEX_WAKE_PRIVATE, 1) = 1
130118 <... futex resumed>)             = 0
130128 sendto(3, "$\0\0\0\0\0\0\0", 8, MSG_NOSIGNAL, NULL, 0 <unfinished ...>
130118 write(1, "tick 7, sending 0xe87667187f0c17"..., 35 <unfinished ...>
130128 <... sendto resumed>)            = 8
109187 <... epoll_wait resumed>[{events=EPOLLIN|EPOLLOUT, data={u32=3288352256, u64=124699073857024}}], 1024, 10) = 1
130128 sendto(3, "\5\0\0\0\0\0\0\0\0\0\0\0\200\335\252\232\321l\207f8\2732\206\345~O\4\240\370mR"..., 36, MSG_NOSIGNAL, NULL, 0 <unfinished ...>
130118 <... write resumed>)             = 35
130128 <... sendto resumed>)            = 36
109187 recvfrom(42,  <unfinished ...>
130128 recvfrom(3,  <unfinished ...>
109187 <... recvfrom resumed>"$\0\0\0\0\0\0\0", 8, 0, NULL, NULL) = 8
109187 recvfrom(42, "\5\0\0\0\0\0\0\0\0\0\0\0\200\335\252\232\321l\207f8\2732\206\345~O\4\240\370mR"..., 36, 0, NULL, NULL) = 36
130118 sendto(6, "\256\0\0\0\0\0\0\0", 8, MSG_NOSIGNAL, NULL, 0) = 8
130118 sendto(6, "\2\0\0\0\6\0\0\0\0\0\0\0random\0\0\340\342\274\232\321l\207f8\2732\206"..., 174, MSG_NOSIGNAL, NULL, 0 <unfinished ...>
109187 epoll_wait(4,  <unfinished ...>
130118 <... sendto resumed>)            = 174
109187 <... epoll_wait resumed>[{events=EPOLLIN, data={u32=4173105792, u64=105102022838912}}, {events=EPOLLOUT, data={u32=3288352256, u64=124699073857024}}, {events=EPOLLIN|EPOLLOUT, data={u32=2147496448, u64=124697933001216}}], 1024, 9) = 3
130118 futex(0x6206be372b58, FUTEX_WAIT_BITSET_PRIVATE, 4294967295, NULL, FUTEX_BITSET_MATCH_ANY <unfinished ...>
109187 futex(0x7169d0c005c0, FUTEX_WAKE_PRIVATE, 1) = 1
109186 <... futex resumed>)             = 0
109187 recvfrom(56,  <unfinished ...>
109186 futex(0x7169d30005c0, FUTEX_WAKE_PRIVATE, 1 <unfinished ...>
109187 <... recvfrom resumed>"\256\0\0\0\0\0\0\0", 8, 0, NULL, NULL) = 8
109186 <... futex resumed>)             = 1
109176 <... futex resumed>)             = 0
109187 recvfrom(56,  <unfinished ...>
109186 read(27,  <unfinished ...>
109187 <... recvfrom resumed>"\2\0\0\0\6\0\0\0\0\0\0\0random\0\0\340\342\274\232\321l\207f8\2732\206"..., 174, 0, NULL, NULL) = 174
109186 <... read resumed>"tick 7, sending 0xe87667187f0c17"..., 8192) = 35
109176 epoll_wait(4,  <unfinished ...>
109186 futex(0x7169c9c005c0, FUTEX_WAKE_PRIVATE, 1 <unfinished ...>
109187 futex(0x7169d39aaa40, FUTEX_WAKE_PRIVATE, 1 <unfinished ...>
109186 <... futex resumed>)             = 1
130119 <... futex resumed>)             = 0
109187 <... futex resumed>)             = 1
109174 <... futex resumed>)             = 0
130119 write(30, "tick 7, sending 0xe87667187f0c17"..., 35 <unfinished ...>
109187 recvfrom(56,  <unfinished ...>
109186 futex(0x7169d0c005c0, FUTEX_WAIT_PRIVATE, 1, NULL <unfinished ...>
109187 <... recvfrom resumed>0x71698800b8a0, 8, 0, NULL, NULL) = -1 EAGAIN (Resource temporarily unavailable)
130119 <... write resumed>)             = 35
109174 futex(0x7169d0c005c0, FUTEX_WAKE_PRIVATE, 1 <unfinished ...>
109186 <... futex resumed>)             = 0
130119 futex(0x7169c9c005c0, FUTEX_WAIT_PRIVATE, 1, {tv_sec=9, tv_nsec=999998247} <unfinished ...>
109174 <... futex resumed>)             = 1
109187 sendto(48, "\272\0\0\0\0\0\0\0", 8, MSG_NOSIGNAL, NULL, 0 <unfinished ...>
109186 write(5, "\1\0\0\0\0\0\0\0", 8 <unfinished ...>
109174 futex(0x7169d39aaa40, FUTEX_WAIT_PRIVATE, 1, NULL <unfinished ...>
109186 <... write resumed>)             = 8
109187 <... sendto resumed>)            = 8
109176 <... epoll_wait resumed>[{events=EPOLLIN, data={u32=0, u64=0}}], 1024, 9) = 1
130127 <... recvfrom resumed>"\272\0\0\0\0\0\0\0", 8, 0, NULL, NULL) = 8
109187 sendto(48, "\2\0\0\0\1\0\0\0\0\0\0\0\2\0\0\0\6\0\0\0\0\0\0\0random\0\0"..., 186, MSG_NOSIGNAL, NULL, 0 <unfinished ...>
109186 futex(0x7169ca8005c0, FUTEX_WAKE_PRIVATE, 1 <unfinished ...>
109176 epoll_wait(4,  <unfinished ...>
130127 recvfrom(3,  <unfinished ...>
109187 <... sendto resumed>)            = 186
109186 <... futex resumed>)             = 1
130122 <... futex resumed>)             = 0
130127 <... recvfrom resumed>"\2\0\0\0\1\0\0\0\0\0\0\0\2\0\0\0\6\0\0\0\0\0\0\0random\0\0"..., 186, 0, NULL, NULL) = 186
130122 fsync(30 <unfinished ...>
109187 recvfrom(48,  <unfinished ...>
109186 futex(0x7169d0c005c0, FUTEX_WAIT_PRIVATE, 1, NULL <unfinished ...>
109187 <... recvfrom resumed>0x716988007230, 8, 0, NULL, NULL) = -1 EAGAIN (Resource temporarily unavailable)
109187 futex(0x7169d08005c0, FUTEX_WAIT_PRIVATE, 1, NULL <unfinished ...>
130127 futex(0x6073738c7b58, FUTEX_WAKE_PRIVATE, 1) = 1
130120 <... futex resumed>)             = 0
130127 sendto(3, "$\0\0\0\0\0\0\0", 8, MSG_NOSIGNAL, NULL, 0) = 8
109176 <... epoll_wait resumed>[{events=EPOLLIN|EPOLLOUT, data={u32=2080380416, u64=124697865885184}}], 1024, 8) = 1
130127 sendto(3, "\5\0\0\0\0\0\0\0\0\0\0\0000\1\2\233\321l\207f^)\26\t\203)D\313\247(\207F"..., 36, MSG_NOSIGNAL, NULL, 0) = 36
109176 recvfrom(48,  <unfinished ...>
130127 recvfrom(3,  <unfinished ...>
109176 <... recvfrom resumed>"$\0\0\0\0\0\0\0", 8, 0, NULL, NULL) = 8
130120 sendto(6, "\375\0\0\0\0\0\0\0", 8, MSG_NOSIGNAL, NULL, 0 <unfinished ...>
109176 recvfrom(48, "\5\0\0\0\0\0\0\0\0\0\0\0000\1\2\233\321l\207f^)\26\t\203)D\313\247(\207F"..., 36, 0, NULL, NULL) = 36
130120 <... sendto resumed>)            = 8
130120 sendto(6, "\2\0\0\0\6\0\0\0\0\0\0\0status\0\0\320\320\n\233\321l\207f^)\26\t"..., 253, MSG_NOSIGNAL, NULL, 0 <unfinished ...>
109176 epoll_wait(4,  <unfinished ...>
130120 <... sendto resumed>)            = 253
109176 <... epoll_wait resumed>[{events=EPOLLOUT, data={u32=2080380416, u64=124697865885184}}, {events=EPOLLIN|EPOLLOUT, data={u32=2348818944, u64=124698134323712}}], 1024, 8) = 2
130120 futex(0x6073738c7b58, FUTEX_WAIT_BITSET_PRIVATE, 4294967295, NULL, FUTEX_BITSET_MATCH_ANY <unfinished ...>
109176 recvfrom(57, "\375\0\0\0\0\0\0\0", 8, 0, NULL, NULL) = 8
109176 recvfrom(57, "\2\0\0\0\6\0\0\0\0\0\0\0status\0\0\320\320\n\233\321l\207f^)\26\t"..., 253, 0, NULL, NULL) = 253
109176 futex(0x7169d39aaa40, FUTEX_WAKE_PRIVATE, 1) = 1
109174 <... futex resumed>)             = 0
109176 recvfrom(57, 0x5f96f8bbf1b0, 8, 0, NULL, NULL) = -1 EAGAIN (Resource temporarily unavailable)
109174 futex(0x7169d0c005c0, FUTEX_WAKE_PRIVATE, 1 <unfinished ...>
109186 <... futex resumed>)             = 0
109174 <... futex resumed>)             = 1
109176 sendto(50, "\n\1\0\0\0\0\0\0", 8, MSG_NOSIGNAL, NULL, 0 <unfinished ...>
109186 epoll_wait(4,  <unfinished ...>
109174 futex(0x7169d39aaa40, FUTEX_WAIT_PRIVATE, 1, NULL <unfinished ...>
109176 <... sendto resumed>)            = 8
130126 <... recvfrom resumed>"\n\1\0\0\0\0\0\0", 8, 0, NULL, NULL) = 8
109176 sendto(50, "\2\0\0\0\1\0\0\0\0\0\0\0\2\0\0\0\7\0\0\0\0\0\0\0message\0"..., 266, MSG_NOSIGNAL, NULL, 0 <unfinished ...>
130126 recvfrom(3,  <unfinished ...>
109176 <... sendto resumed>)            = 266
130126 <... recvfrom resumed>"\2\0\0\0\1\0\0\0\0\0\0\0\2\0\0\0\7\0\0\0\0\0\0\0message\0"..., 266, 0, NULL, NULL) = 266
109176 recvfrom(50, 0x716988007230, 8, 0, NULL, NULL) = -1 EAGAIN (Resource temporarily unavailable)
109176 futex(0x7169d30005c0, FUTEX_WAIT_PRIVATE, 1, NULL <unfinished ...>
130126 futex(0x5e6b228d6b58, FUTEX_WAKE_PRIVATE, 1) = 1
130123 <... futex resumed>)             = 0
130126 sendto(3, "$\0\0\0\0\0\0\0", 8, MSG_NOSIGNAL, NULL, 0 <unfinished ...>
130123 write(1, "sink received message: operator "..., 87 <unfinished ...>
130126 <... sendto resumed>)            = 8
109186 <... epoll_wait resumed>[{events=EPOLLIN|EPOLLOUT, data={u32=3288354944, u64=124699073859712}}], 1024, 7) = 1
130126 sendto(3, "\5\0\0\0\0\0\0\0\0\0\0\0 \217=\233\321l\207f\236\220\222\3211`Is\250\207\375\334"..., 36, MSG_NOSIGNAL, NULL, 0 <unfinished ...>
130123 <... write resumed>)             = 87
109186 recvfrom(50,  <unfinished ...>
130126 <... sendto resumed>)            = 36
130123 futex(0x5e6b228d6b58, FUTEX_WAIT_BITSET_PRIVATE, 4294967295, NULL, FUTEX_BITSET_MATCH_ANY <unfinished ...>
109186 <... recvfrom resumed>"$\0\0\0\0\0\0\0", 8, 0, NULL, NULL) = 8
130126 recvfrom(3,  <unfinished ...>
109186 recvfrom(50, "\5\0\0\0\0\0\0\0\0\0\0\0 \217=\233\321l\207f\236\220\222\3211`Is\250\207\375\334"..., 36, 0, NULL, NULL) = 36
109186 epoll_wait(4, [{events=EPOLLIN, data={u32=4173111168, u64=105102022844288}}, {events=EPOLLOUT, data={u32=3288354944, u64=124699073859712}}], 1024, 7) = 2
109186 read(45, "sink received message: operator "..., 8192) = 87
109186 futex(0x7169ca4005c0, FUTEX_WAKE_PRIVATE, 1 <unfinished ...>
130121 <... futex resumed>)             = 0
109186 <... futex resumed>)             = 1
130121 write(46, "sink received message: operator "..., 87 <unfinished ...>
109186 epoll_wait(4,  <unfinished ...>
130121 <... write resumed>)             = 87
130121 write(5, "\1\0\0\0\0\0\0\0", 8)  = 8
109186 <... epoll_wait resumed>[{events=EPOLLIN, data={u32=0, u64=0}}], 1024, 7) = 1
130121 futex(0x7169ca4005c0, FUTEX_WAIT_PRIVATE, 1, {tv_sec=9, tv_nsec=999998176} <unfinished ...>
109186 futex(0x7169d30005c0, FUTEX_WAKE_PRIVATE, 1) = 1
109176 <... futex resumed>)             = 0
109186 futex(0x7169c9c005c0, FUTEX_WAKE_PRIVATE, 1 <unfinished ...>
130119 <... futex resumed>)             = 0
109186 <... futex resumed>)             = 1
109176 epoll_wait(4,  <unfinished ...>
130119 fsync(46 <unfinished ...>
109186 futex(0x7169d0c005c0, FUTEX_WAIT_PRIVATE, 1, NULL <unfinished ...>
130122 <... fsync resumed>)             = 0
130122 futex(0x7169d0c005c0, FUTEX_WAKE_PRIVATE, 1) = 1
109186 <... futex resumed>)             = 0
130122 futex(0x7169ca8005c0, FUTEX_WAIT_PRIVATE, 1, {tv_sec=9, tv_nsec=999998517} <unfinished ...>
109186 write(5, "\1\0\0\0\0\0\0\0", 8)  = 8
109176 <... epoll_wait resumed>[{events=EPOLLIN, data={u32=0, u64=0}}], 1024, 6) = 1
109186 futex(0x7169d0c005c0, FUTEX_WAIT_PRIVATE, 1, NULL <unfinished ...>
109176 epoll_wait(4,  <unfinished ...>
130119 <... fsync resumed>)             = 0
130119 write(5, "\1\0\0\0\0\0\0\0", 8)  = 8
109176 <... epoll_wait resumed>[{events=EPOLLIN, data={u32=0, u64=0}}], 1024, 5) = 1
130119 futex(0x7169c9c005c0, FUTEX_WAIT_PRIVATE, 1, {tv_sec=9, tv_nsec=999998437} <unfinished ...>
109176 futex(0x7169d0c005c0, FUTEX_WAKE_PRIVATE, 1 <unfinished ...>
109186 <... futex resumed>)             = 0
109176 <... futex resumed>)             = 1
109186 epoll_wait(4,  <unfinished ...>
109176 futex(0x7169d30005c0, FUTEX_WAIT_PRIVATE, 1, NULL <unfinished ...>
109186 <... epoll_wait resumed>[], 1024, 3) = 0
109186 futex(0x7169d39aaa40, FUTEX_WAKE_PRIVATE, 1) = 1
109174 <... futex resumed>)             = 0
109186 write(5, "\1\0\0\0\0\0\0\0", 8)  = 8
109186 epoll_wait(4,  <unfinished ...>
109174 write(5, "\1\0\0\0\0\0\0\0", 8 <unfinished ...>
109186 <... epoll_wait resumed>[{events=EPOLLIN, data={u32=0, u64=0}}], 1024, 10) = 1
109174 <... write resumed>)             = 8
109186 futex(0x7169d30005c0, FUTEX_WAKE_PRIVATE, 1) = 1
109174 futex(0x7169d39aaa40, FUTEX_WAIT_PRIVATE, 1, NULL <unfinished ...>
109176 <... futex resumed>)             = 0
