82769 recvfrom(33, "\2\0\0\0\7\0\0\0\0\0\0\0latency\0\0 ok)\17\376\210f\34R\37"..., 175, 0, NULL, NULL) = 175
82769 futex(0x7886aff952f8, FUTEX_WAKE_PRIVATE, 1) = 1
82768 <... futex resumed>)              = 0
82769 recvfrom(33,  <unfinished ...>
82768 futex(0x7886ab202a68, FUTEX_WAKE_PRIVATE, 1 <unfinished ...>
82769 <... recvfrom resumed>0x7886afc54c50, 8, 0, NULL, NULL) = -1 EAGAIN (Resource temporarily unavailable)
82768 <... futex resumed>)              = 1
82782 <... futex resumed>)              = 0
82769 sendto(28, "\273\0\0\0\0\0\0\0", 8, MSG_NOSIGNAL, NULL, 0 <unfinished ...>
82768 futex(0x7886aff952f8, FUTEX_WAIT_PRIVATE, 1, NULL <unfinished ...>
82782 epoll_pwait(4,  <unfinished ...>
82769 <... sendto resumed>)             = 8
85917 <... recvfrom resumed>"\273\0\0\0\0\0\0\0", 8, 0, NULL, NULL) = 8
82769 sendto(28, "\2\0\0\0\1\0\0\0\0\0\0\0\2\0\0\0\7\0\0\0\0\0\0\0latency\0"..., 187, MSG_NOSIGNAL, NULL, 0 <unfinished ...>
85917 recvfrom(3,  <unfinished ...>
82769 <... sendto resumed>)             = 187
85917 <... recvfrom resumed>"\2\0\0\0\1\0\0\0\0\0\0\0\2\0\0\0\7\0\0\0\0\0\0\0latency\0"..., 187, 0, NULL, NULL) = 187
82769 recvfrom(28,  <unfinished ...>
85917 futex(0x59e86ea2ab58, FUTEX_WAKE_PRIVATE, 1 <unfinished ...>
82769 <... recvfrom resumed>0x7886aff91ea0, 8, 0, NULL, NULL) = -1 EAGAIN (Resource temporarily unavailable)
85917 <... futex resumed>)              = 1
85911 <... futex resumed>)              = 0
82769 futex(0x7886ae602a68, FUTEX_WAIT_PRIVATE, 1, NULL <unfinished ...>
85917 sendto(3, "$\0\0\0\0\0\0\0", 8, MSG_NOSIGNAL, NULL, 0 <unfinished ...>
85911 futex(0x59e86ea2ab58, FUTEX_WAIT_BITSET_PRIVATE, 4294967295, NULL, FUTEX_BITSET_MATCH_ANY <unfinished ...>
85917 <... sendto resumed>)             = 8
82782 <... epoll_pwait resumed>[{events=EPOLLIN|EPOLLOUT, data={u32=2948828032, u64=132519869778816}}], 1024, 5, NULL, 8) = 1
85917 sendto(3, "\5\0\0\0\0\0\0\0\0\0\0\0\340$\233)\17\376\210f\"\227\f\306\2RH\343\260\\\323i"..., 36, MSG_NOSIGNAL, NULL, 0 <unfinished ...>
82782 recvfrom(28,  <unfinished ...>
85917 <... sendto resumed>)             = 36
82782 <... recvfrom resumed>"$\0\0\0\0\0\0\0", 8, 0, NULL, NULL) = 8
85917 recvfrom(3,  <unfinished ...>
82782 recvfrom(28, "\5\0\0\0\0\0\0\0\0\0\0\0\340$\233)\17\376\210f\"\227\f\306\2RH\343\260\\\323i"..., 36, 0, NULL, NULL) = 36
82782 epoll_pwait(4, [{events=EPOLLOUT, data={u32=2948828032, u64=132519869778816}}], 1024, 5, NULL, 8) = 1
82782 epoll_pwait(4, [], 1024, 4, NULL, 8) = 0
82782 epoll_pwait(4, [], 1024, 14, NULL, 8) = 0
82782 futex(0x7886aff952f8, FUTEX_WAKE_PRIVATE, 1) = 1
82768 <... futex resumed>)              = 0
82782 write(5, "\1\0\0\0\0\0\0\0", 8 <unfinished ...>
82768 futex(0x7886ae602a68, FUTEX_WAKE_PRIVATE, 1 <unfinished ...>
82782 <... write resumed>)              = 8
82768 <... futex resumed>)              = 1
82769 <... futex resumed>)              = 0
82782 sendto(26, "\224\0\0\0\0\0\0\0", 8, MSG_NOSIGNAL, NULL, 0 <unfinished ...>
82768 futex(0x7886aff952f8, FUTEX_WAIT_PRIVATE, 1, NULL <unfinished ...>
82769 epoll_pwait(4,  <unfinished ...>
82782 <... sendto resumed>)             = 8
82769 <... epoll_pwait resumed>[{events=EPOLLIN, data={u32=0, u64=0}}], 1024, 20, NULL, 8) = 1
82782 sendto(26, "\2\0\0\0\1\0\0\0\0\0\0\0\2\0\0\0\4\0\0\0\0\0\0\0tick\0\0\200\233"..., 148, MSG_NOSIGNAL, NULL, 0 <unfinished ...>
85918 <... recvfrom resumed>"\224\0\0\0\0\0\0\0", 8, 0, NULL, NULL) = 8
82769 epoll_pwait(4,  <unfinished ...>
82782 <... sendto resumed>)             = 148
85918 recvfrom(3,  <unfinished ...>
82782 recvfrom(26, 0x7886aff91f10, 8, 0, NULL, NULL) = -1 EAGAIN (Resource temporarily unavailable)
85918 <... recvfrom resumed>"\2\0\0\0\1\0\0\0\0\0\0\0\2\0\0\0\4\0\0\0\0\0\0\0tick\0\0\200\233"..., 148, 0, NULL, NULL) = 148
82782 futex(0x7886ab202a68, FUTEX_WAIT_PRIVATE, 1, NULL <unfinished ...>
85918 futex(0x604f584bab58, FUTEX_WAKE_PRIVATE, 1) = 1
85908 <... futex resumed>)              = 0
85918 sendto(3, "$\0\0\0\0\0\0\0", 8, MSG_NOSIGNAL, NULL, 0 <unfinished ...>
85908 sendto(6, "\257\0\0\0\0\0\0\0", 8, MSG_NOSIGNAL, NULL, 0 <unfinished ...>
85918 <... sendto resumed>)             = 8
82769 <... epoll_pwait resumed>[{events=EPOLLIN|EPOLLOUT, data={u32=2948826496, u64=132519869777280}}], 1024, 20, NULL, 8) = 1
85918 sendto(3, "\5\0\0\0\0\0\0\0\0\0\0\0\320\350t.\17\376\210f\34R\37\222\233\34I\366\252\373EP"..., 36, MSG_NOSIGNAL, NULL, 0 <unfinished ...>
85908 <... sendto resumed>)             = 8
82769 recvfrom(26,  <unfinished ...>
85918 <... sendto resumed>)             = 36
85908 sendto(6, "\2\0\0\0\7\0\0\0\0\0\0\0latency\0\0 \17v.\17\376\210f\34R\37"..., 175, MSG_NOSIGNAL, NULL, 0 <unfinished ...>
85918 recvfrom(3,  <unfinished ...>
82769 <... recvfrom resumed>"$\0\0\0\0\0\0\0", 8, 0, NULL, NULL) = 8
85908 <... sendto resumed>)             = 175
82769 recvfrom(26,  <unfinished ...>
85908 futex(0x604f584bab58, FUTEX_WAIT_BITSET_PRIVATE, 4294967295, NULL, FUTEX_BITSET_MATCH_ANY <unfinished ...>
82769 <... recvfrom resumed>"\5\0\0\0\0\0\0\0\0\0\0\0\320\350t.\17\376\210f\34R\37\222\233\34I\366\252\373EP"..., 36, 0, NULL, NULL) = 36
82769 epoll_pwait(4, [{events=EPOLLIN|EPOLLOUT, data={u32=2948832512, u64=132519869783296}}, {events=EPOLLOUT, data={u32=2948826496, u64=132519869777280}}], 1024, 20, NULL, 8) = 2
82769 recvfrom(33, "\257\0\0\0\0\0\0\0", 8, 0, NULL, NULL) = 8
82769 recvfrom(33, "\2\0\0\0\7\0\0\0\0\0\0\0latency\0\0 \17v.\17\376\210f\34R\37"..., 175, 0, NULL, NULL) = 175
82769 futex(0x7886aff952f8, FUTEX_WAKE_PRIVATE, 1) = 1
82768 <... futex resumed>)              = 0
82769 recvfrom(33,  <unfinished ...>
82768 futex(0x7886ab202a68, FUTEX_WAKE_PRIVATE, 1 <unfinished ...>
82769 <... recvfrom resumed>0x7886afc54c50, 8, 0, NULL, NULL) = -1 EAGAIN (Resource temporarily unavailable)
82782 <... futex resumed>)              = 0
82768 <... futex resumed>)              = 1
82769 sendto(28, "\273\0\0\0\0\0\0\0", 8, MSG_NOSIGNAL, NULL, 0 <unfinished ...>
82782 epoll_pwait(4,  <unfinished ...>
82768 futex(0x7886aff952f8, FUTEX_WAIT_PRIVATE, 1, NULL <unfinished ...>
82769 <... sendto resumed>)             = 8
85917 <... recvfrom resumed>"\273\0\0\0\0\0\0\0", 8, 0, NULL, NULL) = 8
82769 sendto(28, "\2\0\0\0\1\0\0\0\0\0\0\0\2\0\0\0\7\0\0\0\0\0\0\0latency\0"..., 187, MSG_NOSIGNAL, NULL, 0 <unfinished ...>
85917 recvfrom(3,  <unfinished ...>
82769 <... sendto resumed>)             = 187
85917 <... recvfrom resumed>"\2\0\0\0\1\0\0\0\0\0\0\0\2\0\0\0\7\0\0\0\0\0\0\0latency\0"..., 187, 0, NULL, NULL) = 187
82769 recvfrom(28,  <unfinished ...>
85917 futex(0x59e86ea2ab58, FUTEX_WAKE_PRIVATE, 1 <unfinished ...>
82769 <... recvfrom resumed>0x7886aff91ea0, 8, 0, NULL, NULL) = -1 EAGAIN (Resource temporarily unavailable)
85917 <... futex resumed>)              = 1
85911 <... futex resumed>)              = 0
82769 futex(0x7886ae602a68, FUTEX_WAIT_PRIVATE, 1, NULL <unfinished ...>
85917 sendto(3, "$\0\0\0\0\0\0\0", 8, MSG_NOSIGNAL, NULL, 0 <unfinished ...>
85911 futex(0x59e86ea2ab58, FUTEX_WAIT_BITSET_PRIVATE, 4294967295, NULL, FUTEX_BITSET_MATCH_ANY <unfinished ...>
85917 <... sendto resumed>)             = 8
82782 <... epoll_pwait resumed>[{events=EPOLLIN|EPOLLOUT, data={u32=2948828032, u64=132519869778816}}], 1024, 19, NULL, 8) = 1
85917 sendto(3, "\5\0\0\0\0\0\0\0\0\0\0\0\200\251\240.\17\376\210f\"\227\f\306\2RH\343\260\\\323i"..., 36, MSG_NOSIGNAL, NULL, 0 <unfinished ...>
82782 recvfrom(28,  <unfinished ...>
85917 <... sendto resumed>)             = 36
82782 <... recvfrom resumed>"$\0\0\0\0\0\0\0", 8, 0, NULL, NULL) = 8
85917 recvfrom(3,  <unfinished ...>
82782 recvfrom(28, "\5\0\0\0\0\0\0\0\0\0\0\0\200\251\240.\17\376\210f\"\227\f\306\2RH\343\260\\\323i"..., 36, 0, NULL, NULL) = 36
82782 epoll_pwait(4, [{events=EPOLLOUT, data={u32=2948828032, u64=132519869778816}}], 1024, 19, NULL, 8) = 1
82782 epoll_pwait(4, [], 1024, 19, NULL, 8) = 0
82782 futex(0x7886aff952f8, FUTEX_WAKE_PRIVATE, 1) = 1
82768 <... futex resumed>)              = 0
82782 write(5, "\1\0\0\0\0\0\0\0", 8 <unfinished ...>
82768 futex(0x7886ae602a68, FUTEX_WAKE_PRIVATE, 1 <unfinished ...>
82782 <... write resumed>)              = 8
82768 <... futex resumed>)              = 1
82769 <... futex resumed>)              = 0
82782 sendto(26, "\224\0\0\0\0\0\0\0", 8, MSG_NOSIGNAL, NULL, 0 <unfinished ...>
82768 futex(0x7886aff952f8, FUTEX_WAIT_PRIVATE, 1, NULL <unfinished ...>
82769 epoll_pwait(4, [{events=EPOLLIN, data={u32=0, u64=0}}], 1024, 20, NULL, 8) = 1
82782 <... sendto resumed>)             = 8
85918 <... recvfrom resumed>"\224\0\0\0\0\0\0\0", 8, 0, NULL, NULL) = 8
82782 sendto(26, "\2\0\0\0\1\0\0\0\0\0\0\0\2\0\0\0\4\0\0\0\0\0\0\0tick\0\0p\6"..., 148, MSG_NOSIGNAL, NULL, 0 <unfinished ...>
82769 epoll_pwait(4,  <unfinished ...>
85918 recvfrom(3,  <unfinished ...>
82782 <... sendto resumed>)             = 148
85918 <... recvfrom resumed>"\2\0\0\0\1\0\0\0\0\0\0\0\2\0\0\0\4\0\0\0\0\0\0\0tick\0\0p\6"..., 148, 0, NULL, NULL) = 148
82782 recvfrom(26,  <unfinished ...>
85918 futex(0x604f584bab58, FUTEX_WAKE_PRIVATE, 1 <unfinished ...>
82782 <... recvfrom resumed>0x7886aff91f10, 8, 0, NULL, NULL) = -1 EAGAIN (Resource temporarily unavailable)
85918 <... futex resumed>)              = 1
85908 <... futex resumed>)              = 0
82782 futex(0x7886ab202a68, FUTEX_WAIT_PRIVATE, 1, NULL <unfinished ...>
85918 sendto(3, "$\0\0\0\0\0\0\0", 8, MSG_NOSIGNAL, NULL, 0 <unfinished ...>
85908 sendto(6, "\257\0\0\0\0\0\0\0", 8, MSG_NOSIGNAL, NULL, 0 <unfinished ...>
85918 <... sendto resumed>)             = 8
82769 <... epoll_pwait resumed>[{events=EPOLLIN|EPOLLOUT, data={u32=2948826496, u64=132519869777280}}], 1024, 19, NULL, 8) = 1
85918 sendto(3, "\5\0\0\0\0\0\0\0\0\0\0\0\240\230\2603\17\376\210f\34R\37\222\233\34I\366\252\373EP"..., 36, MSG_NOSIGNAL, NULL, 0 <unfinished ...>
85908 <... sendto resumed>)             = 8
82769 recvfrom(26,  <unfinished ...>
85918 <... sendto resumed>)             = 36
85908 sendto(6, "\2\0\0\0\7\0\0\0\0\0\0\0latency\0\0\200\373\2613\17\376\210f\34R\37"..., 175, MSG_NOSIGNAL, NULL, 0 <unfinished ...>
82769 <... recvfrom resumed>"$\0\0\0\0\0\0\0", 8, 0, NULL, NULL) = 8
85918 recvfrom(3,  <unfinished ...>
82769 recvfrom(26,  <unfinished ...>
85908 <... sendto resumed>)             = 175
85908 futex(0x604f584bab58, FUTEX_WAIT_BITSET_PRIVATE, 4294967295, NULL, FUTEX_BITSET_MATCH_ANY <unfinished ...>
82769 <... recvfrom resumed>"\5\0\0\0\0\0\0\0\0\0\0\0\240\230\2603\17\376\210f\34R\37\222\233\34I\366\252\373EP"..., 36, 0, NULL, NULL) = 36
82769 epoll_pwait(4, [{events=EPOLLIN|EPOLLOUT, data={u32=2948832512, u64=132519869783296}}, {events=EPOLLOUT, data={u32=2948826496, u64=132519869777280}}], 1024, 19, NULL, 8) = 2
82769 recvfrom(33, "\257\0\0\0\0\0\0\0", 8, 0, NULL, NULL) = 8
82769 recvfrom(33, "\2\0\0\0\7\0\0\0\0\0\0\0latency\0\0\200\373\2613\17\376\210f\34R\37"..., 175, 0, NULL, NULL) = 175
82769 futex(0x7886aff952f8, FUTEX_WAKE_PRIVATE, 1) = 1
82768 <... futex resumed>)              = 0
82769 recvfrom(33,  <unfinished ...>
82768 futex(0x7886ab202a68, FUTEX_WAKE_PRIVATE, 1 <unfinished ...>
82769 <... recvfrom resumed>0x7886afc54c50, 8, 0, NULL, NULL) = -1 EAGAIN (Resource temporarily unavailable)
82768 <... futex resumed>)              = 1
82782 <... futex resumed>)              = 0
82769 sendto(28, "\273\0\0\0\0\0\0\0", 8, MSG_NOSIGNAL, NULL, 0 <unfinished ...>
82782 epoll_pwait(4,  <unfinished ...>
82768 futex(0x7886aff952f8, FUTEX_WAIT_PRIVATE, 1, NULL <unfinished ...>
82769 <... sendto resumed>)             = 8
85917 <... recvfrom resumed>"\273\0\0\0\0\0\0\0", 8, 0, NULL, NULL) = 8
82769 sendto(28, "\2\0\0\0\1\0\0\0\0\0\0\0\2\0\0\0\7\0\0\0\0\0\0\0latency\0"..., 187, MSG_NOSIGNAL, NULL, 0 <unfinished ...>
85917 recvfrom(3,  <unfinished ...>
82769 <... sendto resumed>)             = 187
85917 <... recvfrom resumed>"\2\0\0\0\1\0\0\0\0\0\0\0\2\0\0\0\7\0\0\0\0\0\0\0latency\0"..., 187, 0, NULL, NULL) = 187
82769 recvfrom(28,  <unfinished ...>
85917 futex(0x59e86ea2ab58, FUTEX_WAKE_PRIVATE, 1 <unfinished ...>
82769 <... recvfrom resumed>0x7886aff91ea0, 8, 0, NULL, NULL) = -1 EAGAIN (Resource temporarily unavailable)
85917 <... futex resumed>)              = 1
82769 futex(0x7886ae602a68, FUTEX_WAIT_PRIVATE, 1, NULL <unfinished ...>
85911 <... futex resumed>)              = 0
85917 sendto(3, "$\0\0\0\0\0\0\0", 8, MSG_NOSIGNAL, NULL, 0 <unfinished ...>
85911 futex(0x59e86ea2ab58, FUTEX_WAIT_BITSET_PRIVATE, 4294967295, NULL, FUTEX_BITSET_MATCH_ANY <unfinished ...>
85917 <... sendto resumed>)             = 8
82782 <... epoll_pwait resumed>[{events=EPOLLIN|EPOLLOUT, data={u32=2948828032, u64=132519869778816}}], 1024, 19, NULL, 8) = 1
85917 sendto(3, "\5\0\0\0\0\0\0\0\0\0\0\0\320\272\3343\17\376\210f\"\227\f\306\2RH\343\260\\\323i"..., 36, MSG_NOSIGNAL, NULL, 0 <unfinished ...>
82782 recvfrom(28,  <unfinished ...>
85917 <... sendto resumed>)             = 36
82782 <... recvfrom resumed>"$\0\0\0\0\0\0\0", 8, 0, NULL, NULL) = 8
85917 recvfrom(3,  <unfinished ...>
82782 recvfrom(28, "\5\0\0\0\0\0\0\0\0\0\0\0\320\272\3343\17\376\210f\"\227\f\306\2RH\343\260\\\323i"..., 36, 0, NULL, NULL) = 36
82782 epoll_pwait(4, [{events=EPOLLOUT, data={u32=2948828032, u64=132519869778816}}], 1024, 18, NULL, 8) = 1
82782 epoll_pwait(4, [], 1024, 18, NULL, 8) = 0
82782 futex(0x7886aff952f8, FUTEX_WAKE_PRIVATE, 1) = 1
82768 <... futex resumed>)              = 0
82782 write(5, "\1\0\0\0\0\0\0\0", 8 <unfinished ...>
82768 futex(0x7886ae602a68, FUTEX_WAKE_PRIVATE, 1 <unfinished ...>
82782 <... write resumed>)              = 8
82768 <... futex resumed>)              = 1
82769 <... futex resumed>)              = 0
82782 sendto(26, "\224\0\0\0\0\0\0\0", 8, MSG_NOSIGNAL, NULL, 0 <unfinished ...>
82769 epoll_pwait(4,  <unfinished ...>
82768 futex(0x7886aff952f8, FUTEX_WAIT_PRIVATE, 1, NULL <unfinished ...>
82769 <... epoll_pwait resumed>[{events=EPOLLIN, data={u32=0, u64=0}}], 1024, 10, NULL, 8) = 1
82782 <... sendto resumed>)             = 8
82769 epoll_pwait(4,  <unfinished ...>
82782 sendto(26, "\2\0\0\0\1\0\0\0\0\0\0\0\2\0\0\0\4\0\0\0\0\0\0\0tick\0\0\300\324"..., 148, MSG_NOSIGNAL, NULL, 0 <unfinished ...>
85918 <... recvfrom resumed>"\224\0\0\0\0\0\0\0", 8, 0, NULL, NULL) = 8
82782 <... sendto resumed>)             = 148
85918 recvfrom(3,  <unfinished ...>
82782 recvfrom(26,  <unfinished ...>
85918 <... recvfrom resumed>"\2\0\0\0\1\0\0\0\0\0\0\0\2\0\0\0\4\0\0\0\0\0\0\0tick\0\0\300\324"..., 148, 0, NULL, NULL) = 148
82782 <... recvfrom resumed>0x7886aff91f10, 8, 0, NULL, NULL) = -1 EAGAIN (Resource temporarily unavailable)
85918 futex(0x604f584bab58, FUTEX_WAKE_PRIVATE, 1 <unfinished ...>
82782 futex(0x7886ab202a68, FUTEX_WAIT_PRIVATE, 1, NULL <unfinished ...>
85918 <... futex resumed>)              = 1
85908 <... futex resumed>)              = 0
85918 sendto(3, "$\0\0\0\0\0\0\0", 8, MSG_NOSIGNAL, NULL, 0 <unfinished ...>
85908 sendto(6, "\257\0\0\0\0\0\0\0", 8, MSG_NOSIGNAL, NULL, 0 <unfinished ...>
85918 <... sendto resumed>)             = 8
82769 <... epoll_pwait resumed>[{events=EPOLLIN|EPOLLOUT, data={u32=2948826496, u64=132519869777280}}], 1024, 10, NULL, 8) = 1
85918 sendto(3, "\5\0\0\0\0\0\0\0\0\0\0\0`n\2568\17\376\210f\34R\37\222\233\34I\366\252\373EP"..., 36, MSG_NOSIGNAL, NULL, 0 <unfinished ...>
82769 recvfrom(26,  <unfinished ...>
85908 <... sendto resumed>)             = 8
85918 <... sendto resumed>)             = 36
82769 <... recvfrom resumed>"$\0\0\0\0\0\0\0", 8, 0, NULL, NULL) = 8
85918 recvfrom(3,  <unfinished ...>
85908 sendto(6, "\2\0\0\0\7\0\0\0\0\0\0\0latency\0\0\240\242\2608\17\376\210f\34R\37"..., 175, MSG_NOSIGNAL, NULL, 0 <unfinished ...>
82769 recvfrom(26,  <unfinished ...>
85908 <... sendto resumed>)             = 175
82769 <... recvfrom resumed>"\5\0\0\0\0\0\0\0\0\0\0\0`n\2568\17\376\210f\34R\37\222\233\34I\366\252\373EP"..., 36, 0, NULL, NULL) = 36
85908 futex(0x604f584bab58, FUTEX_WAIT_BITSET_PRIVATE, 4294967295, NULL, FUTEX_BITSET_MATCH_ANY <unfinished ...>
82769 epoll_pwait(4, [{events=EPOLLIN|EPOLLOUT, data={u32=2948832512, u64=132519869783296}}, {events=EPOLLOUT, data={u32=2948826496, u64=132519869777280}}], 1024, 10, NULL, 8) = 2
82769 recvfrom(33, "\257\0\0\0\0\0\0\0", 8, 0, NULL, NULL) = 8
82769 recvfrom(33, "\2\0\0\0\7\0\0\0\0\0\0\0latency\0\0\240\242\2608\17\376\210f\34R\37"..., 175, 0, NULL, NULL) = 175
82769 futex(0x7886aff952f8, FUTEX_WAKE_PRIVATE, 1) = 1
82768 <... futex resumed>)              = 0
82769 recvfrom(33, 0x7886afc54c50, 8, 0, NULL, NULL) = -1 EAGAIN (Resource temporarily unavailable)
82768 futex(0x7886ab202a68, FUTEX_WAKE_PRIVATE, 1 <unfinished ...>
82769 sendto(28, "\273\0\0\0\0\0\0\0", 8, MSG_NOSIGNAL, NULL, 0 <unfinished ...>
82782 <... futex resumed>)              = 0
82768 <... futex resumed>)              = 1
82782 epoll_pwait(4,  <unfinished ...>
82769 <... sendto resumed>)             = 8
82768 futex(0x7886aff952f8, FUTEX_WAIT_PRIVATE, 1, NULL <unfinished ...>
85917 <... recvfrom resumed>"\273\0\0\0\0\0\0\0", 8, 0, NULL, NULL) = 8
82769 sendto(28, "\2\0\0\0\1\0\0\0\0\0\0\0\2\0\0\0\7\0\0\0\0\0\0\0latency\0"..., 187, MSG_NOSIGNAL, NULL, 0 <unfinished ...>
85917 recvfrom(3,  <unfinished ...>
82769 <... sendto resumed>)             = 187
85917 <... recvfrom resumed>"\2\0\0\0\1\0\0\0\0\0\0\0\2\0\0\0\7\0\0\0\0\0\0\0latency\0"..., 187, 0, NULL, NULL) = 187
82769 recvfrom(28,  <unfinished ...>
85917 futex(0x59e86ea2ab58, FUTEX_WAKE_PRIVATE, 1 <unfinished ...>
82769 <... recvfrom resumed>0x7886aff91ea0, 8, 0, NULL, NULL) = -1 EAGAIN (Resource temporarily unavailable)
85917 <... futex resumed>)              = 1
85911 <... futex resumed>)              = 0
82769 futex(0x7886ae602a68, FUTEX_WAIT_PRIVATE, 1, NULL <unfinished ...>
85917 sendto(3, "$\0\0\0\0\0\0\0", 8, MSG_NOSIGNAL, NULL, 0 <unfinished ...>
85911 futex(0x59e86ea2ab58, FUTEX_WAIT_BITSET_PRIVATE, 4294967295, NULL, FUTEX_BITSET_MATCH_ANY <unfinished ...>
85917 <... sendto resumed>)             = 8
82782 <... epoll_pwait resumed>[{events=EPOLLIN|EPOLLOUT, data={u32=2948828032, u64=132519869778816}}], 1024, 9, NULL, 8) = 1
85917 sendto(3, "\5\0\0\0\0\0\0\0\0\0\0\0\200\264\3378\17\376\210f\"\227\f\306\2RH\343\260\\\323i"..., 36, MSG_NOSIGNAL, NULL, 0 <unfinished ...>
82782 recvfrom(28,  <unfinished ...>
85917 <... sendto resumed>)             = 36
82782 <... recvfrom resumed>"$\0\0\0\0\0\0\0", 8, 0, NULL, NULL) = 8
85917 recvfrom(3,  <unfinished ...>
82782 recvfrom(28, "\5\0\0\0\0\0\0\0\0\0\0\0\200\264\3378\17\376\210f\"\227\f\306\2RH\343\260\\\323i"..., 36, 0, NULL, NULL) = 36
82782 epoll_pwait(4, [{events=EPOLLOUT, data={u32=2948828032, u64=132519869778816}}], 1024, 9, NULL, 8) = 1
82782 epoll_pwait(4, [], 1024, 9, NULL, 8) = 0
82782 epoll_pwait(4, [], 1024, 10, NULL, 8) = 0
82782 futex(0x7886aff952f8, FUTEX_WAKE_PRIVATE, 1) = 1
82768 <... futex resumed>)              = 0
82782 write(5, "\1\0\0\0\0\0\0\0", 8 <unfinished ...>
82768 futex(0x7886ae602a68, FUTEX_WAKE_PRIVATE, 1 <unfinished ...>
82782 <... write resumed>)              = 8
82768 <... futex resumed>)              = 1
82769 <... futex resumed>)              = 0
82782 sendto(26, "\224\0\0\0\0\0\0\0", 8, MSG_NOSIGNAL, NULL, 0 <unfinished ...>
82768 futex(0x7886aff952f8, FUTEX_WAIT_PRIVATE, 1, NULL <unfinished ...>
82769 epoll_pwait(4,  <unfinished ...>
82782 <... sendto resumed>)             = 8
82769 <... epoll_pwait resumed>[{events=EPOLLIN, data={u32=0, u64=0}}], 1024, 19, NULL, 8) = 1
82782 sendto(26, "\2\0\0\0\1\0\0\0\0\0\0\0\2\0\0\0\4\0\0\0\0\0\0\0tick\0\0\0004"..., 148, MSG_NOSIGNAL, NULL, 0 <unfinished ...>
85918 <... recvfrom resumed>"\224\0\0\0\0\0\0\0", 8, 0, NULL, NULL) = 8
82769 epoll_pwait(4,  <unfinished ...>
82782 <... sendto resumed>)             = 148
85918 recvfrom(3,  <unfinished ...>
82782 recvfrom(26,  <unfinished ...>
85918 <... recvfrom resumed>"\2\0\0\0\1\0\0\0\0\0\0\0\2\0\0\0\4\0\0\0\0\0\0\0tick\0\0\0004"..., 148, 0, NULL, NULL) = 148
82782 <... recvfrom resumed>0x7886aff91f10, 8, 0, NULL, NULL) = -1 EAGAIN (Resource temporarily unavailable)
85918 futex(0x604f584bab58, FUTEX_WAKE_PRIVATE, 1 <unfinished ...>
82782 futex(0x7886ab202a68, FUTEX_WAIT_PRIVATE, 1, NULL <unfinished ...>
85918 <... futex resumed>)              = 1
85908 <... futex resumed>)              = 0
85918 sendto(3, "$\0\0\0\0\0\0\0", 8, MSG_NOSIGNAL, NULL, 0 <unfinished ...>
85908 sendto(6, "\257\0\0\0\0\0\0\0", 8, MSG_NOSIGNAL, NULL, 0 <unfinished ...>
85918 <... sendto resumed>)             = 8
82769 <... epoll_pwait resumed>[{events=EPOLLIN|EPOLLOUT, data={u32=2948826496, u64=132519869777280}}], 1024, 19, NULL, 8) = 1
85918 sendto(3, "\5\0\0\0\0\0\0\0\0\0\0\0\20\31\371=\17\376\210f\34R\37\222\233\34I\366\252\373EP"..., 36, MSG_NOSIGNAL, NULL, 0 <unfinished ...>
85908 <... sendto resumed>)             = 8
82769 recvfrom(26,  <unfinished ...>
85918 <... sendto resumed>)             = 36
85908 sendto(6, "\2\0\0\0\7\0\0\0\0\0\0\0latency\0\0\340U\372=\17\376\210f\34R\37"..., 175, MSG_NOSIGNAL, NULL, 0 <unfinished ...>
85918 recvfrom(3,  <unfinished ...>
82769 <... recvfrom resumed>"$\0\0\0\0\0\0\0", 8, 0, NULL, NULL) = 8
85908 <... sendto resumed>)             = 175
82769 recvfrom(26,  <unfinished ...>
85908 futex(0x604f584bab58, FUTEX_WAIT_BITSET_PRIVATE, 4294967295, NULL, FUTEX_BITSET_MATCH_ANY <unfinished ...>
82769 <... recvfrom resumed>"\5\0\0\0\0\0\0\0\0\0\0\0\20\31\371=\17\376\210f\34R\37\222\233\34I\366\252\373EP"..., 36, 0, NULL, NULL) = 36
82769 epoll_pwait(4, [{events=EPOLLIN|EPOLLOUT, data={u32=2948832512, u64=132519869783296}}, {events=EPOLLOUT, data={u32=2948826496, u64=132519869777280}}], 1024, 19, NULL, 8) = 2
82769 recvfrom(33, "\257\0\0\0\0\0\0\0", 8, 0, NULL, NULL) = 8
82769 recvfrom(33, "\2\0\0\0\7\0\0\0\0\0\0\0latency\0\0\340U\372=\17\376\210f\34R\37"..., 175, 0, NULL, NULL) = 175
82769 futex(0x7886aff952f8, FUTEX_WAKE_PRIVATE, 1) = 1
82768 <... futex resumed>)              = 0
82769 recvfrom(33,  <unfinished ...>
82768 futex(0x7886ab202a68, FUTEX_WAKE_PRIVATE, 1 <unfinished ...>
82769 <... recvfrom resumed>0x7886afc54c50, 8, 0, NULL, NULL) = -1 EAGAIN (Resource temporarily unavailable)
82782 <... futex resumed>)              = 0
82768 <... futex resumed>)              = 1
82782 epoll_pwait(4,  <unfinished ...>
82769 sendto(28, "\273\0\0\0\0\0\0\0", 8, MSG_NOSIGNAL, NULL, 0 <unfinished ...>
82768 futex(0x7886aff952f8, FUTEX_WAIT_PRIVATE, 1, NULL <unfinished ...>
82769 <... sendto resumed>)             = 8
85917 <... recvfrom resumed>"\273\0\0\0\0\0\0\0", 8, 0, NULL, NULL) = 8
82769 sendto(28, "\2\0\0\0\1\0\0\0\0\0\0\0\2\0\0\0\7\0\0\0\0\0\0\0latency\0"..., 187, MSG_NOSIGNAL, NULL, 0 <unfinished ...>
85917 recvfrom(3,  <unfinished ...>
82769 <... sendto resumed>)             = 187
85917 <... recvfrom resumed>"\2\0\0\0\1\0\0\0\0\0\0\0\2\0\0\0\7\0\0\0\0\0\0\0latency\0"..., 187, 0, NULL, NULL) = 187
82769 recvfrom(28,  <unfinished ...>
85917 futex(0x59e86ea2ab58, FUTEX_WAKE_PRIVATE, 1 <unfinished ...>
82769 <... recvfrom resumed>0x7886aff91ea0, 8, 0, NULL, NULL) = -1 EAGAIN (Resource temporarily unavailable)
85917 <... futex resumed>)              = 1
85911 <... futex resumed>)              = 0
82769 futex(0x7886ae602a68, FUTEX_WAIT_PRIVATE, 1, NULL <unfinished ...>
85917 sendto(3, "$\0\0\0\0\0\0\0", 8, MSG_NOSIGNAL, NULL, 0 <unfinished ...>
85911 futex(0x59e86ea2ab58, FUTEX_WAIT_BITSET_PRIVATE, 4294967295, NULL, FUTEX_BITSET_MATCH_ANY <unfinished ...>
85917 <... sendto resumed>)             = 8
82782 <... epoll_pwait resumed>[{events=EPOLLIN|EPOLLOUT, data={u32=2948828032, u64=132519869778816}}], 1024, 19, NULL, 8) = 1
85917 sendto(3, "\5\0\0\0\0\0\0\0\0\0\0\0000%*>\17\376\210f\"\227\f\306\2RH\343\260\\\323i"..., 36, MSG_NOSIGNAL, NULL, 0 <unfinished ...>
82782 recvfrom(28,  <unfinished ...>
85917 <... sendto resumed>)             = 36
82782 <... recvfrom resumed>"$\0\0\0\0\0\0\0", 8, 0, NULL, NULL) = 8
85917 recvfrom(3,  <unfinished ...>
82782 recvfrom(28, "\5\0\0\0\0\0\0\0\0\0\0\0000%*>\17\376\210f\"\227\f\306\2RH\343\260\\\323i"..., 36, 0, NULL, NULL) = 36
82782 epoll_pwait(4, [{events=EPOLLOUT, data={u32=2948828032, u64=132519869778816}}], 1024, 18, NULL, 8) = 1
82782 epoll_pwait(4, [], 1024, 18, NULL, 8) = 0
82782 futex(0x7886aff952f8, FUTEX_WAKE_PRIVATE, 1) = 1
82768 <... futex resumed>)              = 0
82782 write(5, "\1\0\0\0\0\0\0\0", 8 <unfinished ...>
82768 futex(0x7886ae602a68, FUTEX_WAKE_PRIVATE, 1 <unfinished ...>
82782 <... write resumed>)              = 8
82768 <... futex resumed>)              = 1
82769 <... futex resumed>)              = 0
82782 sendto(26, "\224\0\0\0\0\0\0\0", 8, MSG_NOSIGNAL, NULL, 0 <unfinished ...>
82768 futex(0x7886aff952f8, FUTEX_WAIT_PRIVATE, 1, NULL <unfinished ...>
82769 epoll_pwait(4, [{events=EPOLLIN, data={u32=0, u64=0}}], 1024, 20, NULL, 8) = 1
82782 <... sendto resumed>)             = 8
82782 sendto(26, "\2\0\0\0\1\0\0\0\0\0\0\0\2\0\0\0\4\0\0\0\0\0\0\0tick\0\0000\352"..., 148, MSG_NOSIGNAL, NULL, 0 <unfinished ...>
85918 <... recvfrom resumed>"\224\0\0\0\0\0\0\0", 8, 0, NULL, NULL) = 8
82769 epoll_pwait(4,  <unfinished ...>
82782 <... sendto resumed>)             = 148
82782 recvfrom(26,  <unfinished ...>
85918 recvfrom(3,  <unfinished ...>
82782 <... recvfrom resumed>0x7886aff91f10, 8, 0, NULL, NULL) = -1 EAGAIN (Resource temporarily unavailable)
82782 futex(0x7886ab202a68, FUTEX_WAIT_PRIVATE, 1, NULL <unfinished ...>
85918 <... recvfrom resumed>"\2\0\0\0\1\0\0\0\0\0\0\0\2\0\0\0\4\0\0\0\0\0\0\0tick\0\0000\352"..., 148, 0, NULL, NULL) = 148
85918 futex(0x604f584bab58, FUTEX_WAKE_PRIVATE, 1) = 1
85908 <... futex resumed>)              = 0
85918 sendto(3, "$\0\0\0\0\0\0\0", 8, MSG_NOSIGNAL, NULL, 0 <unfinished ...>
85908 sendto(6, "\257\0\0\0\0\0\0\0", 8, MSG_NOSIGNAL, NULL, 0 <unfinished ...>
85918 <... sendto resumed>)             = 8
82769 <... epoll_pwait resumed>[{events=EPOLLIN|EPOLLOUT, data={u32=2948826496, u64=132519869777280}}], 1024, 20, NULL, 8) = 1
85918 sendto(3, "\5\0\0\0\0\0\0\0\0\0\0\0\220\7\2C\17\376\210f\34R\37\222\233\34I\366\252\373EP"..., 36, MSG_NOSIGNAL, NULL, 0 <unfinished ...>
82769 recvfrom(26,  <unfinished ...>
85908 <... sendto resumed>)             = 8
85918 <... sendto resumed>)             = 36
82769 <... recvfrom resumed>"$\0\0\0\0\0\0\0", 8, 0, NULL, NULL) = 8
85918 recvfrom(3,  <unfinished ...>
85908 sendto(6, "\2\0\0\0\7\0\0\0\0\0\0\0latency\0\0P&\5C\17\376\210f\34R\37"..., 175, MSG_NOSIGNAL, NULL, 0 <unfinished ...>
82769 recvfrom(26,  <unfinished ...>
85908 <... sendto resumed>)             = 175
82769 <... recvfrom resumed>"\5\0\0\0\0\0\0\0\0\0\0\0\220\7\2C\17\376\210f\34R\37\222\233\34I\366\252\373EP"..., 36, 0, NULL, NULL) = 36
85908 futex(0x604f584bab58, FUTEX_WAIT_BITSET_PRIVATE, 4294967295, NULL, FUTEX_BITSET_MATCH_ANY <unfinished ...>
82769 epoll_pwait(4, [{events=EPOLLIN|EPOLLOUT, data={u32=2948832512, u64=132519869783296}}, {events=EPOLLOUT, data={u32=2948826496, u64=132519869777280}}], 1024, 19, NULL, 8) = 2
82769 epoll_pwait(4, [], 1024, 0, NULL, 8) = 0
82769 recvfrom(33, "\257\0\0\0\0\0\0\0", 8, 0, NULL, NULL) = 8
82769 recvfrom(33, "\2\0\0\0\7\0\0\0\0\0\0\0latency\0\0P&\5C\17\376\210f\34R\37"..., 175, 0, NULL, NULL) = 175
82769 futex(0x7886aff952f8, FUTEX_WAKE_PRIVATE, 1) = 1
82768 <... futex resumed>)              = 0
82769 recvfrom(33,  <unfinished ...>
82768 futex(0x7886ab202a68, FUTEX_WAKE_PRIVATE, 1 <unfinished ...>
82769 <... recvfrom resumed>0x7886afc54c50, 8, 0, NULL, NULL) = -1 EAGAIN (Resource temporarily unavailable)
82782 <... futex resumed>)              = 0
82768 <... futex resumed>)              = 1
82769 sendto(28, "\273\0\0\0\0\0\0\0", 8, MSG_NOSIGNAL, NULL, 0 <unfinished ...>
82782 epoll_pwait(4,  <unfinished ...>
82768 futex(0x7886aff952f8, FUTEX_WAIT_PRIVATE, 1, NULL <unfinished ...>
82769 <... sendto resumed>)             = 8
85917 <... recvfrom resumed>"\273\0\0\0\0\0\0\0", 8, 0, NULL, NULL) = 8
82769 sendto(28, "\2\0\0\0\1\0\0\0\0\0\0\0\2\0\0\0\7\0\0\0\0\0\0\0latency\0"..., 187, MSG_NOSIGNAL, NULL, 0 <unfinished ...>
85917 recvfrom(3,  <unfinished ...>
82769 <... sendto resumed>)             = 187
85917 <... recvfrom resumed>"\2\0\0\0\1\0\0\0\0\0\0\0\2\0\0\0\7\0\0\0\0\0\0\0latency\0"..., 187, 0, NULL, NULL) = 187
82769 recvfrom(28,  <unfinished ...>
85917 futex(0x59e86ea2ab58, FUTEX_WAKE_PRIVATE, 1 <unfinished ...>
82769 <... recvfrom resumed>0x7886aff91ea0, 8, 0, NULL, NULL) = -1 EAGAIN (Resource temporarily unavailable)
85917 <... futex resumed>)              = 1
82769 futex(0x7886ae602a68, FUTEX_WAIT_PRIVATE, 1, NULL <unfinished ...>
85911 <... futex resumed>)              = 0
85917 sendto(3, "$\0\0\0\0\0\0\0", 8, MSG_NOSIGNAL, NULL, 0 <unfinished ...>
85911 futex(0x59e86ea2ab58, FUTEX_WAIT_BITSET_PRIVATE, 4294967295, NULL, FUTEX_BITSET_MATCH_ANY <unfinished ...>
85917 <... sendto resumed>)             = 8
82782 <... epoll_pwait resumed>[{events=EPOLLIN|EPOLLOUT, data={u32=2948828032, u64=132519869778816}}], 1024, 19, NULL, 8) = 1
85917 sendto(3, "\5\0\0\0\0\0\0\0\0\0\0\0p\2536C\17\376\210f\"\227\f\306\2RH\343\260\\\323i"..., 36, MSG_NOSIGNAL, NULL, 0 <unfinished ...>
82782 epoll_pwait(4,  <unfinished ...>
85917 <... sendto resumed>)             = 36
82782 <... epoll_pwait resumed>[{events=EPOLLIN|EPOLLOUT, data={u32=2948828032, u64=132519869778816}}], 1024, 0, NULL, 8) = 1
85917 recvfrom(3,  <unfinished ...>
82782 recvfrom(28, "$\0\0\0\0\0\0\0", 8, 0, NULL, NULL) = 8
82782 recvfrom(28, "\5\0\0\0\0\0\0\0\0\0\0\0p\2536C\17\376\210f\"\227\f\306\2RH\343\260\\\323i"..., 36, 0, NULL, NULL) = 36
82782 epoll_pwait(4, [], 1024, 18, NULL, 8) = 0
82782 futex(0x7886aff952f8, FUTEX_WAKE_PRIVATE, 1) = 1
82768 <... futex resumed>)              = 0
82782 write(5, "\1\0\0\0\0\0\0\0", 8 <unfinished ...>
82768 futex(0x7886ae602a68, FUTEX_WAKE_PRIVATE, 1 <unfinished ...>
82782 <... write resumed>)              = 8
82768 <... futex resumed>)              = 1
82769 <... futex resumed>)              = 0
82782 sendto(26, "\224\0\0\0\0\0\0\0", 8, MSG_NOSIGNAL, NULL, 0 <unfinished ...>
82768 futex(0x7886aff952f8, FUTEX_WAIT_PRIVATE, 1, NULL <unfinished ...>
82769 epoll_pwait(4,  <unfinished ...>
82782 <... sendto resumed>)             = 8
82769 <... epoll_pwait resumed>[{events=EPOLLIN, data={u32=0, u64=0}}], 1024, 14, NULL, 8) = 1
82782 sendto(26, "\2\0\0\0\1\0\0\0\0\0\0\0\2\0\0\0\4\0\0\0\0\0\0\0tick\0\0 \37"..., 148, MSG_NOSIGNAL, NULL, 0 <unfinished ...>
85918 <... recvfrom resumed>"\224\0\0\0\0\0\0\0", 8, 0, NULL, NULL) = 8
82769 epoll_pwait(4,  <unfinished ...>
82782 <... sendto resumed>)             = 148
85918 recvfrom(3,  <unfinished ...>
82782 recvfrom(26, 0x7886aff91f10, 8, 0, NULL, NULL) = -1 EAGAIN (Resource temporarily unavailable)
85918 <... recvfrom resumed>"\2\0\0\0\1\0\0\0\0\0\0\0\2\0\0\0\4\0\0\0\0\0\0\0tick\0\0 \37"..., 148, 0, NULL, NULL) = 148
82782 futex(0x7886ab202a68, FUTEX_WAIT_PRIVATE, 1, NULL <unfinished ...>
85918 futex(0x604f584bab58, FUTEX_WAKE_PRIVATE, 1) = 1
85908 <... futex resumed>)              = 0
85918 sendto(3, "$\0\0\0\0\0\0\0", 8, MSG_NOSIGNAL, NULL, 0 <unfinished ...>
85908 sendto(6, "\257\0\0\0\0\0\0\0", 8, MSG_NOSIGNAL, NULL, 0 <unfinished ...>
85918 <... sendto resumed>)             = 8
82769 <... epoll_pwait resumed>[{events=EPOLLIN|EPOLLOUT, data={u32=2948826496, u64=132519869777280}}], 1024, 14, NULL, 8) = 1
85918 sendto(3, "\5\0\0\0\0\0\0\0\0\0\0\0\20\365\rH\17\376\210f\34R\37\222\233\34I\366\252\373EP"..., 36, MSG_NOSIGNAL, NULL, 0 <unfinished ...>
85908 <... sendto resumed>)             = 8
82769 recvfrom(26,  <unfinished ...>
85918 <... sendto resumed>)             = 36
85908 sendto(6, "\2\0\0\0\7\0\0\0\0\0\0\0latency\0\0`\247\17H\17\376\210f\34R\37"..., 175, MSG_NOSIGNAL, NULL, 0 <unfinished ...>
82769 <... recvfrom resumed>"$\0\0\0\0\0\0\0", 8, 0, NULL, NULL) = 8
85918 recvfrom(3,  <unfinished ...>
82769 recvfrom(26,  <unfinished ...>
85908 <... sendto resumed>)             = 175
85908 futex(0x604f584bab58, FUTEX_WAIT_BITSET_PRIVATE, 4294967295, NULL, FUTEX_BITSET_MATCH_ANY <unfinished ...>
82769 <... recvfrom resumed>"\5\0\0\0\0\0\0\0\0\0\0\0\20\365\rH\17\376\210f\34R\37\222\233\34I\366\252\373EP"..., 36, 0, NULL, NULL) = 36
82769 epoll_pwait(4, [{events=EPOLLIN|EPOLLOUT, data={u32=2948832512, u64=132519869783296}}, {events=EPOLLOUT, data={u32=2948826496, u64=132519869777280}}], 1024, 14, NULL, 8) = 2
82769 recvfrom(33, "\257\0\0\0\0\0\0\0", 8, 0, NULL, NULL) = 8
82769 recvfrom(33, "\2\0\0\0\7\0\0\0\0\0\0\0latency\0\0`\247\17H\17\376\210f\34R\37"..., 175, 0, NULL, NULL) = 175
82769 futex(0x7886aff952f8, FUTEX_WAKE_PRIVATE, 1) = 1
82768 <... futex resumed>)              = 0
82769 recvfrom(33, 0x7886afc54c50, 8, 0, NULL, NULL) = -1 EAGAIN (Resource temporarily unavailable)
82768 futex(0x7886ab202a68, FUTEX_WAKE_PRIVATE, 1 <unfinished ...>
82769 sendto(28, "\273\0\0\0\0\0\0\0", 8, MSG_NOSIGNAL, NULL, 0 <unfinished ...>
82782 <... futex resumed>)              = 0
82768 <... futex resumed>)              = 1
82782 epoll_pwait(4,  <unfinished ...>
82769 <... sendto resumed>)             = 8
82768 futex(0x7886aff952f8, FUTEX_WAIT_PRIVATE, 1, NULL <unfinished ...>
85917 <... recvfrom resumed>"\273\0\0\0\0\0\0\0", 8, 0, NULL, NULL) = 8
82769 sendto(28, "\2\0\0\0\1\0\0\0\0\0\0\0\2\0\0\0\7\0\0\0\0\0\0\0latency\0"..., 187, MSG_NOSIGNAL, NULL, 0 <unfinished ...>
85917 recvfrom(3,  <unfinished ...>
82769 <... sendto resumed>)             = 187
85917 <... recvfrom resumed>"\2\0\0\0\1\0\0\0\0\0\0\0\2\0\0\0\7\0\0\0\0\0\0\0latency\0"..., 187, 0, NULL, NULL) = 187
82769 recvfrom(28,  <unfinished ...>
85917 futex(0x59e86ea2ab58, FUTEX_WAKE_PRIVATE, 1 <unfinished ...>
82769 <... recvfrom resumed>0x7886aff91ea0, 8, 0, NULL, NULL) = -1 EAGAIN (Resource temporarily unavailable)
85917 <... futex resumed>)              = 1
85911 <... futex resumed>)              = 0
82769 futex(0x7886ae602a68, FUTEX_WAIT_PRIVATE, 1, NULL <unfinished ...>
85917 sendto(3, "$\0\0\0\0\0\0\0", 8, MSG_NOSIGNAL, NULL, 0 <unfinished ...>
85911 futex(0x59e86ea2ab58, FUTEX_WAIT_BITSET_PRIVATE, 4294967295, NULL, FUTEX_BITSET_MATCH_ANY <unfinished ...>
85917 <... sendto resumed>)             = 8
82782 <... epoll_pwait resumed>[{events=EPOLLIN|EPOLLOUT, data={u32=2948828032, u64=132519869778816}}], 1024, 13, NULL, 8) = 1
85917 sendto(3, "\5\0\0\0\0\0\0\0\0\0\0\0\300i<H\17\376\210f\"\227\f\306\2RH\343\260\\\323i"..., 36, MSG_NOSIGNAL, NULL, 0 <unfinished ...>
82782 recvfrom(28,  <unfinished ...>
85917 <... sendto resumed>)             = 36
82782 <... recvfrom resumed>"$\0\0\0\0\0\0\0", 8, 0, NULL, NULL) = 8
85917 recvfrom(3,  <unfinished ...>
82782 recvfrom(28, "\5\0\0\0\0\0\0\0\0\0\0\0\300i<H\17\376\210f\"\227\f\306\2RH\343\260\\\323i"..., 36, 0, NULL, NULL) = 36
82782 epoll_pwait(4, [{events=EPOLLOUT, data={u32=2948828032, u64=132519869778816}}], 1024, 13, NULL, 8) = 1
82782 epoll_pwait(4, [], 1024, 13, NULL, 8) = 0
82782 epoll_pwait(4, [], 1024, 6, NULL, 8) = 0
82782 futex(0x7886aff952f8, FUTEX_WAKE_PRIVATE, 1) = 1
82768 <... futex resumed>)              = 0
82782 write(5, "\1\0\0\0\0\0\0\0", 8 <unfinished ...>
82768 futex(0x7886ae602a68, FUTEX_WAKE_PRIVATE, 1 <unfinished ...>
82782 <... write resumed>)              = 8
82768 <... futex resumed>)              = 1
82769 <... futex resumed>)              = 0
82782 sendto(26, "\224\0\0\0\0\0\0\0", 8, MSG_NOSIGNAL, NULL, 0 <unfinished ...>
82768 futex(0x7886aff952f8, FUTEX_WAIT_PRIVATE, 1, NULL <unfinished ...>
82769 epoll_pwait(4,  <unfinished ...>
82782 <... sendto resumed>)             = 8
82769 <... epoll_pwait resumed>[{events=EPOLLIN, data={u32=0, u64=0}}], 1024, 19, NULL, 8) = 1
85918 <... recvfrom resumed>"\224\0\0\0\0\0\0\0", 8, 0, NULL, NULL) = 8
82782 sendto(26, "\2\0\0\0\1\0\0\0\0\0\0\0\2\0\0\0\4\0\0\0\0\0\0\0tick\0\0\320A"..., 148, MSG_NOSIGNAL, NULL, 0 <unfinished ...>
85918 recvfrom(3,  <unfinished ...>
82769 epoll_pwait(4,  <unfinished ...>
82782 <... sendto resumed>)             = 148
85918 <... recvfrom resumed>"\2\0\0\0\1\0\0\0\0\0\0\0\2\0\0\0\4\0\0\0\0\0\0\0tick\0\0\320A"..., 148, 0, NULL, NULL) = 148
82782 recvfrom(26,  <unfinished ...>
85918 futex(0x604f584bab58, FUTEX_WAKE_PRIVATE, 1 <unfinished ...>
82782 <... recvfrom resumed>0x7886aff91f10, 8, 0, NULL, NULL) = -1 EAGAIN (Resource temporarily unavailable)
85918 <... futex resumed>)              = 1
82782 futex(0x7886ab202a68, FUTEX_WAIT_PRIVATE, 1, NULL <unfinished ...>
85908 <... futex resumed>)              = 0
85918 sendto(3, "$\0\0\0\0\0\0\0", 8, MSG_NOSIGNAL, NULL, 0 <unfinished ...>
85908 sendto(6, "\257\0\0\0\0\0\0\0", 8, MSG_NOSIGNAL, NULL, 0 <unfinished ...>
85918 <... sendto resumed>)             = 8
82769 <... epoll_pwait resumed>[{events=EPOLLIN|EPOLLOUT, data={u32=2948826496, u64=132519869777280}}], 1024, 19, NULL, 8) = 1
85918 sendto(3, "\5\0\0\0\0\0\0\0\0\0\0\0Pq]M\17\376\210f\34R\37\222\233\34I\366\252\373EP"..., 36, MSG_NOSIGNAL, NULL, 0 <unfinished ...>
85908 <... sendto resumed>)             = 8
82769 recvfrom(26,  <unfinished ...>
85918 <... sendto resumed>)             = 36
85908 sendto(6, "\2\0\0\0\7\0\0\0\0\0\0\0latency\0\0\220\25_M\17\376\210f\34R\37"..., 175, MSG_NOSIGNAL, NULL, 0 <unfinished ...>
82769 <... recvfrom resumed>"$\0\0\0\0\0\0\0", 8, 0, NULL, NULL) = 8
85918 recvfrom(3,  <unfinished ...>
82769 recvfrom(26,  <unfinished ...>
85908 <... sendto resumed>)             = 175
85908 futex(0x604f584bab58, FUTEX_WAIT_BITSET_PRIVATE, 4294967295, NULL, FUTEX_BITSET_MATCH_ANY <unfinished ...>
82769 <... recvfrom resumed>"\5\0\0\0\0\0\0\0\0\0\0\0Pq]M\17\376\210f\34R\37\222\233\34I\366\252\373EP"..., 36, 0, NULL, NULL) = 36
82769 epoll_pwait(4, [{events=EPOLLIN|EPOLLOUT, data={u32=2948832512, u64=132519869783296}}, {events=EPOLLOUT, data={u32=2948826496, u64=132519869777280}}], 1024, 19, NULL, 8) = 2
82769 recvfrom(33, "\257\0\0\0\0\0\0\0", 8, 0, NULL, NULL) = 8
82769 recvfrom(33, "\2\0\0\0\7\0\0\0\0\0\0\0latency\0\0\220\25_M\17\376\210f\34R\37"..., 175, 0, NULL, NULL) = 175
82769 futex(0x7886aff952f8, FUTEX_WAKE_PRIVATE, 1) = 1
82768 <... futex resumed>)              = 0
82769 recvfrom(33,  <unfinished ...>
82768 futex(0x7886ab202a68, FUTEX_WAKE_PRIVATE, 1 <unfinished ...>
82769 <... recvfrom resumed>0x7886afc54c50, 8, 0, NULL, NULL) = -1 EAGAIN (Resource temporarily unavailable)
82782 <... futex resumed>)              = 0
82768 <... futex resumed>)              = 1
82769 sendto(28, "\273\0\0\0\0\0\0\0", 8, MSG_NOSIGNAL, NULL, 0 <unfinished ...>
82782 epoll_pwait(4,  <unfinished ...>
82768 futex(0x7886aff952f8, FUTEX_WAIT_PRIVATE, 1, NULL <unfinished ...>
82769 <... sendto resumed>)             = 8
85917 <... recvfrom resumed>"\273\0\0\0\0\0\0\0", 8, 0, NULL, NULL) = 8
82769 sendto(28, "\2\0\0\0\1\0\0\0\0\0\0\0\2\0\0\0\7\0\0\0\0\0\0\0latency\0"..., 187, MSG_NOSIGNAL, NULL, 0 <unfinished ...>
85917 recvfrom(3,  <unfinished ...>
82769 <... sendto resumed>)             = 187
85917 <... recvfrom resumed>"\2\0\0\0\1\0\0\0\0\0\0\0\2\0\0\0\7\0\0\0\0\0\0\0latency\0"..., 187, 0, NULL, NULL) = 187
82769 recvfrom(28,  <unfinished ...>
85917 futex(0x59e86ea2ab58, FUTEX_WAKE_PRIVATE, 1 <unfinished ...>
82769 <... recvfrom resumed>0x7886aff91ea0, 8, 0, NULL, NULL) = -1 EAGAIN (Resource temporarily unavailable)
85917 <... futex resumed>)              = 1
82769 futex(0x7886ae602a68, FUTEX_WAIT_PRIVATE, 1, NULL <unfinished ...>
85911 <... futex resumed>)              = 0
85917 sendto(3, "$\0\0\0\0\0\0\0", 8, MSG_NOSIGNAL, NULL, 0 <unfinished ...>
85911 futex(0x59e86ea2ab58, FUTEX_WAIT_BITSET_PRIVATE, 4294967295, NULL, FUTEX_BITSET_MATCH_ANY <unfinished ...>
85917 <... sendto resumed>)             = 8
82782 <... epoll_pwait resumed>[{events=EPOLLIN|EPOLLOUT, data={u32=2948828032, u64=132519869778816}}], 1024, 19, NULL, 8) = 1
85917 sendto(3, "\5\0\0\0\0\0\0\0\0\0\0\0\2606\216M\17\376\210f\"\227\f\306\2RH\343\260\\\323i"..., 36, MSG_NOSIGNAL, NULL, 0 <unfinished ...>
82782 recvfrom(28,  <unfinished ...>
85917 <... sendto resumed>)             = 36
82782 <... recvfrom resumed>"$\0\0\0\0\0\0\0", 8, 0, NULL, NULL) = 8
85917 recvfrom(3,  <unfinished ...>
82782 recvfrom(28, "\5\0\0\0\0\0\0\0\0\0\0\0\2606\216M\17\376\210f\"\227\f\306\2RH\343\260\\\323i"..., 36, 0, NULL, NULL) = 36
82782 epoll_pwait(4, [{events=EPOLLOUT, data={u32=2948828032, u64=132519869778816}}], 1024, 18, NULL, 8) = 1
82782 epoll_pwait(4, [], 1024, 18, NULL, 8) = 0
82782 futex(0x7886aff952f8, FUTEX_WAKE_PRIVATE, 1) = 1
82768 <... futex resumed>)              = 0
82782 write(5, "\1\0\0\0\0\0\0\0", 8 <unfinished ...>
82768 futex(0x7886ae602a68, FUTEX_WAKE_PRIVATE, 1 <unfinished ...>
82782 <... write resumed>)              = 8
82768 <... futex resumed>)              = 1
82769 <... futex resumed>)              = 0
82782 sendto(26, "\224\0\0\0\0\0\0\0", 8, MSG_NOSIGNAL, NULL, 0 <unfinished ...>
82768 futex(0x7886aff952f8, FUTEX_WAIT_PRIVATE, 1, NULL <unfinished ...>
82769 epoll_pwait(4,  <unfinished ...>
82782 <... sendto resumed>)             = 8
82769 <... epoll_pwait resumed>[{events=EPOLLIN, data={u32=0, u64=0}}], 1024, 20, NULL, 8) = 1
82782 sendto(26, "\2\0\0\0\1\0\0\0\0\0\0\0\2\0\0\0\4\0\0\0\0\0\0\0tick\0\0`9"..., 148, MSG_NOSIGNAL, NULL, 0 <unfinished ...>
85918 <... recvfrom resumed>"\224\0\0\0\0\0\0\0", 8, 0, NULL, NULL) = 8
82769 epoll_pwait(4,  <unfinished ...>
82782 <... sendto resumed>)             = 148
85918 recvfrom(3,  <unfinished ...>
82782 recvfrom(26, 0x7886aff91f10, 8, 0, NULL, NULL) = -1 EAGAIN (Resource temporarily unavailable)
85918 <... recvfrom resumed>"\2\0\0\0\1\0\0\0\0\0\0\0\2\0\0\0\4\0\0\0\0\0\0\0tick\0\0`9"..., 148, 0, NULL, NULL) = 148
82782 futex(0x7886ab202a68, FUTEX_WAIT_PRIVATE, 1, NULL <unfinished ...>
85918 futex(0x604f584bab58, FUTEX_WAKE_PRIVATE, 1) = 1
85908 <... futex resumed>)              = 0
85918 sendto(3, "$\0\0\0\0\0\0\0", 8, MSG_NOSIGNAL, NULL, 0 <unfinished ...>
85908 sendto(6, "\257\0\0\0\0\0\0\0", 8, MSG_NOSIGNAL, NULL, 0 <unfinished ...>
85918 <... sendto resumed>)             = 8
82769 <... epoll_pwait resumed>[{events=EPOLLIN|EPOLLOUT, data={u32=2948826496, u64=132519869777280}}], 1024, 20, NULL, 8) = 1
85918 sendto(3, "\5\0\0\0\0\0\0\0\0\0\0\0\360\221fR\17\376\210f\34R\37\222\233\34I\366\252\373EP"..., 36, MSG_NOSIGNAL, NULL, 0 <unfinished ...>
85908 <... sendto resumed>)             = 8
82769 recvfrom(26,  <unfinished ...>
85918 <... sendto resumed>)             = 36
85908 sendto(6, "\2\0\0\0\7\0\0\0\0\0\0\0latency\0\0\200\232gR\17\376\210f\34R\37"..., 175, MSG_NOSIGNAL, NULL, 0 <unfinished ...>
82769 <... recvfrom resumed>"$\0\0\0\0\0\0\0", 8, 0, NULL, NULL) = 8
85918 recvfrom(3,  <unfinished ...>
85908 <... sendto resumed>)             = 175
82769 recvfrom(26,  <unfinished ...>
85908 futex(0x604f584bab58, FUTEX_WAIT_BITSET_PRIVATE, 4294967295, NULL, FUTEX_BITSET_MATCH_ANY <unfinished ...>
82769 <... recvfrom resumed>"\5\0\0\0\0\0\0\0\0\0\0\0\360\221fR\17\376\210f\34R\37\222\233\34I\366\252\373EP"..., 36, 0, NULL, NULL) = 36
82769 epoll_pwait(4, [{events=EPOLLIN|EPOLLOUT, data={u32=2948832512, u64=132519869783296}}, {events=EPOLLOUT, data={u32=2948826496, u64=132519869777280}}], 1024, 19, NULL, 8) = 2
82769 recvfrom(33, "\257\0\0\0\0\0\0\0", 8, 0, NULL, NULL) = 8
82769 recvfrom(33, "\2\0\0\0\7\0\0\0\0\0\0\0latency\0\0\200\232gR\17\376\210f\34R\37"..., 175, 0, NULL, NULL) = 175
82769 futex(0x7886aff952f8, FUTEX_WAKE_PRIVATE, 1) = 1
82768 <... futex resumed>)              = 0
82769 recvfrom(33,  <unfinished ...>
82768 futex(0x7886ab202a68, FUTEX_WAKE_PRIVATE, 1 <unfinished ...>
82769 <... recvfrom resumed>0x7886afc54c50, 8, 0, NULL, NULL) = -1 EAGAIN (Resource temporarily unavailable)
82782 <... futex resumed>)              = 0
82768 <... futex resumed>)              = 1
82769 sendto(28, "\273\0\0\0\0\0\0\0", 8, MSG_NOSIGNAL, NULL, 0 <unfinished ...>
82782 epoll_pwait(4,  <unfinished ...>
82768 futex(0x7886aff952f8, FUTEX_WAIT_PRIVATE, 1, NULL <unfinished ...>
82769 <... sendto resumed>)             = 8
85917 <... recvfrom resumed>"\273\0\0\0\0\0\0\0", 8, 0, NULL, NULL) = 8
82769 sendto(28, "\2\0\0\0\1\0\0\0\0\0\0\0\2\0\0\0\7\0\0\0\0\0\0\0latency\0"..., 187, MSG_NOSIGNAL, NULL, 0 <unfinished ...>
85917 recvfrom(3,  <unfinished ...>
82769 <... sendto resumed>)             = 187
85917 <... recvfrom resumed>"\2\0\0\0\1\0\0\0\0\0\0\0\2\0\0\0\7\0\0\0\0\0\0\0latency\0"..., 187, 0, NULL, NULL) = 187
82769 recvfrom(28,  <unfinished ...>
85917 futex(0x59e86ea2ab58, FUTEX_WAKE_PRIVATE, 1 <unfinished ...>
82769 <... recvfrom resumed>0x7886aff91ea0, 8, 0, NULL, NULL) = -1 EAGAIN (Resource temporarily unavailable)
85917 <... futex resumed>)              = 1
82769 futex(0x7886ae602a68, FUTEX_WAIT_PRIVATE, 1, NULL <unfinished ...>
85911 <... futex resumed>)              = 0
85917 sendto(3, "$\0\0\0\0\0\0\0", 8, MSG_NOSIGNAL, NULL, 0 <unfinished ...>
85911 futex(0x59e86ea2ab58, FUTEX_WAIT_BITSET_PRIVATE, 4294967295, NULL, FUTEX_BITSET_MATCH_ANY <unfinished ...>
85917 <... sendto resumed>)             = 8
82782 <... epoll_pwait resumed>[{events=EPOLLIN|EPOLLOUT, data={u32=2948828032, u64=132519869778816}}], 1024, 19, NULL, 8) = 1
85917 sendto(3, "\5\0\0\0\0\0\0\0\0\0\0\0\300_\223R\17\376\210f\"\227\f\306\2RH\343\260\\\323i"..., 36, MSG_NOSIGNAL, NULL, 0 <unfinished ...>
82782 recvfrom(28,  <unfinished ...>
85917 <... sendto resumed>)             = 36
82782 <... recvfrom resumed>"$\0\0\0\0\0\0\0", 8, 0, NULL, NULL) = 8
85917 recvfrom(3,  <unfinished ...>
82782 recvfrom(28, "\5\0\0\0\0\0\0\0\0\0\0\0\300_\223R\17\376\210f\"\227\f\306\2RH\343\260\\\323i"..., 36, 0, NULL, NULL) = 36
82782 epoll_pwait(4, [{events=EPOLLOUT, data={u32=2948828032, u64=132519869778816}}], 1024, 18, NULL, 8) = 1
82782 epoll_pwait(4, [], 1024, 18, NULL, 8) = 0
82782 futex(0x7886aff952f8, FUTEX_WAKE_PRIVATE, 1) = 1
82768 <... futex resumed>)              = 0
82782 write(5, "\1\0\0\0\0\0\0\0", 8 <unfinished ...>
82768 futex(0x7886ae602a68, FUTEX_WAKE_PRIVATE, 1 <unfinished ...>
82782 <... write resumed>)              = 8
82768 <... futex resumed>)              = 1
82769 <... futex resumed>)              = 0
82782 sendto(26, "\224\0\0\0\0\0\0\0", 8, MSG_NOSIGNAL, NULL, 0 <unfinished ...>
82768 futex(0x7886aff952f8, FUTEX_WAIT_PRIVATE, 1, NULL <unfinished ...>
82769 epoll_pwait(4,  <unfinished ...>
82782 <... sendto resumed>)             = 8
82769 <... epoll_pwait resumed>[{events=EPOLLIN, data={u32=0, u64=0}}], 1024, 18, NULL, 8) = 1
85918 <... recvfrom resumed>"\224\0\0\0\0\0\0\0", 8, 0, NULL, NULL) = 8
82782 sendto(26, "\2\0\0\0\1\0\0\0\0\0\0\0\2\0\0\0\4\0\0\0\0\0\0\0tick\0\0\220\231"..., 148, MSG_NOSIGNAL, NULL, 0 <unfinished ...>
85918 recvfrom(3,  <unfinished ...>
82769 epoll_pwait(4,  <unfinished ...>
82782 <... sendto resumed>)             = 148
82782 recvfrom(26,  <unfinished ...>
85918 <... recvfrom resumed>"\2\0\0\0\1\0\0\0\0\0\0\0\2\0\0\0\4\0\0\0\0\0\0\0tick\0\0\220\231"..., 148, 0, NULL, NULL) = 148
82782 <... recvfrom resumed>0x7886aff91f10, 8, 0, NULL, NULL) = -1 EAGAIN (Resource temporarily unavailable)
85918 futex(0x604f584bab58, FUTEX_WAKE_PRIVATE, 1 <unfinished ...>
82782 futex(0x7886ab202a68, FUTEX_WAIT_PRIVATE, 1, NULL <unfinished ...>
85918 <... futex resumed>)              = 1
85908 <... futex resumed>)              = 0
85918 sendto(3, "$\0\0\0\0\0\0\0", 8, MSG_NOSIGNAL, NULL, 0 <unfinished ...>
85908 sendto(6, "\257\0\0\0\0\0\0\0", 8, MSG_NOSIGNAL, NULL, 0 <unfinished ...>
85918 <... sendto resumed>)             = 8
82769 <... epoll_pwait resumed>[{events=EPOLLIN|EPOLLOUT, data={u32=2948826496, u64=132519869777280}}], 1024, 18, NULL, 8) = 1
85918 sendto(3, "\5\0\0\0\0\0\0\0\0\0\0\0P\272gW\17\376\210f\34R\37\222\233\34I\366\252\373EP"..., 36, MSG_NOSIGNAL, NULL, 0 <unfinished ...>
85908 <... sendto resumed>)             = 8
82769 recvfrom(26,  <unfinished ...>
85918 <... sendto resumed>)             = 36
85908 sendto(6, "\2\0\0\0\7\0\0\0\0\0\0\0latency\0\0\200\245hW\17\376\210f\34R\37"..., 175, MSG_NOSIGNAL, NULL, 0 <unfinished ...>
85918 recvfrom(3,  <unfinished ...>
82769 <... recvfrom resumed>"$\0\0\0\0\0\0\0", 8, 0, NULL, NULL) = 8
85908 <... sendto resumed>)             = 175
82769 recvfrom(26,  <unfinished ...>
85908 futex(0x604f584bab58, FUTEX_WAIT_BITSET_PRIVATE, 4294967295, NULL, FUTEX_BITSET_MATCH_ANY <unfinished ...>
82769 <... recvfrom resumed>"\5\0\0\0\0\0\0\0\0\0\0\0P\272gW\17\376\210f\34R\37\222\233\34I\366\252\373EP"..., 36, 0, NULL, NULL) = 36
82769 epoll_pwait(4, [{events=EPOLLIN|EPOLLOUT, data={u32=2948832512, u64=132519869783296}}, {events=EPOLLOUT, data={u32=2948826496, u64=132519869777280}}], 1024, 18, NULL, 8) = 2
82769 recvfrom(33, "\257\0\0\0\0\0\0\0", 8, 0, NULL, NULL) = 8
82769 recvfrom(33, "\2\0\0\0\7\0\0\0\0\0\0\0latency\0\0\200\245hW\17\376\210f\34R\37"..., 175, 0, NULL, NULL) = 175
82769 futex(0x7886aff952f8, FUTEX_WAKE_PRIVATE, 1) = 1
82768 <... futex resumed>)              = 0
82769 recvfrom(33,  <unfinished ...>
82768 futex(0x7886ab202a68, FUTEX_WAKE_PRIVATE, 1 <unfinished ...>
82769 <... recvfrom resumed>0x7886afc54c50, 8, 0, NULL, NULL) = -1 EAGAIN (Resource temporarily unavailable)
82782 <... futex resumed>)              = 0
82768 <... futex resumed>)              = 1
82769 sendto(28, "\273\0\0\0\0\0\0\0", 8, MSG_NOSIGNAL, NULL, 0 <unfinished ...>
82782 epoll_pwait(4,  <unfinished ...>
82768 futex(0x7886aff952f8, FUTEX_WAIT_PRIVATE, 1, NULL <unfinished ...>
85917 <... recvfrom resumed>"\273\0\0\0\0\0\0\0", 8, 0, NULL, NULL) = 8
82769 <... sendto resumed>)             = 8
85917 recvfrom(3,  <unfinished ...>
82769 sendto(28, "\2\0\0\0\1\0\0\0\0\0\0\0\2\0\0\0\7\0\0\0\0\0\0\0latency\0"..., 187, MSG_NOSIGNAL, NULL, 0) = 187
85917 <... recvfrom resumed>"\2\0\0\0\1\0\0\0\0\0\0\0\2\0\0\0\7\0\0\0\0\0\0\0latency\0"..., 187, 0, NULL, NULL) = 187
82769 recvfrom(28,  <unfinished ...>
85917 futex(0x59e86ea2ab58, FUTEX_WAKE_PRIVATE, 1 <unfinished ...>
82769 <... recvfrom resumed>0x7886aff91ea0, 8, 0, NULL, NULL) = -1 EAGAIN (Resource temporarily unavailable)
85917 <... futex resumed>)              = 1
82769 futex(0x7886ae602a68, FUTEX_WAIT_PRIVATE, 1, NULL <unfinished ...>
85911 <... futex resumed>)              = 0
85917 sendto(3, "$\0\0\0\0\0\0\0", 8, MSG_NOSIGNAL, NULL, 0 <unfinished ...>
85911 futex(0x59e86ea2ab58, FUTEX_WAIT_BITSET_PRIVATE, 4294967295, NULL, FUTEX_BITSET_MATCH_ANY <unfinished ...>
