82779 <... epoll_pwait resumed>[{events=EPOLLIN, data={u32=2948900608, u64=132519869851392}}, {events=EPOLLOUT, data={u32=2948830080, u64=132519869780864}}], 1024, 18, NULL, 8) = 2
85923 mmap(0x703f4c000000, 67108864, PROT_NONE, MAP_PRIVATE|MAP_ANONYMOUS, -1, 0 <unfinished ...>
85922 <... mmap resumed>)               = 0x76b600000000
85911 recvfrom(6,  <unfinished ...>
85908 rt_sigprocmask(SIG_BLOCK, ~[],  <unfinished ...>
85923 <... mmap resumed>)               = 0x703f44000000
85922 munmap(0x76b604000000, 67108864 <unfinished ...>
82779 accept4(21,  <unfinished ...>
85923 mprotect(0x703f44000000, 135168, PROT_READ|PROT_WRITE <unfinished ...>
85908 <... rt_sigprocmask resumed>[], 8) = 0
85922 <... munmap resumed>)             = 0
85923 <... mprotect resumed>)           = 0
85908 clone3({flags=CLONE_VM|CLONE_FS|CLONE_FILES|CLONE_SIGHAND|CLONE_THREAD|CLONE_SYSVSEM|CLONE_SETTLS|CLONE_PARENT_SETTID|CLONE_CHILD_CLEARTID, child_tid=0x703f4fa00990, parent_tid=0x703f4fa00990, exit_signal=0, stack=0x703f4f800000, stack_size=0x1ffd00, tls=0x703f4fa006c0} <unfinished ...>
82779 <... accept4 resumed>{sa_family=AF_INET, sin_port=htons(38546), sin_addr=inet_addr("127.0.0.1")}, [128 => 16], SOCK_CLOEXEC|SOCK_NONBLOCK) = 32
85923 sched_getaffinity(85923, 32,  <unfinished ...>
85922 mprotect(0x76b600000000, 135168, PROT_READ|PROT_WRITE <unfinished ...>
85923 <... sched_getaffinity resumed>[0 1 2 3 4 5 6 7 8 9 10 11 12 13 14 15]) = 8
82779 epoll_ctl(6, EPOLL_CTL_ADD, 32, {events=EPOLLIN|EPOLLOUT|EPOLLRDHUP|EPOLLET, data={u32=2948831744, u64=132519869782528}} <unfinished ...>
85923 sendto(5, "\34\0\0\0\0\0\0\0", 8, MSG_NOSIGNAL, NULL, 0 <unfinished ...>
85922 <... mprotect resumed>)           = 0
85924 rseq(0x703f4fa00fe0, 0x20, 0, 0x53053053 <unfinished ...>
82779 <... epoll_ctl resumed>)          = 0
85924 <... rseq resumed>)               = 0
85908 <... clone3 resumed> => {parent_tid=[85924]}, 88) = 85924
85924 set_robust_list(0x703f4fa009a0, 24 <unfinished ...>
85923 <... sendto resumed>)             = 8
85922 sched_getaffinity(85922, 32,  <unfinished ...>
82779 mmap(NULL, 8192, PROT_READ|PROT_WRITE, MAP_PRIVATE|MAP_ANONYMOUS, -1, 0 <unfinished ...>
85924 <... set_robust_list resumed>)    = 0
85923 sendto(5, "\10\0\0\0\340X}\354\r\376\210f\34R\37\222\233\34I\366\252\373EP%<a:", 28, MSG_NOSIGNAL, NULL, 0 <unfinished ...>
85922 <... sched_getaffinity resumed>[0 1 2 3 4 5 6 7 8 9 10 11 12 13 14 15]) = 8
85908 rt_sigprocmask(SIG_SETMASK, [],  <unfinished ...>
85924 rt_sigprocmask(SIG_SETMASK, [],  <unfinished ...>
85923 <... sendto resumed>)             = 28
85922 futex(0x76b61a800990, FUTEX_WAIT_BITSET|FUTEX_CLOCK_REALTIME, 85921, NULL, FUTEX_BITSET_MATCH_ANY <unfinished ...>
82779 <... mmap resumed>)               = 0x7886afc27000
85908 <... rt_sigprocmask resumed>NULL, 8) = 0
85924 <... rt_sigprocmask resumed>NULL, 8) = 0
85923 recvfrom(5,  <unfinished ...>
85924 sigaltstack(NULL,  <unfinished ...>
85908 socket(AF_INET, SOCK_STREAM|SOCK_CLOEXEC, IPPROTO_IP <unfinished ...>
82779 accept4(21,  <unfinished ...>
85924 <... sigaltstack resumed>{ss_sp=NULL, ss_flags=SS_DISABLE, ss_size=0}) = 0
85908 <... socket resumed>)             = 6
85924 mmap(NULL, 12288, PROT_READ|PROT_WRITE, MAP_PRIVATE|MAP_ANONYMOUS|MAP_STACK, -1, 0 <unfinished ...>
82779 <... accept4 resumed>0x7886abdff910, [128], SOCK_CLOEXEC|SOCK_NONBLOCK) = -1 EAGAIN (Resource temporarily unavailable)
85924 <... mmap resumed>)               = 0x703f54f18000
85908 connect(6, {sa_family=AF_INET, sin_port=htons(41963), sin_addr=inet_addr("127.0.0.1")}, 16 <unfinished ...>
85924 mprotect(0x703f54f18000, 4096, PROT_NONE <unfinished ...>
82779 setsockopt(32, SOL_TCP, TCP_NODELAY, [1], 4 <unfinished ...>
85924 <... mprotect resumed>)           = 0
82779 <... setsockopt resumed>)         = 0
85924 sigaltstack({ss_sp=0x703f54f19000, ss_flags=0, ss_size=8192},  <unfinished ...>
85908 <... connect resumed>)            = 0
82779 epoll_pwait(4,  <unfinished ...>
85924 <... sigaltstack resumed>NULL)    = 0
85908 setsockopt(6, SOL_TCP, TCP_NODELAY, [1], 4 <unfinished ...>
85924 mmap(NULL, 134217728, PROT_NONE, MAP_PRIVATE|MAP_ANONYMOUS, -1, 0 <unfinished ...>
82779 <... epoll_pwait resumed>[{events=EPOLLIN|EPOLLOUT, data={u32=2948831744, u64=132519869782528}}, {events=EPOLLIN|EPOLLOUT, data={u32=2948830848, u64=132519869781632}}, {events=EPOLLIN, data={u32=2948900224, u64=132519869851008}}], 1024, 17, NULL, 8) = 3
85924 <... mmap resumed>)               = 0x703f3c000000
85908 <... setsockopt resumed>)         = 0
82779 futex(0x7886ab202a68, FUTEX_WAKE_PRIVATE, 1 <unfinished ...>
85924 munmap(0x703f40000000, 67108864 <unfinished ...>
85908 sendto(6, "R\0\0\0\0\0\0\0", 8, MSG_NOSIGNAL, NULL, 0 <unfinished ...>
82779 <... futex resumed>)              = 1
85924 <... munmap resumed>)             = 0
82782 <... futex resumed>)              = 0
85924 mprotect(0x703f3c000000, 135168, PROT_READ|PROT_WRITE <unfinished ...>
85908 <... sendto resumed>)             = 8
82779 accept4(16,  <unfinished ...>
85924 <... mprotect resumed>)           = 0
85908 sendto(6, "\0\0\0\0\20\0\0\0\0\0\0\0\1\220\207 fMw\301\2254\317\260x\244S\370\t\0\0\0"..., 82, MSG_NOSIGNAL, NULL, 0 <unfinished ...>
82782 futex(0x7886aaa02a68, FUTEX_WAKE_PRIVATE, 1 <unfinished ...>
85924 sched_getaffinity(85924, 32,  <unfinished ...>
82779 <... accept4 resumed>{sa_family=AF_INET, sin_port=htons(56758), sin_addr=inet_addr("127.0.0.1")}, [128 => 16], SOCK_CLOEXEC|SOCK_NONBLOCK) = 33
85924 <... sched_getaffinity resumed>[0 1 2 3 4 5 6 7 8 9 10 11 12 13 14 15]) = 8
85908 <... sendto resumed>)             = 82
82784 <... futex resumed>)              = 0
82782 <... futex resumed>)              = 1
82779 epoll_ctl(6, EPOLL_CTL_ADD, 33, {events=EPOLLIN|EPOLLOUT|EPOLLRDHUP|EPOLLET, data={u32=2948832512, u64=132519869783296}} <unfinished ...>
85924 futex(0x703f4fe00990, FUTEX_WAIT_BITSET|FUTEX_CLOCK_REALTIME, 85923, NULL, FUTEX_BITSET_MATCH_ANY <unfinished ...>
85908 recvfrom(6,  <unfinished ...>
82784 futex(0x7886ae602a68, FUTEX_WAKE_PRIVATE, 1 <unfinished ...>
82782 recvfrom(32,  <unfinished ...>
82784 <... futex resumed>)              = 1
82779 <... epoll_ctl resumed>)          = 0
82784 recvfrom(31,  <unfinished ...>
82782 <... recvfrom resumed>"R\0\0\0\0\0\0\0", 8, 0, NULL, NULL) = 8
82769 <... futex resumed>)              = 0
82784 <... recvfrom resumed>"\34\0\0\0\0\0\0\0", 8, 0, NULL, NULL) = 8
82782 recvfrom(32,  <unfinished ...>
82779 accept4(16,  <unfinished ...>
82784 recvfrom(31,  <unfinished ...>
82782 <... recvfrom resumed>"\0\0\0\0\20\0\0\0\0\0\0\0\1\220\207 fMw\301\2254\317\260x\244S\370\t\0\0\0"..., 82, 0, NULL, NULL) = 82
82769 epoll_pwait(4,  <unfinished ...>
82784 <... recvfrom resumed>"\10\0\0\0\340X}\354\r\376\210f\34R\37\222\233\34I\366\252\373EP%<a:", 28, 0, NULL, NULL) = 28
82779 <... accept4 resumed>0x7886abdff910, [128], SOCK_CLOEXEC|SOCK_NONBLOCK) = -1 EAGAIN (Resource temporarily unavailable)
82782 sendto(32, "\10\0\0\0\0\0\0\0", 8, MSG_NOSIGNAL, NULL, 0 <unfinished ...>
82784 futex(0x7886aaa02a68, FUTEX_WAIT_PRIVATE, 1, NULL <unfinished ...>
82769 <... epoll_pwait resumed>[{events=EPOLLIN|EPOLLOUT, data={u32=2948832512, u64=132519869783296}}], 1024, 17, NULL, 8) = 1
82779 setsockopt(33, SOL_TCP, TCP_NODELAY, [1], 4 <unfinished ...>
85911 <... recvfrom resumed>"\10\0\0\0\0\0\0\0", 8, 0, NULL, NULL) = 8
82782 <... sendto resumed>)             = 8
82769 epoll_pwait(4,  <unfinished ...>
82779 <... setsockopt resumed>)         = 0
85911 recvfrom(6,  <unfinished ...>
82782 sendto(32, "\0\0\0\0\0\0\0\0", 8, MSG_NOSIGNAL, NULL, 0 <unfinished ...>
82779 recvfrom(33,  <unfinished ...>
82782 <... sendto resumed>)             = 8
85911 <... recvfrom resumed>"\0\0\0\0\0\0\0\0", 8, 0, NULL, NULL) = 8
82779 <... recvfrom resumed>"R\0\0\0\0\0\0\0", 8, 0, NULL, NULL) = 8
85911 getrandom( <unfinished ...>
82782 recvfrom(32,  <unfinished ...>
85911 <... getrandom resumed>"\x2c\x8e\x96\x46\x1f\x23\xa8\xe6\xb6\x7a\x24\x8f\x14\x98\xce\xce", 16, 0) = 16
82779 recvfrom(33,  <unfinished ...>
82782 <... recvfrom resumed>0x7886afc54be0, 8, 0, NULL, NULL) = -1 EAGAIN (Resource temporarily unavailable)
82779 <... recvfrom resumed>"\0\0\0\0\20\0\0\0\0\0\0\0\1\220\207 fMw\301\2254\317\260x\244S\370\t\0\0\0"..., 82, 0, NULL, NULL) = 82
82782 futex(0x7886ab202a68, FUTEX_WAIT_PRIVATE, 1, NULL <unfinished ...>
85911 mmap(NULL, 413696, PROT_READ|PROT_WRITE, MAP_PRIVATE|MAP_ANONYMOUS, -1, 0 <unfinished ...>
82779 sendto(33, "\10\0\0\0\0\0\0\0", 8, MSG_NOSIGNAL, NULL, 0 <unfinished ...>
85911 <... mmap resumed>)               = 0x76b61b529000
85911 mmap(NULL, 4100096, PROT_READ|PROT_WRITE, MAP_PRIVATE|MAP_ANONYMOUS, -1, 0 <unfinished ...>
85908 <... recvfrom resumed>"\10\0\0\0\0\0\0\0", 8, 0, NULL, NULL) = 8
85911 <... mmap resumed>)               = 0x76b619e00000
82779 <... sendto resumed>)             = 8
85908 recvfrom(6,  <unfinished ...>
85911 mmap(NULL, 40964096, PROT_READ|PROT_WRITE, MAP_PRIVATE|MAP_ANONYMOUS, -1, 0 <unfinished ...>
82779 sendto(33, "\0\0\0\0\0\0\0\0", 8, MSG_NOSIGNAL, NULL, 0 <unfinished ...>
85911 <... mmap resumed>)               = 0x76b611800000
85908 <... recvfrom resumed>"\0\0\0\0\0\0\0\0", 8, 0, NULL, NULL) = 8
82779 <... sendto resumed>)             = 8
85911 futex(0x59e86ea2ab58, FUTEX_WAIT_BITSET_PRIVATE, 4294967295, NULL, FUTEX_BITSET_MATCH_ANY <unfinished ...>
85908 futex(0x604f584bc588, FUTEX_WAKE_PRIVATE, 1 <unfinished ...>
82779 recvfrom(33,  <unfinished ...>
85908 <... futex resumed>)              = 1
85918 <... futex resumed>)              = 0
82779 <... recvfrom resumed>0x7886aff91ea0, 8, 0, NULL, NULL) = -1 EAGAIN (Resource temporarily unavailable)
85918 sendto(3, "$\0\0\0\0\0\0\0", 8, MSG_NOSIGNAL, NULL, 0 <unfinished ...>
82779 futex(0x7886abe02a68, FUTEX_WAIT_PRIVATE, 1, NULL <unfinished ...>
85918 <... sendto resumed>)             = 8
82769 <... epoll_pwait resumed>[{events=EPOLLIN|EPOLLOUT, data={u32=2948826496, u64=132519869777280}}], 1024, 17, NULL, 8) = 1
85918 sendto(3, "\5\0\0\0\0\0\0\0\0\0\0\0\360\346\304\354\r\376\210f\34R\37\222\233\34I\366\252\373EP"..., 36, MSG_NOSIGNAL, NULL, 0 <unfinished ...>
82769 recvfrom(26,  <unfinished ...>
85918 <... sendto resumed>)             = 36
82769 <... recvfrom resumed>"$\0\0\0\0\0\0\0", 8, 0, NULL, NULL) = 8
85918 recvfrom(3,  <unfinished ...>
82769 recvfrom(26, "\5\0\0\0\0\0\0\0\0\0\0\0\360\346\304\354\r\376\210f\34R\37\222\233\34I\366\252\373EP"..., 36, 0, NULL, NULL) = 36
85908 getrandom( <unfinished ...>
82769 epoll_pwait(4,  <unfinished ...>
85908 <... getrandom resumed>"\x73\xc5\xef\x9c\xdd\xbc\xfa\xf1\x00\x61\x6d\x4a\x2a\xd9\xea\x6e\xe5\xba\xe1\xe1\x87\x85\x59\x17\xf4\xee\x25\x3d\x64\x94\xc1\xc6", 32, 0) = 32
82769 <... epoll_pwait resumed>[{events=EPOLLOUT, data={u32=2948826496, u64=132519869777280}}], 1024, 16, NULL, 8) = 1
82769 epoll_pwait(4,  <unfinished ...>
85908 sendto(6, "\257\0\0\0\0\0\0\0", 8, MSG_NOSIGNAL, NULL, 0) = 8
82769 <... epoll_pwait resumed>[{events=EPOLLIN|EPOLLOUT, data={u32=2948832512, u64=132519869783296}}], 1024, 16, NULL, 8) = 1
85908 sendto(6, "\2\0\0\0\7\0\0\0\0\0\0\0latency\0\0000\243\337\354\r\376\210f\34R\37"..., 175, MSG_NOSIGNAL, NULL, 0 <unfinished ...>
82769 recvfrom(33,  <unfinished ...>
85908 <... sendto resumed>)             = 175
82769 <... recvfrom resumed>"\257\0\0\0\0\0\0\0", 8, 0, NULL, NULL) = 8
85908 futex(0x604f584bab58, FUTEX_WAIT_BITSET_PRIVATE, 4294967295, NULL, FUTEX_BITSET_MATCH_ANY <unfinished ...>
82769 recvfrom(33, "\2\0\0\0\7\0\0\0\0\0\0\0latency\0\0000\243\337\354\r\376\210f\34R\37"..., 175, 0, NULL, NULL) = 175
82769 futex(0x7886aff952f8, FUTEX_WAKE_PRIVATE, 1) = 1
82768 <... futex resumed>)              = 0
82769 recvfrom(33,  <unfinished ...>
82768 futex(0x7886ab202a68, FUTEX_WAKE_PRIVATE, 1 <unfinished ...>
82769 <... recvfrom resumed>0x7886aff91f10, 8, 0, NULL, NULL) = -1 EAGAIN (Resource temporarily unavailable)
82768 <... futex resumed>)              = 1
82782 <... futex resumed>)              = 0
82769 sendto(28, "\273\0\0\0\0\0\0\0", 8, MSG_NOSIGNAL, NULL, 0 <unfinished ...>
82768 futex(0x7886aff952f8, FUTEX_WAIT_PRIVATE, 1, NULL <unfinished ...>
82782 epoll_pwait(4, [{events=EPOLLOUT, data={u32=2948832512, u64=132519869783296}}], 1024, 16, NULL, 8) = 1
82769 <... sendto resumed>)             = 8
85917 <... recvfrom resumed>"\273\0\0\0\0\0\0\0", 8, 0, NULL, NULL) = 8
82782 epoll_pwait(4,  <unfinished ...>
82769 sendto(28, "\2\0\0\0\1\0\0\0\0\0\0\0\2\0\0\0\7\0\0\0\0\0\0\0latency\0"..., 187, MSG_NOSIGNAL, NULL, 0 <unfinished ...>
85917 recvfrom(3,  <unfinished ...>
82769 <... sendto resumed>)             = 187
85917 <... recvfrom resumed>"\2\0\0\0\1\0\0\0\0\0\0\0\2\0\0\0\7\0\0\0\0\0\0\0latency\0"..., 187, 0, NULL, NULL) = 187
82769 recvfrom(28,  <unfinished ...>
85917 futex(0x59e86ea2ab58, FUTEX_WAKE_PRIVATE, 1 <unfinished ...>
82769 <... recvfrom resumed>0x7886afc54c50, 8, 0, NULL, NULL) = -1 EAGAIN (Resource temporarily unavailable)
85917 <... futex resumed>)              = 1
85911 <... futex resumed>)              = 0
82769 futex(0x7886ae602a68, FUTEX_WAIT_PRIVATE, 1, NULL <unfinished ...>
85917 futex(0x59e86ea2aa50, FUTEX_WAKE_PRIVATE, 1 <unfinished ...>
85911 futex(0x59e86ea2aa50, FUTEX_WAIT_BITSET_PRIVATE, 2, NULL, FUTEX_BITSET_MATCH_ANY <unfinished ...>
85917 <... futex resumed>)              = 0
85911 <... futex resumed>)              = -1 EAGAIN (Resource temporarily unavailable)
85917 sendto(3, "$\0\0\0\0\0\0\0", 8, MSG_NOSIGNAL, NULL, 0 <unfinished ...>
85911 futex(0x59e86ea2aa50, FUTEX_WAKE_PRIVATE, 1) = 0
85917 <... sendto resumed>)             = 8
82782 <... epoll_pwait resumed>[{events=EPOLLIN|EPOLLOUT, data={u32=2948828032, u64=132519869778816}}], 1024, 16, NULL, 8) = 1
85917 sendto(3, "\5\0\0\0\0\0\0\0\0\0\0\0\320\350\372\354\r\376\210f\"\227\f\306\2RH\343\260\\\323i"..., 36, MSG_NOSIGNAL, NULL, 0 <unfinished ...>
82782 recvfrom(28,  <unfinished ...>
85917 <... sendto resumed>)             = 36
82782 <... recvfrom resumed>"$\0\0\0\0\0\0\0", 8, 0, NULL, NULL) = 8
85917 recvfrom(3,  <unfinished ...>
82782 recvfrom(28, "\5\0\0\0\0\0\0\0\0\0\0\0\320\350\372\354\r\376\210f\"\227\f\306\2RH\343\260\\\323i"..., 36, 0, NULL, NULL) = 36
82782 epoll_pwait(4, [{events=EPOLLOUT, data={u32=2948828032, u64=132519869778816}}], 1024, 15, NULL, 8) = 1
82782 epoll_pwait(4,  <unfinished ...>
85911 futex(0x59e86ea2ab58, FUTEX_WAIT_BITSET_PRIVATE, 4294967295, NULL, FUTEX_BITSET_MATCH_ANY <unfinished ...>
82782 <... epoll_pwait resumed>[], 1024, 15, NULL, 8) = 0
82782 futex(0x7886aff952f8, FUTEX_WAKE_PRIVATE, 1) = 1
82768 <... futex resumed>)              = 0
82782 write(5, "\1\0\0\0\0\0\0\0", 8 <unfinished ...>
82768 futex(0x7886ae602a68, FUTEX_WAKE_PRIVATE, 1 <unfinished ...>
82782 <... write resumed>)              = 8
82769 <... futex resumed>)              = 0
82768 <... futex resumed>)              = 1
82782 sendto(26, "\224\0\0\0\0\0\0\0", 8, MSG_NOSIGNAL, NULL, 0 <unfinished ...>
82769 epoll_pwait(4,  <unfinished ...>
82768 futex(0x7886aff952f8, FUTEX_WAIT_PRIVATE, 1, NULL <unfinished ...>
82769 <... epoll_pwait resumed>[{events=EPOLLIN, data={u32=0, u64=0}}], 1024, 10, NULL, 8) = 1
82782 <... sendto resumed>)             = 8
82769 epoll_pwait(4,  <unfinished ...>
85918 <... recvfrom resumed>"\224\0\0\0\0\0\0\0", 8, 0, NULL, NULL) = 8
82782 sendto(26, "\2\0\0\0\1\0\0\0\0\0\0\0\2\0\0\0\4\0\0\0\0\0\0\0tick\0\0\2200"..., 148, MSG_NOSIGNAL, NULL, 0 <unfinished ...>
85918 recvfrom(3,  <unfinished ...>
82782 <... sendto resumed>)             = 148
85918 <... recvfrom resumed>"\2\0\0\0\1\0\0\0\0\0\0\0\2\0\0\0\4\0\0\0\0\0\0\0tick\0\0\2200"..., 148, 0, NULL, NULL) = 148
82782 recvfrom(26,  <unfinished ...>
85918 futex(0x604f584bab58, FUTEX_WAKE_PRIVATE, 1 <unfinished ...>
82782 <... recvfrom resumed>0x7886aff91ea0, 8, 0, NULL, NULL) = -1 EAGAIN (Resource temporarily unavailable)
85918 <... futex resumed>)              = 1
85908 <... futex resumed>)              = 0
82782 futex(0x7886ab202a68, FUTEX_WAIT_PRIVATE, 1, NULL <unfinished ...>
85918 sendto(3, "$\0\0\0\0\0\0\0", 8, MSG_NOSIGNAL, NULL, 0 <unfinished ...>
85908 sendto(6, "\257\0\0\0\0\0\0\0", 8, MSG_NOSIGNAL, NULL, 0 <unfinished ...>
85918 <... sendto resumed>)             = 8
82769 <... epoll_pwait resumed>[{events=EPOLLIN|EPOLLOUT, data={u32=2948826496, u64=132519869777280}}], 1024, 10, NULL, 8) = 1
85918 sendto(3, "\5\0\0\0\0\0\0\0\0\0\0\0\340\356\373\360\r\376\210f\34R\37\222\233\34I\366\252\373EP"..., 36, MSG_NOSIGNAL, NULL, 0 <unfinished ...>
85908 <... sendto resumed>)             = 8
82769 recvfrom(26,  <unfinished ...>
85918 <... sendto resumed>)             = 36
85908 sendto(6, "\2\0\0\0\7\0\0\0\0\0\0\0latency\0\0\360G\375\360\r\376\210f\34R\37"..., 175, MSG_NOSIGNAL, NULL, 0 <unfinished ...>
85918 recvfrom(3,  <unfinished ...>
82769 <... recvfrom resumed>"$\0\0\0\0\0\0\0", 8, 0, NULL, NULL) = 8
85908 <... sendto resumed>)             = 175
82769 recvfrom(26,  <unfinished ...>
85908 futex(0x604f584bab58, FUTEX_WAIT_BITSET_PRIVATE, 4294967295, NULL, FUTEX_BITSET_MATCH_ANY <unfinished ...>
82769 <... recvfrom resumed>"\5\0\0\0\0\0\0\0\0\0\0\0\340\356\373\360\r\376\210f\34R\37\222\233\34I\366\252\373EP"..., 36, 0, NULL, NULL) = 36
82769 epoll_pwait(4, [{events=EPOLLIN|EPOLLOUT, data={u32=2948832512, u64=132519869783296}}, {events=EPOLLOUT, data={u32=2948826496, u64=132519869777280}}], 1024, 10, NULL, 8) = 2
82769 recvfrom(33, "\257\0\0\0\0\0\0\0", 8, 0, NULL, NULL) = 8
82769 recvfrom(33, "\2\0\0\0\7\0\0\0\0\0\0\0latency\0\0\360G\375\360\r\376\210f\34R\37"..., 175, 0, NULL, NULL) = 175
82769 futex(0x7886aff952f8, FUTEX_WAKE_PRIVATE, 1) = 1
82768 <... futex resumed>)              = 0
82769 recvfrom(33,  <unfinished ...>
82768 futex(0x7886ab202a68, FUTEX_WAKE_PRIVATE, 1 <unfinished ...>
82769 <... recvfrom resumed>0x7886afc54c50, 8, 0, NULL, NULL) = -1 EAGAIN (Resource temporarily unavailable)
82782 <... futex resumed>)              = 0
82768 <... futex resumed>)              = 1
82769 sendto(28, "\273\0\0\0\0\0\0\0", 8, MSG_NOSIGNAL, NULL, 0 <unfinished ...>
82782 epoll_pwait(4,  <unfinished ...>
82768 futex(0x7886aff952f8, FUTEX_WAIT_PRIVATE, 1, NULL <unfinished ...>
82769 <... sendto resumed>)             = 8
85917 <... recvfrom resumed>"\273\0\0\0\0\0\0\0", 8, 0, NULL, NULL) = 8
82769 sendto(28, "\2\0\0\0\1\0\0\0\0\0\0\0\2\0\0\0\7\0\0\0\0\0\0\0latency\0"..., 187, MSG_NOSIGNAL, NULL, 0 <unfinished ...>
85917 recvfrom(3,  <unfinished ...>
82769 <... sendto resumed>)             = 187
85917 <... recvfrom resumed>"\2\0\0\0\1\0\0\0\0\0\0\0\2\0\0\0\7\0\0\0\0\0\0\0latency\0"..., 187, 0, NULL, NULL) = 187
82769 recvfrom(28, 0x7886aff91ea0, 8, 0, NULL, NULL) = -1 EAGAIN (Resource temporarily unavailable)
85917 futex(0x59e86ea2ab58, FUTEX_WAKE_PRIVATE, 1 <unfinished ...>
82769 futex(0x7886ae602a68, FUTEX_WAIT_PRIVATE, 1, NULL <unfinished ...>
85917 <... futex resumed>)              = 1
85911 <... futex resumed>)              = 0
85917 sendto(3, "$\0\0\0\0\0\0\0", 8, MSG_NOSIGNAL, NULL, 0 <unfinished ...>
85911 futex(0x59e86ea2ab58, FUTEX_WAIT_BITSET_PRIVATE, 4294967295, NULL, FUTEX_BITSET_MATCH_ANY <unfinished ...>
85917 <... sendto resumed>)             = 8
82782 <... epoll_pwait resumed>[{events=EPOLLIN|EPOLLOUT, data={u32=2948828032, u64=132519869778816}}], 1024, 10, NULL, 8) = 1
85917 sendto(3, "\5\0\0\0\0\0\0\0\0\0\0\0\220\7\37\361\r\376\210f\"\227\f\306\2RH\343\260\\\323i"..., 36, MSG_NOSIGNAL, NULL, 0 <unfinished ...>
82782 recvfrom(28,  <unfinished ...>
85917 <... sendto resumed>)             = 36
82782 <... recvfrom resumed>"$\0\0\0\0\0\0\0", 8, 0, NULL, NULL) = 8
85917 recvfrom(3,  <unfinished ...>
82782 recvfrom(28, "\5\0\0\0\0\0\0\0\0\0\0\0\220\7\37\361\r\376\210f\"\227\f\306\2RH\343\260\\\323i"..., 36, 0, NULL, NULL) = 36
82782 epoll_pwait(4, [{events=EPOLLOUT, data={u32=2948828032, u64=132519869778816}}], 1024, 9, NULL, 8) = 1
82782 epoll_pwait(4, [], 1024, 9, NULL, 8) = 0
82782 epoll_pwait(4, [], 1024, 10, NULL, 8) = 0
82782 futex(0x7886aff952f8, FUTEX_WAKE_PRIVATE, 1) = 1
82768 <... futex resumed>)              = 0
82782 write(5, "\1\0\0\0\0\0\0\0", 8 <unfinished ...>
82768 futex(0x7886ae602a68, FUTEX_WAKE_PRIVATE, 1 <unfinished ...>
82782 <... write resumed>)              = 8
82768 <... futex resumed>)              = 1
82769 <... futex resumed>)              = 0
82782 sendto(26, "\224\0\0\0\0\0\0\0", 8, MSG_NOSIGNAL, NULL, 0 <unfinished ...>
82768 futex(0x7886aff952f8, FUTEX_WAIT_PRIVATE, 1, NULL <unfinished ...>
82769 epoll_pwait(4,  <unfinished ...>
82782 <... sendto resumed>)             = 8
82769 <... epoll_pwait resumed>[{events=EPOLLIN, data={u32=0, u64=0}}], 1024, 20, NULL, 8) = 1
85918 <... recvfrom resumed>"\224\0\0\0\0\0\0\0", 8, 0, NULL, NULL) = 8
82782 sendto(26, "\2\0\0\0\1\0\0\0\0\0\0\0\2\0\0\0\4\0\0\0\0\0\0\0tick\0\0\340p"..., 148, MSG_NOSIGNAL, NULL, 0 <unfinished ...>
85918 recvfrom(3,  <unfinished ...>
82769 epoll_pwait(4,  <unfinished ...>
82782 <... sendto resumed>)             = 148
85918 <... recvfrom resumed>"\2\0\0\0\1\0\0\0\0\0\0\0\2\0\0\0\4\0\0\0\0\0\0\0tick\0\0\340p"..., 148, 0, NULL, NULL) = 148
82782 recvfrom(26,  <unfinished ...>
85918 futex(0x604f584bab58, FUTEX_WAKE_PRIVATE, 1 <unfinished ...>
82782 <... recvfrom resumed>0x7886aff91f10, 8, 0, NULL, NULL) = -1 EAGAIN (Resource temporarily unavailable)
85918 <... futex resumed>)              = 1
85908 <... futex resumed>)              = 0
82782 futex(0x7886ab202a68, FUTEX_WAIT_PRIVATE, 1, NULL <unfinished ...>
85918 sendto(3, "$\0\0\0\0\0\0\0", 8, MSG_NOSIGNAL, NULL, 0 <unfinished ...>
85908 sendto(6, "\257\0\0\0\0\0\0\0", 8, MSG_NOSIGNAL, NULL, 0 <unfinished ...>
85918 <... sendto resumed>)             = 8
82769 <... epoll_pwait resumed>[{events=EPOLLIN|EPOLLOUT, data={u32=2948826496, u64=132519869777280}}], 1024, 20, NULL, 8) = 1
85918 sendto(3, "\5\0\0\0\0\0\0\0\0\0\0\0P!;\366\r\376\210f\34R\37\222\233\34I\366\252\373EP"..., 36, MSG_NOSIGNAL, NULL, 0 <unfinished ...>
85908 <... sendto resumed>)             = 8
82769 recvfrom(26,  <unfinished ...>
85918 <... sendto resumed>)             = 36
85908 sendto(6, "\2\0\0\0\7\0\0\0\0\0\0\0latency\0\0\260\207<\366\r\376\210f\34R\37"..., 175, MSG_NOSIGNAL, NULL, 0 <unfinished ...>
85918 recvfrom(3,  <unfinished ...>
82769 <... recvfrom resumed>"$\0\0\0\0\0\0\0", 8, 0, NULL, NULL) = 8
85908 <... sendto resumed>)             = 175
82769 recvfrom(26,  <unfinished ...>
85908 futex(0x604f584bab58, FUTEX_WAIT_BITSET_PRIVATE, 4294967295, NULL, FUTEX_BITSET_MATCH_ANY <unfinished ...>
82769 <... recvfrom resumed>"\5\0\0\0\0\0\0\0\0\0\0\0P!;\366\r\376\210f\34R\37\222\233\34I\366\252\373EP"..., 36, 0, NULL, NULL) = 36
82769 epoll_pwait(4, [{events=EPOLLIN|EPOLLOUT, data={u32=2948832512, u64=132519869783296}}, {events=EPOLLOUT, data={u32=2948826496, u64=132519869777280}}], 1024, 19, NULL, 8) = 2
82769 recvfrom(33, "\257\0\0\0\0\0\0\0", 8, 0, NULL, NULL) = 8
82769 recvfrom(33, "\2\0\0\0\7\0\0\0\0\0\0\0latency\0\0\260\207<\366\r\376\210f\34R\37"..., 175, 0, NULL, NULL) = 175
82769 futex(0x7886aff952f8, FUTEX_WAKE_PRIVATE, 1) = 1
82768 <... futex resumed>)              = 0
82769 recvfrom(33, 0x7886afc54c50, 8, 0, NULL, NULL) = -1 EAGAIN (Resource temporarily unavailable)
82768 futex(0x7886ab202a68, FUTEX_WAKE_PRIVATE, 1 <unfinished ...>
82769 sendto(28, "\273\0\0\0\0\0\0\0", 8, MSG_NOSIGNAL, NULL, 0 <unfinished ...>
82768 <... futex resumed>)              = 1
82782 <... futex resumed>)              = 0
82769 <... sendto resumed>)             = 8
82768 futex(0x7886aff952f8, FUTEX_WAIT_PRIVATE, 1, NULL <unfinished ...>
85917 <... recvfrom resumed>"\273\0\0\0\0\0\0\0", 8, 0, NULL, NULL) = 8
82782 epoll_pwait(4,  <unfinished ...>
82769 sendto(28, "\2\0\0\0\1\0\0\0\0\0\0\0\2\0\0\0\7\0\0\0\0\0\0\0latency\0"..., 187, MSG_NOSIGNAL, NULL, 0 <unfinished ...>
85917 recvfrom(3,  <unfinished ...>
82769 <... sendto resumed>)             = 187
85917 <... recvfrom resumed>"\2\0\0\0\1\0\0\0\0\0\0\0\2\0\0\0\7\0\0\0\0\0\0\0latency\0"..., 187, 0, NULL, NULL) = 187
82769 recvfrom(28, 0x7886aff91ea0, 8, 0, NULL, NULL) = -1 EAGAIN (Resource temporarily unavailable)
85917 futex(0x59e86ea2ab58, FUTEX_WAKE_PRIVATE, 1 <unfinished ...>
82769 futex(0x7886ae602a68, FUTEX_WAIT_PRIVATE, 1, NULL <unfinished ...>
85917 <... futex resumed>)              = 1
85911 <... futex resumed>)              = 0
85917 sendto(3, "$\0\0\0\0\0\0\0", 8, MSG_NOSIGNAL, NULL, 0 <unfinished ...>
85911 futex(0x59e86ea2ab58, FUTEX_WAIT_BITSET_PRIVATE, 4294967295, NULL, FUTEX_BITSET_MATCH_ANY <unfinished ...>
85917 <... sendto resumed>)             = 8
82782 <... epoll_pwait resumed>[{events=EPOLLIN|EPOLLOUT, data={u32=2948828032, u64=132519869778816}}], 1024, 19, NULL, 8) = 1
85917 sendto(3, "\5\0\0\0\0\0\0\0\0\0\0\0000?t\366\r\376\210f\"\227\f\306\2RH\343\260\\\323i"..., 36, MSG_NOSIGNAL, NULL, 0 <unfinished ...>
82782 recvfrom(28,  <unfinished ...>
85917 <... sendto resumed>)             = 36
82782 <... recvfrom resumed>"$\0\0\0\0\0\0\0", 8, 0, NULL, NULL) = 8
85917 recvfrom(3,  <unfinished ...>
82782 recvfrom(28, "\5\0\0\0\0\0\0\0\0\0\0\0000?t\366\r\376\210f\"\227\f\306\2RH\343\260\\\323i"..., 36, 0, NULL, NULL) = 36
82782 epoll_pwait(4, [{events=EPOLLOUT, data={u32=2948828032, u64=132519869778816}}], 1024, 18, NULL, 8) = 1
82782 epoll_pwait(4, [], 1024, 18, NULL, 8) = 0
82782 futex(0x7886aff952f8, FUTEX_WAKE_PRIVATE, 1) = 1
82768 <... futex resumed>)              = 0
82782 write(5, "\1\0\0\0\0\0\0\0", 8)   = 8
82768 futex(0x7886ae602a68, FUTEX_WAKE_PRIVATE, 1 <unfinished ...>
82782 sendto(26, "\224\0\0\0\0\0\0\0", 8, MSG_NOSIGNAL, NULL, 0 <unfinished ...>
82768 <... futex resumed>)              = 1
82769 <... futex resumed>)              = 0
82769 epoll_pwait(4,  <unfinished ...>
82782 <... sendto resumed>)             = 8
82768 futex(0x7886aff952f8, FUTEX_WAIT_PRIVATE, 1, NULL <unfinished ...>
85918 <... recvfrom resumed>"\224\0\0\0\0\0\0\0", 8, 0, NULL, NULL) = 8
82782 sendto(26, "\2\0\0\0\1\0\0\0\0\0\0\0\2\0\0\0\4\0\0\0\0\0\0\0tick\0\0\20\256"..., 148, MSG_NOSIGNAL, NULL, 0 <unfinished ...>
82769 <... epoll_pwait resumed>[{events=EPOLLIN, data={u32=0, u64=0}}], 1024, 20, NULL, 8) = 1
85918 recvfrom(3,  <unfinished ...>
82782 <... sendto resumed>)             = 148
82769 epoll_pwait(4,  <unfinished ...>
82782 recvfrom(26,  <unfinished ...>
85918 <... recvfrom resumed>"\2\0\0\0\1\0\0\0\0\0\0\0\2\0\0\0\4\0\0\0\0\0\0\0tick\0\0\20\256"..., 148, 0, NULL, NULL) = 148
82782 <... recvfrom resumed>0x7886aff91f10, 8, 0, NULL, NULL) = -1 EAGAIN (Resource temporarily unavailable)
85918 futex(0x604f584bab58, FUTEX_WAKE_PRIVATE, 1 <unfinished ...>
82782 futex(0x7886ab202a68, FUTEX_WAIT_PRIVATE, 1, NULL <unfinished ...>
85918 <... futex resumed>)              = 1
85908 <... futex resumed>)              = 0
85918 sendto(3, "$\0\0\0\0\0\0\0", 8, MSG_NOSIGNAL, NULL, 0 <unfinished ...>
85908 sendto(6, "\257\0\0\0\0\0\0\0", 8, MSG_NOSIGNAL, NULL, 0 <unfinished ...>
85918 <... sendto resumed>)             = 8
82769 <... epoll_pwait resumed>[{events=EPOLLIN|EPOLLOUT, data={u32=2948826496, u64=132519869777280}}], 1024, 20, NULL, 8) = 1
85918 sendto(3, "\5\0\0\0\0\0\0\0\0\0\0\0@CE\373\r\376\210f\34R\37\222\233\34I\366\252\373EP"..., 36, MSG_NOSIGNAL, NULL, 0 <unfinished ...>
85908 <... sendto resumed>)             = 8
82769 recvfrom(26,  <unfinished ...>
85908 sendto(6, "\2\0\0\0\7\0\0\0\0\0\0\0latency\0\0\260uF\373\r\376\210f\34R\37"..., 175, MSG_NOSIGNAL, NULL, 0 <unfinished ...>
85918 <... sendto resumed>)             = 36
82769 <... recvfrom resumed>"$\0\0\0\0\0\0\0", 8, 0, NULL, NULL) = 8
85918 recvfrom(3,  <unfinished ...>
85908 <... sendto resumed>)             = 175
82769 recvfrom(26,  <unfinished ...>
85908 futex(0x604f584bab58, FUTEX_WAIT_BITSET_PRIVATE, 4294967295, NULL, FUTEX_BITSET_MATCH_ANY <unfinished ...>
82769 <... recvfrom resumed>"\5\0\0\0\0\0\0\0\0\0\0\0@CE\373\r\376\210f\34R\37\222\233\34I\366\252\373EP"..., 36, 0, NULL, NULL) = 36
82769 epoll_pwait(4, [{events=EPOLLIN|EPOLLOUT, data={u32=2948832512, u64=132519869783296}}, {events=EPOLLOUT, data={u32=2948826496, u64=132519869777280}}], 1024, 19, NULL, 8) = 2
82769 recvfrom(33, "\257\0\0\0\0\0\0\0", 8, 0, NULL, NULL) = 8
82769 recvfrom(33, "\2\0\0\0\7\0\0\0\0\0\0\0latency\0\0\260uF\373\r\376\210f\34R\37"..., 175, 0, NULL, NULL) = 175
82769 futex(0x7886aff952f8, FUTEX_WAKE_PRIVATE, 1) = 1
82768 <... futex resumed>)              = 0
82769 recvfrom(33, 0x7886afc54c50, 8, 0, NULL, NULL) = -1 EAGAIN (Resource temporarily unavailable)
82768 futex(0x7886ab202a68, FUTEX_WAKE_PRIVATE, 1 <unfinished ...>
82769 sendto(28, "\273\0\0\0\0\0\0\0", 8, MSG_NOSIGNAL, NULL, 0 <unfinished ...>
82768 <... futex resumed>)              = 1
82782 <... futex resumed>)              = 0
82782 epoll_pwait(4,  <unfinished ...>
82769 <... sendto resumed>)             = 8
82768 futex(0x7886aff952f8, FUTEX_WAIT_PRIVATE, 1, NULL <unfinished ...>
85917 <... recvfrom resumed>"\273\0\0\0\0\0\0\0", 8, 0, NULL, NULL) = 8
82769 sendto(28, "\2\0\0\0\1\0\0\0\0\0\0\0\2\0\0\0\7\0\0\0\0\0\0\0latency\0"..., 187, MSG_NOSIGNAL, NULL, 0 <unfinished ...>
85917 recvfrom(3,  <unfinished ...>
82769 <... sendto resumed>)             = 187
85917 <... recvfrom resumed>"\2\0\0\0\1\0\0\0\0\0\0\0\2\0\0\0\7\0\0\0\0\0\0\0latency\0"..., 187, 0, NULL, NULL) = 187
82769 recvfrom(28, 0x7886aff91ea0, 8, 0, NULL, NULL) = -1 EAGAIN (Resource temporarily unavailable)
85917 futex(0x59e86ea2ab58, FUTEX_WAKE_PRIVATE, 1 <unfinished ...>
82769 futex(0x7886ae602a68, FUTEX_WAIT_PRIVATE, 1, NULL <unfinished ...>
85917 <... futex resumed>)              = 1
85911 <... futex resumed>)              = 0
85917 sendto(3, "$\0\0\0\0\0\0\0", 8, MSG_NOSIGNAL, NULL, 0 <unfinished ...>
85911 futex(0x59e86ea2ab58, FUTEX_WAIT_BITSET_PRIVATE, 4294967295, NULL, FUTEX_BITSET_MATCH_ANY <unfinished ...>
85917 <... sendto resumed>)             = 8
82782 <... epoll_pwait resumed>[{events=EPOLLIN|EPOLLOUT, data={u32=2948828032, u64=132519869778816}}], 1024, 19, NULL, 8) = 1
85917 sendto(3, "\5\0\0\0\0\0\0\0\0\0\0\0\0\271\206\373\r\376\210f\"\227\f\306\2RH\343\260\\\323i"..., 36, MSG_NOSIGNAL, NULL, 0 <unfinished ...>
82782 recvfrom(28,  <unfinished ...>
85917 <... sendto resumed>)             = 36
82782 <... recvfrom resumed>"$\0\0\0\0\0\0\0", 8, 0, NULL, NULL) = 8
85917 recvfrom(3,  <unfinished ...>
82782 recvfrom(28, "\5\0\0\0\0\0\0\0\0\0\0\0\0\271\206\373\r\376\210f\"\227\f\306\2RH\343\260\\\323i"..., 36, 0, NULL, NULL) = 36
82782 epoll_pwait(4, [{events=EPOLLOUT, data={u32=2948828032, u64=132519869778816}}], 1024, 19, NULL, 8) = 1
82782 epoll_pwait(4, [], 1024, 19, NULL, 8) = 0
82782 futex(0x7886aff952f8, FUTEX_WAKE_PRIVATE, 1) = 1
82768 <... futex resumed>)              = 0
82782 write(5, "\1\0\0\0\0\0\0\0", 8 <unfinished ...>
82768 futex(0x7886ae602a68, FUTEX_WAKE_PRIVATE, 1 <unfinished ...>
82782 <... write resumed>)              = 8
82768 <... futex resumed>)              = 1
82769 <... futex resumed>)              = 0
82782 sendto(26, "\224\0\0\0\0\0\0\0", 8, MSG_NOSIGNAL, NULL, 0 <unfinished ...>
82768 futex(0x7886aff952f8, FUTEX_WAIT_PRIVATE, 1, NULL <unfinished ...>
82769 epoll_pwait(4,  <unfinished ...>
82782 <... sendto resumed>)             = 8
82769 <... epoll_pwait resumed>[{events=EPOLLIN, data={u32=0, u64=0}}], 1024, 13, NULL, 8) = 1
85918 <... recvfrom resumed>"\224\0\0\0\0\0\0\0", 8, 0, NULL, NULL) = 8
82782 sendto(26, "\2\0\0\0\1\0\0\0\0\0\0\0\2\0\0\0\4\0\0\0\0\0\0\0tick\0\0\0n"..., 148, MSG_NOSIGNAL, NULL, 0 <unfinished ...>
82769 epoll_pwait(4,  <unfinished ...>
85918 recvfrom(3,  <unfinished ...>
82782 <... sendto resumed>)             = 148
85918 <... recvfrom resumed>"\2\0\0\0\1\0\0\0\0\0\0\0\2\0\0\0\4\0\0\0\0\0\0\0tick\0\0\0n"..., 148, 0, NULL, NULL) = 148
82782 recvfrom(26,  <unfinished ...>
85918 futex(0x604f584bab58, FUTEX_WAKE_PRIVATE, 1 <unfinished ...>
82782 <... recvfrom resumed>0x7886aff91f10, 8, 0, NULL, NULL) = -1 EAGAIN (Resource temporarily unavailable)
85918 <... futex resumed>)              = 1
85908 <... futex resumed>)              = 0
82782 futex(0x7886ab202a68, FUTEX_WAIT_PRIVATE, 1, NULL <unfinished ...>
85918 sendto(3, "$\0\0\0\0\0\0\0", 8, MSG_NOSIGNAL, NULL, 0 <unfinished ...>
85908 sendto(6, "\257\0\0\0\0\0\0\0", 8, MSG_NOSIGNAL, NULL, 0 <unfinished ...>
85918 <... sendto resumed>)             = 8
82769 <... epoll_pwait resumed>[{events=EPOLLIN|EPOLLOUT, data={u32=2948826496, u64=132519869777280}}], 1024, 13, NULL, 8) = 1
85918 sendto(3, "\5\0\0\0\0\0\0\0\0\0\0\0\340\22\236\0\16\376\210f\34R\37\222\233\34I\366\252\373EP"..., 36, MSG_NOSIGNAL, NULL, 0 <unfinished ...>
85908 <... sendto resumed>)             = 8
82769 recvfrom(26,  <unfinished ...>
85918 <... sendto resumed>)             = 36
85908 sendto(6, "\2\0\0\0\7\0\0\0\0\0\0\0latency\0\0@h\237\0\16\376\210f\34R\37"..., 175, MSG_NOSIGNAL, NULL, 0 <unfinished ...>
85918 recvfrom(3,  <unfinished ...>
82769 <... recvfrom resumed>"$\0\0\0\0\0\0\0", 8, 0, NULL, NULL) = 8
85908 <... sendto resumed>)             = 175
82769 recvfrom(26,  <unfinished ...>
85908 futex(0x604f584bab58, FUTEX_WAIT_BITSET_PRIVATE, 4294967295, NULL, FUTEX_BITSET_MATCH_ANY <unfinished ...>
82769 <... recvfrom resumed>"\5\0\0\0\0\0\0\0\0\0\0\0\340\22\236\0\16\376\210f\34R\37\222\233\34I\366\252\373EP"..., 36, 0, NULL, NULL) = 36
82769 epoll_pwait(4, [{events=EPOLLIN|EPOLLOUT, data={u32=2948832512, u64=132519869783296}}, {events=EPOLLOUT, data={u32=2948826496, u64=132519869777280}}], 1024, 13, NULL, 8) = 2
82769 recvfrom(33, "\257\0\0\0\0\0\0\0", 8, 0, NULL, NULL) = 8
82769 recvfrom(33, "\2\0\0\0\7\0\0\0\0\0\0\0latency\0\0@h\237\0\16\376\210f\34R\37"..., 175, 0, NULL, NULL) = 175
82769 futex(0x7886aff952f8, FUTEX_WAKE_PRIVATE, 1) = 1
82768 <... futex resumed>)              = 0
82769 recvfrom(33,  <unfinished ...>
82768 futex(0x7886ab202a68, FUTEX_WAKE_PRIVATE, 1 <unfinished ...>
82769 <... recvfrom resumed>0x7886afc54c50, 8, 0, NULL, NULL) = -1 EAGAIN (Resource temporarily unavailable)
82768 <... futex resumed>)              = 1
82782 <... futex resumed>)              = 0
82769 sendto(28, "\273\0\0\0\0\0\0\0", 8, MSG_NOSIGNAL, NULL, 0 <unfinished ...>
82782 epoll_pwait(4,  <unfinished ...>
82768 futex(0x7886aff952f8, FUTEX_WAIT_PRIVATE, 1, NULL <unfinished ...>
82769 <... sendto resumed>)             = 8
85917 <... recvfrom resumed>"\273\0\0\0\0\0\0\0", 8, 0, NULL, NULL) = 8
82769 sendto(28, "\2\0\0\0\1\0\0\0\0\0\0\0\2\0\0\0\7\0\0\0\0\0\0\0latency\0"..., 187, MSG_NOSIGNAL, NULL, 0 <unfinished ...>
85917 recvfrom(3,  <unfinished ...>
82769 <... sendto resumed>)             = 187
85917 <... recvfrom resumed>"\2\0\0\0\1\0\0\0\0\0\0\0\2\0\0\0\7\0\0\0\0\0\0\0latency\0"..., 187, 0, NULL, NULL) = 187
82769 recvfrom(28,  <unfinished ...>
85917 futex(0x59e86ea2ab58, FUTEX_WAKE_PRIVATE, 1 <unfinished ...>
82769 <... recvfrom resumed>0x7886aff91ea0, 8, 0, NULL, NULL) = -1 EAGAIN (Resource temporarily unavailable)
85917 <... futex resumed>)              = 1
85911 <... futex resumed>)              = 0
82769 futex(0x7886ae602a68, FUTEX_WAIT_PRIVATE, 1, NULL <unfinished ...>
85917 sendto(3, "$\0\0\0\0\0\0\0", 8, MSG_NOSIGNAL, NULL, 0 <unfinished ...>
85911 futex(0x59e86ea2ab58, FUTEX_WAIT_BITSET_PRIVATE, 4294967295, NULL, FUTEX_BITSET_MATCH_ANY <unfinished ...>
85917 <... sendto resumed>)             = 8
82782 <... epoll_pwait resumed>[{events=EPOLLIN|EPOLLOUT, data={u32=2948828032, u64=132519869778816}}], 1024, 12, NULL, 8) = 1
85917 sendto(3, "\5\0\0\0\0\0\0\0\0\0\0\0\320{\314\0\16\376\210f\"\227\f\306\2RH\343\260\\\323i"..., 36, MSG_NOSIGNAL, NULL, 0 <unfinished ...>
82782 recvfrom(28,  <unfinished ...>
85917 <... sendto resumed>)             = 36
82782 <... recvfrom resumed>"$\0\0\0\0\0\0\0", 8, 0, NULL, NULL) = 8
85917 recvfrom(3,  <unfinished ...>
82782 recvfrom(28, "\5\0\0\0\0\0\0\0\0\0\0\0\320{\314\0\16\376\210f\"\227\f\306\2RH\343\260\\\323i"..., 36, 0, NULL, NULL) = 36
82782 epoll_pwait(4, [{events=EPOLLOUT, data={u32=2948828032, u64=132519869778816}}], 1024, 12, NULL, 8) = 1
82782 epoll_pwait(4, [], 1024, 12, NULL, 8) = 0
82782 epoll_pwait(4, [], 1024, 6, NULL, 8) = 0
82782 futex(0x7886aff952f8, FUTEX_WAKE_PRIVATE, 1) = 1
82768 <... futex resumed>)              = 0
82782 write(5, "\1\0\0\0\0\0\0\0", 8 <unfinished ...>
82768 futex(0x7886ae602a68, FUTEX_WAKE_PRIVATE, 1 <unfinished ...>
82782 <... write resumed>)              = 8
82768 <... futex resumed>)              = 1
82769 <... futex resumed>)              = 0
82782 sendto(26, "\224\0\0\0\0\0\0\0", 8, MSG_NOSIGNAL, NULL, 0 <unfinished ...>
82769 epoll_pwait(4,  <unfinished ...>
82768 futex(0x7886aff952f8, FUTEX_WAIT_PRIVATE, 1, NULL <unfinished ...>
82782 <... sendto resumed>)             = 8
82769 <... epoll_pwait resumed>[{events=EPOLLIN, data={u32=0, u64=0}}], 1024, 19, NULL, 8) = 1
85918 <... recvfrom resumed>"\224\0\0\0\0\0\0\0", 8, 0, NULL, NULL) = 8
82782 sendto(26, "\2\0\0\0\1\0\0\0\0\0\0\0\2\0\0\0\4\0\0\0\0\0\0\0tick\0\0\360<"..., 148, MSG_NOSIGNAL, NULL, 0 <unfinished ...>
82769 epoll_pwait(4,  <unfinished ...>
85918 recvfrom(3,  <unfinished ...>
82782 <... sendto resumed>)             = 148
85918 <... recvfrom resumed>"\2\0\0\0\1\0\0\0\0\0\0\0\2\0\0\0\4\0\0\0\0\0\0\0tick\0\0\360<"..., 148, 0, NULL, NULL) = 148
82782 recvfrom(26,  <unfinished ...>
85918 futex(0x604f584bab58, FUTEX_WAKE_PRIVATE, 1 <unfinished ...>
82782 <... recvfrom resumed>0x7886aff91f10, 8, 0, NULL, NULL) = -1 EAGAIN (Resource temporarily unavailable)
85918 <... futex resumed>)              = 1
82782 futex(0x7886ab202a68, FUTEX_WAIT_PRIVATE, 1, NULL <unfinished ...>
85918 sendto(3, "$\0\0\0\0\0\0\0", 8, MSG_NOSIGNAL, NULL, 0 <unfinished ...>
85908 <... futex resumed>)              = 0
85918 <... sendto resumed>)             = 8
82769 <... epoll_pwait resumed>[{events=EPOLLIN|EPOLLOUT, data={u32=2948826496, u64=132519869777280}}], 1024, 19, NULL, 8) = 1
85908 sendto(6, "\257\0\0\0\0\0\0\0", 8, MSG_NOSIGNAL, NULL, 0 <unfinished ...>
85918 sendto(3, "\5\0\0\0\0\0\0\0\0\0\0\0\340`\244\5\16\376\210f\34R\37\222\233\34I\366\252\373EP"..., 36, MSG_NOSIGNAL, NULL, 0 <unfinished ...>
82769 recvfrom(26,  <unfinished ...>
85918 <... sendto resumed>)             = 36
85908 <... sendto resumed>)             = 8
82769 <... recvfrom resumed>"$\0\0\0\0\0\0\0", 8, 0, NULL, NULL) = 8
85918 recvfrom(3,  <unfinished ...>
85908 sendto(6, "\2\0\0\0\7\0\0\0\0\0\0\0latency\0\0\320\252\251\5\16\376\210f\34R\37"..., 175, MSG_NOSIGNAL, NULL, 0 <unfinished ...>
82769 recvfrom(26, "\5\0\0\0\0\0\0\0\0\0\0\0\340`\244\5\16\376\210f\34R\37\222\233\34I\366\252\373EP"..., 36, 0, NULL, NULL) = 36
85908 <... sendto resumed>)             = 175
82769 epoll_pwait(4,  <unfinished ...>
85908 futex(0x604f584bab58, FUTEX_WAIT_BITSET_PRIVATE, 4294967295, NULL, FUTEX_BITSET_MATCH_ANY <unfinished ...>
82769 <... epoll_pwait resumed>[{events=EPOLLOUT, data={u32=2948826496, u64=132519869777280}}, {events=EPOLLIN|EPOLLOUT, data={u32=2948832512, u64=132519869783296}}], 1024, 19, NULL, 8) = 2
82769 recvfrom(33, "\257\0\0\0\0\0\0\0", 8, 0, NULL, NULL) = 8
82769 recvfrom(33, "\2\0\0\0\7\0\0\0\0\0\0\0latency\0\0\320\252\251\5\16\376\210f\34R\37"..., 175, 0, NULL, NULL) = 175
82769 futex(0x7886aff952f8, FUTEX_WAKE_PRIVATE, 1) = 1
82768 <... futex resumed>)              = 0
82769 recvfrom(33, 0x7886afc54c50, 8, 0, NULL, NULL) = -1 EAGAIN (Resource temporarily unavailable)
82768 futex(0x7886ab202a68, FUTEX_WAKE_PRIVATE, 1 <unfinished ...>
82769 sendto(28, "\273\0\0\0\0\0\0\0", 8, MSG_NOSIGNAL, NULL, 0 <unfinished ...>
82768 <... futex resumed>)              = 1
82782 <... futex resumed>)              = 0
82769 <... sendto resumed>)             = 8
85917 <... recvfrom resumed>"\273\0\0\0\0\0\0\0", 8, 0, NULL, NULL) = 8
82782 epoll_pwait(4,  <unfinished ...>
82768 futex(0x7886aff952f8, FUTEX_WAIT_PRIVATE, 1, NULL <unfinished ...>
85917 recvfrom(3,  <unfinished ...>
82769 sendto(28, "\2\0\0\0\1\0\0\0\0\0\0\0\2\0\0\0\7\0\0\0\0\0\0\0latency\0"..., 187, MSG_NOSIGNAL, NULL, 0) = 187
85917 <... recvfrom resumed>"\2\0\0\0\1\0\0\0\0\0\0\0\2\0\0\0\7\0\0\0\0\0\0\0latency\0"..., 187, 0, NULL, NULL) = 187
82769 recvfrom(28,  <unfinished ...>
85917 futex(0x59e86ea2ab58, FUTEX_WAKE_PRIVATE, 1 <unfinished ...>
82769 <... recvfrom resumed>0x7886aff91ea0, 8, 0, NULL, NULL) = -1 EAGAIN (Resource temporarily unavailable)
85917 <... futex resumed>)              = 1
85911 <... futex resumed>)              = 0
82769 futex(0x7886ae602a68, FUTEX_WAIT_PRIVATE, 1, NULL <unfinished ...>
85917 sendto(3, "$\0\0\0\0\0\0\0", 8, MSG_NOSIGNAL, NULL, 0 <unfinished ...>
85911 futex(0x59e86ea2ab58, FUTEX_WAIT_BITSET_PRIVATE, 4294967295, NULL, FUTEX_BITSET_MATCH_ANY <unfinished ...>
85917 <... sendto resumed>)             = 8
82782 <... epoll_pwait resumed>[{events=EPOLLIN|EPOLLOUT, data={u32=2948828032, u64=132519869778816}}], 1024, 19, NULL, 8) = 1
85917 sendto(3, "\5\0\0\0\0\0\0\0\0\0\0\0\0D\331\5\16\376\210f\"\227\f\306\2RH\343\260\\\323i"..., 36, MSG_NOSIGNAL, NULL, 0 <unfinished ...>
82782 recvfrom(28,  <unfinished ...>
85917 <... sendto resumed>)             = 36
82782 <... recvfrom resumed>"$\0\0\0\0\0\0\0", 8, 0, NULL, NULL) = 8
85917 recvfrom(3,  <unfinished ...>
82782 recvfrom(28, "\5\0\0\0\0\0\0\0\0\0\0\0\0D\331\5\16\376\210f\"\227\f\306\2RH\343\260\\\323i"..., 36, 0, NULL, NULL) = 36
82782 epoll_pwait(4, [{events=EPOLLOUT, data={u32=2948828032, u64=132519869778816}}], 1024, 18, NULL, 8) = 1
82782 epoll_pwait(4, [], 1024, 18, NULL, 8) = 0
82782 futex(0x7886aff952f8, FUTEX_WAKE_PRIVATE, 1) = 1
82768 <... futex resumed>)              = 0
82782 write(5, "\1\0\0\0\0\0\0\0", 8 <unfinished ...>
82768 futex(0x7886ae602a68, FUTEX_WAKE_PRIVATE, 1 <unfinished ...>
82782 <... write resumed>)              = 8
82768 <... futex resumed>)              = 1
82769 <... futex resumed>)              = 0
82782 sendto(26, "\224\0\0\0\0\0\0\0", 8, MSG_NOSIGNAL, NULL, 0 <unfinished ...>
82768 futex(0x7886aff952f8, FUTEX_WAIT_PRIVATE, 1, NULL <unfinished ...>
82769 epoll_pwait(4,  <unfinished ...>
82782 <... sendto resumed>)             = 8
82769 <... epoll_pwait resumed>[{events=EPOLLIN, data={u32=0, u64=0}}], 1024, 20, NULL, 8) = 1
85918 <... recvfrom resumed>"\224\0\0\0\0\0\0\0", 8, 0, NULL, NULL) = 8
82782 sendto(26, "\2\0\0\0\1\0\0\0\0\0\0\0\2\0\0\0\4\0\0\0\0\0\0\0tick\0\0pt"..., 148, MSG_NOSIGNAL, NULL, 0 <unfinished ...>
85918 recvfrom(3,  <unfinished ...>
82769 epoll_pwait(4,  <unfinished ...>
82782 <... sendto resumed>)             = 148
85918 <... recvfrom resumed>"\2\0\0\0\1\0\0\0\0\0\0\0\2\0\0\0\4\0\0\0\0\0\0\0tick\0\0pt"..., 148, 0, NULL, NULL) = 148
82782 recvfrom(26,  <unfinished ...>
85918 futex(0x604f584bab58, FUTEX_WAKE_PRIVATE, 1 <unfinished ...>
82782 <... recvfrom resumed>0x7886aff91f10, 8, 0, NULL, NULL) = -1 EAGAIN (Resource temporarily unavailable)
85918 <... futex resumed>)              = 1
82782 futex(0x7886ab202a68, FUTEX_WAIT_PRIVATE, 1, NULL <unfinished ...>
85918 sendto(3, "$\0\0\0\0\0\0\0", 8, MSG_NOSIGNAL, NULL, 0 <unfinished ...>
85908 <... futex resumed>)              = 0
85918 <... sendto resumed>)             = 8
85908 sendto(6, "\257\0\0\0\0\0\0\0", 8, MSG_NOSIGNAL, NULL, 0 <unfinished ...>
82769 <... epoll_pwait resumed>[{events=EPOLLIN|EPOLLOUT, data={u32=2948826496, u64=132519869777280}}], 1024, 20, NULL, 8) = 1
85918 sendto(3, "\5\0\0\0\0\0\0\0\0\0\0\0\340_\256\n\16\376\210f\34R\37\222\233\34I\366\252\373EP"..., 36, MSG_NOSIGNAL, NULL, 0 <unfinished ...>
85908 <... sendto resumed>)             = 8
82769 recvfrom(26,  <unfinished ...>
85918 <... sendto resumed>)             = 36
85908 sendto(6, "\2\0\0\0\7\0\0\0\0\0\0\0latency\0\0`\356\261\n\16\376\210f\34R\37"..., 175, MSG_NOSIGNAL, NULL, 0 <unfinished ...>
85918 recvfrom(3,  <unfinished ...>
82769 <... recvfrom resumed>"$\0\0\0\0\0\0\0", 8, 0, NULL, NULL) = 8
85908 <... sendto resumed>)             = 175
82769 recvfrom(26,  <unfinished ...>
85908 futex(0x604f584bab58, FUTEX_WAIT_BITSET_PRIVATE, 4294967295, NULL, FUTEX_BITSET_MATCH_ANY <unfinished ...>
82769 <... recvfrom resumed>"\5\0\0\0\0\0\0\0\0\0\0\0\340_\256\n\16\376\210f\34R\37\222\233\34I\366\252\373EP"..., 36, 0, NULL, NULL) = 36
82769 epoll_pwait(4, [{events=EPOLLIN|EPOLLOUT, data={u32=2948832512, u64=132519869783296}}, {events=EPOLLOUT, data={u32=2948826496, u64=132519869777280}}], 1024, 19, NULL, 8) = 2
82769 recvfrom(33, "\257\0\0\0\0\0\0\0", 8, 0, NULL, NULL) = 8
82769 recvfrom(33, "\2\0\0\0\7\0\0\0\0\0\0\0latency\0\0`\356\261\n\16\376\210f\34R\37"..., 175, 0, NULL, NULL) = 175
82769 futex(0x7886aff952f8, FUTEX_WAKE_PRIVATE, 1) = 1
82768 <... futex resumed>)              = 0
82769 recvfrom(33, 0x7886afc54c50, 8, 0, NULL, NULL) = -1 EAGAIN (Resource temporarily unavailable)
82768 futex(0x7886ab202a68, FUTEX_WAKE_PRIVATE, 1 <unfinished ...>
82769 sendto(28, "\273\0\0\0\0\0\0\0", 8, MSG_NOSIGNAL, NULL, 0 <unfinished ...>
82768 <... futex resumed>)              = 1
82782 <... futex resumed>)              = 0
82782 epoll_pwait(4,  <unfinished ...>
82769 <... sendto resumed>)             = 8
85917 <... recvfrom resumed>"\273\0\0\0\0\0\0\0", 8, 0, NULL, NULL) = 8
82768 futex(0x7886aff952f8, FUTEX_WAIT_PRIVATE, 1, NULL <unfinished ...>
82769 sendto(28, "\2\0\0\0\1\0\0\0\0\0\0\0\2\0\0\0\7\0\0\0\0\0\0\0latency\0"..., 187, MSG_NOSIGNAL, NULL, 0 <unfinished ...>
85917 recvfrom(3,  <unfinished ...>
82769 <... sendto resumed>)             = 187
85917 <... recvfrom resumed>"\2\0\0\0\1\0\0\0\0\0\0\0\2\0\0\0\7\0\0\0\0\0\0\0latency\0"..., 187, 0, NULL, NULL) = 187
82769 recvfrom(28,  <unfinished ...>
85917 futex(0x59e86ea2ab58, FUTEX_WAKE_PRIVATE, 1 <unfinished ...>
82769 <... recvfrom resumed>0x7886aff91ea0, 8, 0, NULL, NULL) = -1 EAGAIN (Resource temporarily unavailable)
85917 <... futex resumed>)              = 1
85911 <... futex resumed>)              = 0
82769 futex(0x7886ae602a68, FUTEX_WAIT_PRIVATE, 1, NULL <unfinished ...>
85917 sendto(3, "$\0\0\0\0\0\0\0", 8, MSG_NOSIGNAL, NULL, 0 <unfinished ...>
85911 futex(0x59e86ea2ab58, FUTEX_WAIT_BITSET_PRIVATE, 4294967295, NULL, FUTEX_BITSET_MATCH_ANY <unfinished ...>
85917 <... sendto resumed>)             = 8
82782 <... epoll_pwait resumed>[{events=EPOLLIN|EPOLLOUT, data={u32=2948828032, u64=132519869778816}}], 1024, 19, NULL, 8) = 1
85917 sendto(3, "\5\0\0\0\0\0\0\0\0\0\0\0PE\342\n\16\376\210f\"\227\f\306\2RH\343\260\\\323i"..., 36, MSG_NOSIGNAL, NULL, 0 <unfinished ...>
82782 recvfrom(28,  <unfinished ...>
85917 <... sendto resumed>)             = 36
82782 <... recvfrom resumed>"$\0\0\0\0\0\0\0", 8, 0, NULL, NULL) = 8
85917 recvfrom(3,  <unfinished ...>
82782 recvfrom(28, "\5\0\0\0\0\0\0\0\0\0\0\0PE\342\n\16\376\210f\"\227\f\306\2RH\343\260\\\323i"..., 36, 0, NULL, NULL) = 36
82782 epoll_pwait(4, [{events=EPOLLOUT, data={u32=2948828032, u64=132519869778816}}], 1024, 19, NULL, 8) = 1
82782 epoll_pwait(4, [], 1024, 19, NULL, 8) = 0
82782 futex(0x7886aff952f8, FUTEX_WAKE_PRIVATE, 1) = 1
82768 <... futex resumed>)              = 0
82782 write(5, "\1\0\0\0\0\0\0\0", 8 <unfinished ...>
82768 futex(0x7886ae602a68, FUTEX_WAKE_PRIVATE, 1 <unfinished ...>
82782 <... write resumed>)              = 8
82769 <... futex resumed>)              = 0
82768 <... futex resumed>)              = 1
82782 sendto(26, "\224\0\0\0\0\0\0\0", 8, MSG_NOSIGNAL, NULL, 0 <unfinished ...>
82769 epoll_pwait(4,  <unfinished ...>
82768 futex(0x7886aff952f8, FUTEX_WAIT_PRIVATE, 1, NULL <unfinished ...>
82769 <... epoll_pwait resumed>[{events=EPOLLIN, data={u32=0, u64=0}}], 1024, 17, NULL, 8) = 1
82782 <... sendto resumed>)             = 8
85918 <... recvfrom resumed>"\224\0\0\0\0\0\0\0", 8, 0, NULL, NULL) = 8
82769 epoll_pwait(4,  <unfinished ...>
82782 sendto(26, "\2\0\0\0\1\0\0\0\0\0\0\0\2\0\0\0\4\0\0\0\0\0\0\0tick\0\0p\246"..., 148, MSG_NOSIGNAL, NULL, 0 <unfinished ...>
85918 recvfrom(3,  <unfinished ...>
82782 <... sendto resumed>)             = 148
85918 <... recvfrom resumed>"\2\0\0\0\1\0\0\0\0\0\0\0\2\0\0\0\4\0\0\0\0\0\0\0tick\0\0p\246"..., 148, 0, NULL, NULL) = 148
82782 recvfrom(26,  <unfinished ...>
85918 futex(0x604f584bab58, FUTEX_WAKE_PRIVATE, 1 <unfinished ...>
82782 <... recvfrom resumed>0x7886aff91f10, 8, 0, NULL, NULL) = -1 EAGAIN (Resource temporarily unavailable)
85918 <... futex resumed>)              = 1
85908 <... futex resumed>)              = 0
85918 sendto(3, "$\0\0\0\0\0\0\0", 8, MSG_NOSIGNAL, NULL, 0 <unfinished ...>
82782 futex(0x7886ab202a68, FUTEX_WAIT_PRIVATE, 1, NULL <unfinished ...>
85908 sendto(6, "\257\0\0\0\0\0\0\0", 8, MSG_NOSIGNAL, NULL, 0 <unfinished ...>
85918 <... sendto resumed>)             = 8
82769 <... epoll_pwait resumed>[{events=EPOLLIN|EPOLLOUT, data={u32=2948826496, u64=132519869777280}}], 1024, 17, NULL, 8) = 1
85918 sendto(3, "\5\0\0\0\0\0\0\0\0\0\0\0\0w\373\17\16\376\210f\34R\37\222\233\34I\366\252\373EP"..., 36, MSG_NOSIGNAL, NULL, 0 <unfinished ...>
85908 <... sendto resumed>)             = 8
82769 recvfrom(26,  <unfinished ...>
85918 <... sendto resumed>)             = 36
82769 <... recvfrom resumed>"$\0\0\0\0\0\0\0", 8, 0, NULL, NULL) = 8
85918 recvfrom(3,  <unfinished ...>
85908 sendto(6, "\2\0\0\0\7\0\0\0\0\0\0\0latency\0\0\340\311\374\17\16\376\210f\34R\37"..., 175, MSG_NOSIGNAL, NULL, 0 <unfinished ...>
82769 recvfrom(26, "\5\0\0\0\0\0\0\0\0\0\0\0\0w\373\17\16\376\210f\34R\37\222\233\34I\366\252\373EP"..., 36, 0, NULL, NULL) = 36
85908 <... sendto resumed>)             = 175
82769 epoll_pwait(4,  <unfinished ...>
85908 futex(0x604f584bab58, FUTEX_WAIT_BITSET_PRIVATE, 4294967295, NULL, FUTEX_BITSET_MATCH_ANY <unfinished ...>
82769 <... epoll_pwait resumed>[{events=EPOLLIN|EPOLLOUT, data={u32=2948832512, u64=132519869783296}}, {events=EPOLLOUT, data={u32=2948826496, u64=132519869777280}}], 1024, 17, NULL, 8) = 2
82769 recvfrom(33, "\257\0\0\0\0\0\0\0", 8, 0, NULL, NULL) = 8
82769 recvfrom(33, "\2\0\0\0\7\0\0\0\0\0\0\0latency\0\0\340\311\374\17\16\376\210f\34R\37"..., 175, 0, NULL, NULL) = 175
82769 futex(0x7886aff952f8, FUTEX_WAKE_PRIVATE, 1) = 1
82768 <... futex resumed>)              = 0
82769 recvfrom(33,  <unfinished ...>
82768 futex(0x7886ab202a68, FUTEX_WAKE_PRIVATE, 1 <unfinished ...>
82769 <... recvfrom resumed>0x7886afc54c50, 8, 0, NULL, NULL) = -1 EAGAIN (Resource temporarily unavailable)
