222835 <... sendto resumed>)            = 8
221766 <... epoll_pwait resumed>[{events=EPOLLIN|EPOLLOUT, data={u32=1908747904, u64=125144370851456}}], 1024, 8, NULL, 8) = 1
222835 sendto(3, "\5\0\0\0\0\0\0\0\0\0\0\0`\247\250\372@\202\207fi\310\340Bm:A\30\257%\16\346"..., 36, MSG_NOSIGNAL, NULL, 0 <unfinished ...>
222829 <... write resumed>)             = 87
221766 recvfrom(35,  <unfinished ...>
222835 <... sendto resumed>)            = 36
221766 <... recvfrom resumed>"$\0\0\0\0\0\0\0", 8, 0, NULL, NULL) = 8
222829 futex(0x5da72061eb58, FUTEX_WAIT_BITSET_PRIVATE, 4294967295, NULL, FUTEX_BITSET_MATCH_ANY <unfinished ...>
222835 recvfrom(3,  <unfinished ...>
221766 recvfrom(35, "\5\0\0\0\0\0\0\0\0\0\0\0`\247\250\372@\202\207fi\310\340Bm:A\30\257%\16\346"..., 36, 0, NULL, NULL) = 36
221766 epoll_pwait(4, [{events=EPOLLIN, data={u32=1908745088, u64=125144370848640}}, {events=EPOLLOUT, data={u32=1908747904, u64=125144370851456}}], 1024, 7, NULL, 8) = 2
221766 read(30, "sink received message: operator "..., 8192) = 87
221766 futex(0x71d16ba02a68, FUTEX_WAKE_PRIVATE, 1) = 1
222828 <... futex resumed>)             = 0
222828 write(33, "sink received message: operator "..., 87 <unfinished ...>
221766 epoll_pwait(4,  <unfinished ...>
222828 <... write resumed>)             = 87
222828 write(5, "\1\0\0\0\0\0\0\0", 8 <unfinished ...>
222849 <... fsync resumed>)             = 0
222828 <... write resumed>)             = 8
221766 <... epoll_pwait resumed>[{events=EPOLLIN, data={u32=0, u64=0}}], 1024, 7, NULL, 8) = 1
222849 futex(0x71d16b602a68, FUTEX_WAIT_PRIVATE, 1, {tv_sec=9, tv_nsec=999999710} <unfinished ...>
222828 futex(0x71d16ba02a68, FUTEX_WAIT_PRIVATE, 1, {tv_sec=9, tv_nsec=999999659} <unfinished ...>
221766 futex(0x71d16da02a68, FUTEX_WAKE_PRIVATE, 1 <unfinished ...>
221776 <... futex resumed>)             = 0
221766 <... futex resumed>)             = 1
221776 futex(0x71d16de02a68, FUTEX_WAKE_PRIVATE, 1 <unfinished ...>
221766 futex(0x71d16be02a68, FUTEX_WAKE_PRIVATE, 1 <unfinished ...>
221776 <... futex resumed>)             = 1
221775 <... futex resumed>)             = 0
221766 <... futex resumed>)             = 1
222825 <... futex resumed>)             = 0
221776 epoll_pwait(4,  <unfinished ...>
221775 futex(0x71d16de02a68, FUTEX_WAIT_PRIVATE, 1, NULL <unfinished ...>
222825 fsync(33 <unfinished ...>
221766 futex(0x71d170202a68, FUTEX_WAIT_PRIVATE, 1, NULL <unfinished ...>
222825 <... fsync resumed>)             = 0
222825 futex(0x71d170202a68, FUTEX_WAKE_PRIVATE, 1) = 1
221766 <... futex resumed>)             = 0
222825 futex(0x71d16be02a68, FUTEX_WAIT_PRIVATE, 1, {tv_sec=9, tv_nsec=999999639} <unfinished ...>
221766 futex(0x71d16de02a68, FUTEX_WAKE_PRIVATE, 1 <unfinished ...>
221775 <... futex resumed>)             = 0
221766 <... futex resumed>)             = 1
221775 futex(0x71d16de02a68, FUTEX_WAIT_PRIVATE, 1, NULL <unfinished ...>
221766 futex(0x71d170202a68, FUTEX_WAIT_PRIVATE, 1, NULL <unfinished ...>
221776 <... epoll_pwait resumed>[], 1024, 7, NULL, 8) = 0
221776 futex(0x71d171d022f8, FUTEX_WAKE_PRIVATE, 1) = 1
221765 <... futex resumed>)             = 0
221776 write(5, "\1\0\0\0\0\0\0\0", 8 <unfinished ...>
221765 futex(0x71d16de02a68, FUTEX_WAKE_PRIVATE, 1 <unfinished ...>
221776 <... write resumed>)             = 8
221775 <... futex resumed>)             = 0
221765 <... futex resumed>)             = 1
221776 sendto(26, "\224\0\0\0\0\0\0\0", 8, MSG_NOSIGNAL, NULL, 0 <unfinished ...>
221775 epoll_pwait(4,  <unfinished ...>
221765 futex(0x71d171d022f8, FUTEX_WAIT_PRIVATE, 1, NULL <unfinished ...>
221775 <... epoll_pwait resumed>[{events=EPOLLIN, data={u32=0, u64=0}}], 1024, 10, NULL, 8) = 1
221776 <... sendto resumed>)            = 8
222836 <... recvfrom resumed>"\224\0\0\0\0\0\0\0", 8, 0, NULL, NULL) = 8
221776 sendto(26, "\2\0\0\0\1\0\0\0\0\0\0\0\2\0\0\0\4\0\0\0\0\0\0\0tick\0\0\300\356"..., 148, MSG_NOSIGNAL, NULL, 0 <unfinished ...>
221775 epoll_pwait(4,  <unfinished ...>
222836 recvfrom(3,  <unfinished ...>
221776 <... sendto resumed>)            = 148
221776 recvfrom(26,  <unfinished ...>
222836 <... recvfrom resumed>"\2\0\0\0\1\0\0\0\0\0\0\0\2\0\0\0\4\0\0\0\0\0\0\0tick\0\0\300\356"..., 148, 0, NULL, NULL) = 148
221776 <... recvfrom resumed>0x71d171c53120, 8, 0, NULL, NULL) = -1 EAGAIN (Resource temporarily unavailable)
221776 futex(0x71d16da02a68, FUTEX_WAIT_PRIVATE, 1, NULL <unfinished ...>
222836 futex(0x5b6ee181fb58, FUTEX_WAKE_PRIVATE, 1) = 1
222824 <... futex resumed>)             = 0
222836 sendto(3, "$\0\0\0\0\0\0\0", 8, MSG_NOSIGNAL, NULL, 0 <unfinished ...>
222824 write(1, "tick 22, sending 0xbb16e94f1b183"..., 36 <unfinished ...>
222836 <... sendto resumed>)            = 8
222824 <... write resumed>)             = 36
221775 <... epoll_pwait resumed>[{events=EPOLLIN|EPOLLOUT, data={u32=1908741504, u64=125144370845056}}, {events=EPOLLIN, data={u32=1908816000, u64=125144370919552}}], 1024, 10, NULL, 8) = 2
222836 sendto(3, "\5\0\0\0\0\0\0\0\0\0\0\0\0\260\271\374@\202\207fi)!\360 \6C\36\267\220\240R"..., 36, MSG_NOSIGNAL, NULL, 0 <unfinished ...>
221775 futex(0x71d16da02a68, FUTEX_WAKE_PRIVATE, 1 <unfinished ...>
222836 <... sendto resumed>)            = 36
221776 <... futex resumed>)             = 0
221775 <... futex resumed>)             = 1
222836 recvfrom(3,  <unfinished ...>
222824 sendto(6, "\256\0\0\0\0\0\0\0", 8, MSG_NOSIGNAL, NULL, 0 <unfinished ...>
221776 recvfrom(26,  <unfinished ...>
221775 futex(0x71d170202a68, FUTEX_WAKE_PRIVATE, 1 <unfinished ...>
221776 <... recvfrom resumed>"$\0\0\0\0\0\0\0", 8, 0, NULL, NULL) = 8
222824 <... sendto resumed>)            = 8
221775 <... futex resumed>)             = 1
221766 <... futex resumed>)             = 0
221776 recvfrom(26,  <unfinished ...>
222824 sendto(6, "\2\0\0\0\6\0\0\0\0\0\0\0random\0\0\320\322\303\374@\202\207fi)!\360"..., 174, MSG_NOSIGNAL, NULL, 0 <unfinished ...>
221775 read(18,  <unfinished ...>
221776 <... recvfrom resumed>"\5\0\0\0\0\0\0\0\0\0\0\0\0\260\271\374@\202\207fi)!\360 \6C\36\267\220\240R"..., 36, 0, NULL, NULL) = 36
221766 epoll_pwait(4,  <unfinished ...>
222824 <... sendto resumed>)            = 174
221776 futex(0x71d16da02a68, FUTEX_WAIT_PRIVATE, 1, NULL <unfinished ...>
221775 <... read resumed>"tick 22, sending 0xbb16e94f1b183"..., 8192) = 36
221766 <... epoll_pwait resumed>[{events=EPOLLOUT, data={u32=1908741504, u64=125144370845056}}, {events=EPOLLIN|EPOLLOUT, data={u32=1908614144, u64=125144370717696}}], 1024, 9, NULL, 8) = 2
222824 futex(0x5b6ee181fb58, FUTEX_WAIT_BITSET_PRIVATE, 4294967295, NULL, FUTEX_BITSET_MATCH_ANY <unfinished ...>
221775 futex(0x71d16b602a68, FUTEX_WAKE_PRIVATE, 1 <unfinished ...>
221766 recvfrom(41,  <unfinished ...>
221775 <... futex resumed>)             = 1
222849 <... futex resumed>)             = 0
221766 <... recvfrom resumed>"\256\0\0\0\0\0\0\0", 8, 0, NULL, NULL) = 8
222849 write(19, "tick 22, sending 0xbb16e94f1b183"..., 36 <unfinished ...>
221775 epoll_pwait(4,  <unfinished ...>
221766 recvfrom(41,  <unfinished ...>
222849 <... write resumed>)             = 36
221766 <... recvfrom resumed>"\2\0\0\0\6\0\0\0\0\0\0\0random\0\0\320\322\303\374@\202\207fi)!\360"..., 174, 0, NULL, NULL) = 174
222849 write(5, "\1\0\0\0\0\0\0\0", 8)  = 8
221766 futex(0x71d171d022f8, FUTEX_WAKE_PRIVATE, 1 <unfinished ...>
221775 <... epoll_pwait resumed>[{events=EPOLLIN, data={u32=0, u64=0}}], 1024, 9, NULL, 8) = 1
222849 futex(0x71d16b602a68, FUTEX_WAIT_PRIVATE, 1, {tv_sec=9, tv_nsec=999999690} <unfinished ...>
221766 <... futex resumed>)             = 1
221775 futex(0x71d16da02a68, FUTEX_WAKE_PRIVATE, 1 <unfinished ...>
221765 <... futex resumed>)             = 0
221775 <... futex resumed>)             = 1
221766 recvfrom(41,  <unfinished ...>
221776 <... futex resumed>)             = 0
221775 futex(0x71d16ba02a68, FUTEX_WAKE_PRIVATE, 1 <unfinished ...>
221765 futex(0x71d171d022f8, FUTEX_WAIT_PRIVATE, 1, NULL <unfinished ...>
221776 futex(0x71d16c602a68, FUTEX_WAKE_PRIVATE, 1 <unfinished ...>
221775 <... futex resumed>)             = 1
221766 <... recvfrom resumed>0x71d171c53190, 8, 0, NULL, NULL) = -1 EAGAIN (Resource temporarily unavailable)
222828 <... futex resumed>)             = 0
221781 <... futex resumed>)             = 0
221776 <... futex resumed>)             = 1
221775 epoll_pwait(4,  <unfinished ...>
222828 fsync(19 <unfinished ...>
221781 futex(0x71d16c602a68, FUTEX_WAIT_PRIVATE, 1, NULL <unfinished ...>
221776 sendto(31, "\272\0\0\0\0\0\0\0", 8, MSG_NOSIGNAL, NULL, 0 <unfinished ...>
221766 futex(0x71d170202a68, FUTEX_WAIT_PRIVATE, 1, NULL <unfinished ...>
221776 <... sendto resumed>)            = 8
222837 <... recvfrom resumed>"\272\0\0\0\0\0\0\0", 8, 0, NULL, NULL) = 8
221776 sendto(31, "\2\0\0\0\1\0\0\0\0\0\0\0\2\0\0\0\6\0\0\0\0\0\0\0random\0\0"..., 186, MSG_NOSIGNAL, NULL, 0 <unfinished ...>
222837 recvfrom(3,  <unfinished ...>
221776 <... sendto resumed>)            = 186
222837 <... recvfrom resumed>"\2\0\0\0\1\0\0\0\0\0\0\0\2\0\0\0\6\0\0\0\0\0\0\0random\0\0"..., 186, 0, NULL, NULL) = 186
221776 recvfrom(31, 0x71d171cfef80, 8, 0, NULL, NULL) = -1 EAGAIN (Resource temporarily unavailable)
221776 futex(0x71d16da02a68, FUTEX_WAIT_PRIVATE, 1, NULL <unfinished ...>
222837 futex(0x5f8bde5beb58, FUTEX_WAKE_PRIVATE, 1) = 1
222827 <... futex resumed>)             = 0
222837 sendto(3, "$\0\0\0\0\0\0\0", 8, MSG_NOSIGNAL, NULL, 0) = 8
221775 <... epoll_pwait resumed>[{events=EPOLLIN|EPOLLOUT, data={u32=1908746368, u64=125144370849920}}], 1024, 9, NULL, 8) = 1
222837 sendto(3, "\5\0\0\0\0\0\0\0\0\0\0\0\340\347\367\374@\202\207f^| \275C\263E\34\237\234\244v"..., 36, MSG_NOSIGNAL, NULL, 0 <unfinished ...>
222827 sendto(6, "\375\0\0\0\0\0\0\0", 8, MSG_NOSIGNAL, NULL, 0 <unfinished ...>
221775 recvfrom(31,  <unfinished ...>
222837 <... sendto resumed>)            = 36
222837 recvfrom(3,  <unfinished ...>
222827 <... sendto resumed>)            = 8
221775 <... recvfrom resumed>"$\0\0\0\0\0\0\0", 8, 0, NULL, NULL) = 8
222827 sendto(6, "\2\0\0\0\6\0\0\0\0\0\0\0status\0\0`\345\372\374@\202\207f^| \275"..., 253, MSG_NOSIGNAL, NULL, 0 <unfinished ...>
221775 recvfrom(31,  <unfinished ...>
222827 <... sendto resumed>)            = 253
221775 <... recvfrom resumed>"\5\0\0\0\0\0\0\0\0\0\0\0\340\347\367\374@\202\207f^| \275C\263E\34\237\234\244v"..., 36, 0, NULL, NULL) = 36
222827 futex(0x5f8bde5beb58, FUTEX_WAIT_BITSET_PRIVATE, 4294967295, NULL, FUTEX_BITSET_MATCH_ANY <unfinished ...>
221775 epoll_pwait(4, [{events=EPOLLOUT, data={u32=1908746368, u64=125144370849920}}, {events=EPOLLIN|EPOLLOUT, data={u32=1908617728, u64=125144370721280}}], 1024, 8, NULL, 8) = 2
221775 recvfrom(42, "\375\0\0\0\0\0\0\0", 8, 0, NULL, NULL) = 8
221775 recvfrom(42, "\2\0\0\0\6\0\0\0\0\0\0\0status\0\0`\345\372\374@\202\207f^| \275"..., 253, 0, NULL, NULL) = 253
221775 futex(0x71d171d022f8, FUTEX_WAKE_PRIVATE, 1) = 1
221765 <... futex resumed>)             = 0
221775 recvfrom(42, 0x71d171c53420, 8, 0, NULL, NULL) = -1 EAGAIN (Resource temporarily unavailable)
221765 futex(0x71d16c602a68, FUTEX_WAKE_PRIVATE, 1 <unfinished ...>
221775 sendto(35, "\n\1\0\0\0\0\0\0", 8, MSG_NOSIGNAL, NULL, 0 <unfinished ...>
221765 <... futex resumed>)             = 1
221781 <... futex resumed>)             = 0
221765 futex(0x71d171d022f8, FUTEX_WAIT_PRIVATE, 1, NULL <unfinished ...>
222835 <... recvfrom resumed>"\n\1\0\0\0\0\0\0", 8, 0, NULL, NULL) = 8
221775 <... sendto resumed>)            = 8
221781 epoll_pwait(4,  <unfinished ...>
222835 recvfrom(3,  <unfinished ...>
221775 sendto(35, "\2\0\0\0\1\0\0\0\0\0\0\0\2\0\0\0\7\0\0\0\0\0\0\0message\0"..., 266, MSG_NOSIGNAL, NULL, 0) = 266
222835 <... recvfrom resumed>"\2\0\0\0\1\0\0\0\0\0\0\0\2\0\0\0\7\0\0\0\0\0\0\0message\0"..., 266, 0, NULL, NULL) = 266
221775 recvfrom(35, 0x71d171c53120, 8, 0, NULL, NULL) = -1 EAGAIN (Resource temporarily unavailable)
221775 futex(0x71d16de02a68, FUTEX_WAIT_PRIVATE, 1, NULL <unfinished ...>
222835 futex(0x5da72061eb58, FUTEX_WAKE_PRIVATE, 1) = 1
222829 <... futex resumed>)             = 0
222835 sendto(3, "$\0\0\0\0\0\0\0", 8, MSG_NOSIGNAL, NULL, 0 <unfinished ...>
222829 write(1, "sink received message: operator "..., 87 <unfinished ...>
222835 <... sendto resumed>)            = 8
222829 <... write resumed>)             = 87
221781 <... epoll_pwait resumed>[{events=EPOLLIN|EPOLLOUT, data={u32=1908747904, u64=125144370851456}}], 1024, 8, NULL, 8) = 1
222835 sendto(3, "\5\0\0\0\0\0\0\0\0\0\0\0p\315\"\375@\202\207fi\310\340Bm:A\30\257%\16\346"..., 36, MSG_NOSIGNAL, NULL, 0 <unfinished ...>
222829 futex(0x5da72061eb58, FUTEX_WAIT_BITSET_PRIVATE, 4294967295, NULL, FUTEX_BITSET_MATCH_ANY <unfinished ...>
221781 recvfrom(35,  <unfinished ...>
222835 <... sendto resumed>)            = 36
222835 recvfrom(3,  <unfinished ...>
221781 <... recvfrom resumed>"$\0\0\0\0\0\0\0", 8, 0, NULL, NULL) = 8
221781 recvfrom(35, "\5\0\0\0\0\0\0\0\0\0\0\0p\315\"\375@\202\207fi\310\340Bm:A\30\257%\16\346"..., 36, 0, NULL, NULL) = 36
221781 epoll_pwait(4, [{events=EPOLLIN, data={u32=1908745088, u64=125144370848640}}, {events=EPOLLOUT, data={u32=1908747904, u64=125144370851456}}], 1024, 8, NULL, 8) = 2
221781 read(30, "sink received message: operator "..., 8192) = 87
221781 futex(0x71d16be02a68, FUTEX_WAKE_PRIVATE, 1) = 1
222825 <... futex resumed>)             = 0
222825 write(33, "sink received message: operator "..., 87 <unfinished ...>
221781 epoll_pwait(4,  <unfinished ...>
222825 <... write resumed>)             = 87
222825 write(5, "\1\0\0\0\0\0\0\0", 8)  = 8
221781 <... epoll_pwait resumed>[{events=EPOLLIN, data={u32=0, u64=0}}], 1024, 8, NULL, 8) = 1
222825 futex(0x71d16be02a68, FUTEX_WAIT_PRIVATE, 1, {tv_sec=9, tv_nsec=999999630} <unfinished ...>
221781 futex(0x71d16de02a68, FUTEX_WAKE_PRIVATE, 1) = 1
221775 <... futex resumed>)             = 0
221781 futex(0x71d16b602a68, FUTEX_WAKE_PRIVATE, 1) = 1
221775 epoll_pwait(4,  <unfinished ...>
222849 <... futex resumed>)             = 0
221781 futex(0x71d16c602a68, FUTEX_WAIT_PRIVATE, 1, NULL <unfinished ...>
222849 fsync(33 <unfinished ...>
222828 <... fsync resumed>)             = 0
222828 futex(0x71d16c602a68, FUTEX_WAKE_PRIVATE, 1) = 1
221781 <... futex resumed>)             = 0
222828 futex(0x71d16ba02a68, FUTEX_WAIT_PRIVATE, 1, {tv_sec=9, tv_nsec=999999700} <unfinished ...>
221781 write(5, "\1\0\0\0\0\0\0\0", 8)  = 8
221775 <... epoll_pwait resumed>[{events=EPOLLIN, data={u32=0, u64=0}}], 1024, 7, NULL, 8) = 1
221781 futex(0x71d16c602a68, FUTEX_WAIT_PRIVATE, 1, NULL <unfinished ...>
221775 epoll_pwait(4,  <unfinished ...>
222849 <... fsync resumed>)             = 0
222849 write(5, "\1\0\0\0\0\0\0\0", 8)  = 8
221775 <... epoll_pwait resumed>[{events=EPOLLIN, data={u32=0, u64=0}}], 1024, 7, NULL, 8) = 1
222849 futex(0x71d16b602a68, FUTEX_WAIT_PRIVATE, 1, {tv_sec=9, tv_nsec=999999529} <unfinished ...>
221775 futex(0x71d16c602a68, FUTEX_WAKE_PRIVATE, 1) = 1
221781 <... futex resumed>)             = 0
221781 futex(0x71d16c602a68, FUTEX_WAIT_PRIVATE, 1, NULL <unfinished ...>
221775 epoll_pwait(4, [], 1024, 5, NULL, 8) = 0
221775 futex(0x71d171d022f8, FUTEX_WAKE_PRIVATE, 1) = 1
221765 <... futex resumed>)             = 0
221775 write(5, "\1\0\0\0\0\0\0\0", 8 <unfinished ...>
221765 futex(0x71d16c602a68, FUTEX_WAKE_PRIVATE, 1 <unfinished ...>
221775 <... write resumed>)             = 8
221765 <... futex resumed>)             = 1
221781 <... futex resumed>)             = 0
221775 sendto(26, "\224\0\0\0\0\0\0\0", 8, MSG_NOSIGNAL, NULL, 0 <unfinished ...>
221781 epoll_pwait(4,  <unfinished ...>
221765 futex(0x71d171d022f8, FUTEX_WAIT_PRIVATE, 1, NULL <unfinished ...>
222836 <... recvfrom resumed>"\224\0\0\0\0\0\0\0", 8, 0, NULL, NULL) = 8
221781 <... epoll_pwait resumed>[{events=EPOLLIN, data={u32=0, u64=0}}], 1024, 10, NULL, 8) = 1
221775 <... sendto resumed>)            = 8
222836 recvfrom(3,  <unfinished ...>
221781 epoll_pwait(4,  <unfinished ...>
221775 sendto(26, "\2\0\0\0\1\0\0\0\0\0\0\0\2\0\0\0\4\0\0\0\0\0\0\0tick\0\0P\221"..., 148, MSG_NOSIGNAL, NULL, 0) = 148
222836 <... recvfrom resumed>"\2\0\0\0\1\0\0\0\0\0\0\0\2\0\0\0\4\0\0\0\0\0\0\0tick\0\0P\221"..., 148, 0, NULL, NULL) = 148
221775 recvfrom(26, 0x71d171cfeea0, 8, 0, NULL, NULL) = -1 EAGAIN (Resource temporarily unavailable)
221775 futex(0x71d16de02a68, FUTEX_WAIT_PRIVATE, 1, NULL <unfinished ...>
222836 futex(0x5b6ee181fb58, FUTEX_WAKE_PRIVATE, 1) = 1
222824 <... futex resumed>)             = 0
222836 sendto(3, "$\0\0\0\0\0\0\0", 8, MSG_NOSIGNAL, NULL, 0 <unfinished ...>
222824 write(1, "tick 23, sending 0xcd5dff7109935"..., 36 <unfinished ...>
222836 <... sendto resumed>)            = 8
222824 <... write resumed>)             = 36
221781 <... epoll_pwait resumed>[{events=EPOLLIN|EPOLLOUT, data={u32=1908741504, u64=125144370845056}}, {events=EPOLLIN, data={u32=1908816000, u64=125144370919552}}], 1024, 10, NULL, 8) = 2
222836 sendto(3, "\5\0\0\0\0\0\0\0\0\0\0\0\0\310T\377@\202\207fi)!\360 \6C\36\267\220\240R"..., 36, MSG_NOSIGNAL, NULL, 0 <unfinished ...>
221781 futex(0x71d16de02a68, FUTEX_WAKE_PRIVATE, 1 <unfinished ...>
222836 <... sendto resumed>)            = 36
221781 <... futex resumed>)             = 1
221775 <... futex resumed>)             = 0
222836 recvfrom(3,  <unfinished ...>
221781 read(18,  <unfinished ...>
222824 sendto(6, "\256\0\0\0\0\0\0\0", 8, MSG_NOSIGNAL, NULL, 0 <unfinished ...>
221775 futex(0x71d170202a68, FUTEX_WAKE_PRIVATE, 1 <unfinished ...>
221781 <... read resumed>"tick 23, sending 0xcd5dff7109935"..., 8192) = 36
222824 <... sendto resumed>)            = 8
221775 <... futex resumed>)             = 1
221766 <... futex resumed>)             = 0
222824 sendto(6, "\2\0\0\0\6\0\0\0\0\0\0\0random\0\0\320b^\377@\202\207fi)!\360"..., 174, MSG_NOSIGNAL, NULL, 0 <unfinished ...>
221781 futex(0x71d16be02a68, FUTEX_WAKE_PRIVATE, 1 <unfinished ...>
221775 recvfrom(26,  <unfinished ...>
221781 <... futex resumed>)             = 1
221766 epoll_pwait(4,  <unfinished ...>
222824 <... sendto resumed>)            = 174
222825 <... futex resumed>)             = 0
221781 futex(0x71d16c602a68, FUTEX_WAIT_PRIVATE, 1, NULL <unfinished ...>
221775 <... recvfrom resumed>"$\0\0\0\0\0\0\0", 8, 0, NULL, NULL) = 8
221766 <... epoll_pwait resumed>[{events=EPOLLIN|EPOLLOUT, data={u32=1908741504, u64=125144370845056}}, {events=EPOLLIN|EPOLLOUT, data={u32=1908614144, u64=125144370717696}}], 1024, 9, NULL, 8) = 2
222825 write(19, "tick 23, sending 0xcd5dff7109935"..., 36 <unfinished ...>
222824 futex(0x5b6ee181fb58, FUTEX_WAIT_BITSET_PRIVATE, 4294967295, NULL, FUTEX_BITSET_MATCH_ANY <unfinished ...>
221775 recvfrom(26,  <unfinished ...>
221766 recvfrom(41,  <unfinished ...>
222825 <... write resumed>)             = 36
221775 <... recvfrom resumed>"\5\0\0\0\0\0\0\0\0\0\0\0\0\310T\377@\202\207fi)!\360 \6C\36\267\220\240R"..., 36, 0, NULL, NULL) = 36
221766 <... recvfrom resumed>"\256\0\0\0\0\0\0\0", 8, 0, NULL, NULL) = 8
222825 futex(0x71d16c602a68, FUTEX_WAKE_PRIVATE, 1 <unfinished ...>
221775 futex(0x71d16ba02a68, FUTEX_WAKE_PRIVATE, 1 <unfinished ...>
221766 recvfrom(41,  <unfinished ...>
222825 <... futex resumed>)             = 1
222828 <... futex resumed>)             = 0
221781 <... futex resumed>)             = 0
221775 <... futex resumed>)             = 1
222828 futex(0x71d16ba02a68, FUTEX_WAIT_PRIVATE, 1, {tv_sec=9, tv_nsec=999999469} <unfinished ...>
222825 fsync(19 <unfinished ...>
221781 epoll_pwait(4,  <unfinished ...>
221766 <... recvfrom resumed>"\2\0\0\0\6\0\0\0\0\0\0\0random\0\0\320b^\377@\202\207fi)!\360"..., 174, 0, NULL, NULL) = 174
221775 futex(0x71d16de02a68, FUTEX_WAIT_PRIVATE, 1, NULL <unfinished ...>
221766 futex(0x71d171d022f8, FUTEX_WAKE_PRIVATE, 1) = 1
221765 <... futex resumed>)             = 0
221766 recvfrom(41,  <unfinished ...>
221765 futex(0x71d16de02a68, FUTEX_WAKE_PRIVATE, 1 <unfinished ...>
221766 <... recvfrom resumed>0x71d171cfef80, 8, 0, NULL, NULL) = -1 EAGAIN (Resource temporarily unavailable)
221775 <... futex resumed>)             = 0
221765 <... futex resumed>)             = 1
221775 futex(0x71d16de02a68, FUTEX_WAIT_PRIVATE, 1, NULL <unfinished ...>
221766 sendto(31, "\272\0\0\0\0\0\0\0", 8, MSG_NOSIGNAL, NULL, 0 <unfinished ...>
221765 futex(0x71d171d022f8, FUTEX_WAIT_PRIVATE, 1, NULL <unfinished ...>
222837 <... recvfrom resumed>"\272\0\0\0\0\0\0\0", 8, 0, NULL, NULL) = 8
221766 <... sendto resumed>)            = 8
222837 recvfrom(3,  <unfinished ...>
221766 sendto(31, "\2\0\0\0\1\0\0\0\0\0\0\0\2\0\0\0\6\0\0\0\0\0\0\0random\0\0"..., 186, MSG_NOSIGNAL, NULL, 0) = 186
222837 <... recvfrom resumed>"\2\0\0\0\1\0\0\0\0\0\0\0\2\0\0\0\6\0\0\0\0\0\0\0random\0\0"..., 186, 0, NULL, NULL) = 186
221766 recvfrom(31, 0x71d171c53120, 8, 0, NULL, NULL) = -1 EAGAIN (Resource temporarily unavailable)
221766 futex(0x71d170202a68, FUTEX_WAIT_PRIVATE, 1, NULL <unfinished ...>
222837 futex(0x5f8bde5beb58, FUTEX_WAKE_PRIVATE, 1) = 1
222827 <... futex resumed>)             = 0
222837 sendto(3, "$\0\0\0\0\0\0\0", 8, MSG_NOSIGNAL, NULL, 0) = 8
221781 <... epoll_pwait resumed>[{events=EPOLLIN|EPOLLOUT, data={u32=1908746368, u64=125144370849920}}], 1024, 9, NULL, 8) = 1
222837 sendto(3, "\5\0\0\0\0\0\0\0\0\0\0\0\20\303\227\377@\202\207f^| \275C\263E\34\237\234\244v"..., 36, MSG_NOSIGNAL, NULL, 0 <unfinished ...>
221781 recvfrom(31,  <unfinished ...>
222827 sendto(6, "\375\0\0\0\0\0\0\0", 8, MSG_NOSIGNAL, NULL, 0 <unfinished ...>
221781 <... recvfrom resumed>"$\0\0\0\0\0\0\0", 8, 0, NULL, NULL) = 8
222837 <... sendto resumed>)            = 36
222827 <... sendto resumed>)            = 8
221781 recvfrom(31,  <unfinished ...>
222837 recvfrom(3,  <unfinished ...>
222827 sendto(6, "\2\0\0\0\6\0\0\0\0\0\0\0status\0\0000A\235\377@\202\207f^| \275"..., 253, MSG_NOSIGNAL, NULL, 0 <unfinished ...>
221781 <... recvfrom resumed>"\5\0\0\0\0\0\0\0\0\0\0\0\20\303\227\377@\202\207f^| \275C\263E\34\237\234\244v"..., 36, 0, NULL, NULL) = 36
222827 <... sendto resumed>)            = 253
221781 epoll_pwait(4,  <unfinished ...>
222827 futex(0x5f8bde5beb58, FUTEX_WAIT_BITSET_PRIVATE, 4294967295, NULL, FUTEX_BITSET_MATCH_ANY <unfinished ...>
221781 <... epoll_pwait resumed>[{events=EPOLLOUT, data={u32=1908746368, u64=125144370849920}}, {events=EPOLLIN|EPOLLOUT, data={u32=1908617728, u64=125144370721280}}], 1024, 8, NULL, 8) = 2
221781 recvfrom(42, "\375\0\0\0\0\0\0\0", 8, 0, NULL, NULL) = 8
221781 recvfrom(42, "\2\0\0\0\6\0\0\0\0\0\0\0status\0\0000A\235\377@\202\207f^| \275"..., 253, 0, NULL, NULL) = 253
221781 futex(0x71d171d022f8, FUTEX_WAKE_PRIVATE, 1) = 1
221765 <... futex resumed>)             = 0
221781 recvfrom(42,  <unfinished ...>
221765 futex(0x71d16de02a68, FUTEX_WAKE_PRIVATE, 1 <unfinished ...>
221781 <... recvfrom resumed>0x71d171c53190, 8, 0, NULL, NULL) = -1 EAGAIN (Resource temporarily unavailable)
221775 <... futex resumed>)             = 0
221781 sendto(35, "\n\1\0\0\0\0\0\0", 8, MSG_NOSIGNAL, NULL, 0 <unfinished ...>
221765 <... futex resumed>)             = 1
221775 epoll_pwait(4,  <unfinished ...>
221781 <... sendto resumed>)            = 8
221765 futex(0x71d171d022f8, FUTEX_WAIT_PRIVATE, 1, NULL <unfinished ...>
222835 <... recvfrom resumed>"\n\1\0\0\0\0\0\0", 8, 0, NULL, NULL) = 8
221781 sendto(35, "\2\0\0\0\1\0\0\0\0\0\0\0\2\0\0\0\7\0\0\0\0\0\0\0message\0"..., 266, MSG_NOSIGNAL, NULL, 0 <unfinished ...>
222835 recvfrom(3,  <unfinished ...>
221781 <... sendto resumed>)            = 266
222835 <... recvfrom resumed>"\2\0\0\0\1\0\0\0\0\0\0\0\2\0\0\0\7\0\0\0\0\0\0\0message\0"..., 266, 0, NULL, NULL) = 266
221781 recvfrom(35, 0x71d171cfeea0, 8, 0, NULL, NULL) = -1 EAGAIN (Resource temporarily unavailable)
221781 futex(0x71d16c602a68, FUTEX_WAIT_PRIVATE, 1, NULL <unfinished ...>
222835 futex(0x5da72061eb58, FUTEX_WAKE_PRIVATE, 1) = 1
222829 <... futex resumed>)             = 0
222835 sendto(3, "$\0\0\0\0\0\0\0", 8, MSG_NOSIGNAL, NULL, 0 <unfinished ...>
222829 write(1, "sink received message: operator "..., 87 <unfinished ...>
222835 <... sendto resumed>)            = 8
221775 <... epoll_pwait resumed>[{events=EPOLLIN|EPOLLOUT, data={u32=1908747904, u64=125144370851456}}], 1024, 8, NULL, 8) = 1
222835 sendto(3, "\5\0\0\0\0\0\0\0\0\0\0\0`\17\311\377@\202\207fi\310\340Bm:A\30\257%\16\346"..., 36, MSG_NOSIGNAL, NULL, 0 <unfinished ...>
222829 <... write resumed>)             = 87
221775 recvfrom(35,  <unfinished ...>
222835 <... sendto resumed>)            = 36
221775 <... recvfrom resumed>"$\0\0\0\0\0\0\0", 8, 0, NULL, NULL) = 8
222835 recvfrom(3,  <unfinished ...>
222829 futex(0x5da72061eb58, FUTEX_WAIT_BITSET_PRIVATE, 4294967295, NULL, FUTEX_BITSET_MATCH_ANY <unfinished ...>
221775 recvfrom(35, "\5\0\0\0\0\0\0\0\0\0\0\0`\17\311\377@\202\207fi\310\340Bm:A\30\257%\16\346"..., 36, 0, NULL, NULL) = 36
221775 epoll_pwait(4, [{events=EPOLLIN, data={u32=1908745088, u64=125144370848640}}, {events=EPOLLOUT, data={u32=1908747904, u64=125144370851456}}], 1024, 7, NULL, 8) = 2
221775 read(30, "sink received message: operator "..., 8192) = 87
221775 futex(0x71d16b602a68, FUTEX_WAKE_PRIVATE, 1) = 1
222849 <... futex resumed>)             = 0
222849 write(33, "sink received message: operator "..., 87 <unfinished ...>
221775 epoll_pwait(4,  <unfinished ...>
222825 <... fsync resumed>)             = 0
222849 <... write resumed>)             = 87
222825 write(5, "\1\0\0\0\0\0\0\0", 8 <unfinished ...>
222849 futex(0x71d16b602a68, FUTEX_WAIT_PRIVATE, 1, {tv_sec=9, tv_nsec=999999669} <unfinished ...>
222825 <... write resumed>)             = 8
221775 <... epoll_pwait resumed>[{events=EPOLLIN, data={u32=0, u64=0}}], 1024, 7, NULL, 8) = 1
222825 futex(0x71d16be02a68, FUTEX_WAIT_PRIVATE, 1, {tv_sec=9, tv_nsec=999999489} <unfinished ...>
221775 futex(0x71d16c602a68, FUTEX_WAKE_PRIVATE, 1 <unfinished ...>
221781 <... futex resumed>)             = 0
221775 <... futex resumed>)             = 1
221781 futex(0x71d170202a68, FUTEX_WAKE_PRIVATE, 1 <unfinished ...>
221775 epoll_pwait(4,  <unfinished ...>
221781 <... futex resumed>)             = 1
221766 <... futex resumed>)             = 0
221781 futex(0x71d16ba02a68, FUTEX_WAKE_PRIVATE, 1 <unfinished ...>
221766 futex(0x71d170202a68, FUTEX_WAIT_PRIVATE, 1, NULL <unfinished ...>
221781 <... futex resumed>)             = 1
222828 <... futex resumed>)             = 0
221781 futex(0x71d16c602a68, FUTEX_WAIT_PRIVATE, 1, NULL <unfinished ...>
222828 fsync(33)                        = 0
222828 futex(0x71d16c602a68, FUTEX_WAKE_PRIVATE, 1) = 1
221781 <... futex resumed>)             = 0
222828 futex(0x71d16ba02a68, FUTEX_WAIT_PRIVATE, 1, {tv_sec=9, tv_nsec=999999619} <unfinished ...>
221781 futex(0x71d170202a68, FUTEX_WAKE_PRIVATE, 1) = 1
221766 <... futex resumed>)             = 0
221781 futex(0x71d16c602a68, FUTEX_WAIT_PRIVATE, 1, NULL <unfinished ...>
221766 futex(0x71d170202a68, FUTEX_WAIT_PRIVATE, 1, NULL <unfinished ...>
221775 <... epoll_pwait resumed>[], 1024, 7, NULL, 8) = 0
221775 futex(0x71d171d022f8, FUTEX_WAKE_PRIVATE, 1) = 1
221765 <... futex resumed>)             = 0
221775 epoll_pwait(4,  <unfinished ...>
221765 write(5, "\1\0\0\0\0\0\0\0", 8 <unfinished ...>
221775 <... epoll_pwait resumed>[{events=EPOLLIN, data={u32=0, u64=0}}], 1024, 1, NULL, 8) = 1
221765 <... write resumed>)             = 8
221775 futex(0x71d16c602a68, FUTEX_WAKE_PRIVATE, 1 <unfinished ...>
221765 futex(0x71d171d022f8, FUTEX_WAIT_PRIVATE, 1, NULL <unfinished ...>
221775 <... futex resumed>)             = 1
221781 <... futex resumed>)             = 0
221775 sendto(26, "\224\0\0\0\0\0\0\0", 8, MSG_NOSIGNAL, NULL, 0 <unfinished ...>
221781 epoll_pwait(4,  <unfinished ...>
222836 <... recvfrom resumed>"\224\0\0\0\0\0\0\0", 8, 0, NULL, NULL) = 8
221775 <... sendto resumed>)            = 8
222836 recvfrom(3,  <unfinished ...>
221775 sendto(26, "\2\0\0\0\1\0\0\0\0\0\0\0\2\0\0\0\4\0\0\0\0\0\0\0tick\0\0\340P"..., 148, MSG_NOSIGNAL, NULL, 0) = 148
222836 <... recvfrom resumed>"\2\0\0\0\1\0\0\0\0\0\0\0\2\0\0\0\4\0\0\0\0\0\0\0tick\0\0\340P"..., 148, 0, NULL, NULL) = 148
221775 recvfrom(26, 0x71d171c53420, 8, 0, NULL, NULL) = -1 EAGAIN (Resource temporarily unavailable)
221775 futex(0x71d16de02a68, FUTEX_WAIT_PRIVATE, 1, NULL <unfinished ...>
222836 futex(0x5b6ee181fb58, FUTEX_WAKE_PRIVATE, 1) = 1
222824 <... futex resumed>)             = 0
222836 sendto(3, "$\0\0\0\0\0\0\0", 8, MSG_NOSIGNAL, NULL, 0 <unfinished ...>
222824 write(1, "tick 24, sending 0x9ecf86ee4d865"..., 36 <unfinished ...>
222836 <... sendto resumed>)            = 8
222824 <... write resumed>)             = 36
221781 <... epoll_pwait resumed>[{events=EPOLLIN|EPOLLOUT, data={u32=1908741504, u64=125144370845056}}, {events=EPOLLIN, data={u32=1908816000, u64=125144370919552}}], 1024, 1, NULL, 8) = 2
222836 sendto(3, "\5\0\0\0\0\0\0\0\0\0\0\0P\357\341\1A\202\207fi)!\360 \6C\36\267\220\240R"..., 36, MSG_NOSIGNAL, NULL, 0 <unfinished ...>
221781 futex(0x71d16de02a68, FUTEX_WAKE_PRIVATE, 1 <unfinished ...>
222836 <... sendto resumed>)            = 36
221781 <... futex resumed>)             = 1
221775 <... futex resumed>)             = 0
222836 recvfrom(3,  <unfinished ...>
222824 sendto(6, "\256\0\0\0\0\0\0\0", 8, MSG_NOSIGNAL, NULL, 0 <unfinished ...>
221781 read(18,  <unfinished ...>
221775 futex(0x71d170202a68, FUTEX_WAKE_PRIVATE, 1 <unfinished ...>
221781 <... read resumed>"tick 24, sending 0x9ecf86ee4d865"..., 8192) = 36
221775 <... futex resumed>)             = 1
222824 <... sendto resumed>)            = 8
221766 <... futex resumed>)             = 0
221781 futex(0x71d16b602a68, FUTEX_WAKE_PRIVATE, 1 <unfinished ...>
222824 sendto(6, "\2\0\0\0\6\0\0\0\0\0\0\0random\0\0`\245\353\1A\202\207fi)!\360"..., 174, MSG_NOSIGNAL, NULL, 0 <unfinished ...>
221775 recvfrom(26,  <unfinished ...>
222849 <... futex resumed>)             = 0
221781 <... futex resumed>)             = 1
221766 epoll_pwait(4,  <unfinished ...>
222849 write(19, "tick 24, sending 0x9ecf86ee4d865"..., 36 <unfinished ...>
222824 <... sendto resumed>)            = 174
221781 futex(0x71d16c602a68, FUTEX_WAIT_PRIVATE, 1, NULL <unfinished ...>
221775 <... recvfrom resumed>"$\0\0\0\0\0\0\0", 8, 0, NULL, NULL) = 8
222849 <... write resumed>)             = 36
222824 futex(0x5b6ee181fb58, FUTEX_WAIT_BITSET_PRIVATE, 4294967295, NULL, FUTEX_BITSET_MATCH_ANY <unfinished ...>
221766 <... epoll_pwait resumed>[{events=EPOLLIN|EPOLLOUT, data={u32=1908741504, u64=125144370845056}}, {events=EPOLLIN|EPOLLOUT, data={u32=1908614144, u64=125144370717696}}], 1024, 9, NULL, 8) = 2
222849 futex(0x71d16c602a68, FUTEX_WAKE_PRIVATE, 1 <unfinished ...>
221775 recvfrom(26,  <unfinished ...>
221766 recvfrom(41,  <unfinished ...>
222849 <... futex resumed>)             = 1
221781 <... futex resumed>)             = 0
222849 futex(0x71d16b602a68, FUTEX_WAIT_PRIVATE, 1, {tv_sec=9, tv_nsec=999999639} <unfinished ...>
221775 <... recvfrom resumed>"\5\0\0\0\0\0\0\0\0\0\0\0P\357\341\1A\202\207fi)!\360 \6C\36\267\220\240R"..., 36, 0, NULL, NULL) = 36
221766 <... recvfrom resumed>"\256\0\0\0\0\0\0\0", 8, 0, NULL, NULL) = 8
221781 futex(0x71d16da02a68, FUTEX_WAKE_PRIVATE, 1 <unfinished ...>
221775 epoll_pwait(4,  <unfinished ...>
221781 <... futex resumed>)             = 1
221766 recvfrom(41,  <unfinished ...>
221776 <... futex resumed>)             = 0
221781 futex(0x71d16be02a68, FUTEX_WAKE_PRIVATE, 1) = 1
221776 futex(0x71d16da02a68, FUTEX_WAIT_PRIVATE, 1, NULL <unfinished ...>
222825 <... futex resumed>)             = 0
221766 <... recvfrom resumed>"\2\0\0\0\6\0\0\0\0\0\0\0random\0\0`\245\353\1A\202\207fi)!\360"..., 174, 0, NULL, NULL) = 174
222825 fsync(19 <unfinished ...>
221781 futex(0x71d16c602a68, FUTEX_WAIT_PRIVATE, 1, NULL <unfinished ...>
221766 futex(0x71d171d022f8, FUTEX_WAKE_PRIVATE, 1) = 1
221765 <... futex resumed>)             = 0
221766 recvfrom(41,  <unfinished ...>
221765 futex(0x71d16c602a68, FUTEX_WAKE_PRIVATE, 1 <unfinished ...>
221766 <... recvfrom resumed>0x71d171c53120, 8, 0, NULL, NULL) = -1 EAGAIN (Resource temporarily unavailable)
221781 <... futex resumed>)             = 0
221765 <... futex resumed>)             = 1
221781 futex(0x71d16c602a68, FUTEX_WAIT_PRIVATE, 1, NULL <unfinished ...>
221766 sendto(31, "\272\0\0\0\0\0\0\0", 8, MSG_NOSIGNAL, NULL, 0 <unfinished ...>
221765 futex(0x71d171d022f8, FUTEX_WAIT_PRIVATE, 1, NULL <unfinished ...>
221766 <... sendto resumed>)            = 8
222837 <... recvfrom resumed>"\272\0\0\0\0\0\0\0", 8, 0, NULL, NULL) = 8
221766 sendto(31, "\2\0\0\0\1\0\0\0\0\0\0\0\2\0\0\0\6\0\0\0\0\0\0\0random\0\0"..., 186, MSG_NOSIGNAL, NULL, 0 <unfinished ...>
222837 recvfrom(3,  <unfinished ...>
221766 <... sendto resumed>)            = 186
222837 <... recvfrom resumed>"\2\0\0\0\1\0\0\0\0\0\0\0\2\0\0\0\6\0\0\0\0\0\0\0random\0\0"..., 186, 0, NULL, NULL) = 186
221766 recvfrom(31, 0x71d171cfeea0, 8, 0, NULL, NULL) = -1 EAGAIN (Resource temporarily unavailable)
221766 futex(0x71d170202a68, FUTEX_WAIT_PRIVATE, 1, NULL <unfinished ...>
222837 futex(0x5f8bde5beb58, FUTEX_WAKE_PRIVATE, 1) = 1
222827 <... futex resumed>)             = 0
222837 sendto(3, "$\0\0\0\0\0\0\0", 8, MSG_NOSIGNAL, NULL, 0) = 8
221775 <... epoll_pwait resumed>[{events=EPOLLIN|EPOLLOUT, data={u32=1908746368, u64=125144370849920}}], 1024, 9, NULL, 8) = 1
222837 sendto(3, "\5\0\0\0\0\0\0\0\0\0\0\0\0\271%\2A\202\207f^| \275C\263E\34\237\234\244v"..., 36, MSG_NOSIGNAL, NULL, 0 <unfinished ...>
221775 recvfrom(31,  <unfinished ...>
222837 <... sendto resumed>)            = 36
222827 sendto(6, "\375\0\0\0\0\0\0\0", 8, MSG_NOSIGNAL, NULL, 0 <unfinished ...>
221775 <... recvfrom resumed>"$\0\0\0\0\0\0\0", 8, 0, NULL, NULL) = 8
222837 recvfrom(3,  <unfinished ...>
221775 recvfrom(31,  <unfinished ...>
222827 <... sendto resumed>)            = 8
222827 sendto(6, "\2\0\0\0\6\0\0\0\0\0\0\0status\0\0000\224+\2A\202\207f^| \275"..., 253, MSG_NOSIGNAL, NULL, 0 <unfinished ...>
221775 <... recvfrom resumed>"\5\0\0\0\0\0\0\0\0\0\0\0\0\271%\2A\202\207f^| \275C\263E\34\237\234\244v"..., 36, 0, NULL, NULL) = 36
222827 <... sendto resumed>)            = 253
221775 epoll_pwait(4, [{events=EPOLLOUT, data={u32=1908746368, u64=125144370849920}}, {events=EPOLLIN|EPOLLOUT, data={u32=1908617728, u64=125144370721280}}], 1024, 8, NULL, 8) = 2
222827 futex(0x5f8bde5beb58, FUTEX_WAIT_BITSET_PRIVATE, 4294967295, NULL, FUTEX_BITSET_MATCH_ANY <unfinished ...>
221775 recvfrom(42, "\375\0\0\0\0\0\0\0", 8, 0, NULL, NULL) = 8
221775 recvfrom(42, "\2\0\0\0\6\0\0\0\0\0\0\0status\0\0000\224+\2A\202\207f^| \275"..., 253, 0, NULL, NULL) = 253
221775 futex(0x71d171d022f8, FUTEX_WAKE_PRIVATE, 1) = 1
221765 <... futex resumed>)             = 0
221775 recvfrom(42,  <unfinished ...>
221765 futex(0x71d16c602a68, FUTEX_WAKE_PRIVATE, 1 <unfinished ...>
221775 <... recvfrom resumed>0x71d171cfef80, 8, 0, NULL, NULL) = -1 EAGAIN (Resource temporarily unavailable)
221765 <... futex resumed>)             = 1
221781 <... futex resumed>)             = 0
221775 sendto(35, "\n\1\0\0\0\0\0\0", 8, MSG_NOSIGNAL, NULL, 0 <unfinished ...>
221781 epoll_pwait(4,  <unfinished ...>
221765 futex(0x71d171d022f8, FUTEX_WAIT_PRIVATE, 1, NULL <unfinished ...>
221775 <... sendto resumed>)            = 8
222835 <... recvfrom resumed>"\n\1\0\0\0\0\0\0", 8, 0, NULL, NULL) = 8
221775 sendto(35, "\2\0\0\0\1\0\0\0\0\0\0\0\2\0\0\0\7\0\0\0\0\0\0\0message\0"..., 266, MSG_NOSIGNAL, NULL, 0 <unfinished ...>
222835 recvfrom(3,  <unfinished ...>
221775 <... sendto resumed>)            = 266
222835 <... recvfrom resumed>"\2\0\0\0\1\0\0\0\0\0\0\0\2\0\0\0\7\0\0\0\0\0\0\0message\0"..., 266, 0, NULL, NULL) = 266
221775 recvfrom(35, 0x71d171c53420, 8, 0, NULL, NULL) = -1 EAGAIN (Resource temporarily unavailable)
221775 futex(0x71d16de02a68, FUTEX_WAIT_PRIVATE, 1, NULL <unfinished ...>
222835 futex(0x5da72061eb58, FUTEX_WAKE_PRIVATE, 1) = 1
222829 <... futex resumed>)             = 0
222835 sendto(3, "$\0\0\0\0\0\0\0", 8, MSG_NOSIGNAL, NULL, 0) = 8
222829 write(1, "sink received message: operator "..., 87 <unfinished ...>
221781 <... epoll_pwait resumed>[{events=EPOLLIN|EPOLLOUT, data={u32=1908747904, u64=125144370851456}}], 1024, 8, NULL, 8) = 1
222835 sendto(3, "\5\0\0\0\0\0\0\0\0\0\0\0\0PT\2A\202\207fi\310\340Bm:A\30\257%\16\346"..., 36, MSG_NOSIGNAL, NULL, 0 <unfinished ...>
222829 <... write resumed>)             = 87
221781 recvfrom(35,  <unfinished ...>
222835 <... sendto resumed>)            = 36
221781 <... recvfrom resumed>"$\0\0\0\0\0\0\0", 8, 0, NULL, NULL) = 8
222829 futex(0x5da72061eb58, FUTEX_WAIT_BITSET_PRIVATE, 4294967295, NULL, FUTEX_BITSET_MATCH_ANY <unfinished ...>
222835 recvfrom(3,  <unfinished ...>
221781 recvfrom(35, "\5\0\0\0\0\0\0\0\0\0\0\0\0PT\2A\202\207fi\310\340Bm:A\30\257%\16\346"..., 36, 0, NULL, NULL) = 36
221781 epoll_pwait(4, [{events=EPOLLIN, data={u32=1908745088, u64=125144370848640}}, {events=EPOLLOUT, data={u32=1908747904, u64=125144370851456}}], 1024, 7, NULL, 8) = 2
221781 read(30, "sink received message: operator "..., 8192) = 87
221781 futex(0x71d16ba02a68, FUTEX_WAKE_PRIVATE, 1) = 1
222828 <... futex resumed>)             = 0
221781 epoll_pwait(4,  <unfinished ...>
222828 write(33, "sink received message: operator "..., 87) = 87
222828 write(5, "\1\0\0\0\0\0\0\0", 8 <unfinished ...>
222825 <... fsync resumed>)             = 0
222828 <... write resumed>)             = 8
222825 futex(0x71d16be02a68, FUTEX_WAIT_PRIVATE, 1, {tv_sec=9, tv_nsec=999999670} <unfinished ...>
221781 <... epoll_pwait resumed>[{events=EPOLLIN, data={u32=0, u64=0}}], 1024, 7, NULL, 8) = 1
222828 futex(0x71d16ba02a68, FUTEX_WAIT_PRIVATE, 1, {tv_sec=9, tv_nsec=999999609} <unfinished ...>
221781 futex(0x71d16de02a68, FUTEX_WAKE_PRIVATE, 1) = 1
221775 <... futex resumed>)             = 0
221781 futex(0x71d16b602a68, FUTEX_WAKE_PRIVATE, 1 <unfinished ...>
221775 futex(0x71d16da02a68, FUTEX_WAKE_PRIVATE, 1 <unfinished ...>
221781 <... futex resumed>)             = 1
221775 <... futex resumed>)             = 1
222849 <... futex resumed>)             = 0
221781 epoll_pwait(4,  <unfinished ...>
221776 <... futex resumed>)             = 0
221775 futex(0x71d16de02a68, FUTEX_WAIT_PRIVATE, 1, NULL <unfinished ...>
222849 fsync(33 <unfinished ...>
221776 futex(0x71d16da02a68, FUTEX_WAIT_PRIVATE, 1, NULL <unfinished ...>
222849 <... fsync resumed>)             = 0
222849 futex(0x71d16da02a68, FUTEX_WAKE_PRIVATE, 1) = 1
221776 <... futex resumed>)             = 0
222849 futex(0x71d16b602a68, FUTEX_WAIT_PRIVATE, 1, {tv_sec=9, tv_nsec=999999590} <unfinished ...>
221776 futex(0x71d16de02a68, FUTEX_WAKE_PRIVATE, 1) = 1
221775 <... futex resumed>)             = 0
221776 futex(0x71d16da02a68, FUTEX_WAIT_PRIVATE, 1, NULL <unfinished ...>
221775 futex(0x71d16de02a68, FUTEX_WAIT_PRIVATE, 1, NULL <unfinished ...>
221781 <... epoll_pwait resumed>[], 1024, 7, NULL, 8) = 0
221781 futex(0x71d171d022f8, FUTEX_WAKE_PRIVATE, 1) = 1
221765 <... futex resumed>)             = 0
221781 write(5, "\1\0\0\0\0\0\0\0", 8)  = 8
221765 futex(0x71d16da02a68, FUTEX_WAKE_PRIVATE, 1 <unfinished ...>
221781 sendto(26, "\224\0\0\0\0\0\0\0", 8, MSG_NOSIGNAL, NULL, 0 <unfinished ...>
221765 <... futex resumed>)             = 1
221776 <... futex resumed>)             = 0
221776 epoll_pwait(4,  <unfinished ...>
221765 futex(0x71d171d022f8, FUTEX_WAIT_PRIVATE, 1, NULL <unfinished ...>
221781 <... sendto resumed>)            = 8
221776 <... epoll_pwait resumed>[{events=EPOLLIN, data={u32=0, u64=0}}], 1024, 10, NULL, 8) = 1
222836 <... recvfrom resumed>"\224\0\0\0\0\0\0\0", 8, 0, NULL, NULL) = 8
221781 sendto(26, "\2\0\0\0\1\0\0\0\0\0\0\0\2\0\0\0\4\0\0\0\0\0\0\0tick\0\0 \f"..., 148, MSG_NOSIGNAL, NULL, 0 <unfinished ...>
222836 recvfrom(3,  <unfinished ...>
221776 epoll_pwait(4,  <unfinished ...>
221781 <... sendto resumed>)            = 148
222836 <... recvfrom resumed>"\2\0\0\0\1\0\0\0\0\0\0\0\2\0\0\0\4\0\0\0\0\0\0\0tick\0\0 \f"..., 148, 0, NULL, NULL) = 148
221781 recvfrom(26, 0x71d171c53190, 8, 0, NULL, NULL) = -1 EAGAIN (Resource temporarily unavailable)
221781 futex(0x71d16c602a68, FUTEX_WAIT_PRIVATE, 1, NULL <unfinished ...>
222836 futex(0x5b6ee181fb58, FUTEX_WAKE_PRIVATE, 1) = 1
222824 <... futex resumed>)             = 0
222836 sendto(3, "$\0\0\0\0\0\0\0", 8, MSG_NOSIGNAL, NULL, 0 <unfinished ...>
222824 write(1, "tick 25, sending 0xe77a32d762ada"..., 36 <unfinished ...>
222836 <... sendto resumed>)            = 8
222824 <... write resumed>)             = 36
221776 <... epoll_pwait resumed>[{events=EPOLLIN|EPOLLOUT, data={u32=1908741504, u64=125144370845056}}, {events=EPOLLIN, data={u32=1908816000, u64=125144370919552}}], 1024, 10, NULL, 8) = 2
222836 sendto(3, "\5\0\0\0\0\0\0\0\0\0\0\0\3203g\4A\202\207fi)!\360 \6C\36\267\220\240R"..., 36, MSG_NOSIGNAL, NULL, 0 <unfinished ...>
221776 futex(0x71d16c602a68, FUTEX_WAKE_PRIVATE, 1 <unfinished ...>
222836 <... sendto resumed>)            = 36
221781 <... futex resumed>)             = 0
221776 <... futex resumed>)             = 1
222836 recvfrom(3,  <unfinished ...>
222824 sendto(6, "\256\0\0\0\0\0\0\0", 8, MSG_NOSIGNAL, NULL, 0 <unfinished ...>
221781 recvfrom(26,  <unfinished ...>
221776 futex(0x71d16de02a68, FUTEX_WAKE_PRIVATE, 1 <unfinished ...>
221781 <... recvfrom resumed>"$\0\0\0\0\0\0\0", 8, 0, NULL, NULL) = 8
222824 <... sendto resumed>)            = 8
221776 <... futex resumed>)             = 1
221775 <... futex resumed>)             = 0
221781 recvfrom(26,  <unfinished ...>
222824 sendto(6, "\2\0\0\0\6\0\0\0\0\0\0\0random\0\0\0\276p\4A\202\207fi)!\360"..., 174, MSG_NOSIGNAL, NULL, 0 <unfinished ...>
221776 read(18,  <unfinished ...>
221775 epoll_pwait(4,  <unfinished ...>
222824 <... sendto resumed>)            = 174
221781 <... recvfrom resumed>"\5\0\0\0\0\0\0\0\0\0\0\0\3203g\4A\202\207fi)!\360 \6C\36\267\220\240R"..., 36, 0, NULL, NULL) = 36
221776 <... read resumed>"tick 25, sending 0xe77a32d762ada"..., 8192) = 36
222824 futex(0x5b6ee181fb58, FUTEX_WAIT_BITSET_PRIVATE, 4294967295, NULL, FUTEX_BITSET_MATCH_ANY <unfinished ...>
221781 futex(0x71d16c602a68, FUTEX_WAIT_PRIVATE, 1, NULL <unfinished ...>
221775 <... epoll_pwait resumed>[{events=EPOLLOUT, data={u32=1908741504, u64=125144370845056}}, {events=EPOLLIN|EPOLLOUT, data={u32=1908614144, u64=125144370717696}}], 1024, 9, NULL, 8) = 2
221776 futex(0x71d16be02a68, FUTEX_WAKE_PRIVATE, 1 <unfinished ...>
221775 recvfrom(41,  <unfinished ...>
221776 <... futex resumed>)             = 1
222825 <... futex resumed>)             = 0
221775 <... recvfrom resumed>"\256\0\0\0\0\0\0\0", 8, 0, NULL, NULL) = 8
222825 write(19, "tick 25, sending 0xe77a32d762ada"..., 36 <unfinished ...>
221776 epoll_pwait(4,  <unfinished ...>
221775 recvfrom(41,  <unfinished ...>
222825 <... write resumed>)             = 36
221775 <... recvfrom resumed>"\2\0\0\0\6\0\0\0\0\0\0\0random\0\0\0\276p\4A\202\207fi)!\360"..., 174, 0, NULL, NULL) = 174
222825 write(5, "\1\0\0\0\0\0\0\0", 8 <unfinished ...>
221775 futex(0x71d171d022f8, FUTEX_WAKE_PRIVATE, 1 <unfinished ...>
222825 <... write resumed>)             = 8
221776 <... epoll_pwait resumed>[{events=EPOLLIN, data={u32=0, u64=0}}], 1024, 9, NULL, 8) = 1
221775 <... futex resumed>)             = 1
222825 futex(0x71d16be02a68, FUTEX_WAIT_PRIVATE, 1, {tv_sec=9, tv_nsec=999999719} <unfinished ...>
221765 <... futex resumed>)             = 0
221776 futex(0x71d16c602a68, FUTEX_WAKE_PRIVATE, 1 <unfinished ...>
221775 recvfrom(41,  <unfinished ...>
221781 <... futex resumed>)             = 0
221776 <... futex resumed>)             = 1
221765 futex(0x71d171d022f8, FUTEX_WAIT_PRIVATE, 1, NULL <unfinished ...>
221781 futex(0x71d170202a68, FUTEX_WAKE_PRIVATE, 1 <unfinished ...>
221776 futex(0x71d16ba02a68, FUTEX_WAKE_PRIVATE, 1 <unfinished ...>
221775 <... recvfrom resumed>0x71d171cfeea0, 8, 0, NULL, NULL) = -1 EAGAIN (Resource temporarily unavailable)
221781 <... futex resumed>)             = 1
221776 <... futex resumed>)             = 1
221766 <... futex resumed>)             = 0
222828 <... futex resumed>)             = 0
221781 sendto(31, "\272\0\0\0\0\0\0\0", 8, MSG_NOSIGNAL, NULL, 0 <unfinished ...>
221776 futex(0x71d16da02a68, FUTEX_WAIT_PRIVATE, 1, NULL <unfinished ...>
221775 epoll_pwait(4,  <unfinished ...>
221766 futex(0x71d170202a68, FUTEX_WAIT_PRIVATE, 1, NULL <unfinished ...>
222828 fsync(19 <unfinished ...>
221781 <... sendto resumed>)            = 8
222837 <... recvfrom resumed>"\272\0\0\0\0\0\0\0", 8, 0, NULL, NULL) = 8
221781 sendto(31, "\2\0\0\0\1\0\0\0\0\0\0\0\2\0\0\0\6\0\0\0\0\0\0\0random\0\0"..., 186, MSG_NOSIGNAL, NULL, 0 <unfinished ...>
222837 recvfrom(3,  <unfinished ...>
221781 <... sendto resumed>)            = 186
222837 <... recvfrom resumed>"\2\0\0\0\1\0\0\0\0\0\0\0\2\0\0\0\6\0\0\0\0\0\0\0random\0\0"..., 186, 0, NULL, NULL) = 186
221781 recvfrom(31, 0x71d171c53420, 8, 0, NULL, NULL) = -1 EAGAIN (Resource temporarily unavailable)
221781 futex(0x71d16c602a68, FUTEX_WAIT_PRIVATE, 1, NULL <unfinished ...>
222837 futex(0x5f8bde5beb58, FUTEX_WAKE_PRIVATE, 1) = 1
222827 <... futex resumed>)             = 0
222837 sendto(3, "$\0\0\0\0\0\0\0", 8, MSG_NOSIGNAL, NULL, 0) = 8
221775 <... epoll_pwait resumed>[{events=EPOLLIN|EPOLLOUT, data={u32=1908746368, u64=125144370849920}}], 1024, 9, NULL, 8) = 1
222837 sendto(3, "\5\0\0\0\0\0\0\0\0\0\0\0 \226\245\4A\202\207f^| \275C\263E\34\237\234\244v"..., 36, MSG_NOSIGNAL, NULL, 0 <unfinished ...>
221775 recvfrom(31,  <unfinished ...>
222837 <... sendto resumed>)            = 36
222827 sendto(6, "\375\0\0\0\0\0\0\0", 8, MSG_NOSIGNAL, NULL, 0 <unfinished ...>
221775 <... recvfrom resumed>"$\0\0\0\0\0\0\0", 8, 0, NULL, NULL) = 8
222837 recvfrom(3,  <unfinished ...>
221775 recvfrom(31,  <unfinished ...>
222827 <... sendto resumed>)            = 8
222827 sendto(6, "\2\0\0\0\6\0\0\0\0\0\0\0status\0\0\320\370\251\4A\202\207f^| \275"..., 253, MSG_NOSIGNAL, NULL, 0 <unfinished ...>
221775 <... recvfrom resumed>"\5\0\0\0\0\0\0\0\0\0\0\0 \226\245\4A\202\207f^| \275C\263E\34\237\234\244v"..., 36, 0, NULL, NULL) = 36
222827 <... sendto resumed>)            = 253
221775 epoll_pwait(4,  <unfinished ...>
222827 futex(0x5f8bde5beb58, FUTEX_WAIT_BITSET_PRIVATE, 4294967295, NULL, FUTEX_BITSET_MATCH_ANY <unfinished ...>
221775 <... epoll_pwait resumed>[{events=EPOLLOUT, data={u32=1908746368, u64=125144370849920}}, {events=EPOLLIN|EPOLLOUT, data={u32=1908617728, u64=125144370721280}}], 1024, 8, NULL, 8) = 2
221775 recvfrom(42, "\375\0\0\0\0\0\0\0", 8, 0, NULL, NULL) = 8
221775 recvfrom(42, "\2\0\0\0\6\0\0\0\0\0\0\0status\0\0\320\370\251\4A\202\207f^| \275"..., 253, 0, NULL, NULL) = 253
221775 futex(0x71d171d022f8, FUTEX_WAKE_PRIVATE, 1) = 1
221765 <... futex resumed>)             = 0
221775 recvfrom(42,  <unfinished ...>
221765 futex(0x71d170202a68, FUTEX_WAKE_PRIVATE, 1 <unfinished ...>
221775 <... recvfrom resumed>0x71d171c53120, 8, 0, NULL, NULL) = -1 EAGAIN (Resource temporarily unavailable)
221765 <... futex resumed>)             = 1
221766 <... futex resumed>)             = 0
221775 sendto(35, "\n\1\0\0\0\0\0\0", 8, MSG_NOSIGNAL, NULL, 0 <unfinished ...>
221765 futex(0x71d171d022f8, FUTEX_WAIT_PRIVATE, 1, NULL <unfinished ...>
221766 epoll_pwait(4,  <unfinished ...>
221775 <... sendto resumed>)            = 8
222835 <... recvfrom resumed>"\n\1\0\0\0\0\0\0", 8, 0, NULL, NULL) = 8
221775 sendto(35, "\2\0\0\0\1\0\0\0\0\0\0\0\2\0\0\0\7\0\0\0\0\0\0\0message\0"..., 266, MSG_NOSIGNAL, NULL, 0 <unfinished ...>
222835 recvfrom(3,  <unfinished ...>
221775 <... sendto resumed>)            = 266
222835 <... recvfrom resumed>"\2\0\0\0\1\0\0\0\0\0\0\0\2\0\0\0\7\0\0\0\0\0\0\0message\0"..., 266, 0, NULL, NULL) = 266
221775 recvfrom(35, 0x71d171c53190, 8, 0, NULL, NULL) = -1 EAGAIN (Resource temporarily unavailable)
221775 futex(0x71d16de02a68, FUTEX_WAIT_PRIVATE, 1, NULL <unfinished ...>
222835 futex(0x5da72061eb58, FUTEX_WAKE_PRIVATE, 1) = 1
222829 <... futex resumed>)             = 0
222835 sendto(3, "$\0\0\0\0\0\0\0", 8, MSG_NOSIGNAL, NULL, 0) = 8
222829 write(1, "sink received message: operator "..., 87 <unfinished ...>
221766 <... epoll_pwait resumed>[{events=EPOLLIN|EPOLLOUT, data={u32=1908747904, u64=125144370851456}}], 1024, 8, NULL, 8) = 1
222835 sendto(3, "\5\0\0\0\0\0\0\0\0\0\0\0P\312\315\4A\202\207fi\310\340Bm:A\30\257%\16\346"..., 36, MSG_NOSIGNAL, NULL, 0 <unfinished ...>
222829 <... write resumed>)             = 87
221766 recvfrom(35,  <unfinished ...>
222835 <... sendto resumed>)            = 36
221766 <... recvfrom resumed>"$\0\0\0\0\0\0\0", 8, 0, NULL, NULL) = 8
222835 recvfrom(3,  <unfinished ...>
222829 futex(0x5da72061eb58, FUTEX_WAIT_BITSET_PRIVATE, 4294967295, NULL, FUTEX_BITSET_MATCH_ANY <unfinished ...>
221766 recvfrom(35, "\5\0\0\0\0\0\0\0\0\0\0\0P\312\315\4A\202\207fi\310\340Bm:A\30\257%\16\346"..., 36, 0, NULL, NULL) = 36
221766 epoll_pwait(4, [{events=EPOLLIN, data={u32=1908745088, u64=125144370848640}}, {events=EPOLLOUT, data={u32=1908747904, u64=125144370851456}}], 1024, 8, NULL, 8) = 2
221766 read(30, "sink received message: operator "..., 8192) = 87
221766 futex(0x71d16b602a68, FUTEX_WAKE_PRIVATE, 1) = 1
222849 <... futex resumed>)             = 0
221766 epoll_pwait(4,  <unfinished ...>
222849 write(33, "sink received message: operator "..., 87) = 87
222849 write(5, "\1\0\0\0\0\0\0\0", 8)  = 8
221766 <... epoll_pwait resumed>[{events=EPOLLIN, data={u32=0, u64=0}}], 1024, 8, NULL, 8) = 1
222849 futex(0x71d16b602a68, FUTEX_WAIT_PRIVATE, 1, {tv_sec=9, tv_nsec=999999679} <unfinished ...>
221766 futex(0x71d16de02a68, FUTEX_WAKE_PRIVATE, 1 <unfinished ...>
221775 <... futex resumed>)             = 0
221766 <... futex resumed>)             = 1
221775 epoll_pwait(4,  <unfinished ...>
221766 futex(0x71d16be02a68, FUTEX_WAKE_PRIVATE, 1) = 1
222825 <... futex resumed>)             = 0
221766 futex(0x71d170202a68, FUTEX_WAIT_PRIVATE, 1, NULL <unfinished ...>
222825 fsync(33 <unfinished ...>
222828 <... fsync resumed>)             = 0
222828 futex(0x71d170202a68, FUTEX_WAKE_PRIVATE, 1) = 1
221766 <... futex resumed>)             = 0
222828 futex(0x71d16ba02a68, FUTEX_WAIT_PRIVATE, 1, {tv_sec=9, tv_nsec=999999750} <unfinished ...>
221766 write(5, "\1\0\0\0\0\0\0\0", 8 <unfinished ...>
221775 <... epoll_pwait resumed>[{events=EPOLLIN, data={u32=0, u64=0}}], 1024, 8, NULL, 8) = 1
221766 <... write resumed>)             = 8
221775 epoll_pwait(4,  <unfinished ...>
