130137 futex(0x77efa7200990, FUTEX_WAIT_BITSET|FUTEX_CLOCK_REALTIME, 130135, NULL, FUTEX_BITSET_MATCH_ANY <unfinished ...>
109187 <... setsockopt resumed>)        = 0
109184 epoll_wait(4,  <unfinished ...>
109176 sendto(55, "\10\0\0\0\0\0\0\0", 8, MSG_NOSIGNAL, NULL, 0 <unfinished ...>
109187 futex(0x7169d08005c0, FUTEX_WAIT_PRIVATE, 1, NULL <unfinished ...>
109186 futex(0x7169d0c005c0, FUTEX_WAIT_PRIVATE, 1, NULL <unfinished ...>
109185 <... recvfrom resumed>"\34\0\0\0\0\0\0\0", 8, 0, NULL, NULL) = 8
109184 <... epoll_wait resumed>[{events=EPOLLIN, data={u32=4173229696, u64=105102022962816}}, {events=EPOLLIN|EPOLLOUT, data={u32=2281726208, u64=124698067230976}}, {events=EPOLLIN|EPOLLOUT, data={u32=2147496448, u64=124697933001216}}], 1024, 4) = 3
130123 <... recvfrom resumed>"\10\0\0\0\0\0\0\0", 8, 0, NULL, NULL) = 8
109185 recvfrom(52,  <unfinished ...>
109176 <... sendto resumed>)            = 8
130123 recvfrom(6,  <unfinished ...>
109184 futex(0x7169d08005c0, FUTEX_WAKE_PRIVATE, 1 <unfinished ...>
109185 <... recvfrom resumed>"\10\0\0\0@\252\262\211\321l\207f\236\220\222\3211`Is\250\207\375\334\364\263\253y", 28, 0, NULL, NULL) = 28
109176 sendto(55, "\0\0\0\0\0\0\0\0", 8, MSG_NOSIGNAL, NULL, 0 <unfinished ...>
109187 <... futex resumed>)             = 0
109184 <... futex resumed>)             = 1
130123 <... recvfrom resumed>"\0\0\0\0\0\0\0\0", 8, 0, NULL, NULL) = 8
109187 futex(0x7169d0c005c0, FUTEX_WAKE_PRIVATE, 1 <unfinished ...>
109185 accept4(34,  <unfinished ...>
109184 recvfrom(56,  <unfinished ...>
109176 <... sendto resumed>)            = 8
109187 <... futex resumed>)             = 1
109186 <... futex resumed>)             = 0
109185 <... accept4 resumed>{sa_family=AF_INET, sin_port=htons(37768), sin_addr=inet_addr("127.0.0.1")}, [128 => 16], SOCK_CLOEXEC|SOCK_NONBLOCK) = 57
109184 <... recvfrom resumed>"R\0\0\0\0\0\0\0", 8, 0, NULL, NULL) = 8
130123 futex(0x5e6b228d6b58, FUTEX_WAIT_BITSET_PRIVATE, 4294967295, NULL, FUTEX_BITSET_MATCH_ANY <unfinished ...>
109187 recvfrom(53,  <unfinished ...>
109186 epoll_wait(4,  <unfinished ...>
109185 epoll_ctl(6, EPOLL_CTL_ADD, 57, {events=EPOLLIN|EPOLLOUT|EPOLLRDHUP|EPOLLET, data={u32=2348818944, u64=124698134323712}} <unfinished ...>
109176 recvfrom(55,  <unfinished ...>
109184 recvfrom(56,  <unfinished ...>
109187 <... recvfrom resumed>"\34\0\0\0\0\0\0\0", 8, 0, NULL, NULL) = 8
109176 <... recvfrom resumed>0x716980004130, 8, 0, NULL, NULL) = -1 EAGAIN (Resource temporarily unavailable)
109185 <... epoll_ctl resumed>)         = 0
109187 recvfrom(53,  <unfinished ...>
109186 <... epoll_wait resumed>[{events=EPOLLIN|EPOLLOUT, data={u32=2348818944, u64=124698134323712}}], 1024, 4) = 1
109184 <... recvfrom resumed>"\0\0\0\0\20\0\0\0\0\0\0\0\1\220\201\1\22iy\243\255\352 O\222\347\246b\t\0\0\0"..., 82, 0, NULL, NULL) = 82
109187 <... recvfrom resumed>"\10\0\0\0\0\254\362\211\321l\207f^)\26\t\203)D\313\247(\207F\302\30\357#", 28, 0, NULL, NULL) = 28
109185 accept4(34,  <unfinished ...>
109176 futex(0x7169d30005c0, FUTEX_WAIT_PRIVATE, 1, NULL <unfinished ...>
109186 epoll_wait(4,  <unfinished ...>
109184 sendto(56, "\10\0\0\0\0\0\0\0", 8, MSG_NOSIGNAL, NULL, 0 <unfinished ...>
109187 futex(0x7169d08005c0, FUTEX_WAIT_PRIVATE, 1, NULL <unfinished ...>
109185 <... accept4 resumed>0x7169d0ffb310, [128], SOCK_CLOEXEC|SOCK_NONBLOCK) = -1 EAGAIN (Resource temporarily unavailable)
130118 <... recvfrom resumed>"\10\0\0\0\0\0\0\0", 8, 0, NULL, NULL) = 8
109185 setsockopt(57, SOL_TCP, TCP_NODELAY, [1], 4 <unfinished ...>
109184 <... sendto resumed>)            = 8
130118 recvfrom(6,  <unfinished ...>
109185 <... setsockopt resumed>)        = 0
109184 sendto(56, "\0\0\0\0\0\0\0\0", 8, MSG_NOSIGNAL, NULL, 0 <unfinished ...>
109185 recvfrom(57,  <unfinished ...>
130118 <... recvfrom resumed>"\0\0\0\0\0\0\0\0", 8, 0, NULL, NULL) = 8
109185 <... recvfrom resumed>"Y\0\0\0\0\0\0\0", 8, 0, NULL, NULL) = 8
109184 <... sendto resumed>)            = 8
109185 recvfrom(57,  <unfinished ...>
109184 recvfrom(56,  <unfinished ...>
109185 <... recvfrom resumed>"\0\0\0\0\20\0\0\0\0\0\0\0\1\220\201\1\22iy\243\255\352 O\222\347\246b\20\0\0\0"..., 89, 0, NULL, NULL) = 89
130118 futex(0x6206be3744b8, FUTEX_WAKE_PRIVATE, 1 <unfinished ...>
109184 <... recvfrom resumed>0x7169800013b0, 8, 0, NULL, NULL) = -1 EAGAIN (Resource temporarily unavailable)
130118 <... futex resumed>)             = 1
130128 <... futex resumed>)             = 0
109185 sendto(57, "\10\0\0\0\0\0\0\0", 8, MSG_NOSIGNAL, NULL, 0 <unfinished ...>
109184 futex(0x7169d14005c0, FUTEX_WAIT_PRIVATE, 1, NULL <unfinished ...>
130128 sendto(3, "$\0\0\0\0\0\0\0", 8, MSG_NOSIGNAL, NULL, 0 <unfinished ...>
130120 <... recvfrom resumed>"\10\0\0\0\0\0\0\0", 8, 0, NULL, NULL) = 8
109185 <... sendto resumed>)            = 8
130128 <... sendto resumed>)            = 8
130120 recvfrom(6,  <unfinished ...>
130118 getrandom( <unfinished ...>
109186 <... epoll_wait resumed>[{events=EPOLLIN|EPOLLOUT, data={u32=3288352256, u64=124699073857024}}], 1024, 4) = 1
130128 sendto(3, "\5\0\0\0\0\0\0\0\0\0\0\0\300ZD\212\321l\207f8\2732\206\345~O\4\240\370mR"..., 36, MSG_NOSIGNAL, NULL, 0 <unfinished ...>
130118 <... getrandom resumed>"\xcc\xb2\x8f\x41\x9e\x99\x08\x24\x0e\x6c\xc1\xaa\xf8\xc1\x99\x9c\x69\x3e\x21\xaf\xa0\x35\x62\x8e\xfe\xa7\xd5\x56\x73\x90\xe7\xc0", 32, 0) = 32
109185 sendto(57, "\0\0\0\0\0\0\0\0", 8, MSG_NOSIGNAL, NULL, 0 <unfinished ...>
130128 <... sendto resumed>)            = 36
109186 recvfrom(42,  <unfinished ...>
130128 recvfrom(3,  <unfinished ...>
130120 <... recvfrom resumed>"\0\0\0\0\0\0\0\0", 8, 0, NULL, NULL) = 8
109186 <... recvfrom resumed>"$\0\0\0\0\0\0\0", 8, 0, NULL, NULL) = 8
109185 <... sendto resumed>)            = 8
130118 write(1, "tick 0, sending 0xf7cb48573f28f6"..., 35 <unfinished ...>
109186 recvfrom(42,  <unfinished ...>
109185 recvfrom(57,  <unfinished ...>
130118 <... write resumed>)             = 35
109186 <... recvfrom resumed>"\5\0\0\0\0\0\0\0\0\0\0\0\300ZD\212\321l\207f8\2732\206\345~O\4\240\370mR"..., 36, 0, NULL, NULL) = 36
130120 futex(0x6073738c8b08, FUTEX_WAKE_PRIVATE, 1 <unfinished ...>
109185 <... recvfrom resumed>0x5f96f8bc71b0, 8, 0, NULL, NULL) = -1 EAGAIN (Resource temporarily unavailable)
130120 <... futex resumed>)             = 1
130127 <... futex resumed>)             = 0
109186 futex(0x7169d0c005c0, FUTEX_WAIT_PRIVATE, 1, NULL <unfinished ...>
109185 epoll_wait(4, [{events=EPOLLOUT, data={u32=3288352256, u64=124699073857024}}, {events=EPOLLIN, data={u32=4173105792, u64=105102022838912}}], 1024, 3) = 2
130127 sendto(3, "$\0\0\0\0\0\0\0", 8, MSG_NOSIGNAL, NULL, 0 <unfinished ...>
130120 futex(0x6073738c7b58, FUTEX_WAIT_BITSET_PRIVATE, 4294967295, NULL, FUTEX_BITSET_MATCH_ANY <unfinished ...>
130118 sendto(6, "\256\0\0\0\0\0\0\0", 8, MSG_NOSIGNAL, NULL, 0 <unfinished ...>
130127 <... sendto resumed>)            = 8
109185 read(27,  <unfinished ...>
130127 sendto(3, "\5\0\0\0\0\0\0\0\0\0\0\0\220\276X\212\321l\207f^)\26\t\203)D\313\247(\207F"..., 36, MSG_NOSIGNAL, NULL, 0 <unfinished ...>
130118 <... sendto resumed>)            = 8
109185 <... read resumed>"tick 0, sending 0xf7cb48573f28f6"..., 8192) = 35
130127 <... sendto resumed>)            = 36
130118 sendto(6, "\2\0\0\0\6\0\0\0\0\0\0\0random\0\0P$X\212\321l\207f8\2732\206"..., 174, MSG_NOSIGNAL, NULL, 0 <unfinished ...>
130127 recvfrom(3,  <unfinished ...>
130118 <... sendto resumed>)            = 174
130118 futex(0x6206be372b58, FUTEX_WAIT_BITSET_PRIVATE, 4294967295, NULL, FUTEX_BITSET_MATCH_ANY <unfinished ...>
109185 futex(0x7169ca4005c0, FUTEX_WAKE_PRIVATE, 1) = 1
130121 <... futex resumed>)             = 0
130121 write(30, "tick 0, sending 0xf7cb48573f28f6"..., 35 <unfinished ...>
109185 epoll_wait(4, [{events=EPOLLIN|EPOLLOUT, data={u32=2080380416, u64=124697865885184}}, {events=EPOLLIN|EPOLLOUT, data={u32=2147496448, u64=124697933001216}}], 1024, 3) = 2
130121 <... write resumed>)             = 35
130121 write(5, "\1\0\0\0\0\0\0\0", 8 <unfinished ...>
109185 futex(0x7169d0c005c0, FUTEX_WAKE_PRIVATE, 1 <unfinished ...>
130121 <... write resumed>)             = 8
109186 <... futex resumed>)             = 0
109185 <... futex resumed>)             = 1
130121 futex(0x7169ca4005c0, FUTEX_WAIT_PRIVATE, 1, {tv_sec=9, tv_nsec=999997946} <unfinished ...>
109186 futex(0x7169d08005c0, FUTEX_WAKE_PRIVATE, 1 <unfinished ...>
109185 recvfrom(56,  <unfinished ...>
109187 <... futex resumed>)             = 0
109186 <... futex resumed>)             = 1
109185 <... recvfrom resumed>"\256\0\0\0\0\0\0\0", 8, 0, NULL, NULL) = 8
109187 futex(0x7169d30005c0, FUTEX_WAKE_PRIVATE, 1 <unfinished ...>
109186 futex(0x7169c9c005c0, FUTEX_WAKE_PRIVATE, 1 <unfinished ...>
109187 <... futex resumed>)             = 1
109185 recvfrom(56,  <unfinished ...>
130119 <... futex resumed>)             = 0
109186 <... futex resumed>)             = 1
109176 <... futex resumed>)             = 0
109187 recvfrom(48,  <unfinished ...>
109185 <... recvfrom resumed>"\2\0\0\0\6\0\0\0\0\0\0\0random\0\0P$X\212\321l\207f8\2732\206"..., 174, 0, NULL, NULL) = 174
130119 fsync(30 <unfinished ...>
109187 <... recvfrom resumed>"$\0\0\0\0\0\0\0", 8, 0, NULL, NULL) = 8
109186 epoll_wait(4,  <unfinished ...>
109176 futex(0x7169d30005c0, FUTEX_WAIT_PRIVATE, 1, NULL <unfinished ...>
109187 recvfrom(48,  <unfinished ...>
109186 <... epoll_wait resumed>[{events=EPOLLIN, data={u32=0, u64=0}}], 1024, 3) = 1
109187 <... recvfrom resumed>"\5\0\0\0\0\0\0\0\0\0\0\0\220\276X\212\321l\207f^)\26\t\203)D\313\247(\207F"..., 36, 0, NULL, NULL) = 36
109185 futex(0x7169d39aaa40, FUTEX_WAKE_PRIVATE, 1 <unfinished ...>
109186 epoll_wait(4,  <unfinished ...>
109185 <... futex resumed>)             = 1
109174 <... futex resumed>)             = 0
109187 futex(0x7169d08005c0, FUTEX_WAIT_PRIVATE, 1, NULL <unfinished ...>
109185 recvfrom(56, 0x7169800013b0, 8, 0, NULL, NULL) = -1 EAGAIN (Resource temporarily unavailable)
109185 futex(0x7169d10005c0, FUTEX_WAIT_PRIVATE, 1, NULL <unfinished ...>
109174 futex(0x7169d10005c0, FUTEX_WAKE_PRIVATE, 1 <unfinished ...>
109185 <... futex resumed>)             = 0
109174 <... futex resumed>)             = 1
109185 futex(0x7169d08005c0, FUTEX_WAKE_PRIVATE, 1 <unfinished ...>
109187 <... futex resumed>)             = 0
109185 <... futex resumed>)             = 1
109174 futex(0x7169d39aaa40, FUTEX_WAIT_PRIVATE, 1, NULL <unfinished ...>
109187 futex(0x7169d08005c0, FUTEX_WAIT_PRIVATE, 1, NULL <unfinished ...>
109185 sendto(48, "\272\0\0\0\0\0\0\0", 8, MSG_NOSIGNAL, NULL, 0 <unfinished ...>
130127 <... recvfrom resumed>"\272\0\0\0\0\0\0\0", 8, 0, NULL, NULL) = 8
109185 <... sendto resumed>)            = 8
130127 recvfrom(3,  <unfinished ...>
109185 sendto(48, "\2\0\0\0\1\0\0\0\0\0\0\0\2\0\0\0\6\0\0\0\0\0\0\0random\0\0"..., 186, MSG_NOSIGNAL, NULL, 0) = 186
130127 <... recvfrom resumed>"\2\0\0\0\1\0\0\0\0\0\0\0\2\0\0\0\6\0\0\0\0\0\0\0random\0\0"..., 186, 0, NULL, NULL) = 186
109185 recvfrom(48, 0x71698c003330, 8, 0, NULL, NULL) = -1 EAGAIN (Resource temporarily unavailable)
109185 futex(0x7169d10005c0, FUTEX_WAIT_PRIVATE, 1, NULL <unfinished ...>
130127 futex(0x6073738c7b58, FUTEX_WAKE_PRIVATE, 1) = 1
130120 <... futex resumed>)             = 0
130127 sendto(3, "$\0\0\0\0\0\0\0", 8, MSG_NOSIGNAL, NULL, 0) = 8
109186 <... epoll_wait resumed>[{events=EPOLLIN|EPOLLOUT, data={u32=2080380416, u64=124697865885184}}], 1024, 3) = 1
130127 sendto(3, "\5\0\0\0\0\0\0\0\0\0\0\0 \201\231\212\321l\207f^)\26\t\203)D\313\247(\207F"..., 36, MSG_NOSIGNAL, NULL, 0) = 36
109186 recvfrom(48,  <unfinished ...>
130127 recvfrom(3,  <unfinished ...>
109186 <... recvfrom resumed>"$\0\0\0\0\0\0\0", 8, 0, NULL, NULL) = 8
130120 sendto(6, "\375\0\0\0\0\0\0\0", 8, MSG_NOSIGNAL, NULL, 0 <unfinished ...>
109186 recvfrom(48,  <unfinished ...>
130120 <... sendto resumed>)            = 8
109186 <... recvfrom resumed>"\5\0\0\0\0\0\0\0\0\0\0\0 \201\231\212\321l\207f^)\26\t\203)D\313\247(\207F"..., 36, 0, NULL, NULL) = 36
130120 sendto(6, "\2\0\0\0\6\0\0\0\0\0\0\0status\0\0\200r\240\212\321l\207f^)\26\t"..., 253, MSG_NOSIGNAL, NULL, 0) = 253
109186 epoll_wait(4, [{events=EPOLLOUT, data={u32=2080380416, u64=124697865885184}}, {events=EPOLLIN|EPOLLOUT, data={u32=2348818944, u64=124698134323712}}], 1024, 2) = 2
130120 futex(0x6073738c7b58, FUTEX_WAIT_BITSET_PRIVATE, 4294967295, NULL, FUTEX_BITSET_MATCH_ANY <unfinished ...>
109186 recvfrom(57, "\375\0\0\0\0\0\0\0", 8, 0, NULL, NULL) = 8
109186 recvfrom(57, "\2\0\0\0\6\0\0\0\0\0\0\0status\0\0\200r\240\212\321l\207f^)\26\t"..., 253, 0, NULL, NULL) = 253
109186 futex(0x7169d39aaa40, FUTEX_WAKE_PRIVATE, 1) = 1
109174 <... futex resumed>)             = 0
109186 recvfrom(57, 0x7169c400be30, 8, 0, NULL, NULL) = -1 EAGAIN (Resource temporarily unavailable)
109186 futex(0x7169d08005c0, FUTEX_WAKE_PRIVATE, 1 <unfinished ...>
109174 futex(0x7169d39aaa40, FUTEX_WAIT_PRIVATE, 1, NULL <unfinished ...>
109186 <... futex resumed>)             = 1
109187 <... futex resumed>)             = 0
109187 epoll_wait(4,  <unfinished ...>
109186 sendto(50, "\n\1\0\0\0\0\0\0", 8, MSG_NOSIGNAL, NULL, 0) = 8
130126 <... recvfrom resumed>"\n\1\0\0\0\0\0\0", 8, 0, NULL, NULL) = 8
109186 sendto(50, "\2\0\0\0\1\0\0\0\0\0\0\0\2\0\0\0\7\0\0\0\0\0\0\0message\0"..., 266, MSG_NOSIGNAL, NULL, 0 <unfinished ...>
130126 recvfrom(3,  <unfinished ...>
109186 <... sendto resumed>)            = 266
130126 <... recvfrom resumed>"\2\0\0\0\1\0\0\0\0\0\0\0\2\0\0\0\7\0\0\0\0\0\0\0message\0"..., 266, 0, NULL, NULL) = 266
109186 recvfrom(50, 0x7169880055b0, 8, 0, NULL, NULL) = -1 EAGAIN (Resource temporarily unavailable)
109186 futex(0x7169d0c005c0, FUTEX_WAIT_PRIVATE, 1, NULL <unfinished ...>
130126 futex(0x5e6b228d6b58, FUTEX_WAKE_PRIVATE, 1) = 1
130123 <... futex resumed>)             = 0
130126 sendto(3, "$\0\0\0\0\0\0\0", 8, MSG_NOSIGNAL, NULL, 0) = 8
109187 <... epoll_wait resumed>[{events=EPOLLIN|EPOLLOUT, data={u32=3288354944, u64=124699073859712}}], 1024, 2) = 1
130126 sendto(3, "\5\0\0\0\0\0\0\0\0\0\0\0\360\211\317\212\321l\207f\236\220\222\3211`Is\250\207\375\334"..., 36, MSG_NOSIGNAL, NULL, 0 <unfinished ...>
130123 write(1, "sink received message: operator "..., 87 <unfinished ...>
130126 <... sendto resumed>)            = 36
109187 recvfrom(50,  <unfinished ...>
130123 <... write resumed>)             = 87
130126 recvfrom(3,  <unfinished ...>
109187 <... recvfrom resumed>"$\0\0\0\0\0\0\0", 8, 0, NULL, NULL) = 8
130123 futex(0x5e6b228d6b58, FUTEX_WAIT_BITSET_PRIVATE, 4294967295, NULL, FUTEX_BITSET_MATCH_ANY <unfinished ...>
109187 recvfrom(50, "\5\0\0\0\0\0\0\0\0\0\0\0\360\211\317\212\321l\207f\236\220\222\3211`Is\250\207\375\334"..., 36, 0, NULL, NULL) = 36
109187 epoll_wait(4, [{events=EPOLLOUT, data={u32=3288354944, u64=124699073859712}}, {events=EPOLLIN, data={u32=4173111168, u64=105102022844288}}], 1024, 1) = 2
109187 read(45, "sink received message: operator "..., 8192) = 87
109187 futex(0x7169ca8005c0, FUTEX_WAKE_PRIVATE, 1) = 1
130122 <... futex resumed>)             = 0
130122 write(46, "sink received message: operator "..., 87 <unfinished ...>
109187 epoll_wait(4,  <unfinished ...>
130122 <... write resumed>)             = 87
130122 write(5, "\1\0\0\0\0\0\0\0", 8)  = 8
109187 <... epoll_wait resumed>[{events=EPOLLIN, data={u32=0, u64=0}}], 1024, 1) = 1
130122 futex(0x7169ca8005c0, FUTEX_WAIT_PRIVATE, 1, {tv_sec=9, tv_nsec=999998537} <unfinished ...>
109187 futex(0x7169d0c005c0, FUTEX_WAKE_PRIVATE, 1) = 1
109186 <... futex resumed>)             = 0
109187 futex(0x7169ca4005c0, FUTEX_WAKE_PRIVATE, 1 <unfinished ...>
109186 epoll_wait(4,  <unfinished ...>
109187 <... futex resumed>)             = 1
130121 <... futex resumed>)             = 0
109187 futex(0x7169d08005c0, FUTEX_WAIT_PRIVATE, 1, NULL <unfinished ...>
130121 fsync(46 <unfinished ...>
130119 <... fsync resumed>)             = 0
130119 futex(0x7169d08005c0, FUTEX_WAKE_PRIVATE, 1) = 1
109187 <... futex resumed>)             = 0
130119 futex(0x7169c9c005c0, FUTEX_WAIT_PRIVATE, 1, {tv_sec=9, tv_nsec=999989159} <unfinished ...>
109187 write(5, "\1\0\0\0\0\0\0\0", 8 <unfinished ...>
109186 <... epoll_wait resumed>[], 1024, 1) = 0
109187 <... write resumed>)             = 8
109186 futex(0x7169d30005c0, FUTEX_WAKE_PRIVATE, 1 <unfinished ...>
109187 epoll_wait(4,  <unfinished ...>
109186 <... futex resumed>)             = 1
109187 <... epoll_wait resumed>[{events=EPOLLIN, data={u32=0, u64=0}}], 1024, 87) = 1
109176 <... futex resumed>)             = 0
109187 futex(0x7169d08005c0, FUTEX_WAIT_PRIVATE, 1, NULL <unfinished ...>
109186 futex(0x7169d39aaa40, FUTEX_WAKE_PRIVATE, 1 <unfinished ...>
109176 epoll_wait(4,  <unfinished ...>
109186 <... futex resumed>)             = 1
109186 write(5, "\1\0\0\0\0\0\0\0", 8 <unfinished ...>
109174 <... futex resumed>)             = 0
109186 <... write resumed>)             = 8
109176 <... epoll_wait resumed>[{events=EPOLLIN, data={u32=0, u64=0}}], 1024, 87) = 1
109186 futex(0x7169d0c005c0, FUTEX_WAIT_PRIVATE, 1, NULL <unfinished ...>
109176 epoll_wait(4,  <unfinished ...>
109174 futex(0x7169d0c005c0, FUTEX_WAKE_PRIVATE, 1 <unfinished ...>
109186 <... futex resumed>)             = 0
109174 <... futex resumed>)             = 1
109186 write(5, "\1\0\0\0\0\0\0\0", 8)  = 8
109176 <... epoll_wait resumed>[{events=EPOLLIN, data={u32=0, u64=0}}], 1024, 9) = 1
109174 futex(0x7169d39aaa40, FUTEX_WAIT_PRIVATE, 1, NULL <unfinished ...>
109176 epoll_wait(4,  <unfinished ...>
109186 sendto(42, "\224\0\0\0\0\0\0\0", 8, MSG_NOSIGNAL, NULL, 0 <unfinished ...>
130128 <... recvfrom resumed>"\224\0\0\0\0\0\0\0", 8, 0, NULL, NULL) = 8
109186 <... sendto resumed>)            = 8
130128 recvfrom(3,  <unfinished ...>
109186 sendto(42, "\2\0\0\0\1\0\0\0\0\0\0\0\2\0\0\0\4\0\0\0\0\0\0\0tick\0\0\360\270"..., 148, MSG_NOSIGNAL, NULL, 0) = 148
130128 <... recvfrom resumed>"\2\0\0\0\1\0\0\0\0\0\0\0\2\0\0\0\4\0\0\0\0\0\0\0tick\0\0\360\270"..., 148, 0, NULL, NULL) = 148
109186 recvfrom(42, 0x71698800b8a0, 8, 0, NULL, NULL) = -1 EAGAIN (Resource temporarily unavailable)
109186 futex(0x7169d0c005c0, FUTEX_WAIT_PRIVATE, 1, NULL <unfinished ...>
130128 futex(0x6206be372b58, FUTEX_WAKE_PRIVATE, 1) = 1
130118 <... futex resumed>)             = 0
130128 sendto(3, "$\0\0\0\0\0\0\0", 8, MSG_NOSIGNAL, NULL, 0 <unfinished ...>
130118 write(1, "tick 1, sending 0xcffb5f7cbfc8ce"..., 35 <unfinished ...>
130128 <... sendto resumed>)            = 8
109176 <... epoll_wait resumed>[{events=EPOLLIN|EPOLLOUT, data={u32=3288352256, u64=124699073857024}}], 1024, 9) = 1
130128 sendto(3, "\5\0\0\0\0\0\0\0\0\0\0\0\220dj\213\321l\207f8\2732\206\345~O\4\240\370mR"..., 36, MSG_NOSIGNAL, NULL, 0 <unfinished ...>
130118 <... write resumed>)             = 35
130128 <... sendto resumed>)            = 36
109176 recvfrom(42,  <unfinished ...>
130128 recvfrom(3,  <unfinished ...>
109176 <... recvfrom resumed>"$\0\0\0\0\0\0\0", 8, 0, NULL, NULL) = 8
109176 recvfrom(42,  <unfinished ...>
130118 sendto(6, "\256\0\0\0\0\0\0\0", 8, MSG_NOSIGNAL, NULL, 0 <unfinished ...>
109176 <... recvfrom resumed>"\5\0\0\0\0\0\0\0\0\0\0\0\220dj\213\321l\207f8\2732\206\345~O\4\240\370mR"..., 36, 0, NULL, NULL) = 36
130118 <... sendto resumed>)            = 8
130118 sendto(6, "\2\0\0\0\6\0\0\0\0\0\0\0random\0\0\340Lt\213\321l\207f8\2732\206"..., 174, MSG_NOSIGNAL, NULL, 0) = 174
109176 epoll_wait(4,  <unfinished ...>
130118 futex(0x6206be372b58, FUTEX_WAIT_BITSET_PRIVATE, 4294967295, NULL, FUTEX_BITSET_MATCH_ANY <unfinished ...>
109176 <... epoll_wait resumed>[{events=EPOLLIN, data={u32=4173105792, u64=105102022838912}}, {events=EPOLLOUT, data={u32=3288352256, u64=124699073857024}}, {events=EPOLLIN|EPOLLOUT, data={u32=2147496448, u64=124697933001216}}], 1024, 9) = 3
109176 futex(0x7169d0c005c0, FUTEX_WAKE_PRIVATE, 1 <unfinished ...>
109186 <... futex resumed>)             = 0
109176 <... futex resumed>)             = 1
109186 futex(0x7169d08005c0, FUTEX_WAKE_PRIVATE, 1 <unfinished ...>
109176 recvfrom(56,  <unfinished ...>
109186 <... futex resumed>)             = 1
109187 <... futex resumed>)             = 0
109176 <... recvfrom resumed>"\256\0\0\0\0\0\0\0", 8, 0, NULL, NULL) = 8
109186 read(27,  <unfinished ...>
109187 epoll_wait(4,  <unfinished ...>
109186 <... read resumed>"tick 1, sending 0xcffb5f7cbfc8ce"..., 8192) = 35
109176 recvfrom(56, "\2\0\0\0\6\0\0\0\0\0\0\0random\0\0\340Lt\213\321l\207f8\2732\206"..., 174, 0, NULL, NULL) = 174
109186 futex(0x7169ca8005c0, FUTEX_WAKE_PRIVATE, 1 <unfinished ...>
130122 <... futex resumed>)             = 0
109186 <... futex resumed>)             = 1
130122 write(30, "tick 1, sending 0xcffb5f7cbfc8ce"..., 35 <unfinished ...>
109176 futex(0x7169d39aaa40, FUTEX_WAKE_PRIVATE, 1 <unfinished ...>
109186 futex(0x7169d0c005c0, FUTEX_WAIT_PRIVATE, 1, NULL <unfinished ...>
130122 <... write resumed>)             = 35
109176 <... futex resumed>)             = 1
109174 <... futex resumed>)             = 0
130122 futex(0x7169d0c005c0, FUTEX_WAKE_PRIVATE, 1 <unfinished ...>
109176 recvfrom(56,  <unfinished ...>
130122 <... futex resumed>)             = 1
109186 <... futex resumed>)             = 0
109176 <... recvfrom resumed>0x7169800013b0, 8, 0, NULL, NULL) = -1 EAGAIN (Resource temporarily unavailable)
130122 futex(0x7169ca8005c0, FUTEX_WAIT_PRIVATE, 1, {tv_sec=9, tv_nsec=999998798} <unfinished ...>
109186 write(5, "\1\0\0\0\0\0\0\0", 8 <unfinished ...>
109187 <... epoll_wait resumed>[{events=EPOLLIN, data={u32=0, u64=0}}], 1024, 8) = 1
109186 <... write resumed>)             = 8
109174 futex(0x7169d39aaa40, FUTEX_WAIT_PRIVATE, 1, NULL <unfinished ...>
109176 sendto(48, "\272\0\0\0\0\0\0\0", 8, MSG_NOSIGNAL, NULL, 0 <unfinished ...>
109187 epoll_wait(4,  <unfinished ...>
109186 futex(0x7169c9c005c0, FUTEX_WAKE_PRIVATE, 1) = 1
130119 <... futex resumed>)             = 0
109176 <... sendto resumed>)            = 8
130127 <... recvfrom resumed>"\272\0\0\0\0\0\0\0", 8, 0, NULL, NULL) = 8
109186 futex(0x7169d0c005c0, FUTEX_WAIT_PRIVATE, 1, NULL <unfinished ...>
130119 fsync(30 <unfinished ...>
109176 sendto(48, "\2\0\0\0\1\0\0\0\0\0\0\0\2\0\0\0\6\0\0\0\0\0\0\0random\0\0"..., 186, MSG_NOSIGNAL, NULL, 0 <unfinished ...>
130127 recvfrom(3,  <unfinished ...>
109176 <... sendto resumed>)            = 186
130127 <... recvfrom resumed>"\2\0\0\0\1\0\0\0\0\0\0\0\2\0\0\0\6\0\0\0\0\0\0\0random\0\0"..., 186, 0, NULL, NULL) = 186
109176 recvfrom(48, 0x71698800b8a0, 8, 0, NULL, NULL) = -1 EAGAIN (Resource temporarily unavailable)
109176 futex(0x7169d30005c0, FUTEX_WAIT_PRIVATE, 1, NULL <unfinished ...>
130127 futex(0x6073738c7b58, FUTEX_WAKE_PRIVATE, 1) = 1
130120 <... futex resumed>)             = 0
130127 sendto(3, "$\0\0\0\0\0\0\0", 8, MSG_NOSIGNAL, NULL, 0) = 8
109187 <... epoll_wait resumed>[{events=EPOLLIN|EPOLLOUT, data={u32=2080380416, u64=124697865885184}}], 1024, 8) = 1
130127 sendto(3, "\5\0\0\0\0\0\0\0\0\0\0\0P\354\245\213\321l\207f^)\26\t\203)D\313\247(\207F"..., 36, MSG_NOSIGNAL, NULL, 0) = 36
130120 sendto(6, "\375\0\0\0\0\0\0\0", 8, MSG_NOSIGNAL, NULL, 0 <unfinished ...>
109187 recvfrom(48,  <unfinished ...>
130127 recvfrom(3,  <unfinished ...>
130120 <... sendto resumed>)            = 8
109187 <... recvfrom resumed>"$\0\0\0\0\0\0\0", 8, 0, NULL, NULL) = 8
130120 sendto(6, "\2\0\0\0\6\0\0\0\0\0\0\0status\0\0`\366\252\213\321l\207f^)\26\t"..., 253, MSG_NOSIGNAL, NULL, 0 <unfinished ...>
109187 recvfrom(48,  <unfinished ...>
130120 <... sendto resumed>)            = 253
109187 <... recvfrom resumed>"\5\0\0\0\0\0\0\0\0\0\0\0P\354\245\213\321l\207f^)\26\t\203)D\313\247(\207F"..., 36, 0, NULL, NULL) = 36
130120 futex(0x6073738c7b58, FUTEX_WAIT_BITSET_PRIVATE, 4294967295, NULL, FUTEX_BITSET_MATCH_ANY <unfinished ...>
109187 epoll_wait(4, [{events=EPOLLOUT, data={u32=2080380416, u64=124697865885184}}, {events=EPOLLIN|EPOLLOUT, data={u32=2348818944, u64=124698134323712}}], 1024, 8) = 2
109187 recvfrom(57,  <unfinished ...>
130121 <... fsync resumed>)             = 0
109187 <... recvfrom resumed>"\375\0\0\0\0\0\0\0", 8, 0, NULL, NULL) = 8
130121 futex(0x7169d0c005c0, FUTEX_WAKE_PRIVATE, 1 <unfinished ...>
109187 recvfrom(57,  <unfinished ...>
130121 <... futex resumed>)             = 1
109186 <... futex resumed>)             = 0
109187 <... recvfrom resumed>"\2\0\0\0\6\0\0\0\0\0\0\0status\0\0`\366\252\213\321l\207f^)\26\t"..., 253, 0, NULL, NULL) = 253
130121 futex(0x7169ca4005c0, FUTEX_WAIT_PRIVATE, 1, {tv_sec=9, tv_nsec=999998187} <unfinished ...>
109186 futex(0x7169d30005c0, FUTEX_WAKE_PRIVATE, 1) = 1
109176 <... futex resumed>)             = 0
109187 futex(0x7169d39aaa40, FUTEX_WAKE_PRIVATE, 1) = 1
109186 futex(0x7169d0c005c0, FUTEX_WAIT_PRIVATE, 1, NULL <unfinished ...>
109176 epoll_wait(4,  <unfinished ...>
109174 <... futex resumed>)             = 0
109187 recvfrom(57, 0x71698800b8a0, 8, 0, NULL, NULL) = -1 EAGAIN (Resource temporarily unavailable)
109187 futex(0x7169d08005c0, FUTEX_WAIT_PRIVATE, 1, NULL <unfinished ...>
109174 futex(0x7169d08005c0, FUTEX_WAKE_PRIVATE, 1 <unfinished ...>
109187 <... futex resumed>)             = -1 EAGAIN (Resource temporarily unavailable)
109174 <... futex resumed>)             = 0
109187 futex(0x7169d0c005c0, FUTEX_WAKE_PRIVATE, 1) = 1
109186 <... futex resumed>)             = 0
109174 futex(0x7169d39aaa40, FUTEX_WAIT_PRIVATE, 1, NULL <unfinished ...>
109186 futex(0x7169d0c005c0, FUTEX_WAIT_PRIVATE, 1, NULL <unfinished ...>
109187 sendto(50, "\n\1\0\0\0\0\0\0", 8, MSG_NOSIGNAL, NULL, 0) = 8
130126 <... recvfrom resumed>"\n\1\0\0\0\0\0\0", 8, 0, NULL, NULL) = 8
109187 sendto(50, "\2\0\0\0\1\0\0\0\0\0\0\0\2\0\0\0\7\0\0\0\0\0\0\0message\0"..., 266, MSG_NOSIGNAL, NULL, 0 <unfinished ...>
130126 recvfrom(3,  <unfinished ...>
109187 <... sendto resumed>)            = 266
130126 <... recvfrom resumed>"\2\0\0\0\1\0\0\0\0\0\0\0\2\0\0\0\7\0\0\0\0\0\0\0message\0"..., 266, 0, NULL, NULL) = 266
109187 recvfrom(50, 0x716980002620, 8, 0, NULL, NULL) = -1 EAGAIN (Resource temporarily unavailable)
109187 futex(0x7169d08005c0, FUTEX_WAIT_PRIVATE, 1, NULL <unfinished ...>
130126 futex(0x5e6b228d6b58, FUTEX_WAKE_PRIVATE, 1) = 1
130123 <... futex resumed>)             = 0
130126 sendto(3, "$\0\0\0\0\0\0\0", 8, MSG_NOSIGNAL, NULL, 0 <unfinished ...>
130123 write(1, "sink received message: operator "..., 87 <unfinished ...>
130126 <... sendto resumed>)            = 8
109176 <... epoll_wait resumed>[{events=EPOLLIN|EPOLLOUT, data={u32=3288354944, u64=124699073859712}}], 1024, 7) = 1
130126 sendto(3, "\5\0\0\0\0\0\0\0\0\0\0\0\220\264\347\213\321l\207f\236\220\222\3211`Is\250\207\375\334"..., 36, MSG_NOSIGNAL, NULL, 0 <unfinished ...>
130123 <... write resumed>)             = 87
130126 <... sendto resumed>)            = 36
109176 recvfrom(50,  <unfinished ...>
130126 recvfrom(3,  <unfinished ...>
130123 futex(0x5e6b228d6b58, FUTEX_WAIT_BITSET_PRIVATE, 4294967295, NULL, FUTEX_BITSET_MATCH_ANY <unfinished ...>
109176 <... recvfrom resumed>"$\0\0\0\0\0\0\0", 8, 0, NULL, NULL) = 8
109176 recvfrom(50, "\5\0\0\0\0\0\0\0\0\0\0\0\220\264\347\213\321l\207f\236\220\222\3211`Is\250\207\375\334"..., 36, 0, NULL, NULL) = 36
109176 epoll_wait(4, [{events=EPOLLIN, data={u32=4173111168, u64=105102022844288}}, {events=EPOLLOUT, data={u32=3288354944, u64=124699073859712}}], 1024, 7) = 2
109176 read(45, "sink received message: operator "..., 8192) = 87
109176 futex(0x7169ca8005c0, FUTEX_WAKE_PRIVATE, 1) = 1
130122 <... futex resumed>)             = 0
130122 write(46, "sink received message: operator "..., 87 <unfinished ...>
109176 epoll_wait(4,  <unfinished ...>
130122 <... write resumed>)             = 87
130122 write(5, "\1\0\0\0\0\0\0\0", 8)  = 8
109176 <... epoll_wait resumed>[{events=EPOLLIN, data={u32=0, u64=0}}], 1024, 7) = 1
130122 futex(0x7169ca8005c0, FUTEX_WAIT_PRIVATE, 1, {tv_sec=9, tv_nsec=999999099} <unfinished ...>
109176 futex(0x7169d0c005c0, FUTEX_WAKE_PRIVATE, 1 <unfinished ...>
109186 <... futex resumed>)             = 0
109176 <... futex resumed>)             = 1
109186 epoll_wait(4,  <unfinished ...>
109176 futex(0x7169ca4005c0, FUTEX_WAKE_PRIVATE, 1) = 1
130121 <... futex resumed>)             = 0
130121 fsync(46 <unfinished ...>
109176 futex(0x7169d30005c0, FUTEX_WAIT_PRIVATE, 1, NULL <unfinished ...>
130119 <... fsync resumed>)             = 0
130119 futex(0x7169d30005c0, FUTEX_WAKE_PRIVATE, 1) = 1
109176 <... futex resumed>)             = 0
130119 futex(0x7169c9c005c0, FUTEX_WAIT_PRIVATE, 1, {tv_sec=9, tv_nsec=999999239} <unfinished ...>
109176 write(5, "\1\0\0\0\0\0\0\0", 8)  = 8
109186 <... epoll_wait resumed>[{events=EPOLLIN, data={u32=0, u64=0}}], 1024, 6) = 1
109176 futex(0x7169d30005c0, FUTEX_WAIT_PRIVATE, 1, NULL <unfinished ...>
109186 epoll_wait(4,  <unfinished ...>
130121 <... fsync resumed>)             = 0
130121 write(5, "\1\0\0\0\0\0\0\0", 8)  = 8
109186 <... epoll_wait resumed>[{events=EPOLLIN, data={u32=0, u64=0}}], 1024, 6) = 1
130121 futex(0x7169ca4005c0, FUTEX_WAIT_PRIVATE, 1, {tv_sec=9, tv_nsec=999997806} <unfinished ...>
109186 futex(0x7169d30005c0, FUTEX_WAKE_PRIVATE, 1) = 1
109176 <... futex resumed>)             = 0
109186 futex(0x7169d0c005c0, FUTEX_WAIT_PRIVATE, 1, NULL <unfinished ...>
109176 epoll_wait(4, [], 1024, 3)       = 0
109176 futex(0x7169d39aaa40, FUTEX_WAKE_PRIVATE, 1) = 1
109174 <... futex resumed>)             = 0
109176 write(5, "\1\0\0\0\0\0\0\0", 8)  = 8
109176 epoll_wait(4, [{events=EPOLLIN, data={u32=0, u64=0}}], 1024, 10) = 1
109174 write(5, "\1\0\0\0\0\0\0\0", 8)  = 8
109176 futex(0x7169d0c005c0, FUTEX_WAKE_PRIVATE, 1 <unfinished ...>
109186 <... futex resumed>)             = 0
109176 <... futex resumed>)             = 1
109174 futex(0x7169d39aaa40, FUTEX_WAIT_PRIVATE, 1, NULL <unfinished ...>
109186 epoll_wait(4, [{events=EPOLLIN, data={u32=0, u64=0}}], 1024, 10) = 1
109186 epoll_wait(4,  <unfinished ...>
109176 sendto(42, "\224\0\0\0\0\0\0\0", 8, MSG_NOSIGNAL, NULL, 0 <unfinished ...>
130128 <... recvfrom resumed>"\224\0\0\0\0\0\0\0", 8, 0, NULL, NULL) = 8
109176 <... sendto resumed>)            = 8
109176 sendto(42, "\2\0\0\0\1\0\0\0\0\0\0\0\2\0\0\0\4\0\0\0\0\0\0\0tick\0\0P\271"..., 148, MSG_NOSIGNAL, NULL, 0 <unfinished ...>
130128 recvfrom(3,  <unfinished ...>
109176 <... sendto resumed>)            = 148
130128 <... recvfrom resumed>"\2\0\0\0\1\0\0\0\0\0\0\0\2\0\0\0\4\0\0\0\0\0\0\0tick\0\0P\271"..., 148, 0, NULL, NULL) = 148
109176 recvfrom(42, 0x5f96f8bc71b0, 8, 0, NULL, NULL) = -1 EAGAIN (Resource temporarily unavailable)
109176 futex(0x7169d30005c0, FUTEX_WAIT_PRIVATE, 1, NULL <unfinished ...>
130128 futex(0x6206be372b58, FUTEX_WAKE_PRIVATE, 1) = 1
130118 <... futex resumed>)             = 0
130128 sendto(3, "$\0\0\0\0\0\0\0", 8, MSG_NOSIGNAL, NULL, 0 <unfinished ...>
130118 write(1, "tick 2, sending 0xd1f47732ef4c49"..., 35 <unfinished ...>
130128 <... sendto resumed>)            = 8
130118 <... write resumed>)             = 35
109186 <... epoll_wait resumed>[{events=EPOLLIN|EPOLLOUT, data={u32=3288352256, u64=124699073857024}}], 1024, 10) = 1
130128 sendto(3, "\5\0\0\0\0\0\0\0\0\0\0\0\0\20\344\215\321l\207f8\2732\206\345~O\4\240\370mR"..., 36, MSG_NOSIGNAL, NULL, 0) = 36
130128 recvfrom(3,  <unfinished ...>
109186 recvfrom(42, "$\0\0\0\0\0\0\0", 8, 0, NULL, NULL) = 8
109186 recvfrom(42,  <unfinished ...>
130118 sendto(6, "\256\0\0\0\0\0\0\0", 8, MSG_NOSIGNAL, NULL, 0 <unfinished ...>
109186 <... recvfrom resumed>"\5\0\0\0\0\0\0\0\0\0\0\0\0\20\344\215\321l\207f8\2732\206\345~O\4\240\370mR"..., 36, 0, NULL, NULL) = 36
130118 <... sendto resumed>)            = 8
130118 sendto(6, "\2\0\0\0\6\0\0\0\0\0\0\0random\0\0P2\366\215\321l\207f8\2732\206"..., 174, MSG_NOSIGNAL, NULL, 0) = 174
130118 futex(0x6206be372b58, FUTEX_WAIT_BITSET_PRIVATE, 4294967295, NULL, FUTEX_BITSET_MATCH_ANY <unfinished ...>
109186 epoll_wait(4, [{events=EPOLLIN, data={u32=4173105792, u64=105102022838912}}, {events=EPOLLOUT, data={u32=3288352256, u64=124699073857024}}, {events=EPOLLIN|EPOLLOUT, data={u32=2147496448, u64=124697933001216}}], 1024, 9) = 3
109186 futex(0x7169d30005c0, FUTEX_WAKE_PRIVATE, 1) = 1
109176 <... futex resumed>)             = 0
109186 recvfrom(56,  <unfinished ...>
109176 futex(0x7169d08005c0, FUTEX_WAKE_PRIVATE, 1 <unfinished ...>
109186 <... recvfrom resumed>"\256\0\0\0\0\0\0\0", 8, 0, NULL, NULL) = 8
109187 <... futex resumed>)             = 0
109176 <... futex resumed>)             = 1
109186 recvfrom(56,  <unfinished ...>
109187 epoll_wait(4,  <unfinished ...>
109176 read(27,  <unfinished ...>
109186 <... recvfrom resumed>"\2\0\0\0\6\0\0\0\0\0\0\0random\0\0P2\366\215\321l\207f8\2732\206"..., 174, 0, NULL, NULL) = 174
109176 <... read resumed>"tick 2, sending 0xd1f47732ef4c49"..., 8192) = 35
109186 futex(0x7169d39aaa40, FUTEX_WAKE_PRIVATE, 1 <unfinished ...>
109176 futex(0x7169ca8005c0, FUTEX_WAKE_PRIVATE, 1 <unfinished ...>
109186 <... futex resumed>)             = 1
130122 <... futex resumed>)             = 0
109176 <... futex resumed>)             = 1
109174 <... futex resumed>)             = 0
109186 recvfrom(56,  <unfinished ...>
130122 write(30, "tick 2, sending 0xd1f47732ef4c49"..., 35 <unfinished ...>
109186 <... recvfrom resumed>0x7169800013b0, 8, 0, NULL, NULL) = -1 EAGAIN (Resource temporarily unavailable)
109176 futex(0x7169d30005c0, FUTEX_WAIT_PRIVATE, 1, NULL <unfinished ...>
130122 <... write resumed>)             = 35
109186 futex(0x7169d0c005c0, FUTEX_WAIT_PRIVATE, 1, NULL <unfinished ...>
130122 futex(0x7169d0c005c0, FUTEX_WAKE_PRIVATE, 1 <unfinished ...>
109186 <... futex resumed>)             = -1 EAGAIN (Resource temporarily unavailable)
130122 <... futex resumed>)             = 0
109186 futex(0x7169d30005c0, FUTEX_WAKE_PRIVATE, 1 <unfinished ...>
130122 futex(0x7169ca8005c0, FUTEX_WAIT_PRIVATE, 1, {tv_sec=9, tv_nsec=999998868} <unfinished ...>
109174 futex(0x7169d39aaa40, FUTEX_WAIT_PRIVATE, 1, NULL <unfinished ...>
109186 <... futex resumed>)             = 1
109176 <... futex resumed>)             = 0
109176 write(5, "\1\0\0\0\0\0\0\0", 8 <unfinished ...>
109186 futex(0x7169c9c005c0, FUTEX_WAKE_PRIVATE, 1 <unfinished ...>
109176 <... write resumed>)             = 8
109187 <... epoll_wait resumed>[{events=EPOLLIN, data={u32=0, u64=0}}], 1024, 8) = 1
109186 <... futex resumed>)             = 1
130119 <... futex resumed>)             = 0
130119 fsync(30 <unfinished ...>
109186 futex(0x7169d0c005c0, FUTEX_WAIT_PRIVATE, 1, NULL <unfinished ...>
109176 sendto(48, "\272\0\0\0\0\0\0\0", 8, MSG_NOSIGNAL, NULL, 0 <unfinished ...>
109187 epoll_wait(4,  <unfinished ...>
109176 <... sendto resumed>)            = 8
130127 <... recvfrom resumed>"\272\0\0\0\0\0\0\0", 8, 0, NULL, NULL) = 8
109176 sendto(48, "\2\0\0\0\1\0\0\0\0\0\0\0\2\0\0\0\6\0\0\0\0\0\0\0random\0\0"..., 186, MSG_NOSIGNAL, NULL, 0 <unfinished ...>
130127 recvfrom(3,  <unfinished ...>
109176 <... sendto resumed>)            = 186
130127 <... recvfrom resumed>"\2\0\0\0\1\0\0\0\0\0\0\0\2\0\0\0\6\0\0\0\0\0\0\0random\0\0"..., 186, 0, NULL, NULL) = 186
109176 recvfrom(48, 0x5f96f8bbf1b0, 8, 0, NULL, NULL) = -1 EAGAIN (Resource temporarily unavailable)
109176 futex(0x7169d30005c0, FUTEX_WAIT_PRIVATE, 1, NULL <unfinished ...>
130127 futex(0x6073738c7b58, FUTEX_WAKE_PRIVATE, 1) = 1
130120 <... futex resumed>)             = 0
130127 sendto(3, "$\0\0\0\0\0\0\0", 8, MSG_NOSIGNAL, NULL, 0) = 8
109187 <... epoll_wait resumed>[{events=EPOLLIN|EPOLLOUT, data={u32=2080380416, u64=124697865885184}}], 1024, 8) = 1
130127 sendto(3, "\5\0\0\0\0\0\0\0\0\0\0\0\300^F\216\321l\207f^)\26\t\203)D\313\247(\207F"..., 36, MSG_NOSIGNAL, NULL, 0 <unfinished ...>
130120 sendto(6, "\375\0\0\0\0\0\0\0", 8, MSG_NOSIGNAL, NULL, 0 <unfinished ...>
130127 <... sendto resumed>)            = 36
109187 recvfrom(48,  <unfinished ...>
130127 recvfrom(3,  <unfinished ...>
109187 <... recvfrom resumed>"$\0\0\0\0\0\0\0", 8, 0, NULL, NULL) = 8
130120 <... sendto resumed>)            = 8
109187 recvfrom(48,  <unfinished ...>
130120 sendto(6, "\2\0\0\0\6\0\0\0\0\0\0\0status\0\0\300#L\216\321l\207f^)\26\t"..., 253, MSG_NOSIGNAL, NULL, 0 <unfinished ...>
109187 <... recvfrom resumed>"\5\0\0\0\0\0\0\0\0\0\0\0\300^F\216\321l\207f^)\26\t\203)D\313\247(\207F"..., 36, 0, NULL, NULL) = 36
130120 <... sendto resumed>)            = 253
130120 futex(0x6073738c7b58, FUTEX_WAIT_BITSET_PRIVATE, 4294967295, NULL, FUTEX_BITSET_MATCH_ANY <unfinished ...>
109187 epoll_wait(4, [{events=EPOLLOUT, data={u32=2080380416, u64=124697865885184}}, {events=EPOLLIN|EPOLLOUT, data={u32=2348818944, u64=124698134323712}}], 1024, 7) = 2
109187 recvfrom(57, "\375\0\0\0\0\0\0\0", 8, 0, NULL, NULL) = 8
109187 recvfrom(57, "\2\0\0\0\6\0\0\0\0\0\0\0status\0\0\300#L\216\321l\207f^)\26\t"..., 253, 0, NULL, NULL) = 253
109187 futex(0x7169d39aaa40, FUTEX_WAKE_PRIVATE, 1) = 1
109174 <... futex resumed>)             = 0
109187 recvfrom(57, 0x71698800b8a0, 8, 0, NULL, NULL) = -1 EAGAIN (Resource temporarily unavailable)
109187 futex(0x7169d30005c0, FUTEX_WAKE_PRIVATE, 1 <unfinished ...>
109174 futex(0x7169d39aaa40, FUTEX_WAIT_PRIVATE, 1, NULL <unfinished ...>
109187 <... futex resumed>)             = 1
109176 <... futex resumed>)             = 0
109176 epoll_wait(4,  <unfinished ...>
109187 sendto(50, "\n\1\0\0\0\0\0\0", 8, MSG_NOSIGNAL, NULL, 0 <unfinished ...>
130126 <... recvfrom resumed>"\n\1\0\0\0\0\0\0", 8, 0, NULL, NULL) = 8
109187 <... sendto resumed>)            = 8
130126 recvfrom(3,  <unfinished ...>
109187 sendto(50, "\2\0\0\0\1\0\0\0\0\0\0\0\2\0\0\0\7\0\0\0\0\0\0\0message\0"..., 266, MSG_NOSIGNAL, NULL, 0) = 266
130126 <... recvfrom resumed>"\2\0\0\0\1\0\0\0\0\0\0\0\2\0\0\0\7\0\0\0\0\0\0\0message\0"..., 266, 0, NULL, NULL) = 266
109187 recvfrom(50, 0x5f96f8bbf1b0, 8, 0, NULL, NULL) = -1 EAGAIN (Resource temporarily unavailable)
109187 futex(0x7169d08005c0, FUTEX_WAIT_PRIVATE, 1, NULL <unfinished ...>
130126 futex(0x5e6b228d6b58, FUTEX_WAKE_PRIVATE, 1) = 1
130123 <... futex resumed>)             = 0
130126 sendto(3, "$\0\0\0\0\0\0\0", 8, MSG_NOSIGNAL, NULL, 0) = 8
109176 <... epoll_wait resumed>[{events=EPOLLIN|EPOLLOUT, data={u32=3288354944, u64=124699073859712}}], 1024, 7) = 1
130126 sendto(3, "\5\0\0\0\0\0\0\0\0\0\0\0\200\23\206\216\321l\207f\236\220\222\3211`Is\250\207\375\334"..., 36, MSG_NOSIGNAL, NULL, 0 <unfinished ...>
130123 write(1, "sink received message: operator "..., 87 <unfinished ...>
130126 <... sendto resumed>)            = 36
130123 <... write resumed>)             = 87
130126 recvfrom(3,  <unfinished ...>
109176 recvfrom(50,  <unfinished ...>
130123 futex(0x5e6b228d6b58, FUTEX_WAIT_BITSET_PRIVATE, 4294967295, NULL, FUTEX_BITSET_MATCH_ANY <unfinished ...>
109176 <... recvfrom resumed>"$\0\0\0\0\0\0\0", 8, 0, NULL, NULL) = 8
109176 recvfrom(50, "\5\0\0\0\0\0\0\0\0\0\0\0\200\23\206\216\321l\207f\236\220\222\3211`Is\250\207\375\334"..., 36, 0, NULL, NULL) = 36
109176 epoll_wait(4, [{events=EPOLLOUT, data={u32=3288354944, u64=124699073859712}}, {events=EPOLLIN, data={u32=4173111168, u64=105102022844288}}], 1024, 6) = 2
109176 read(45, "sink received message: operator "..., 8192) = 87
109176 futex(0x7169ca4005c0, FUTEX_WAKE_PRIVATE, 1) = 1
130121 <... futex resumed>)             = 0
130121 write(46, "sink received message: operator "..., 87 <unfinished ...>
109176 epoll_wait(4,  <unfinished ...>
130121 <... write resumed>)             = 87
130121 write(5, "\1\0\0\0\0\0\0\0", 8)  = 8
109176 <... epoll_wait resumed>[{events=EPOLLIN, data={u32=0, u64=0}}], 1024, 6) = 1
130121 futex(0x7169ca4005c0, FUTEX_WAIT_PRIVATE, 1, {tv_sec=9, tv_nsec=999994209} <unfinished ...>
109176 futex(0x7169d08005c0, FUTEX_WAKE_PRIVATE, 1) = 1
109187 <... futex resumed>)             = 0
109176 futex(0x7169ca8005c0, FUTEX_WAKE_PRIVATE, 1 <unfinished ...>
109187 epoll_wait(4,  <unfinished ...>
109176 <... futex resumed>)             = 1
130122 <... futex resumed>)             = 0
130122 fsync(46 <unfinished ...>
109176 futex(0x7169d30005c0, FUTEX_WAIT_PRIVATE, 1, NULL <unfinished ...>
130119 <... fsync resumed>)             = 0
130119 futex(0x7169d30005c0, FUTEX_WAKE_PRIVATE, 1) = 1
109176 <... futex resumed>)             = 0
130119 futex(0x7169c9c005c0, FUTEX_WAIT_PRIVATE, 1, {tv_sec=9, tv_nsec=999999188} <unfinished ...>
109176 write(5, "\1\0\0\0\0\0\0\0", 8 <unfinished ...>
109187 <... epoll_wait resumed>[{events=EPOLLIN, data={u32=0, u64=0}}], 1024, 6) = 1
109176 <... write resumed>)             = 8
109187 epoll_wait(4,  <unfinished ...>
109176 futex(0x7169d30005c0, FUTEX_WAIT_PRIVATE, 1, NULL <unfinished ...>
130122 <... fsync resumed>)             = 0
130122 futex(0x7169d30005c0, FUTEX_WAKE_PRIVATE, 1) = 1
109176 <... futex resumed>)             = 0
130122 futex(0x7169ca8005c0, FUTEX_WAIT_PRIVATE, 1, {tv_sec=9, tv_nsec=999998728} <unfinished ...>
109176 write(5, "\1\0\0\0\0\0\0\0", 8)  = 8
109187 <... epoll_wait resumed>[{events=EPOLLIN, data={u32=0, u64=0}}], 1024, 6) = 1
109176 futex(0x7169d30005c0, FUTEX_WAIT_PRIVATE, 1, NULL <unfinished ...>
109187 epoll_wait(4, [], 1024, 3)       = 0
109187 futex(0x7169d39aaa40, FUTEX_WAKE_PRIVATE, 1) = 1
109174 <... futex resumed>)             = 0
109187 write(5, "\1\0\0\0\0\0\0\0", 8)  = 8
109187 futex(0x7169d30005c0, FUTEX_WAKE_PRIVATE, 1 <unfinished ...>
109174 futex(0x7169d39aaa40, FUTEX_WAIT_PRIVATE, 1, NULL <unfinished ...>
109187 <... futex resumed>)             = 1
109176 <... futex resumed>)             = 0
109187 sendto(42, "\224\0\0\0\0\0\0\0", 8, MSG_NOSIGNAL, NULL, 0 <unfinished ...>
109176 epoll_wait(4, [{events=EPOLLIN, data={u32=0, u64=0}}], 1024, 4) = 1
130128 <... recvfrom resumed>"\224\0\0\0\0\0\0\0", 8, 0, NULL, NULL) = 8
109187 <... sendto resumed>)            = 8
130128 recvfrom(3,  <unfinished ...>
109187 sendto(42, "\2\0\0\0\1\0\0\0\0\0\0\0\2\0\0\0\4\0\0\0\0\0\0\0tick\0\0 \7"..., 148, MSG_NOSIGNAL, NULL, 0 <unfinished ...>
109176 epoll_wait(4,  <unfinished ...>
109187 <... sendto resumed>)            = 148
130128 <... recvfrom resumed>"\2\0\0\0\1\0\0\0\0\0\0\0\2\0\0\0\4\0\0\0\0\0\0\0tick\0\0 \7"..., 148, 0, NULL, NULL) = 148
109187 recvfrom(42, 0x7169880055b0, 8, 0, NULL, NULL) = -1 EAGAIN (Resource temporarily unavailable)
109187 futex(0x7169d08005c0, FUTEX_WAIT_PRIVATE, 1, NULL <unfinished ...>
130128 futex(0x6206be372b58, FUTEX_WAKE_PRIVATE, 1) = 1
130118 <... futex resumed>)             = 0
130128 sendto(3, "$\0\0\0\0\0\0\0", 8, MSG_NOSIGNAL, NULL, 0 <unfinished ...>
130118 write(1, "tick 3, sending 0xfc91c9b0c0a631"..., 35 <unfinished ...>
130128 <... sendto resumed>)            = 8
130118 <... write resumed>)             = 35
109176 <... epoll_wait resumed>[{events=EPOLLIN, data={u32=4173105792, u64=105102022838912}}, {events=EPOLLIN|EPOLLOUT, data={u32=3288352256, u64=124699073857024}}], 1024, 3) = 2
130128 sendto(3, "\5\0\0\0\0\0\0\0\0\0\0\0P\3s\220\321l\207f8\2732\206\345~O\4\240\370mR"..., 36, MSG_NOSIGNAL, NULL, 0 <unfinished ...>
109176 futex(0x7169d08005c0, FUTEX_WAKE_PRIVATE, 1 <unfinished ...>
130128 <... sendto resumed>)            = 36
109176 <... futex resumed>)             = 1
130118 sendto(6, "\256\0\0\0\0\0\0\0", 8, MSG_NOSIGNAL, NULL, 0 <unfinished ...>
109187 <... futex resumed>)             = 0
130128 recvfrom(3,  <unfinished ...>
109176 recvfrom(42,  <unfinished ...>
130118 <... sendto resumed>)            = 8
109187 futex(0x7169d0c005c0, FUTEX_WAKE_PRIVATE, 1 <unfinished ...>
109176 <... recvfrom resumed>"$\0\0\0\0\0\0\0", 8, 0, NULL, NULL) = 8
130118 sendto(6, "\2\0\0\0\6\0\0\0\0\0\0\0random\0\0000\310\200\220\321l\207f8\2732\206"..., 174, MSG_NOSIGNAL, NULL, 0 <unfinished ...>
109187 <... futex resumed>)             = 1
109186 <... futex resumed>)             = 0
130118 <... sendto resumed>)            = 174
109176 recvfrom(42,  <unfinished ...>
109187 read(27, "tick 3, sending 0xfc91c9b0c0a631"..., 8192) = 35
130118 futex(0x6206be372b58, FUTEX_WAIT_BITSET_PRIVATE, 4294967295, NULL, FUTEX_BITSET_MATCH_ANY <unfinished ...>
109186 epoll_wait(4,  <unfinished ...>
109176 <... recvfrom resumed>"\5\0\0\0\0\0\0\0\0\0\0\0P\3s\220\321l\207f8\2732\206\345~O\4\240\370mR"..., 36, 0, NULL, NULL) = 36
109186 <... epoll_wait resumed>[{events=EPOLLOUT, data={u32=3288352256, u64=124699073857024}}, {events=EPOLLIN|EPOLLOUT, data={u32=2147496448, u64=124697933001216}}], 1024, 3) = 2
109187 futex(0x7169ca4005c0, FUTEX_WAKE_PRIVATE, 1) = 1
130121 <... futex resumed>)             = 0
109186 recvfrom(56,  <unfinished ...>
109176 epoll_wait(4,  <unfinished ...>
130121 write(30, "tick 3, sending 0xfc91c9b0c0a631"..., 35 <unfinished ...>
109186 <... recvfrom resumed>"\256\0\0\0\0\0\0\0", 8, 0, NULL, NULL) = 8
109187 futex(0x7169d08005c0, FUTEX_WAIT_PRIVATE, 1, NULL <unfinished ...>
130121 <... write resumed>)             = 35
109186 recvfrom(56,  <unfinished ...>
130121 futex(0x7169d08005c0, FUTEX_WAKE_PRIVATE, 1 <unfinished ...>
109186 <... recvfrom resumed>"\2\0\0\0\6\0\0\0\0\0\0\0random\0\0000\310\200\220\321l\207f8\2732\206"..., 174, 0, NULL, NULL) = 174
130121 <... futex resumed>)             = 1
109187 <... futex resumed>)             = 0
130121 futex(0x7169ca4005c0, FUTEX_WAIT_PRIVATE, 1, {tv_sec=9, tv_nsec=999998918} <unfinished ...>
109187 write(5, "\1\0\0\0\0\0\0\0", 8)  = 8
109176 <... epoll_wait resumed>[{events=EPOLLIN, data={u32=0, u64=0}}], 1024, 3) = 1
109186 futex(0x7169d39aaa40, FUTEX_WAKE_PRIVATE, 1 <unfinished ...>
109187 futex(0x7169c9c005c0, FUTEX_WAKE_PRIVATE, 1 <unfinished ...>
109186 <... futex resumed>)             = 1
109174 <... futex resumed>)             = 0
109187 <... futex resumed>)             = 1
109176 epoll_wait(4,  <unfinished ...>
130119 <... futex resumed>)             = 0
109186 recvfrom(56,  <unfinished ...>
109187 futex(0x7169d08005c0, FUTEX_WAIT_PRIVATE, 1, NULL <unfinished ...>
130119 fsync(30 <unfinished ...>
109186 <... recvfrom resumed>0x7169800013b0, 8, 0, NULL, NULL) = -1 EAGAIN (Resource temporarily unavailable)
109186 futex(0x7169d0c005c0, FUTEX_WAIT_PRIVATE, 1, NULL <unfinished ...>
109174 futex(0x7169d0c005c0, FUTEX_WAKE_PRIVATE, 1 <unfinished ...>
109186 <... futex resumed>)             = -1 EAGAIN (Resource temporarily unavailable)
109174 <... futex resumed>)             = 0
109186 futex(0x7169d08005c0, FUTEX_WAKE_PRIVATE, 1) = 1
109187 <... futex resumed>)             = 0
109174 futex(0x7169d39aaa40, FUTEX_WAIT_PRIVATE, 1, NULL <unfinished ...>
109187 futex(0x7169d08005c0, FUTEX_WAIT_PRIVATE, 1, NULL <unfinished ...>
109186 sendto(48, "\272\0\0\0\0\0\0\0", 8, MSG_NOSIGNAL, NULL, 0) = 8
130127 <... recvfrom resumed>"\272\0\0\0\0\0\0\0", 8, 0, NULL, NULL) = 8
109186 sendto(48, "\2\0\0\0\1\0\0\0\0\0\0\0\2\0\0\0\6\0\0\0\0\0\0\0random\0\0"..., 186, MSG_NOSIGNAL, NULL, 0 <unfinished ...>
130127 recvfrom(3,  <unfinished ...>
109186 <... sendto resumed>)            = 186
130127 <... recvfrom resumed>"\2\0\0\0\1\0\0\0\0\0\0\0\2\0\0\0\6\0\0\0\0\0\0\0random\0\0"..., 186, 0, NULL, NULL) = 186
109186 recvfrom(48, 0x5f96f8bc71b0, 8, 0, NULL, NULL) = -1 EAGAIN (Resource temporarily unavailable)
109186 futex(0x7169d0c005c0, FUTEX_WAIT_PRIVATE, 1, NULL <unfinished ...>
130127 futex(0x6073738c7b58, FUTEX_WAKE_PRIVATE, 1) = 1
130120 <... futex resumed>)             = 0
130127 sendto(3, "$\0\0\0\0\0\0\0", 8, MSG_NOSIGNAL, NULL, 0) = 8
109176 <... epoll_wait resumed>[{events=EPOLLIN|EPOLLOUT, data={u32=2080380416, u64=124697865885184}}], 1024, 2) = 1
130127 sendto(3, "\5\0\0\0\0\0\0\0\0\0\0\0 3\307\220\321l\207f^)\26\t\203)D\313\247(\207F"..., 36, MSG_NOSIGNAL, NULL, 0 <unfinished ...>
109176 recvfrom(48,  <unfinished ...>
130127 <... sendto resumed>)            = 36
109176 <... recvfrom resumed>"$\0\0\0\0\0\0\0", 8, 0, NULL, NULL) = 8
130127 recvfrom(3,  <unfinished ...>
109176 recvfrom(48,  <unfinished ...>
130120 sendto(6, "\375\0\0\0\0\0\0\0", 8, MSG_NOSIGNAL, NULL, 0 <unfinished ...>
109176 <... recvfrom resumed>"\5\0\0\0\0\0\0\0\0\0\0\0 3\307\220\321l\207f^)\26\t\203)D\313\247(\207F"..., 36, 0, NULL, NULL) = 36
130120 <... sendto resumed>)            = 8
130120 sendto(6, "\2\0\0\0\6\0\0\0\0\0\0\0status\0\0\0\36\321\220\321l\207f^)\26\t"..., 253, MSG_NOSIGNAL, NULL, 0) = 253
109176 epoll_wait(4, [{events=EPOLLOUT, data={u32=2080380416, u64=124697865885184}}, {events=EPOLLIN|EPOLLOUT, data={u32=2348818944, u64=124698134323712}}], 1024, 2) = 2
130120 futex(0x6073738c7b58, FUTEX_WAIT_BITSET_PRIVATE, 4294967295, NULL, FUTEX_BITSET_MATCH_ANY <unfinished ...>
109176 recvfrom(57, "\375\0\0\0\0\0\0\0", 8, 0, NULL, NULL) = 8
109176 recvfrom(57, "\2\0\0\0\6\0\0\0\0\0\0\0status\0\0\0\36\321\220\321l\207f^)\26\t"..., 253, 0, NULL, NULL) = 253
109176 futex(0x7169d39aaa40, FUTEX_WAKE_PRIVATE, 1) = 1
109174 <... futex resumed>)             = 0
109176 recvfrom(57, 0x5f96f8bc71b0, 8, 0, NULL, NULL) = -1 EAGAIN (Resource temporarily unavailable)
109176 epoll_wait(4,  <unfinished ...>
109174 write(5, "\1\0\0\0\0\0\0\0", 8 <unfinished ...>
109176 <... epoll_wait resumed>[{events=EPOLLIN, data={u32=0, u64=0}}], 1024, 1) = 1
109174 <... write resumed>)             = 8
109176 futex(0x7169d08005c0, FUTEX_WAKE_PRIVATE, 1 <unfinished ...>
109174 futex(0x7169d39aaa40, FUTEX_WAIT_PRIVATE, 1, NULL <unfinished ...>
109176 <... futex resumed>)             = 1
109187 <... futex resumed>)             = 0
109187 epoll_wait(4,  <unfinished ...>
109176 sendto(50, "\n\1\0\0\0\0\0\0", 8, MSG_NOSIGNAL, NULL, 0 <unfinished ...>
130126 <... recvfrom resumed>"\n\1\0\0\0\0\0\0", 8, 0, NULL, NULL) = 8
109176 <... sendto resumed>)            = 8
109176 sendto(50, "\2\0\0\0\1\0\0\0\0\0\0\0\2\0\0\0\7\0\0\0\0\0\0\0message\0"..., 266, MSG_NOSIGNAL, NULL, 0 <unfinished ...>
130126 recvfrom(3,  <unfinished ...>
109176 <... sendto resumed>)            = 266
130126 <... recvfrom resumed>"\2\0\0\0\1\0\0\0\0\0\0\0\2\0\0\0\7\0\0\0\0\0\0\0message\0"..., 266, 0, NULL, NULL) = 266
109176 recvfrom(50, 0x7169880055b0, 8, 0, NULL, NULL) = -1 EAGAIN (Resource temporarily unavailable)
109176 futex(0x7169d30005c0, FUTEX_WAIT_PRIVATE, 1, NULL <unfinished ...>
130126 futex(0x5e6b228d6b58, FUTEX_WAKE_PRIVATE, 1) = 1
130123 <... futex resumed>)             = 0
130126 sendto(3, "$\0\0\0\0\0\0\0", 8, MSG_NOSIGNAL, NULL, 0) = 8
109187 <... epoll_wait resumed>[{events=EPOLLIN|EPOLLOUT, data={u32=3288354944, u64=124699073859712}}], 1024, 1) = 1
