85918 recvfrom(3,  <unfinished ...>
82782 epoll_pwait(4,  <unfinished ...>
82784 <... sendto resumed>)             = 148
85918 <... recvfrom resumed>"\2\0\0\0\1\0\0\0\0\0\0\0\2\0\0\0\4\0\0\0\0\0\0\0tick\0\0\220\276"..., 148, 0, NULL, NULL) = 148
82784 recvfrom(26,  <unfinished ...>
85918 futex(0x604f584bab58, FUTEX_WAKE_PRIVATE, 1 <unfinished ...>
82784 <... recvfrom resumed>0x7886aff91f10, 8, 0, NULL, NULL) = -1 EAGAIN (Resource temporarily unavailable)
85918 <... futex resumed>)              = 1
85908 <... futex resumed>)              = 0
82784 futex(0x7886aaa02a68, FUTEX_WAIT_PRIVATE, 1, NULL <unfinished ...>
85918 sendto(3, "$\0\0\0\0\0\0\0", 8, MSG_NOSIGNAL, NULL, 0 <unfinished ...>
85908 sendto(6, "\257\0\0\0\0\0\0\0", 8, MSG_NOSIGNAL, NULL, 0 <unfinished ...>
85918 <... sendto resumed>)             = 8
82782 <... epoll_pwait resumed>[{events=EPOLLIN|EPOLLOUT, data={u32=2948826496, u64=132519869777280}}], 1024, 20, NULL, 8) = 1
85918 sendto(3, "\5\0\0\0\0\0\0\0\0\0\0\0\0\26$\315\16\376\210f\34R\37\222\233\34I\366\252\373EP"..., 36, MSG_NOSIGNAL, NULL, 0 <unfinished ...>
85908 <... sendto resumed>)             = 8
82782 recvfrom(26,  <unfinished ...>
85908 sendto(6, "\2\0\0\0\7\0\0\0\0\0\0\0latency\0\0\20\7%\315\16\376\210f\34R\37"..., 175, MSG_NOSIGNAL, NULL, 0 <unfinished ...>
85918 <... sendto resumed>)             = 36
82782 <... recvfrom resumed>"$\0\0\0\0\0\0\0", 8, 0, NULL, NULL) = 8
85918 recvfrom(3,  <unfinished ...>
85908 <... sendto resumed>)             = 175
82782 recvfrom(26,  <unfinished ...>
85908 futex(0x604f584bab58, FUTEX_WAIT_BITSET_PRIVATE, 4294967295, NULL, FUTEX_BITSET_MATCH_ANY <unfinished ...>
82782 <... recvfrom resumed>"\5\0\0\0\0\0\0\0\0\0\0\0\0\26$\315\16\376\210f\34R\37\222\233\34I\366\252\373EP"..., 36, 0, NULL, NULL) = 36
82782 epoll_pwait(4, [{events=EPOLLIN|EPOLLOUT, data={u32=2948832512, u64=132519869783296}}, {events=EPOLLOUT, data={u32=2948826496, u64=132519869777280}}], 1024, 20, NULL, 8) = 2
82782 recvfrom(33, "\257\0\0\0\0\0\0\0", 8, 0, NULL, NULL) = 8
82782 recvfrom(33, "\2\0\0\0\7\0\0\0\0\0\0\0latency\0\0\20\7%\315\16\376\210f\34R\37"..., 175, 0, NULL, NULL) = 175
82782 futex(0x7886aff952f8, FUTEX_WAKE_PRIVATE, 1) = 1
82768 <... futex resumed>)              = 0
82782 recvfrom(33,  <unfinished ...>
82768 futex(0x7886aaa02a68, FUTEX_WAKE_PRIVATE, 1 <unfinished ...>
82782 <... recvfrom resumed>0x7886afc54c50, 8, 0, NULL, NULL) = -1 EAGAIN (Resource temporarily unavailable)
82784 <... futex resumed>)              = 0
82768 <... futex resumed>)              = 1
82784 epoll_pwait(4,  <unfinished ...>
82782 sendto(28, "\273\0\0\0\0\0\0\0", 8, MSG_NOSIGNAL, NULL, 0 <unfinished ...>
82768 futex(0x7886aff952f8, FUTEX_WAIT_PRIVATE, 1, NULL <unfinished ...>
82782 <... sendto resumed>)             = 8
85917 <... recvfrom resumed>"\273\0\0\0\0\0\0\0", 8, 0, NULL, NULL) = 8
82782 sendto(28, "\2\0\0\0\1\0\0\0\0\0\0\0\2\0\0\0\7\0\0\0\0\0\0\0latency\0"..., 187, MSG_NOSIGNAL, NULL, 0 <unfinished ...>
85917 recvfrom(3,  <unfinished ...>
82782 <... sendto resumed>)             = 187
85917 <... recvfrom resumed>"\2\0\0\0\1\0\0\0\0\0\0\0\2\0\0\0\7\0\0\0\0\0\0\0latency\0"..., 187, 0, NULL, NULL) = 187
82782 recvfrom(28,  <unfinished ...>
85917 futex(0x59e86ea2ab58, FUTEX_WAKE_PRIVATE, 1 <unfinished ...>
82782 <... recvfrom resumed>0x7886aff91ea0, 8, 0, NULL, NULL) = -1 EAGAIN (Resource temporarily unavailable)
85917 <... futex resumed>)              = 1
85911 <... futex resumed>)              = 0
82782 futex(0x7886ab202a68, FUTEX_WAIT_PRIVATE, 1, NULL <unfinished ...>
85917 sendto(3, "$\0\0\0\0\0\0\0", 8, MSG_NOSIGNAL, NULL, 0 <unfinished ...>
85911 futex(0x59e86ea2ab58, FUTEX_WAIT_BITSET_PRIVATE, 4294967295, NULL, FUTEX_BITSET_MATCH_ANY <unfinished ...>
85917 <... sendto resumed>)             = 8
82784 <... epoll_pwait resumed>[{events=EPOLLIN|EPOLLOUT, data={u32=2948828032, u64=132519869778816}}], 1024, 19, NULL, 8) = 1
85917 sendto(3, "\5\0\0\0\0\0\0\0\0\0\0\0P\211T\315\16\376\210f\"\227\f\306\2RH\343\260\\\323i"..., 36, MSG_NOSIGNAL, NULL, 0 <unfinished ...>
82784 recvfrom(28,  <unfinished ...>
85917 <... sendto resumed>)             = 36
82784 <... recvfrom resumed>"$\0\0\0\0\0\0\0", 8, 0, NULL, NULL) = 8
85917 recvfrom(3,  <unfinished ...>
82784 recvfrom(28, "\5\0\0\0\0\0\0\0\0\0\0\0P\211T\315\16\376\210f\"\227\f\306\2RH\343\260\\\323i"..., 36, 0, NULL, NULL) = 36
82784 epoll_pwait(4, [{events=EPOLLOUT, data={u32=2948828032, u64=132519869778816}}], 1024, 19, NULL, 8) = 1
82784 epoll_pwait(4, [], 1024, 19, NULL, 8) = 0
82784 futex(0x7886aff952f8, FUTEX_WAKE_PRIVATE, 1) = 1
82768 <... futex resumed>)              = 0
82784 write(5, "\1\0\0\0\0\0\0\0", 8 <unfinished ...>
82768 futex(0x7886ab202a68, FUTEX_WAKE_PRIVATE, 1 <unfinished ...>
82784 <... write resumed>)              = 8
82768 <... futex resumed>)              = 1
82784 sendto(26, "\224\0\0\0\0\0\0\0", 8, MSG_NOSIGNAL, NULL, 0 <unfinished ...>
82768 futex(0x7886aff952f8, FUTEX_WAIT_PRIVATE, 1, NULL <unfinished ...>
82782 <... futex resumed>)              = 0
82784 <... sendto resumed>)             = 8
82784 sendto(26, "\2\0\0\0\1\0\0\0\0\0\0\0\2\0\0\0\4\0\0\0\0\0\0\0tick\0\0000\33"..., 148, MSG_NOSIGNAL, NULL, 0 <unfinished ...>
85918 <... recvfrom resumed>"\224\0\0\0\0\0\0\0", 8, 0, NULL, NULL) = 8
82782 epoll_pwait(4,  <unfinished ...>
82784 <... sendto resumed>)             = 148
82784 recvfrom(26,  <unfinished ...>
82782 <... epoll_pwait resumed>[{events=EPOLLIN, data={u32=0, u64=0}}], 1024, 20, NULL, 8) = 1
85918 recvfrom(3,  <unfinished ...>
82784 <... recvfrom resumed>0x7886aff91f10, 8, 0, NULL, NULL) = -1 EAGAIN (Resource temporarily unavailable)
82784 futex(0x7886aaa02a68, FUTEX_WAIT_PRIVATE, 1, NULL <unfinished ...>
82782 epoll_pwait(4,  <unfinished ...>
85918 <... recvfrom resumed>"\2\0\0\0\1\0\0\0\0\0\0\0\2\0\0\0\4\0\0\0\0\0\0\0tick\0\0000\33"..., 148, 0, NULL, NULL) = 148
85918 futex(0x604f584bab58, FUTEX_WAKE_PRIVATE, 1) = 1
85908 <... futex resumed>)              = 0
85918 sendto(3, "$\0\0\0\0\0\0\0", 8, MSG_NOSIGNAL, NULL, 0 <unfinished ...>
85908 sendto(6, "\257\0\0\0\0\0\0\0", 8, MSG_NOSIGNAL, NULL, 0 <unfinished ...>
85918 <... sendto resumed>)             = 8
82782 <... epoll_pwait resumed>[{events=EPOLLIN|EPOLLOUT, data={u32=2948826496, u64=132519869777280}}], 1024, 19, NULL, 8) = 1
85918 sendto(3, "\5\0\0\0\0\0\0\0\0\0\0\0\320wf\322\16\376\210f\34R\37\222\233\34I\366\252\373EP"..., 36, MSG_NOSIGNAL, NULL, 0 <unfinished ...>
85908 <... sendto resumed>)             = 8
82782 recvfrom(26,  <unfinished ...>
85908 sendto(6, "\2\0\0\0\7\0\0\0\0\0\0\0latency\0\0\20\ng\322\16\376\210f\34R\37"..., 175, MSG_NOSIGNAL, NULL, 0 <unfinished ...>
85918 <... sendto resumed>)             = 36
82782 <... recvfrom resumed>"$\0\0\0\0\0\0\0", 8, 0, NULL, NULL) = 8
85918 recvfrom(3,  <unfinished ...>
85908 <... sendto resumed>)             = 175
82782 recvfrom(26,  <unfinished ...>
85908 futex(0x604f584bab58, FUTEX_WAIT_BITSET_PRIVATE, 4294967295, NULL, FUTEX_BITSET_MATCH_ANY <unfinished ...>
82782 <... recvfrom resumed>"\5\0\0\0\0\0\0\0\0\0\0\0\320wf\322\16\376\210f\34R\37\222\233\34I\366\252\373EP"..., 36, 0, NULL, NULL) = 36
82782 epoll_pwait(4, [{events=EPOLLIN|EPOLLOUT, data={u32=2948832512, u64=132519869783296}}, {events=EPOLLOUT, data={u32=2948826496, u64=132519869777280}}], 1024, 19, NULL, 8) = 2
82782 recvfrom(33, "\257\0\0\0\0\0\0\0", 8, 0, NULL, NULL) = 8
82782 recvfrom(33, "\2\0\0\0\7\0\0\0\0\0\0\0latency\0\0\20\ng\322\16\376\210f\34R\37"..., 175, 0, NULL, NULL) = 175
82782 futex(0x7886aff952f8, FUTEX_WAKE_PRIVATE, 1) = 1
82768 <... futex resumed>)              = 0
82782 recvfrom(33,  <unfinished ...>
82768 futex(0x7886aaa02a68, FUTEX_WAKE_PRIVATE, 1 <unfinished ...>
82782 <... recvfrom resumed>0x7886afc54c50, 8, 0, NULL, NULL) = -1 EAGAIN (Resource temporarily unavailable)
82784 <... futex resumed>)              = 0
82768 <... futex resumed>)              = 1
82782 sendto(28, "\273\0\0\0\0\0\0\0", 8, MSG_NOSIGNAL, NULL, 0 <unfinished ...>
82784 epoll_pwait(4,  <unfinished ...>
82768 futex(0x7886aff952f8, FUTEX_WAIT_PRIVATE, 1, NULL <unfinished ...>
85917 <... recvfrom resumed>"\273\0\0\0\0\0\0\0", 8, 0, NULL, NULL) = 8
82782 <... sendto resumed>)             = 8
85917 recvfrom(3,  <unfinished ...>
82782 sendto(28, "\2\0\0\0\1\0\0\0\0\0\0\0\2\0\0\0\7\0\0\0\0\0\0\0latency\0"..., 187, MSG_NOSIGNAL, NULL, 0) = 187
85917 <... recvfrom resumed>"\2\0\0\0\1\0\0\0\0\0\0\0\2\0\0\0\7\0\0\0\0\0\0\0latency\0"..., 187, 0, NULL, NULL) = 187
82782 recvfrom(28,  <unfinished ...>
85917 futex(0x59e86ea2ab58, FUTEX_WAKE_PRIVATE, 1 <unfinished ...>
82782 <... recvfrom resumed>0x7886aff91ea0, 8, 0, NULL, NULL) = -1 EAGAIN (Resource temporarily unavailable)
85917 <... futex resumed>)              = 1
85911 <... futex resumed>)              = 0
82782 futex(0x7886ab202a68, FUTEX_WAIT_PRIVATE, 1, NULL <unfinished ...>
85917 sendto(3, "$\0\0\0\0\0\0\0", 8, MSG_NOSIGNAL, NULL, 0 <unfinished ...>
85911 futex(0x59e86ea2ab58, FUTEX_WAIT_BITSET_PRIVATE, 4294967295, NULL, FUTEX_BITSET_MATCH_ANY <unfinished ...>
85917 <... sendto resumed>)             = 8
82784 <... epoll_pwait resumed>[{events=EPOLLIN|EPOLLOUT, data={u32=2948828032, u64=132519869778816}}], 1024, 19, NULL, 8) = 1
85917 sendto(3, "\5\0\0\0\0\0\0\0\0\0\0\0@n\224\322\16\376\210f\"\227\f\306\2RH\343\260\\\323i"..., 36, MSG_NOSIGNAL, NULL, 0 <unfinished ...>
82784 recvfrom(28,  <unfinished ...>
85917 <... sendto resumed>)             = 36
82784 <... recvfrom resumed>"$\0\0\0\0\0\0\0", 8, 0, NULL, NULL) = 8
85917 recvfrom(3,  <unfinished ...>
82784 recvfrom(28, "\5\0\0\0\0\0\0\0\0\0\0\0@n\224\322\16\376\210f\"\227\f\306\2RH\343\260\\\323i"..., 36, 0, NULL, NULL) = 36
82784 epoll_pwait(4, [{events=EPOLLOUT, data={u32=2948828032, u64=132519869778816}}], 1024, 18, NULL, 8) = 1
82784 epoll_pwait(4, [], 1024, 18, NULL, 8) = 0
82784 futex(0x7886aff952f8, FUTEX_WAKE_PRIVATE, 1) = 1
82768 <... futex resumed>)              = 0
82784 write(5, "\1\0\0\0\0\0\0\0", 8 <unfinished ...>
82768 futex(0x7886ab202a68, FUTEX_WAKE_PRIVATE, 1 <unfinished ...>
82784 <... write resumed>)              = 8
82768 <... futex resumed>)              = 1
82784 epoll_pwait(4,  <unfinished ...>
82782 <... futex resumed>)              = 0
82768 futex(0x7886aff952f8, FUTEX_WAIT_PRIVATE, 1, NULL <unfinished ...>
82784 <... epoll_pwait resumed>[{events=EPOLLIN, data={u32=0, u64=0}}], 1024, 0, NULL, 8) = 1
82782 futex(0x7886ae602a68, FUTEX_WAKE_PRIVATE, 1 <unfinished ...>
82784 epoll_pwait(4,  <unfinished ...>
82782 <... futex resumed>)              = 1
82769 <... futex resumed>)              = 0
82782 sendto(26, "\224\0\0\0\0\0\0\0", 8, MSG_NOSIGNAL, NULL, 0 <unfinished ...>
82769 futex(0x7886ae602a68, FUTEX_WAIT_PRIVATE, 1, NULL <unfinished ...>
85918 <... recvfrom resumed>"\224\0\0\0\0\0\0\0", 8, 0, NULL, NULL) = 8
82782 <... sendto resumed>)             = 8
85918 recvfrom(3,  <unfinished ...>
82782 sendto(26, "\2\0\0\0\1\0\0\0\0\0\0\0\2\0\0\0\4\0\0\0\0\0\0\0tick\0\0`\376"..., 148, MSG_NOSIGNAL, NULL, 0) = 148
85918 <... recvfrom resumed>"\2\0\0\0\1\0\0\0\0\0\0\0\2\0\0\0\4\0\0\0\0\0\0\0tick\0\0`\376"..., 148, 0, NULL, NULL) = 148
82782 recvfrom(26,  <unfinished ...>
85918 futex(0x604f584bab58, FUTEX_WAKE_PRIVATE, 1 <unfinished ...>
82782 <... recvfrom resumed>0x7886aff91f10, 8, 0, NULL, NULL) = -1 EAGAIN (Resource temporarily unavailable)
85918 <... futex resumed>)              = 1
85908 <... futex resumed>)              = 0
82782 futex(0x7886ab202a68, FUTEX_WAIT_PRIVATE, 1, NULL <unfinished ...>
85918 sendto(3, "$\0\0\0\0\0\0\0", 8, MSG_NOSIGNAL, NULL, 0 <unfinished ...>
85908 sendto(6, "\257\0\0\0\0\0\0\0", 8, MSG_NOSIGNAL, NULL, 0 <unfinished ...>
85918 <... sendto resumed>)             = 8
82784 <... epoll_pwait resumed>[{events=EPOLLIN|EPOLLOUT, data={u32=2948826496, u64=132519869777280}}], 1024, 6, NULL, 8) = 1
85918 sendto(3, "\5\0\0\0\0\0\0\0\0\0\0\0\340\355c\327\16\376\210f\34R\37\222\233\34I\366\252\373EP"..., 36, MSG_NOSIGNAL, NULL, 0 <unfinished ...>
82784 recvfrom(26,  <unfinished ...>
85918 <... sendto resumed>)             = 36
85908 <... sendto resumed>)             = 8
82784 <... recvfrom resumed>"$\0\0\0\0\0\0\0", 8, 0, NULL, NULL) = 8
85918 recvfrom(3,  <unfinished ...>
85908 sendto(6, "\2\0\0\0\7\0\0\0\0\0\0\0latency\0\0\260\21e\327\16\376\210f\34R\37"..., 175, MSG_NOSIGNAL, NULL, 0 <unfinished ...>
82784 recvfrom(26,  <unfinished ...>
85908 <... sendto resumed>)             = 175
82784 <... recvfrom resumed>"\5\0\0\0\0\0\0\0\0\0\0\0\340\355c\327\16\376\210f\34R\37\222\233\34I\366\252\373EP"..., 36, 0, NULL, NULL) = 36
85908 futex(0x604f584bab58, FUTEX_WAIT_BITSET_PRIVATE, 4294967295, NULL, FUTEX_BITSET_MATCH_ANY <unfinished ...>
82784 epoll_pwait(4, [{events=EPOLLIN|EPOLLOUT, data={u32=2948832512, u64=132519869783296}}, {events=EPOLLOUT, data={u32=2948826496, u64=132519869777280}}], 1024, 6, NULL, 8) = 2
82784 recvfrom(33, "\257\0\0\0\0\0\0\0", 8, 0, NULL, NULL) = 8
82784 recvfrom(33, "\2\0\0\0\7\0\0\0\0\0\0\0latency\0\0\260\21e\327\16\376\210f\34R\37"..., 175, 0, NULL, NULL) = 175
82784 futex(0x7886aff952f8, FUTEX_WAKE_PRIVATE, 1) = 1
82768 <... futex resumed>)              = 0
82784 recvfrom(33,  <unfinished ...>
82768 futex(0x7886ae602a68, FUTEX_WAKE_PRIVATE, 1 <unfinished ...>
82784 <... recvfrom resumed>0x7886afc54c50, 8, 0, NULL, NULL) = -1 EAGAIN (Resource temporarily unavailable)
82768 <... futex resumed>)              = 1
82769 <... futex resumed>)              = 0
82784 sendto(28, "\273\0\0\0\0\0\0\0", 8, MSG_NOSIGNAL, NULL, 0 <unfinished ...>
82768 futex(0x7886aff952f8, FUTEX_WAIT_PRIVATE, 1, NULL <unfinished ...>
82769 epoll_pwait(4,  <unfinished ...>
82784 <... sendto resumed>)             = 8
85917 <... recvfrom resumed>"\273\0\0\0\0\0\0\0", 8, 0, NULL, NULL) = 8
82784 sendto(28, "\2\0\0\0\1\0\0\0\0\0\0\0\2\0\0\0\7\0\0\0\0\0\0\0latency\0"..., 187, MSG_NOSIGNAL, NULL, 0 <unfinished ...>
85917 recvfrom(3,  <unfinished ...>
82784 <... sendto resumed>)             = 187
85917 <... recvfrom resumed>"\2\0\0\0\1\0\0\0\0\0\0\0\2\0\0\0\7\0\0\0\0\0\0\0latency\0"..., 187, 0, NULL, NULL) = 187
82784 recvfrom(28,  <unfinished ...>
85917 futex(0x59e86ea2ab58, FUTEX_WAKE_PRIVATE, 1 <unfinished ...>
82784 <... recvfrom resumed>0x7886aff91ea0, 8, 0, NULL, NULL) = -1 EAGAIN (Resource temporarily unavailable)
85917 <... futex resumed>)              = 1
82784 futex(0x7886aaa02a68, FUTEX_WAIT_PRIVATE, 1, NULL <unfinished ...>
85911 <... futex resumed>)              = 0
85917 sendto(3, "$\0\0\0\0\0\0\0", 8, MSG_NOSIGNAL, NULL, 0 <unfinished ...>
85911 futex(0x59e86ea2ab58, FUTEX_WAIT_BITSET_PRIVATE, 4294967295, NULL, FUTEX_BITSET_MATCH_ANY <unfinished ...>
85917 <... sendto resumed>)             = 8
82769 <... epoll_pwait resumed>[{events=EPOLLIN|EPOLLOUT, data={u32=2948828032, u64=132519869778816}}], 1024, 5, NULL, 8) = 1
85917 sendto(3, "\5\0\0\0\0\0\0\0\0\0\0\0 \316\225\327\16\376\210f\"\227\f\306\2RH\343\260\\\323i"..., 36, MSG_NOSIGNAL, NULL, 0 <unfinished ...>
82769 recvfrom(28,  <unfinished ...>
85917 <... sendto resumed>)             = 36
82769 <... recvfrom resumed>"$\0\0\0\0\0\0\0", 8, 0, NULL, NULL) = 8
85917 recvfrom(3,  <unfinished ...>
82769 recvfrom(28, "\5\0\0\0\0\0\0\0\0\0\0\0 \316\225\327\16\376\210f\"\227\f\306\2RH\343\260\\\323i"..., 36, 0, NULL, NULL) = 36
82769 epoll_pwait(4, [{events=EPOLLOUT, data={u32=2948828032, u64=132519869778816}}], 1024, 5, NULL, 8) = 1
82769 epoll_pwait(4, [], 1024, 5, NULL, 8) = 0
82769 epoll_pwait(4, [], 1024, 14, NULL, 8) = 0
82769 futex(0x7886aff952f8, FUTEX_WAKE_PRIVATE, 1) = 1
82768 <... futex resumed>)              = 0
82769 write(5, "\1\0\0\0\0\0\0\0", 8 <unfinished ...>
82768 futex(0x7886aaa02a68, FUTEX_WAKE_PRIVATE, 1 <unfinished ...>
82784 <... futex resumed>)              = 0
82768 <... futex resumed>)              = 1
82769 <... write resumed>)              = 8
82784 futex(0x7886ab202a68, FUTEX_WAKE_PRIVATE, 1 <unfinished ...>
82768 futex(0x7886aff952f8, FUTEX_WAIT_PRIVATE, 1, NULL <unfinished ...>
82769 epoll_pwait(4,  <unfinished ...>
82784 <... futex resumed>)              = 1
82782 <... futex resumed>)              = 0
82769 <... epoll_pwait resumed>[{events=EPOLLIN, data={u32=0, u64=0}}], 1024, 19, NULL, 8) = 1
82782 futex(0x7886ab202a68, FUTEX_WAIT_PRIVATE, 1, NULL <unfinished ...>
82769 epoll_pwait(4,  <unfinished ...>
82784 sendto(26, "\224\0\0\0\0\0\0\0", 8, MSG_NOSIGNAL, NULL, 0 <unfinished ...>
85918 <... recvfrom resumed>"\224\0\0\0\0\0\0\0", 8, 0, NULL, NULL) = 8
82784 <... sendto resumed>)             = 8
85918 recvfrom(3,  <unfinished ...>
82784 sendto(26, "\2\0\0\0\1\0\0\0\0\0\0\0\2\0\0\0\4\0\0\0\0\0\0\0tick\0\0\240\207"..., 148, MSG_NOSIGNAL, NULL, 0) = 148
85918 <... recvfrom resumed>"\2\0\0\0\1\0\0\0\0\0\0\0\2\0\0\0\4\0\0\0\0\0\0\0tick\0\0\240\207"..., 148, 0, NULL, NULL) = 148
82784 recvfrom(26,  <unfinished ...>
85918 futex(0x604f584bab58, FUTEX_WAKE_PRIVATE, 1 <unfinished ...>
82784 <... recvfrom resumed>0x7886aff91f10, 8, 0, NULL, NULL) = -1 EAGAIN (Resource temporarily unavailable)
85918 <... futex resumed>)              = 1
85918 sendto(3, "$\0\0\0\0\0\0\0", 8, MSG_NOSIGNAL, NULL, 0 <unfinished ...>
85908 <... futex resumed>)              = 0
82784 futex(0x7886aaa02a68, FUTEX_WAIT_PRIVATE, 1, NULL <unfinished ...>
85918 <... sendto resumed>)             = 8
85908 sendto(6, "\257\0\0\0\0\0\0\0", 8, MSG_NOSIGNAL, NULL, 0 <unfinished ...>
82769 <... epoll_pwait resumed>[{events=EPOLLIN|EPOLLOUT, data={u32=2948826496, u64=132519869777280}}], 1024, 19, NULL, 8) = 1
85918 sendto(3, "\5\0\0\0\0\0\0\0\0\0\0\0@\241\270\334\16\376\210f\34R\37\222\233\34I\366\252\373EP"..., 36, MSG_NOSIGNAL, NULL, 0 <unfinished ...>
85908 <... sendto resumed>)             = 8
82769 recvfrom(26,  <unfinished ...>
85918 <... sendto resumed>)             = 36
85908 sendto(6, "\2\0\0\0\7\0\0\0\0\0\0\0latency\0\0\340P\273\334\16\376\210f\34R\37"..., 175, MSG_NOSIGNAL, NULL, 0 <unfinished ...>
85918 recvfrom(3,  <unfinished ...>
82769 <... recvfrom resumed>"$\0\0\0\0\0\0\0", 8, 0, NULL, NULL) = 8
85908 <... sendto resumed>)             = 175
85908 futex(0x604f584bab58, FUTEX_WAIT_BITSET_PRIVATE, 4294967295, NULL, FUTEX_BITSET_MATCH_ANY <unfinished ...>
82769 recvfrom(26, "\5\0\0\0\0\0\0\0\0\0\0\0@\241\270\334\16\376\210f\34R\37\222\233\34I\366\252\373EP"..., 36, 0, NULL, NULL) = 36
82769 epoll_pwait(4, [{events=EPOLLIN|EPOLLOUT, data={u32=2948832512, u64=132519869783296}}, {events=EPOLLOUT, data={u32=2948826496, u64=132519869777280}}], 1024, 19, NULL, 8) = 2
82769 recvfrom(33, "\257\0\0\0\0\0\0\0", 8, 0, NULL, NULL) = 8
82769 recvfrom(33, "\2\0\0\0\7\0\0\0\0\0\0\0latency\0\0\340P\273\334\16\376\210f\34R\37"..., 175, 0, NULL, NULL) = 175
82769 futex(0x7886aff952f8, FUTEX_WAKE_PRIVATE, 1) = 1
82768 <... futex resumed>)              = 0
82769 recvfrom(33,  <unfinished ...>
82768 futex(0x7886ab202a68, FUTEX_WAKE_PRIVATE, 1 <unfinished ...>
82769 <... recvfrom resumed>0x7886afc54c50, 8, 0, NULL, NULL) = -1 EAGAIN (Resource temporarily unavailable)
82768 <... futex resumed>)              = 1
82782 <... futex resumed>)              = 0
82782 epoll_pwait(4,  <unfinished ...>
82769 sendto(28, "\273\0\0\0\0\0\0\0", 8, MSG_NOSIGNAL, NULL, 0 <unfinished ...>
82768 futex(0x7886aff952f8, FUTEX_WAIT_PRIVATE, 1, NULL <unfinished ...>
82769 <... sendto resumed>)             = 8
85917 <... recvfrom resumed>"\273\0\0\0\0\0\0\0", 8, 0, NULL, NULL) = 8
82769 sendto(28, "\2\0\0\0\1\0\0\0\0\0\0\0\2\0\0\0\7\0\0\0\0\0\0\0latency\0"..., 187, MSG_NOSIGNAL, NULL, 0 <unfinished ...>
85917 recvfrom(3,  <unfinished ...>
82769 <... sendto resumed>)             = 187
85917 <... recvfrom resumed>"\2\0\0\0\1\0\0\0\0\0\0\0\2\0\0\0\7\0\0\0\0\0\0\0latency\0"..., 187, 0, NULL, NULL) = 187
82769 recvfrom(28,  <unfinished ...>
85917 futex(0x59e86ea2ab58, FUTEX_WAKE_PRIVATE, 1 <unfinished ...>
82769 <... recvfrom resumed>0x7886aff91ea0, 8, 0, NULL, NULL) = -1 EAGAIN (Resource temporarily unavailable)
85917 <... futex resumed>)              = 1
82769 futex(0x7886ae602a68, FUTEX_WAIT_PRIVATE, 1, NULL <unfinished ...>
85911 <... futex resumed>)              = 0
85917 sendto(3, "$\0\0\0\0\0\0\0", 8, MSG_NOSIGNAL, NULL, 0 <unfinished ...>
85911 futex(0x59e86ea2ab58, FUTEX_WAIT_BITSET_PRIVATE, 4294967295, NULL, FUTEX_BITSET_MATCH_ANY <unfinished ...>
85917 <... sendto resumed>)             = 8
82782 <... epoll_pwait resumed>[{events=EPOLLIN|EPOLLOUT, data={u32=2948828032, u64=132519869778816}}], 1024, 19, NULL, 8) = 1
85917 sendto(3, "\5\0\0\0\0\0\0\0\0\0\0\0P\336\352\334\16\376\210f\"\227\f\306\2RH\343\260\\\323i"..., 36, MSG_NOSIGNAL, NULL, 0 <unfinished ...>
82782 epoll_pwait(4,  <unfinished ...>
85917 <... sendto resumed>)             = 36
82782 <... epoll_pwait resumed>[{events=EPOLLIN|EPOLLOUT, data={u32=2948828032, u64=132519869778816}}], 1024, 0, NULL, 8) = 1
85917 recvfrom(3,  <unfinished ...>
82782 recvfrom(28, "$\0\0\0\0\0\0\0", 8, 0, NULL, NULL) = 8
82782 recvfrom(28, "\5\0\0\0\0\0\0\0\0\0\0\0P\336\352\334\16\376\210f\"\227\f\306\2RH\343\260\\\323i"..., 36, 0, NULL, NULL) = 36
82782 epoll_pwait(4, [], 1024, 18, NULL, 8) = 0
82782 futex(0x7886aff952f8, FUTEX_WAKE_PRIVATE, 1) = 1
82768 <... futex resumed>)              = 0
82782 write(5, "\1\0\0\0\0\0\0\0", 8 <unfinished ...>
82768 futex(0x7886ae602a68, FUTEX_WAKE_PRIVATE, 1 <unfinished ...>
82782 <... write resumed>)              = 8
82768 <... futex resumed>)              = 1
82782 sendto(26, "\224\0\0\0\0\0\0\0", 8, MSG_NOSIGNAL, NULL, 0 <unfinished ...>
82769 <... futex resumed>)              = 0
82768 futex(0x7886aff952f8, FUTEX_WAIT_PRIVATE, 1, NULL <unfinished ...>
82782 <... sendto resumed>)             = 8
82769 epoll_pwait(4,  <unfinished ...>
85918 <... recvfrom resumed>"\224\0\0\0\0\0\0\0", 8, 0, NULL, NULL) = 8
82782 sendto(26, "\2\0\0\0\1\0\0\0\0\0\0\0\2\0\0\0\4\0\0\0\0\0\0\0tick\0\0\300\300"..., 148, MSG_NOSIGNAL, NULL, 0 <unfinished ...>
85918 recvfrom(3,  <unfinished ...>
82769 <... epoll_pwait resumed>[{events=EPOLLIN, data={u32=0, u64=0}}], 1024, 20, NULL, 8) = 1
82782 <... sendto resumed>)             = 148
82769 epoll_pwait(4,  <unfinished ...>
85918 <... recvfrom resumed>"\2\0\0\0\1\0\0\0\0\0\0\0\2\0\0\0\4\0\0\0\0\0\0\0tick\0\0\300\300"..., 148, 0, NULL, NULL) = 148
82782 recvfrom(26,  <unfinished ...>
85918 futex(0x604f584bab58, FUTEX_WAKE_PRIVATE, 1 <unfinished ...>
82782 <... recvfrom resumed>0x7886aff91f10, 8, 0, NULL, NULL) = -1 EAGAIN (Resource temporarily unavailable)
85918 <... futex resumed>)              = 1
85908 <... futex resumed>)              = 0
82782 futex(0x7886ab202a68, FUTEX_WAIT_PRIVATE, 1, NULL <unfinished ...>
85918 sendto(3, "$\0\0\0\0\0\0\0", 8, MSG_NOSIGNAL, NULL, 0 <unfinished ...>
85908 sendto(6, "\257\0\0\0\0\0\0\0", 8, MSG_NOSIGNAL, NULL, 0 <unfinished ...>
85918 <... sendto resumed>)             = 8
82769 <... epoll_pwait resumed>[{events=EPOLLIN|EPOLLOUT, data={u32=2948826496, u64=132519869777280}}], 1024, 20, NULL, 8) = 1
85918 sendto(3, "\5\0\0\0\0\0\0\0\0\0\0\0P\275\301\341\16\376\210f\34R\37\222\233\34I\366\252\373EP"..., 36, MSG_NOSIGNAL, NULL, 0 <unfinished ...>
85908 <... sendto resumed>)             = 8
82769 recvfrom(26,  <unfinished ...>
85918 <... sendto resumed>)             = 36
85908 sendto(6, "\2\0\0\0\7\0\0\0\0\0\0\0latency\0\0\340\327\302\341\16\376\210f\34R\37"..., 175, MSG_NOSIGNAL, NULL, 0 <unfinished ...>
85918 recvfrom(3,  <unfinished ...>
82769 <... recvfrom resumed>"$\0\0\0\0\0\0\0", 8, 0, NULL, NULL) = 8
85908 <... sendto resumed>)             = 175
82769 recvfrom(26,  <unfinished ...>
85908 futex(0x604f584bab58, FUTEX_WAIT_BITSET_PRIVATE, 4294967295, NULL, FUTEX_BITSET_MATCH_ANY <unfinished ...>
82769 <... recvfrom resumed>"\5\0\0\0\0\0\0\0\0\0\0\0P\275\301\341\16\376\210f\34R\37\222\233\34I\366\252\373EP"..., 36, 0, NULL, NULL) = 36
82769 epoll_pwait(4, [{events=EPOLLIN|EPOLLOUT, data={u32=2948832512, u64=132519869783296}}, {events=EPOLLOUT, data={u32=2948826496, u64=132519869777280}}], 1024, 19, NULL, 8) = 2
82769 recvfrom(33, "\257\0\0\0\0\0\0\0", 8, 0, NULL, NULL) = 8
82769 recvfrom(33, "\2\0\0\0\7\0\0\0\0\0\0\0latency\0\0\340\327\302\341\16\376\210f\34R\37"..., 175, 0, NULL, NULL) = 175
82769 futex(0x7886aff952f8, FUTEX_WAKE_PRIVATE, 1) = 1
82768 <... futex resumed>)              = 0
82769 recvfrom(33, 0x7886afc54c50, 8, 0, NULL, NULL) = -1 EAGAIN (Resource temporarily unavailable)
82768 futex(0x7886ab202a68, FUTEX_WAKE_PRIVATE, 1 <unfinished ...>
82769 sendto(28, "\273\0\0\0\0\0\0\0", 8, MSG_NOSIGNAL, NULL, 0 <unfinished ...>
82768 <... futex resumed>)              = 1
82782 <... futex resumed>)              = 0
82769 <... sendto resumed>)             = 8
82768 futex(0x7886aff952f8, FUTEX_WAIT_PRIVATE, 1, NULL <unfinished ...>
85917 <... recvfrom resumed>"\273\0\0\0\0\0\0\0", 8, 0, NULL, NULL) = 8
82782 epoll_pwait(4,  <unfinished ...>
82769 sendto(28, "\2\0\0\0\1\0\0\0\0\0\0\0\2\0\0\0\7\0\0\0\0\0\0\0latency\0"..., 187, MSG_NOSIGNAL, NULL, 0 <unfinished ...>
85917 recvfrom(3,  <unfinished ...>
82769 <... sendto resumed>)             = 187
85917 <... recvfrom resumed>"\2\0\0\0\1\0\0\0\0\0\0\0\2\0\0\0\7\0\0\0\0\0\0\0latency\0"..., 187, 0, NULL, NULL) = 187
82769 recvfrom(28,  <unfinished ...>
85917 futex(0x59e86ea2ab58, FUTEX_WAKE_PRIVATE, 1 <unfinished ...>
82769 <... recvfrom resumed>0x7886aff91ea0, 8, 0, NULL, NULL) = -1 EAGAIN (Resource temporarily unavailable)
85917 <... futex resumed>)              = 1
82769 futex(0x7886ae602a68, FUTEX_WAIT_PRIVATE, 1, NULL <unfinished ...>
85911 <... futex resumed>)              = 0
85917 sendto(3, "$\0\0\0\0\0\0\0", 8, MSG_NOSIGNAL, NULL, 0 <unfinished ...>
85911 futex(0x59e86ea2ab58, FUTEX_WAIT_BITSET_PRIVATE, 4294967295, NULL, FUTEX_BITSET_MATCH_ANY <unfinished ...>
85917 <... sendto resumed>)             = 8
82782 <... epoll_pwait resumed>[{events=EPOLLIN|EPOLLOUT, data={u32=2948828032, u64=132519869778816}}], 1024, 19, NULL, 8) = 1
85917 sendto(3, "\5\0\0\0\0\0\0\0\0\0\0\0\360\21\360\341\16\376\210f\"\227\f\306\2RH\343\260\\\323i"..., 36, MSG_NOSIGNAL, NULL, 0 <unfinished ...>
82782 recvfrom(28,  <unfinished ...>
85917 <... sendto resumed>)             = 36
82782 <... recvfrom resumed>"$\0\0\0\0\0\0\0", 8, 0, NULL, NULL) = 8
85917 recvfrom(3,  <unfinished ...>
82782 recvfrom(28, "\5\0\0\0\0\0\0\0\0\0\0\0\360\21\360\341\16\376\210f\"\227\f\306\2RH\343\260\\\323i"..., 36, 0, NULL, NULL) = 36
82782 epoll_pwait(4, [{events=EPOLLOUT, data={u32=2948828032, u64=132519869778816}}], 1024, 19, NULL, 8) = 1
82782 epoll_pwait(4, [], 1024, 18, NULL, 8) = 0
82782 futex(0x7886aff952f8, FUTEX_WAKE_PRIVATE, 1) = 1
82768 <... futex resumed>)              = 0
82782 write(5, "\1\0\0\0\0\0\0\0", 8 <unfinished ...>
82768 futex(0x7886ae602a68, FUTEX_WAKE_PRIVATE, 1 <unfinished ...>
82782 <... write resumed>)              = 8
82768 <... futex resumed>)              = 1
82769 <... futex resumed>)              = 0
82782 sendto(26, "\224\0\0\0\0\0\0\0", 8, MSG_NOSIGNAL, NULL, 0 <unfinished ...>
82768 futex(0x7886aff952f8, FUTEX_WAIT_PRIVATE, 1, NULL <unfinished ...>
82769 epoll_pwait(4,  <unfinished ...>
82782 <... sendto resumed>)             = 8
85918 <... recvfrom resumed>"\224\0\0\0\0\0\0\0", 8, 0, NULL, NULL) = 8
82769 <... epoll_pwait resumed>[{events=EPOLLIN, data={u32=0, u64=0}}], 1024, 10, NULL, 8) = 1
85918 recvfrom(3,  <unfinished ...>
82782 sendto(26, "\2\0\0\0\1\0\0\0\0\0\0\0\2\0\0\0\4\0\0\0\0\0\0\0tick\0\0\300\317"..., 148, MSG_NOSIGNAL, NULL, 0 <unfinished ...>
82769 epoll_pwait(4,  <unfinished ...>
82782 <... sendto resumed>)             = 148
85918 <... recvfrom resumed>"\2\0\0\0\1\0\0\0\0\0\0\0\2\0\0\0\4\0\0\0\0\0\0\0tick\0\0\300\317"..., 148, 0, NULL, NULL) = 148
82782 recvfrom(26,  <unfinished ...>
85918 futex(0x604f584bab58, FUTEX_WAKE_PRIVATE, 1 <unfinished ...>
82782 <... recvfrom resumed>0x7886aff91f10, 8, 0, NULL, NULL) = -1 EAGAIN (Resource temporarily unavailable)
85918 <... futex resumed>)              = 1
85908 <... futex resumed>)              = 0
82782 futex(0x7886ab202a68, FUTEX_WAIT_PRIVATE, 1, NULL <unfinished ...>
85918 sendto(3, "$\0\0\0\0\0\0\0", 8, MSG_NOSIGNAL, NULL, 0 <unfinished ...>
85908 sendto(6, "\257\0\0\0\0\0\0\0", 8, MSG_NOSIGNAL, NULL, 0 <unfinished ...>
85918 <... sendto resumed>)             = 8
82769 <... epoll_pwait resumed>[{events=EPOLLIN|EPOLLOUT, data={u32=2948826496, u64=132519869777280}}], 1024, 10, NULL, 8) = 1
85918 sendto(3, "\5\0\0\0\0\0\0\0\0\0\0\0\360\344\272\346\16\376\210f\34R\37\222\233\34I\366\252\373EP"..., 36, MSG_NOSIGNAL, NULL, 0 <unfinished ...>
85908 <... sendto resumed>)             = 8
82769 recvfrom(26,  <unfinished ...>
85908 sendto(6, "\2\0\0\0\7\0\0\0\0\0\0\0latency\0\0P\24\274\346\16\376\210f\34R\37"..., 175, MSG_NOSIGNAL, NULL, 0 <unfinished ...>
85918 <... sendto resumed>)             = 36
82769 <... recvfrom resumed>"$\0\0\0\0\0\0\0", 8, 0, NULL, NULL) = 8
85918 recvfrom(3,  <unfinished ...>
85908 <... sendto resumed>)             = 175
82769 recvfrom(26,  <unfinished ...>
85908 futex(0x604f584bab58, FUTEX_WAIT_BITSET_PRIVATE, 4294967295, NULL, FUTEX_BITSET_MATCH_ANY <unfinished ...>
82769 <... recvfrom resumed>"\5\0\0\0\0\0\0\0\0\0\0\0\360\344\272\346\16\376\210f\34R\37\222\233\34I\366\252\373EP"..., 36, 0, NULL, NULL) = 36
82769 epoll_pwait(4, [{events=EPOLLIN|EPOLLOUT, data={u32=2948832512, u64=132519869783296}}, {events=EPOLLOUT, data={u32=2948826496, u64=132519869777280}}], 1024, 10, NULL, 8) = 2
82769 recvfrom(33, "\257\0\0\0\0\0\0\0", 8, 0, NULL, NULL) = 8
82769 recvfrom(33, "\2\0\0\0\7\0\0\0\0\0\0\0latency\0\0P\24\274\346\16\376\210f\34R\37"..., 175, 0, NULL, NULL) = 175
82769 futex(0x7886aff952f8, FUTEX_WAKE_PRIVATE, 1) = 1
82768 <... futex resumed>)              = 0
82769 recvfrom(33,  <unfinished ...>
82768 futex(0x7886ab202a68, FUTEX_WAKE_PRIVATE, 1 <unfinished ...>
82769 <... recvfrom resumed>0x7886afc54c50, 8, 0, NULL, NULL) = -1 EAGAIN (Resource temporarily unavailable)
82782 <... futex resumed>)              = 0
82768 <... futex resumed>)              = 1
82769 sendto(28, "\273\0\0\0\0\0\0\0", 8, MSG_NOSIGNAL, NULL, 0 <unfinished ...>
82782 epoll_pwait(4,  <unfinished ...>
82768 futex(0x7886aff952f8, FUTEX_WAIT_PRIVATE, 1, NULL <unfinished ...>
82769 <... sendto resumed>)             = 8
85917 <... recvfrom resumed>"\273\0\0\0\0\0\0\0", 8, 0, NULL, NULL) = 8
82769 sendto(28, "\2\0\0\0\1\0\0\0\0\0\0\0\2\0\0\0\7\0\0\0\0\0\0\0latency\0"..., 187, MSG_NOSIGNAL, NULL, 0 <unfinished ...>
85917 recvfrom(3,  <unfinished ...>
82769 <... sendto resumed>)             = 187
85917 <... recvfrom resumed>"\2\0\0\0\1\0\0\0\0\0\0\0\2\0\0\0\7\0\0\0\0\0\0\0latency\0"..., 187, 0, NULL, NULL) = 187
82769 recvfrom(28,  <unfinished ...>
85917 futex(0x59e86ea2ab58, FUTEX_WAKE_PRIVATE, 1 <unfinished ...>
82769 <... recvfrom resumed>0x7886aff91ea0, 8, 0, NULL, NULL) = -1 EAGAIN (Resource temporarily unavailable)
85917 <... futex resumed>)              = 1
82769 futex(0x7886ae602a68, FUTEX_WAIT_PRIVATE, 1, NULL <unfinished ...>
85911 <... futex resumed>)              = 0
85917 sendto(3, "$\0\0\0\0\0\0\0", 8, MSG_NOSIGNAL, NULL, 0 <unfinished ...>
85911 futex(0x59e86ea2ab58, FUTEX_WAIT_BITSET_PRIVATE, 4294967295, NULL, FUTEX_BITSET_MATCH_ANY <unfinished ...>
85917 <... sendto resumed>)             = 8
82782 <... epoll_pwait resumed>[{events=EPOLLIN|EPOLLOUT, data={u32=2948828032, u64=132519869778816}}], 1024, 9, NULL, 8) = 1
85917 sendto(3, "\5\0\0\0\0\0\0\0\0\0\0\0\300S\353\346\16\376\210f\"\227\f\306\2RH\343\260\\\323i"..., 36, MSG_NOSIGNAL, NULL, 0 <unfinished ...>
82782 recvfrom(28,  <unfinished ...>
85917 <... sendto resumed>)             = 36
82782 <... recvfrom resumed>"$\0\0\0\0\0\0\0", 8, 0, NULL, NULL) = 8
85917 recvfrom(3,  <unfinished ...>
82782 recvfrom(28, "\5\0\0\0\0\0\0\0\0\0\0\0\300S\353\346\16\376\210f\"\227\f\306\2RH\343\260\\\323i"..., 36, 0, NULL, NULL) = 36
82782 epoll_pwait(4, [{events=EPOLLOUT, data={u32=2948828032, u64=132519869778816}}], 1024, 9, NULL, 8) = 1
82782 epoll_pwait(4, [], 1024, 9, NULL, 8) = 0
82782 epoll_pwait(4, [], 1024, 10, NULL, 8) = 0
82782 futex(0x7886aff952f8, FUTEX_WAKE_PRIVATE, 1) = 1
82768 <... futex resumed>)              = 0
82782 write(5, "\1\0\0\0\0\0\0\0", 8 <unfinished ...>
82768 futex(0x7886ae602a68, FUTEX_WAKE_PRIVATE, 1 <unfinished ...>
82782 <... write resumed>)              = 8
82768 <... futex resumed>)              = 1
82769 <... futex resumed>)              = 0
82782 sendto(26, "\224\0\0\0\0\0\0\0", 8, MSG_NOSIGNAL, NULL, 0 <unfinished ...>
82768 futex(0x7886aff952f8, FUTEX_WAIT_PRIVATE, 1, NULL <unfinished ...>
82769 epoll_pwait(4,  <unfinished ...>
85918 <... recvfrom resumed>"\224\0\0\0\0\0\0\0", 8, 0, NULL, NULL) = 8
82782 <... sendto resumed>)             = 8
82769 <... epoll_pwait resumed>[{events=EPOLLIN, data={u32=0, u64=0}}], 1024, 20, NULL, 8) = 1
85918 recvfrom(3,  <unfinished ...>
82782 sendto(26, "\2\0\0\0\1\0\0\0\0\0\0\0\2\0\0\0\4\0\0\0\0\0\0\0tick\0\0\240\214"..., 148, MSG_NOSIGNAL, NULL, 0 <unfinished ...>
82769 epoll_pwait(4,  <unfinished ...>
82782 <... sendto resumed>)             = 148
85918 <... recvfrom resumed>"\2\0\0\0\1\0\0\0\0\0\0\0\2\0\0\0\4\0\0\0\0\0\0\0tick\0\0\240\214"..., 148, 0, NULL, NULL) = 148
82782 recvfrom(26,  <unfinished ...>
85918 futex(0x604f584bab58, FUTEX_WAKE_PRIVATE, 1 <unfinished ...>
82782 <... recvfrom resumed>0x7886aff91f10, 8, 0, NULL, NULL) = -1 EAGAIN (Resource temporarily unavailable)
85918 <... futex resumed>)              = 1
85908 <... futex resumed>)              = 0
82782 futex(0x7886ab202a68, FUTEX_WAIT_PRIVATE, 1, NULL <unfinished ...>
85918 sendto(3, "$\0\0\0\0\0\0\0", 8, MSG_NOSIGNAL, NULL, 0 <unfinished ...>
85908 sendto(6, "\257\0\0\0\0\0\0\0", 8, MSG_NOSIGNAL, NULL, 0 <unfinished ...>
85918 <... sendto resumed>)             = 8
82769 <... epoll_pwait resumed>[{events=EPOLLIN|EPOLLOUT, data={u32=2948826496, u64=132519869777280}}], 1024, 19, NULL, 8) = 1
85918 sendto(3, "\5\0\0\0\0\0\0\0\0\0\0\0pM\4\354\16\376\210f\34R\37\222\233\34I\366\252\373EP"..., 36, MSG_NOSIGNAL, NULL, 0 <unfinished ...>
85908 <... sendto resumed>)             = 8
82769 recvfrom(26,  <unfinished ...>
85918 <... sendto resumed>)             = 36
85908 sendto(6, "\2\0\0\0\7\0\0\0\0\0\0\0latency\0\0pe\6\354\16\376\210f\34R\37"..., 175, MSG_NOSIGNAL, NULL, 0 <unfinished ...>
85918 recvfrom(3,  <unfinished ...>
82769 <... recvfrom resumed>"$\0\0\0\0\0\0\0", 8, 0, NULL, NULL) = 8
85908 <... sendto resumed>)             = 175
82769 recvfrom(26,  <unfinished ...>
85908 futex(0x604f584bab58, FUTEX_WAIT_BITSET_PRIVATE, 4294967295, NULL, FUTEX_BITSET_MATCH_ANY <unfinished ...>
82769 <... recvfrom resumed>"\5\0\0\0\0\0\0\0\0\0\0\0pM\4\354\16\376\210f\34R\37\222\233\34I\366\252\373EP"..., 36, 0, NULL, NULL) = 36
82769 epoll_pwait(4, [{events=EPOLLIN|EPOLLOUT, data={u32=2948832512, u64=132519869783296}}, {events=EPOLLOUT, data={u32=2948826496, u64=132519869777280}}], 1024, 19, NULL, 8) = 2
82769 recvfrom(33, "\257\0\0\0\0\0\0\0", 8, 0, NULL, NULL) = 8
82769 recvfrom(33, "\2\0\0\0\7\0\0\0\0\0\0\0latency\0\0pe\6\354\16\376\210f\34R\37"..., 175, 0, NULL, NULL) = 175
82769 futex(0x7886aff952f8, FUTEX_WAKE_PRIVATE, 1) = 1
82768 <... futex resumed>)              = 0
82769 recvfrom(33, 0x7886afc54c50, 8, 0, NULL, NULL) = -1 EAGAIN (Resource temporarily unavailable)
82768 futex(0x7886ab202a68, FUTEX_WAKE_PRIVATE, 1 <unfinished ...>
82769 sendto(28, "\273\0\0\0\0\0\0\0", 8, MSG_NOSIGNAL, NULL, 0 <unfinished ...>
82782 <... futex resumed>)              = 0
82768 <... futex resumed>)              = 1
82782 epoll_pwait(4,  <unfinished ...>
82769 <... sendto resumed>)             = 8
82768 futex(0x7886aff952f8, FUTEX_WAIT_PRIVATE, 1, NULL <unfinished ...>
85917 <... recvfrom resumed>"\273\0\0\0\0\0\0\0", 8, 0, NULL, NULL) = 8
82769 sendto(28, "\2\0\0\0\1\0\0\0\0\0\0\0\2\0\0\0\7\0\0\0\0\0\0\0latency\0"..., 187, MSG_NOSIGNAL, NULL, 0 <unfinished ...>
85917 recvfrom(3,  <unfinished ...>
82769 <... sendto resumed>)             = 187
85917 <... recvfrom resumed>"\2\0\0\0\1\0\0\0\0\0\0\0\2\0\0\0\7\0\0\0\0\0\0\0latency\0"..., 187, 0, NULL, NULL) = 187
82769 recvfrom(28,  <unfinished ...>
85917 futex(0x59e86ea2ab58, FUTEX_WAKE_PRIVATE, 1 <unfinished ...>
82769 <... recvfrom resumed>0x7886aff91ea0, 8, 0, NULL, NULL) = -1 EAGAIN (Resource temporarily unavailable)
85917 <... futex resumed>)              = 1
85911 <... futex resumed>)              = 0
82769 futex(0x7886ae602a68, FUTEX_WAIT_PRIVATE, 1, NULL <unfinished ...>
85917 sendto(3, "$\0\0\0\0\0\0\0", 8, MSG_NOSIGNAL, NULL, 0 <unfinished ...>
85911 futex(0x59e86ea2ab58, FUTEX_WAIT_BITSET_PRIVATE, 4294967295, NULL, FUTEX_BITSET_MATCH_ANY <unfinished ...>
85917 <... sendto resumed>)             = 8
82782 <... epoll_pwait resumed>[{events=EPOLLIN|EPOLLOUT, data={u32=2948828032, u64=132519869778816}}], 1024, 19, NULL, 8) = 1
85917 sendto(3, "\5\0\0\0\0\0\0\0\0\0\0\0\220W3\354\16\376\210f\"\227\f\306\2RH\343\260\\\323i"..., 36, MSG_NOSIGNAL, NULL, 0 <unfinished ...>
82782 recvfrom(28,  <unfinished ...>
85917 <... sendto resumed>)             = 36
82782 <... recvfrom resumed>"$\0\0\0\0\0\0\0", 8, 0, NULL, NULL) = 8
85917 recvfrom(3,  <unfinished ...>
82782 recvfrom(28, "\5\0\0\0\0\0\0\0\0\0\0\0\220W3\354\16\376\210f\"\227\f\306\2RH\343\260\\\323i"..., 36, 0, NULL, NULL) = 36
82782 epoll_pwait(4, [{events=EPOLLOUT, data={u32=2948828032, u64=132519869778816}}], 1024, 18, NULL, 8) = 1
82782 epoll_pwait(4, [], 1024, 18, NULL, 8) = 0
82782 futex(0x7886aff952f8, FUTEX_WAKE_PRIVATE, 1) = 1
82768 <... futex resumed>)              = 0
82782 write(5, "\1\0\0\0\0\0\0\0", 8 <unfinished ...>
82768 futex(0x7886ae602a68, FUTEX_WAKE_PRIVATE, 1) = 1
82782 <... write resumed>)              = 8
82769 <... futex resumed>)              = 0
82768 futex(0x7886aff952f8, FUTEX_WAIT_PRIVATE, 1, NULL <unfinished ...>
82782 epoll_pwait(4,  <unfinished ...>
82769 futex(0x7886aaa02a68, FUTEX_WAKE_PRIVATE, 1 <unfinished ...>
82782 <... epoll_pwait resumed>[{events=EPOLLIN, data={u32=0, u64=0}}], 1024, 20, NULL, 8) = 1
82769 <... futex resumed>)              = 1
82782 epoll_pwait(4,  <unfinished ...>
82784 <... futex resumed>)              = 0
82769 sendto(26, "\224\0\0\0\0\0\0\0", 8, MSG_NOSIGNAL, NULL, 0 <unfinished ...>
82784 futex(0x7886aaa02a68, FUTEX_WAIT_PRIVATE, 1, NULL <unfinished ...>
85918 <... recvfrom resumed>"\224\0\0\0\0\0\0\0", 8, 0, NULL, NULL) = 8
82769 <... sendto resumed>)             = 8
85918 recvfrom(3,  <unfinished ...>
82769 sendto(26, "\2\0\0\0\1\0\0\0\0\0\0\0\2\0\0\0\4\0\0\0\0\0\0\0tick\0\0\0\206"..., 148, MSG_NOSIGNAL, NULL, 0) = 148
85918 <... recvfrom resumed>"\2\0\0\0\1\0\0\0\0\0\0\0\2\0\0\0\4\0\0\0\0\0\0\0tick\0\0\0\206"..., 148, 0, NULL, NULL) = 148
82769 recvfrom(26,  <unfinished ...>
85918 futex(0x604f584bab58, FUTEX_WAKE_PRIVATE, 1 <unfinished ...>
82769 <... recvfrom resumed>0x7886aff91f10, 8, 0, NULL, NULL) = -1 EAGAIN (Resource temporarily unavailable)
85918 <... futex resumed>)              = 1
82769 futex(0x7886ae602a68, FUTEX_WAIT_PRIVATE, 1, NULL <unfinished ...>
85918 sendto(3, "$\0\0\0\0\0\0\0", 8, MSG_NOSIGNAL, NULL, 0 <unfinished ...>
85908 <... futex resumed>)              = 0
85918 <... sendto resumed>)             = 8
82782 <... epoll_pwait resumed>[{events=EPOLLIN|EPOLLOUT, data={u32=2948826496, u64=132519869777280}}], 1024, 20, NULL, 8) = 1
85918 sendto(3, "\5\0\0\0\0\0\0\0\0\0\0\0000\341\v\361\16\376\210f\34R\37\222\233\34I\366\252\373EP"..., 36, MSG_NOSIGNAL, NULL, 0 <unfinished ...>
85908 sendto(6, "\257\0\0\0\0\0\0\0", 8, MSG_NOSIGNAL, NULL, 0 <unfinished ...>
85918 <... sendto resumed>)             = 36
82782 recvfrom(26,  <unfinished ...>
85918 recvfrom(3,  <unfinished ...>
82782 <... recvfrom resumed>"$\0\0\0\0\0\0\0", 8, 0, NULL, NULL) = 8
82782 recvfrom(26,  <unfinished ...>
85908 <... sendto resumed>)             = 8
85908 sendto(6, "\2\0\0\0\7\0\0\0\0\0\0\0latency\0\0\340H\17\361\16\376\210f\34R\37"..., 175, MSG_NOSIGNAL, NULL, 0 <unfinished ...>
82782 <... recvfrom resumed>"\5\0\0\0\0\0\0\0\0\0\0\0000\341\v\361\16\376\210f\34R\37\222\233\34I\366\252\373EP"..., 36, 0, NULL, NULL) = 36
85908 <... sendto resumed>)             = 175
82782 epoll_pwait(4,  <unfinished ...>
85908 futex(0x604f584bab58, FUTEX_WAIT_BITSET_PRIVATE, 4294967295, NULL, FUTEX_BITSET_MATCH_ANY <unfinished ...>
82782 <... epoll_pwait resumed>[{events=EPOLLOUT, data={u32=2948826496, u64=132519869777280}}, {events=EPOLLIN|EPOLLOUT, data={u32=2948832512, u64=132519869783296}}], 1024, 19, NULL, 8) = 2
82782 recvfrom(33, "\257\0\0\0\0\0\0\0", 8, 0, NULL, NULL) = 8
82782 recvfrom(33, "\2\0\0\0\7\0\0\0\0\0\0\0latency\0\0\340H\17\361\16\376\210f\34R\37"..., 175, 0, NULL, NULL) = 175
82782 futex(0x7886aff952f8, FUTEX_WAKE_PRIVATE, 1) = 1
82768 <... futex resumed>)              = 0
82782 recvfrom(33,  <unfinished ...>
82768 futex(0x7886aaa02a68, FUTEX_WAKE_PRIVATE, 1 <unfinished ...>
82782 <... recvfrom resumed>0x7886afc54c50, 8, 0, NULL, NULL) = -1 EAGAIN (Resource temporarily unavailable)
82768 <... futex resumed>)              = 1
82784 <... futex resumed>)              = 0
82782 sendto(28, "\273\0\0\0\0\0\0\0", 8, MSG_NOSIGNAL, NULL, 0 <unfinished ...>
82768 futex(0x7886aff952f8, FUTEX_WAIT_PRIVATE, 1, NULL <unfinished ...>
82784 epoll_pwait(4,  <unfinished ...>
82782 <... sendto resumed>)             = 8
85917 <... recvfrom resumed>"\273\0\0\0\0\0\0\0", 8, 0, NULL, NULL) = 8
82782 sendto(28, "\2\0\0\0\1\0\0\0\0\0\0\0\2\0\0\0\7\0\0\0\0\0\0\0latency\0"..., 187, MSG_NOSIGNAL, NULL, 0 <unfinished ...>
85917 recvfrom(3,  <unfinished ...>
82782 <... sendto resumed>)             = 187
85917 <... recvfrom resumed>"\2\0\0\0\1\0\0\0\0\0\0\0\2\0\0\0\7\0\0\0\0\0\0\0latency\0"..., 187, 0, NULL, NULL) = 187
82782 recvfrom(28,  <unfinished ...>
85917 futex(0x59e86ea2ab58, FUTEX_WAKE_PRIVATE, 1 <unfinished ...>
82782 <... recvfrom resumed>0x7886aff91ea0, 8, 0, NULL, NULL) = -1 EAGAIN (Resource temporarily unavailable)
85917 <... futex resumed>)              = 1
82782 futex(0x7886ab202a68, FUTEX_WAIT_PRIVATE, 1, NULL <unfinished ...>
85911 <... futex resumed>)              = 0
85917 sendto(3, "$\0\0\0\0\0\0\0", 8, MSG_NOSIGNAL, NULL, 0 <unfinished ...>
85911 futex(0x59e86ea2ab58, FUTEX_WAIT_BITSET_PRIVATE, 4294967295, NULL, FUTEX_BITSET_MATCH_ANY <unfinished ...>
85917 <... sendto resumed>)             = 8
82784 <... epoll_pwait resumed>[{events=EPOLLIN|EPOLLOUT, data={u32=2948828032, u64=132519869778816}}], 1024, 19, NULL, 8) = 1
85917 sendto(3, "\5\0\0\0\0\0\0\0\0\0\0\0\240RA\361\16\376\210f\"\227\f\306\2RH\343\260\\\323i"..., 36, MSG_NOSIGNAL, NULL, 0 <unfinished ...>
82784 recvfrom(28,  <unfinished ...>
85917 <... sendto resumed>)             = 36
82784 <... recvfrom resumed>"$\0\0\0\0\0\0\0", 8, 0, NULL, NULL) = 8
85917 recvfrom(3,  <unfinished ...>
82784 recvfrom(28, "\5\0\0\0\0\0\0\0\0\0\0\0\240RA\361\16\376\210f\"\227\f\306\2RH\343\260\\\323i"..., 36, 0, NULL, NULL) = 36
82784 epoll_pwait(4, [{events=EPOLLOUT, data={u32=2948828032, u64=132519869778816}}], 1024, 19, NULL, 8) = 1
82784 epoll_pwait(4, [], 1024, 19, NULL, 8) = 0
82784 futex(0x7886aff952f8, FUTEX_WAKE_PRIVATE, 1) = 1
82768 <... futex resumed>)              = 0
82784 write(5, "\1\0\0\0\0\0\0\0", 8 <unfinished ...>
82768 futex(0x7886ab202a68, FUTEX_WAKE_PRIVATE, 1 <unfinished ...>
82784 <... write resumed>)              = 8
82768 <... futex resumed>)              = 1
82782 <... futex resumed>)              = 0
82784 sendto(26, "\224\0\0\0\0\0\0\0", 8, MSG_NOSIGNAL, NULL, 0 <unfinished ...>
82768 futex(0x7886aff952f8, FUTEX_WAIT_PRIVATE, 1, NULL <unfinished ...>
82782 epoll_pwait(4,  <unfinished ...>
82784 <... sendto resumed>)             = 8
85918 <... recvfrom resumed>"\224\0\0\0\0\0\0\0", 8, 0, NULL, NULL) = 8
82782 <... epoll_pwait resumed>[{events=EPOLLIN, data={u32=0, u64=0}}], 1024, 13, NULL, 8) = 1
85918 recvfrom(3,  <unfinished ...>
82784 sendto(26, "\2\0\0\0\1\0\0\0\0\0\0\0\2\0\0\0\4\0\0\0\0\0\0\0tick\0\0\320+"..., 148, MSG_NOSIGNAL, NULL, 0 <unfinished ...>
82782 epoll_pwait(4,  <unfinished ...>
82784 <... sendto resumed>)             = 148
85918 <... recvfrom resumed>"\2\0\0\0\1\0\0\0\0\0\0\0\2\0\0\0\4\0\0\0\0\0\0\0tick\0\0\320+"..., 148, 0, NULL, NULL) = 148
82784 recvfrom(26,  <unfinished ...>
85918 futex(0x604f584bab58, FUTEX_WAKE_PRIVATE, 1 <unfinished ...>
82784 <... recvfrom resumed>0x7886aff91f10, 8, 0, NULL, NULL) = -1 EAGAIN (Resource temporarily unavailable)
85918 <... futex resumed>)              = 1
85908 <... futex resumed>)              = 0
82784 futex(0x7886aaa02a68, FUTEX_WAIT_PRIVATE, 1, NULL <unfinished ...>
85918 sendto(3, "$\0\0\0\0\0\0\0", 8, MSG_NOSIGNAL, NULL, 0 <unfinished ...>
85908 sendto(6, "\257\0\0\0\0\0\0\0", 8, MSG_NOSIGNAL, NULL, 0 <unfinished ...>
85918 <... sendto resumed>)             = 8
82782 <... epoll_pwait resumed>[{events=EPOLLIN|EPOLLOUT, data={u32=2948826496, u64=132519869777280}}], 1024, 13, NULL, 8) = 1
85918 sendto(3, "\5\0\0\0\0\0\0\0\0\0\0\0\0\250O\366\16\376\210f\34R\37\222\233\34I\366\252\373EP"..., 36, MSG_NOSIGNAL, NULL, 0 <unfinished ...>
85908 <... sendto resumed>)             = 8
82782 recvfrom(26,  <unfinished ...>
85918 <... sendto resumed>)             = 36
85908 sendto(6, "\2\0\0\0\7\0\0\0\0\0\0\0latency\0\0\340\17Q\366\16\376\210f\34R\37"..., 175, MSG_NOSIGNAL, NULL, 0 <unfinished ...>
85918 recvfrom(3,  <unfinished ...>
82782 <... recvfrom resumed>"$\0\0\0\0\0\0\0", 8, 0, NULL, NULL) = 8
85908 <... sendto resumed>)             = 175
82782 recvfrom(26,  <unfinished ...>
85908 futex(0x604f584bab58, FUTEX_WAIT_BITSET_PRIVATE, 4294967295, NULL, FUTEX_BITSET_MATCH_ANY <unfinished ...>
82782 <... recvfrom resumed>"\5\0\0\0\0\0\0\0\0\0\0\0\0\250O\366\16\376\210f\34R\37\222\233\34I\366\252\373EP"..., 36, 0, NULL, NULL) = 36
82782 epoll_pwait(4, [{events=EPOLLIN|EPOLLOUT, data={u32=2948832512, u64=132519869783296}}, {events=EPOLLOUT, data={u32=2948826496, u64=132519869777280}}], 1024, 13, NULL, 8) = 2
82782 recvfrom(33, "\257\0\0\0\0\0\0\0", 8, 0, NULL, NULL) = 8
82782 recvfrom(33, "\2\0\0\0\7\0\0\0\0\0\0\0latency\0\0\340\17Q\366\16\376\210f\34R\37"..., 175, 0, NULL, NULL) = 175
82782 futex(0x7886aff952f8, FUTEX_WAKE_PRIVATE, 1) = 1
82768 <... futex resumed>)              = 0
82782 recvfrom(33,  <unfinished ...>
82768 futex(0x7886aaa02a68, FUTEX_WAKE_PRIVATE, 1 <unfinished ...>
82784 <... futex resumed>)              = 0
82782 <... recvfrom resumed>0x7886afc54c50, 8, 0, NULL, NULL) = -1 EAGAIN (Resource temporarily unavailable)
82768 <... futex resumed>)              = 1
82784 futex(0x7886ae602a68, FUTEX_WAKE_PRIVATE, 1 <unfinished ...>
82782 epoll_pwait(4,  <unfinished ...>
82768 futex(0x7886aff952f8, FUTEX_WAIT_PRIVATE, 1, NULL <unfinished ...>
82784 <... futex resumed>)              = 1
82769 <... futex resumed>)              = 0
82784 sendto(28, "\273\0\0\0\0\0\0\0", 8, MSG_NOSIGNAL, NULL, 0 <unfinished ...>
82769 futex(0x7886ae602a68, FUTEX_WAIT_PRIVATE, 1, NULL <unfinished ...>
82784 <... sendto resumed>)             = 8
85917 <... recvfrom resumed>"\273\0\0\0\0\0\0\0", 8, 0, NULL, NULL) = 8
82784 sendto(28, "\2\0\0\0\1\0\0\0\0\0\0\0\2\0\0\0\7\0\0\0\0\0\0\0latency\0"..., 187, MSG_NOSIGNAL, NULL, 0 <unfinished ...>
85917 recvfrom(3,  <unfinished ...>
82784 <... sendto resumed>)             = 187
85917 <... recvfrom resumed>"\2\0\0\0\1\0\0\0\0\0\0\0\2\0\0\0\7\0\0\0\0\0\0\0latency\0"..., 187, 0, NULL, NULL) = 187
82784 recvfrom(28,  <unfinished ...>
85917 futex(0x59e86ea2ab58, FUTEX_WAKE_PRIVATE, 1 <unfinished ...>
82784 <... recvfrom resumed>0x7886aff91ea0, 8, 0, NULL, NULL) = -1 EAGAIN (Resource temporarily unavailable)
85917 <... futex resumed>)              = 1
82784 futex(0x7886aaa02a68, FUTEX_WAIT_PRIVATE, 1, NULL <unfinished ...>
85911 <... futex resumed>)              = 0
85917 sendto(3, "$\0\0\0\0\0\0\0", 8, MSG_NOSIGNAL, NULL, 0 <unfinished ...>
85911 futex(0x59e86ea2ab58, FUTEX_WAIT_BITSET_PRIVATE, 4294967295, NULL, FUTEX_BITSET_MATCH_ANY <unfinished ...>
85917 <... sendto resumed>)             = 8
82782 <... epoll_pwait resumed>[{events=EPOLLIN|EPOLLOUT, data={u32=2948828032, u64=132519869778816}}], 1024, 13, NULL, 8) = 1
85917 sendto(3, "\5\0\0\0\0\0\0\0\0\0\0\0`B}\366\16\376\210f\"\227\f\306\2RH\343\260\\\323i"..., 36, MSG_NOSIGNAL, NULL, 0 <unfinished ...>
82782 recvfrom(28,  <unfinished ...>
85917 <... sendto resumed>)             = 36
82782 <... recvfrom resumed>"$\0\0\0\0\0\0\0", 8, 0, NULL, NULL) = 8
85917 recvfrom(3,  <unfinished ...>
82782 recvfrom(28, "\5\0\0\0\0\0\0\0\0\0\0\0`B}\366\16\376\210f\"\227\f\306\2RH\343\260\\\323i"..., 36, 0, NULL, NULL) = 36
82782 epoll_pwait(4, [{events=EPOLLOUT, data={u32=2948828032, u64=132519869778816}}], 1024, 12, NULL, 8) = 1
82782 epoll_pwait(4, [], 1024, 12, NULL, 8) = 0
82782 epoll_pwait(4, [], 1024, 6, NULL, 8) = 0
82782 futex(0x7886aff952f8, FUTEX_WAKE_PRIVATE, 1) = 1
82768 <... futex resumed>)              = 0
82782 write(5, "\1\0\0\0\0\0\0\0", 8 <unfinished ...>
82768 futex(0x7886ae602a68, FUTEX_WAKE_PRIVATE, 1 <unfinished ...>
82782 <... write resumed>)              = 8
82768 <... futex resumed>)              = 1
82769 <... futex resumed>)              = 0
82782 sendto(26, "\224\0\0\0\0\0\0\0", 8, MSG_NOSIGNAL, NULL, 0 <unfinished ...>
82768 futex(0x7886aff952f8, FUTEX_WAIT_PRIVATE, 1, NULL <unfinished ...>
82769 epoll_pwait(4,  <unfinished ...>
85918 <... recvfrom resumed>"\224\0\0\0\0\0\0\0", 8, 0, NULL, NULL) = 8
82782 <... sendto resumed>)             = 8
82769 <... epoll_pwait resumed>[{events=EPOLLIN, data={u32=0, u64=0}}], 1024, 20, NULL, 8) = 1
85918 recvfrom(3,  <unfinished ...>
82782 sendto(26, "\2\0\0\0\1\0\0\0\0\0\0\0\2\0\0\0\4\0\0\0\0\0\0\0tick\0\0 v"..., 148, MSG_NOSIGNAL, NULL, 0 <unfinished ...>
82769 epoll_pwait(4,  <unfinished ...>
82782 <... sendto resumed>)             = 148
85918 <... recvfrom resumed>"\2\0\0\0\1\0\0\0\0\0\0\0\2\0\0\0\4\0\0\0\0\0\0\0tick\0\0 v"..., 148, 0, NULL, NULL) = 148
82782 recvfrom(26,  <unfinished ...>
85918 futex(0x604f584bab58, FUTEX_WAKE_PRIVATE, 1 <unfinished ...>
82782 <... recvfrom resumed>0x7886aff91f10, 8, 0, NULL, NULL) = -1 EAGAIN (Resource temporarily unavailable)
85918 <... futex resumed>)              = 1
