109185 recvfrom(56,  <unfinished ...>
109187 futex(0x7169c9c005c0, FUTEX_WAKE_PRIVATE, 1 <unfinished ...>
109176 epoll_wait(4,  <unfinished ...>
130119 <... futex resumed>)             = 0
109187 <... futex resumed>)             = 1
109185 <... recvfrom resumed>"\2\0\0\0\6\0\0\0\0\0\0\0random\0\0\240T\246\261\321l\207f8\2732\206"..., 174, 0, NULL, NULL) = 174
130119 fsync(30 <unfinished ...>
109187 futex(0x7169d08005c0, FUTEX_WAIT_PRIVATE, 1, NULL <unfinished ...>
109185 futex(0x7169d39aaa40, FUTEX_WAKE_PRIVATE, 1) = 1
109174 <... futex resumed>)             = 0
109185 recvfrom(56, 0x716988007230, 8, 0, NULL, NULL) = -1 EAGAIN (Resource temporarily unavailable)
109185 futex(0x7169d08005c0, FUTEX_WAKE_PRIVATE, 1) = 1
109187 <... futex resumed>)             = 0
109174 futex(0x7169d39aaa40, FUTEX_WAIT_PRIVATE, 1, NULL <unfinished ...>
109187 futex(0x7169d08005c0, FUTEX_WAIT_PRIVATE, 1, NULL <unfinished ...>
109185 sendto(48, "\272\0\0\0\0\0\0\0", 8, MSG_NOSIGNAL, NULL, 0) = 8
130127 <... recvfrom resumed>"\272\0\0\0\0\0\0\0", 8, 0, NULL, NULL) = 8
109185 sendto(48, "\2\0\0\0\1\0\0\0\0\0\0\0\2\0\0\0\6\0\0\0\0\0\0\0random\0\0"..., 186, MSG_NOSIGNAL, NULL, 0 <unfinished ...>
130127 recvfrom(3,  <unfinished ...>
109185 <... sendto resumed>)            = 186
130127 <... recvfrom resumed>"\2\0\0\0\1\0\0\0\0\0\0\0\2\0\0\0\6\0\0\0\0\0\0\0random\0\0"..., 186, 0, NULL, NULL) = 186
109185 recvfrom(48, 0x71697c006710, 8, 0, NULL, NULL) = -1 EAGAIN (Resource temporarily unavailable)
109185 futex(0x7169d10005c0, FUTEX_WAIT_PRIVATE, 1, NULL <unfinished ...>
130127 futex(0x6073738c7b58, FUTEX_WAKE_PRIVATE, 1) = 1
130120 <... futex resumed>)             = 0
130127 sendto(3, "$\0\0\0\0\0\0\0", 8, MSG_NOSIGNAL, NULL, 0) = 8
109176 <... epoll_wait resumed>[{events=EPOLLIN|EPOLLOUT, data={u32=2080380416, u64=124697865885184}}], 1024, 1) = 1
130127 sendto(3, "\5\0\0\0\0\0\0\0\0\0\0\0@t\331\261\321l\207f^)\26\t\203)D\313\247(\207F"..., 36, MSG_NOSIGNAL, NULL, 0) = 36
109176 recvfrom(48,  <unfinished ...>
130127 recvfrom(3,  <unfinished ...>
130120 sendto(6, "\375\0\0\0\0\0\0\0", 8, MSG_NOSIGNAL, NULL, 0 <unfinished ...>
109176 <... recvfrom resumed>"$\0\0\0\0\0\0\0", 8, 0, NULL, NULL) = 8
130120 <... sendto resumed>)            = 8
109176 recvfrom(48,  <unfinished ...>
130120 sendto(6, "\2\0\0\0\6\0\0\0\0\0\0\0status\0\0p\2\337\261\321l\207f^)\26\t"..., 253, MSG_NOSIGNAL, NULL, 0 <unfinished ...>
109176 <... recvfrom resumed>"\5\0\0\0\0\0\0\0\0\0\0\0@t\331\261\321l\207f^)\26\t\203)D\313\247(\207F"..., 36, 0, NULL, NULL) = 36
130120 <... sendto resumed>)            = 253
130120 futex(0x6073738c7b58, FUTEX_WAIT_BITSET_PRIVATE, 4294967295, NULL, FUTEX_BITSET_MATCH_ANY <unfinished ...>
109176 epoll_wait(4, [{events=EPOLLOUT, data={u32=2080380416, u64=124697865885184}}, {events=EPOLLIN|EPOLLOUT, data={u32=2348818944, u64=124698134323712}}], 1024, 0) = 2
109176 recvfrom(57, "\375\0\0\0\0\0\0\0", 8, 0, NULL, NULL) = 8
109176 recvfrom(57, "\2\0\0\0\6\0\0\0\0\0\0\0status\0\0p\2\337\261\321l\207f^)\26\t"..., 253, 0, NULL, NULL) = 253
109176 futex(0x7169d39aaa40, FUTEX_WAKE_PRIVATE, 1) = 1
109174 <... futex resumed>)             = 0
109176 recvfrom(57, 0x7169c400c800, 8, 0, NULL, NULL) = -1 EAGAIN (Resource temporarily unavailable)
109174 futex(0x7169d08005c0, FUTEX_WAKE_PRIVATE, 1 <unfinished ...>
109187 <... futex resumed>)             = 0
109174 <... futex resumed>)             = 1
109187 epoll_wait(4,  <unfinished ...>
109176 sendto(50, "\n\1\0\0\0\0\0\0", 8, MSG_NOSIGNAL, NULL, 0 <unfinished ...>
109174 futex(0x7169d39aaa40, FUTEX_WAIT_PRIVATE, 1, NULL <unfinished ...>
130126 <... recvfrom resumed>"\n\1\0\0\0\0\0\0", 8, 0, NULL, NULL) = 8
109176 <... sendto resumed>)            = 8
130126 recvfrom(3,  <unfinished ...>
109176 sendto(50, "\2\0\0\0\1\0\0\0\0\0\0\0\2\0\0\0\7\0\0\0\0\0\0\0message\0"..., 266, MSG_NOSIGNAL, NULL, 0) = 266
130126 <... recvfrom resumed>"\2\0\0\0\1\0\0\0\0\0\0\0\2\0\0\0\7\0\0\0\0\0\0\0message\0"..., 266, 0, NULL, NULL) = 266
109176 recvfrom(50, 0x7169c4001eb0, 8, 0, NULL, NULL) = -1 EAGAIN (Resource temporarily unavailable)
109176 futex(0x7169d30005c0, FUTEX_WAIT_PRIVATE, 1, NULL <unfinished ...>
130126 futex(0x5e6b228d6b58, FUTEX_WAKE_PRIVATE, 1) = 1
130123 <... futex resumed>)             = 0
130126 sendto(3, "$\0\0\0\0\0\0\0", 8, MSG_NOSIGNAL, NULL, 0) = 8
130123 write(1, "sink received message: operator "..., 87 <unfinished ...>
109187 <... epoll_wait resumed>[{events=EPOLLIN|EPOLLOUT, data={u32=3288354944, u64=124699073859712}}], 1024, 8) = 1
130126 sendto(3, "\5\0\0\0\0\0\0\0\0\0\0\0\300\316\f\262\321l\207f\236\220\222\3211`Is\250\207\375\334"..., 36, MSG_NOSIGNAL, NULL, 0 <unfinished ...>
130123 <... write resumed>)             = 87
130126 <... sendto resumed>)            = 36
109187 recvfrom(50,  <unfinished ...>
130123 futex(0x5e6b228d6b58, FUTEX_WAIT_BITSET_PRIVATE, 4294967295, NULL, FUTEX_BITSET_MATCH_ANY <unfinished ...>
130126 recvfrom(3,  <unfinished ...>
109187 <... recvfrom resumed>"$\0\0\0\0\0\0\0", 8, 0, NULL, NULL) = 8
109187 recvfrom(50, "\5\0\0\0\0\0\0\0\0\0\0\0\300\316\f\262\321l\207f\236\220\222\3211`Is\250\207\375\334"..., 36, 0, NULL, NULL) = 36
109187 epoll_wait(4, [{events=EPOLLIN, data={u32=4173111168, u64=105102022844288}}, {events=EPOLLOUT, data={u32=3288354944, u64=124699073859712}}], 1024, 8) = 2
109187 read(45, "sink received message: operator "..., 8192) = 87
130119 <... fsync resumed>)             = 0
130119 futex(0x7169d30005c0, FUTEX_WAKE_PRIVATE, 1 <unfinished ...>
109187 futex(0x7169ca8005c0, FUTEX_WAKE_PRIVATE, 1 <unfinished ...>
130119 <... futex resumed>)             = 1
109187 <... futex resumed>)             = 1
109176 <... futex resumed>)             = 0
130122 <... futex resumed>)             = 0
130119 sched_yield( <unfinished ...>
109176 futex(0x7169d10005c0, FUTEX_WAKE_PRIVATE, 1 <unfinished ...>
130122 write(46, "sink received message: operator "..., 87 <unfinished ...>
130119 <... sched_yield resumed>)       = 0
109187 epoll_wait(4,  <unfinished ...>
109185 <... futex resumed>)             = 0
109176 <... futex resumed>)             = 1
130122 <... write resumed>)             = 87
130119 futex(0x7169c9c005c0, FUTEX_WAIT_PRIVATE, 1, {tv_sec=9, tv_nsec=999998187} <unfinished ...>
109185 futex(0x7169d10005c0, FUTEX_WAIT_PRIVATE, 1, NULL <unfinished ...>
109176 futex(0x7169d30005c0, FUTEX_WAIT_PRIVATE, 1, NULL <unfinished ...>
130122 futex(0x7169d30005c0, FUTEX_WAKE_PRIVATE, 1 <unfinished ...>
109176 <... futex resumed>)             = -1 EAGAIN (Resource temporarily unavailable)
130122 <... futex resumed>)             = 0
130122 futex(0x7169ca8005c0, FUTEX_WAIT_PRIVATE, 1, {tv_sec=9, tv_nsec=999999269} <unfinished ...>
109176 futex(0x7169d10005c0, FUTEX_WAKE_PRIVATE, 1 <unfinished ...>
109185 <... futex resumed>)             = 0
109176 <... futex resumed>)             = 1
109185 futex(0x7169d10005c0, FUTEX_WAIT_PRIVATE, 1, NULL <unfinished ...>
109176 futex(0x7169ca4005c0, FUTEX_WAKE_PRIVATE, 1 <unfinished ...>
130121 <... futex resumed>)             = 0
109176 <... futex resumed>)             = 1
130121 fsync(46 <unfinished ...>
109176 futex(0x7169d30005c0, FUTEX_WAIT_PRIVATE, 1, NULL <unfinished ...>
130121 <... fsync resumed>)             = 0
130121 futex(0x7169d30005c0, FUTEX_WAKE_PRIVATE, 1) = 1
109176 <... futex resumed>)             = 0
130121 futex(0x7169ca4005c0, FUTEX_WAIT_PRIVATE, 1, {tv_sec=9, tv_nsec=999999098} <unfinished ...>
109176 futex(0x7169d10005c0, FUTEX_WAKE_PRIVATE, 1 <unfinished ...>
109185 <... futex resumed>)             = 0
109176 <... futex resumed>)             = 1
109185 futex(0x7169d10005c0, FUTEX_WAIT_PRIVATE, 1, NULL <unfinished ...>
109176 futex(0x7169d30005c0, FUTEX_WAIT_PRIVATE, 1, NULL <unfinished ...>
109187 <... epoll_wait resumed>[], 1024, 8) = 0
109187 futex(0x7169d39aaa40, FUTEX_WAKE_PRIVATE, 1) = 1
109174 <... futex resumed>)             = 0
109187 write(5, "\1\0\0\0\0\0\0\0", 8)  = 8
109187 epoll_wait(4, [{events=EPOLLIN, data={u32=0, u64=0}}], 1024, 9) = 1
109174 write(5, "\1\0\0\0\0\0\0\0", 8 <unfinished ...>
109187 futex(0x7169d10005c0, FUTEX_WAKE_PRIVATE, 1 <unfinished ...>
109174 <... write resumed>)             = 8
109187 <... futex resumed>)             = 1
109185 <... futex resumed>)             = 0
109174 futex(0x7169d39aaa40, FUTEX_WAIT_PRIVATE, 1, NULL <unfinished ...>
109185 epoll_wait(4, [{events=EPOLLIN, data={u32=0, u64=0}}], 1024, 9) = 1
109185 epoll_wait(4,  <unfinished ...>
109187 sendto(42, "\224\0\0\0\0\0\0\0", 8, MSG_NOSIGNAL, NULL, 0 <unfinished ...>
130128 <... recvfrom resumed>"\224\0\0\0\0\0\0\0", 8, 0, NULL, NULL) = 8
109187 <... sendto resumed>)            = 8
130128 recvfrom(3,  <unfinished ...>
109187 sendto(42, "\2\0\0\0\1\0\0\0\0\0\0\0\2\0\0\0\4\0\0\0\0\0\0\0tick\0\0\0w"..., 148, MSG_NOSIGNAL, NULL, 0) = 148
130128 <... recvfrom resumed>"\2\0\0\0\1\0\0\0\0\0\0\0\2\0\0\0\4\0\0\0\0\0\0\0tick\0\0\0w"..., 148, 0, NULL, NULL) = 148
109187 recvfrom(42, 0x7169880049b0, 8, 0, NULL, NULL) = -1 EAGAIN (Resource temporarily unavailable)
109187 futex(0x7169d08005c0, FUTEX_WAIT_PRIVATE, 1, NULL <unfinished ...>
130128 futex(0x6206be372b58, FUTEX_WAKE_PRIVATE, 1) = 1
130118 <... futex resumed>)             = 0
130128 sendto(3, "$\0\0\0\0\0\0\0", 8, MSG_NOSIGNAL, NULL, 0 <unfinished ...>
130118 write(1, "tick 17, sending 0xe5c60701f1a39"..., 36 <unfinished ...>
130128 <... sendto resumed>)            = 8
130118 <... write resumed>)             = 36
109185 <... epoll_wait resumed>[{events=EPOLLIN|EPOLLOUT, data={u32=3288352256, u64=124699073857024}}, {events=EPOLLIN, data={u32=4173105792, u64=105102022838912}}], 1024, 9) = 2
130128 sendto(3, "\5\0\0\0\0\0\0\0\0\0\0\0\340\276\200\264\321l\207f8\2732\206\345~O\4\240\370mR"..., 36, MSG_NOSIGNAL, NULL, 0) = 36
109185 futex(0x7169d08005c0, FUTEX_WAKE_PRIVATE, 1 <unfinished ...>
130128 recvfrom(3,  <unfinished ...>
109185 <... futex resumed>)             = 1
130118 sendto(6, "\256\0\0\0\0\0\0\0", 8, MSG_NOSIGNAL, NULL, 0 <unfinished ...>
109187 <... futex resumed>)             = 0
109185 read(27,  <unfinished ...>
130118 <... sendto resumed>)            = 8
109187 futex(0x7169d30005c0, FUTEX_WAKE_PRIVATE, 1 <unfinished ...>
109185 <... read resumed>"tick 17, sending 0xe5c60701f1a39"..., 8192) = 36
130118 sendto(6, "\2\0\0\0\6\0\0\0\0\0\0\0random\0\0\0\370\207\264\321l\207f8\2732\206"..., 174, MSG_NOSIGNAL, NULL, 0 <unfinished ...>
109187 <... futex resumed>)             = 1
109176 <... futex resumed>)             = 0
130118 <... sendto resumed>)            = 174
109187 recvfrom(42,  <unfinished ...>
109185 futex(0x7169c9c005c0, FUTEX_WAKE_PRIVATE, 1 <unfinished ...>
130118 futex(0x6206be372b58, FUTEX_WAIT_BITSET_PRIVATE, 4294967295, NULL, FUTEX_BITSET_MATCH_ANY <unfinished ...>
109187 <... recvfrom resumed>"$\0\0\0\0\0\0\0", 8, 0, NULL, NULL) = 8
109176 epoll_wait(4,  <unfinished ...>
130119 <... futex resumed>)             = 0
109185 <... futex resumed>)             = 1
109187 recvfrom(42,  <unfinished ...>
109176 <... epoll_wait resumed>[{events=EPOLLIN|EPOLLOUT, data={u32=3288352256, u64=124699073857024}}, {events=EPOLLIN|EPOLLOUT, data={u32=2147496448, u64=124697933001216}}], 1024, 8) = 2
130119 write(30, "tick 17, sending 0xe5c60701f1a39"..., 36 <unfinished ...>
109187 <... recvfrom resumed>"\5\0\0\0\0\0\0\0\0\0\0\0\340\276\200\264\321l\207f8\2732\206\345~O\4\240\370mR"..., 36, 0, NULL, NULL) = 36
109185 futex(0x7169d10005c0, FUTEX_WAIT_PRIVATE, 1, NULL <unfinished ...>
130119 <... write resumed>)             = 36
109176 recvfrom(56,  <unfinished ...>
130119 futex(0x7169d10005c0, FUTEX_WAKE_PRIVATE, 1 <unfinished ...>
109176 <... recvfrom resumed>"\256\0\0\0\0\0\0\0", 8, 0, NULL, NULL) = 8
130119 <... futex resumed>)             = 1
109185 <... futex resumed>)             = 0
109187 futex(0x7169ca8005c0, FUTEX_WAKE_PRIVATE, 1 <unfinished ...>
109176 recvfrom(56,  <unfinished ...>
130119 sched_yield( <unfinished ...>
130122 <... futex resumed>)             = 0
109187 <... futex resumed>)             = 1
130119 <... sched_yield resumed>)       = 0
109185 epoll_wait(4,  <unfinished ...>
109176 <... recvfrom resumed>"\2\0\0\0\6\0\0\0\0\0\0\0random\0\0\0\370\207\264\321l\207f8\2732\206"..., 174, 0, NULL, NULL) = 174
130122 fsync(30 <unfinished ...>
130119 futex(0x7169c9c005c0, FUTEX_WAIT_PRIVATE, 1, {tv_sec=9, tv_nsec=999998217} <unfinished ...>
109187 futex(0x7169d08005c0, FUTEX_WAIT_PRIVATE, 1, NULL <unfinished ...>
109176 futex(0x7169d39aaa40, FUTEX_WAKE_PRIVATE, 1) = 1
109174 <... futex resumed>)             = 0
109176 recvfrom(56, 0x716988007230, 8, 0, NULL, NULL) = -1 EAGAIN (Resource temporarily unavailable)
109174 futex(0x7169d08005c0, FUTEX_WAKE_PRIVATE, 1 <unfinished ...>
109187 <... futex resumed>)             = 0
109174 <... futex resumed>)             = 1
109176 sendto(48, "\272\0\0\0\0\0\0\0", 8, MSG_NOSIGNAL, NULL, 0 <unfinished ...>
109187 futex(0x7169d08005c0, FUTEX_WAIT_PRIVATE, 1, NULL <unfinished ...>
109174 futex(0x7169d39aaa40, FUTEX_WAIT_PRIVATE, 1, NULL <unfinished ...>
109176 <... sendto resumed>)            = 8
130127 <... recvfrom resumed>"\272\0\0\0\0\0\0\0", 8, 0, NULL, NULL) = 8
109176 sendto(48, "\2\0\0\0\1\0\0\0\0\0\0\0\2\0\0\0\6\0\0\0\0\0\0\0random\0\0"..., 186, MSG_NOSIGNAL, NULL, 0 <unfinished ...>
130127 recvfrom(3,  <unfinished ...>
109176 <... sendto resumed>)            = 186
130127 <... recvfrom resumed>"\2\0\0\0\1\0\0\0\0\0\0\0\2\0\0\0\6\0\0\0\0\0\0\0random\0\0"..., 186, 0, NULL, NULL) = 186
109176 recvfrom(48, 0x5f96f8bd56b0, 8, 0, NULL, NULL) = -1 EAGAIN (Resource temporarily unavailable)
109176 futex(0x7169d30005c0, FUTEX_WAIT_PRIVATE, 1, NULL <unfinished ...>
130127 futex(0x6073738c7b58, FUTEX_WAKE_PRIVATE, 1) = 1
130120 <... futex resumed>)             = 0
130127 sendto(3, "$\0\0\0\0\0\0\0", 8, MSG_NOSIGNAL, NULL, 0) = 8
109185 <... epoll_wait resumed>[{events=EPOLLIN|EPOLLOUT, data={u32=2080380416, u64=124697865885184}}], 1024, 8) = 1
130127 sendto(3, "\5\0\0\0\0\0\0\0\0\0\0\0\360o\301\264\321l\207f^)\26\t\203)D\313\247(\207F"..., 36, MSG_NOSIGNAL, NULL, 0) = 36
109185 recvfrom(48,  <unfinished ...>
130120 sendto(6, "\375\0\0\0\0\0\0\0", 8, MSG_NOSIGNAL, NULL, 0 <unfinished ...>
130127 recvfrom(3,  <unfinished ...>
109185 <... recvfrom resumed>"$\0\0\0\0\0\0\0", 8, 0, NULL, NULL) = 8
130120 <... sendto resumed>)            = 8
109185 recvfrom(48,  <unfinished ...>
130120 sendto(6, "\2\0\0\0\6\0\0\0\0\0\0\0status\0\0@\350\305\264\321l\207f^)\26\t"..., 253, MSG_NOSIGNAL, NULL, 0 <unfinished ...>
109185 <... recvfrom resumed>"\5\0\0\0\0\0\0\0\0\0\0\0\360o\301\264\321l\207f^)\26\t\203)D\313\247(\207F"..., 36, 0, NULL, NULL) = 36
130120 <... sendto resumed>)            = 253
130120 futex(0x6073738c7b58, FUTEX_WAIT_BITSET_PRIVATE, 4294967295, NULL, FUTEX_BITSET_MATCH_ANY <unfinished ...>
109185 epoll_wait(4, [{events=EPOLLOUT, data={u32=2080380416, u64=124697865885184}}, {events=EPOLLIN|EPOLLOUT, data={u32=2348818944, u64=124698134323712}}], 1024, 7) = 2
109185 recvfrom(57, "\375\0\0\0\0\0\0\0", 8, 0, NULL, NULL) = 8
109185 recvfrom(57, "\2\0\0\0\6\0\0\0\0\0\0\0status\0\0@\350\305\264\321l\207f^)\26\t"..., 253, 0, NULL, NULL) = 253
109185 futex(0x7169d39aaa40, FUTEX_WAKE_PRIVATE, 1) = 1
109174 <... futex resumed>)             = 0
109185 recvfrom(57, 0x7169c400c800, 8, 0, NULL, NULL) = -1 EAGAIN (Resource temporarily unavailable)
109185 epoll_wait(4,  <unfinished ...>
109174 write(5, "\1\0\0\0\0\0\0\0", 8 <unfinished ...>
109185 <... epoll_wait resumed>[{events=EPOLLIN, data={u32=0, u64=0}}], 1024, 7) = 1
109174 <... write resumed>)             = 8
109185 futex(0x7169d08005c0, FUTEX_WAKE_PRIVATE, 1 <unfinished ...>
109174 futex(0x7169d39aaa40, FUTEX_WAIT_PRIVATE, 1, NULL <unfinished ...>
109187 <... futex resumed>)             = 0
109185 <... futex resumed>)             = 1
109187 epoll_wait(4,  <unfinished ...>
109185 sendto(50, "\n\1\0\0\0\0\0\0", 8, MSG_NOSIGNAL, NULL, 0) = 8
130126 <... recvfrom resumed>"\n\1\0\0\0\0\0\0", 8, 0, NULL, NULL) = 8
109185 sendto(50, "\2\0\0\0\1\0\0\0\0\0\0\0\2\0\0\0\7\0\0\0\0\0\0\0message\0"..., 266, MSG_NOSIGNAL, NULL, 0 <unfinished ...>
130126 recvfrom(3,  <unfinished ...>
109185 <... sendto resumed>)            = 266
130126 <... recvfrom resumed>"\2\0\0\0\1\0\0\0\0\0\0\0\2\0\0\0\7\0\0\0\0\0\0\0message\0"..., 266, 0, NULL, NULL) = 266
109185 recvfrom(50, 0x5f96f8bd56b0, 8, 0, NULL, NULL) = -1 EAGAIN (Resource temporarily unavailable)
109185 futex(0x7169d10005c0, FUTEX_WAIT_PRIVATE, 1, NULL <unfinished ...>
130126 futex(0x5e6b228d6b58, FUTEX_WAKE_PRIVATE, 1) = 1
130123 <... futex resumed>)             = 0
130126 sendto(3, "$\0\0\0\0\0\0\0", 8, MSG_NOSIGNAL, NULL, 0) = 8
130123 write(1, "sink received message: operator "..., 87 <unfinished ...>
109187 <... epoll_wait resumed>[{events=EPOLLIN|EPOLLOUT, data={u32=3288354944, u64=124699073859712}}], 1024, 7) = 1
130126 sendto(3, "\5\0\0\0\0\0\0\0\0\0\0\0\0\206\364\264\321l\207f\236\220\222\3211`Is\250\207\375\334"..., 36, MSG_NOSIGNAL, NULL, 0 <unfinished ...>
130123 <... write resumed>)             = 87
130126 <... sendto resumed>)            = 36
109187 recvfrom(50,  <unfinished ...>
130123 futex(0x5e6b228d6b58, FUTEX_WAIT_BITSET_PRIVATE, 4294967295, NULL, FUTEX_BITSET_MATCH_ANY <unfinished ...>
130126 recvfrom(3,  <unfinished ...>
109187 <... recvfrom resumed>"$\0\0\0\0\0\0\0", 8, 0, NULL, NULL) = 8
109187 recvfrom(50, "\5\0\0\0\0\0\0\0\0\0\0\0\0\206\364\264\321l\207f\236\220\222\3211`Is\250\207\375\334"..., 36, 0, NULL, NULL) = 36
109187 epoll_wait(4, [{events=EPOLLIN, data={u32=4173111168, u64=105102022844288}}, {events=EPOLLOUT, data={u32=3288354944, u64=124699073859712}}], 1024, 6) = 2
109187 read(45, "sink received message: operator "..., 8192) = 87
109187 futex(0x7169ca4005c0, FUTEX_WAKE_PRIVATE, 1) = 1
130121 <... futex resumed>)             = 0
130121 write(46, "sink received message: operator "..., 87 <unfinished ...>
109187 epoll_wait(4, [], 1024, 0)       = 0
130121 <... write resumed>)             = 87
130121 futex(0x7169d10005c0, FUTEX_WAKE_PRIVATE, 1 <unfinished ...>
109187 futex(0x7169c9c005c0, FUTEX_WAKE_PRIVATE, 1 <unfinished ...>
130121 <... futex resumed>)             = 1
109187 <... futex resumed>)             = 1
109185 <... futex resumed>)             = 0
130121 fsync(46 <unfinished ...>
130119 <... futex resumed>)             = 0
109187 epoll_wait(4,  <unfinished ...>
109185 futex(0x7169d10005c0, FUTEX_WAIT_PRIVATE, 1, NULL <unfinished ...>
130119 futex(0x7169c9c005c0, FUTEX_WAIT_PRIVATE, 1, {tv_sec=9, tv_nsec=999998507} <unfinished ...>
130122 <... fsync resumed>)             = 0
130122 futex(0x7169d10005c0, FUTEX_WAKE_PRIVATE, 1) = 1
109185 <... futex resumed>)             = 0
130122 futex(0x7169ca8005c0, FUTEX_WAIT_PRIVATE, 1, {tv_sec=9, tv_nsec=999999489} <unfinished ...>
109185 write(5, "\1\0\0\0\0\0\0\0", 8 <unfinished ...>
109187 <... epoll_wait resumed>[{events=EPOLLIN, data={u32=0, u64=0}}], 1024, 6) = 1
109185 <... write resumed>)             = 8
109187 epoll_wait(4,  <unfinished ...>
109185 futex(0x7169d10005c0, FUTEX_WAIT_PRIVATE, 1, NULL <unfinished ...>
130121 <... fsync resumed>)             = 0
130121 futex(0x7169d10005c0, FUTEX_WAKE_PRIVATE, 1) = 1
109185 <... futex resumed>)             = 0
130121 futex(0x7169ca4005c0, FUTEX_WAIT_PRIVATE, 1, {tv_sec=9, tv_nsec=999999399} <unfinished ...>
109185 write(5, "\1\0\0\0\0\0\0\0", 8 <unfinished ...>
109187 <... epoll_wait resumed>[{events=EPOLLIN, data={u32=0, u64=0}}], 1024, 6) = 1
109185 <... write resumed>)             = 8
109187 epoll_wait(4,  <unfinished ...>
109185 futex(0x7169d10005c0, FUTEX_WAIT_PRIVATE, 1, NULL <unfinished ...>
109187 <... epoll_wait resumed>[], 1024, 4) = 0
109187 futex(0x7169d39aaa40, FUTEX_WAKE_PRIVATE, 1) = 1
109174 <... futex resumed>)             = 0
109187 write(5, "\1\0\0\0\0\0\0\0", 8)  = 8
109174 futex(0x7169d10005c0, FUTEX_WAKE_PRIVATE, 1 <unfinished ...>
109185 <... futex resumed>)             = 0
109174 <... futex resumed>)             = 1
109187 sendto(42, "\224\0\0\0\0\0\0\0", 8, MSG_NOSIGNAL, NULL, 0 <unfinished ...>
109185 epoll_wait(4,  <unfinished ...>
109174 futex(0x7169d39aaa40, FUTEX_WAIT_PRIVATE, 1, NULL <unfinished ...>
109185 <... epoll_wait resumed>[{events=EPOLLIN, data={u32=0, u64=0}}], 1024, 9) = 1
109187 <... sendto resumed>)            = 8
130128 <... recvfrom resumed>"\224\0\0\0\0\0\0\0", 8, 0, NULL, NULL) = 8
109187 sendto(42, "\2\0\0\0\1\0\0\0\0\0\0\0\2\0\0\0\4\0\0\0\0\0\0\0tick\0\0\220\244"..., 148, MSG_NOSIGNAL, NULL, 0 <unfinished ...>
130128 recvfrom(3,  <unfinished ...>
109185 epoll_wait(4,  <unfinished ...>
109187 <... sendto resumed>)            = 148
130128 <... recvfrom resumed>"\2\0\0\0\1\0\0\0\0\0\0\0\2\0\0\0\4\0\0\0\0\0\0\0tick\0\0\220\244"..., 148, 0, NULL, NULL) = 148
109187 recvfrom(42, 0x7169880049b0, 8, 0, NULL, NULL) = -1 EAGAIN (Resource temporarily unavailable)
109187 futex(0x7169d08005c0, FUTEX_WAIT_PRIVATE, 1, NULL <unfinished ...>
130128 futex(0x6206be372b58, FUTEX_WAKE_PRIVATE, 1) = 1
130118 <... futex resumed>)             = 0
130128 sendto(3, "$\0\0\0\0\0\0\0", 8, MSG_NOSIGNAL, NULL, 0 <unfinished ...>
130118 write(1, "tick 18, sending 0xdc707201b82c0"..., 36 <unfinished ...>
130128 <... sendto resumed>)            = 8
130118 <... write resumed>)             = 36
109185 <... epoll_wait resumed>[{events=EPOLLIN|EPOLLOUT, data={u32=3288352256, u64=124699073857024}}, {events=EPOLLIN, data={u32=4173105792, u64=105102022838912}}], 1024, 9) = 2
130128 sendto(3, "\5\0\0\0\0\0\0\0\0\0\0\0P\374\354\266\321l\207f8\2732\206\345~O\4\240\370mR"..., 36, MSG_NOSIGNAL, NULL, 0) = 36
130128 recvfrom(3,  <unfinished ...>
109185 futex(0x7169d08005c0, FUTEX_WAKE_PRIVATE, 1 <unfinished ...>
130118 sendto(6, "\256\0\0\0\0\0\0\0", 8, MSG_NOSIGNAL, NULL, 0 <unfinished ...>
109187 <... futex resumed>)             = 0
109185 <... futex resumed>)             = 1
130118 <... sendto resumed>)            = 8
109185 futex(0x7169d30005c0, FUTEX_WAKE_PRIVATE, 1 <unfinished ...>
109187 recvfrom(42,  <unfinished ...>
130118 sendto(6, "\2\0\0\0\6\0\0\0\0\0\0\0random\0\0\340\3\367\266\321l\207f8\2732\206"..., 174, MSG_NOSIGNAL, NULL, 0 <unfinished ...>
109185 <... futex resumed>)             = 1
109187 <... recvfrom resumed>"$\0\0\0\0\0\0\0", 8, 0, NULL, NULL) = 8
109176 <... futex resumed>)             = 0
130118 <... sendto resumed>)            = 174
109187 recvfrom(42,  <unfinished ...>
109185 read(27,  <unfinished ...>
130118 futex(0x6206be372b58, FUTEX_WAIT_BITSET_PRIVATE, 4294967295, NULL, FUTEX_BITSET_MATCH_ANY <unfinished ...>
109187 <... recvfrom resumed>"\5\0\0\0\0\0\0\0\0\0\0\0P\374\354\266\321l\207f8\2732\206\345~O\4\240\370mR"..., 36, 0, NULL, NULL) = 36
109185 <... read resumed>"tick 18, sending 0xdc707201b82c0"..., 8192) = 36
109176 epoll_wait(4, [{events=EPOLLOUT, data={u32=3288352256, u64=124699073857024}}, {events=EPOLLIN|EPOLLOUT, data={u32=2147496448, u64=124697933001216}}], 1024, 9) = 2
109187 futex(0x7169d08005c0, FUTEX_WAIT_PRIVATE, 1, NULL <unfinished ...>
109185 futex(0x7169c9c005c0, FUTEX_WAKE_PRIVATE, 1 <unfinished ...>
130119 <... futex resumed>)             = 0
109185 <... futex resumed>)             = 1
109176 recvfrom(56,  <unfinished ...>
130119 write(30, "tick 18, sending 0xdc707201b82c0"..., 36 <unfinished ...>
109176 <... recvfrom resumed>"\256\0\0\0\0\0\0\0", 8, 0, NULL, NULL) = 8
109185 epoll_wait(4,  <unfinished ...>
130119 <... write resumed>)             = 36
109176 recvfrom(56,  <unfinished ...>
130119 write(5, "\1\0\0\0\0\0\0\0", 8 <unfinished ...>
109176 <... recvfrom resumed>"\2\0\0\0\6\0\0\0\0\0\0\0random\0\0\340\3\367\266\321l\207f8\2732\206"..., 174, 0, NULL, NULL) = 174
130119 <... write resumed>)             = 8
109185 <... epoll_wait resumed>[{events=EPOLLIN, data={u32=0, u64=0}}], 1024, 8) = 1
130119 futex(0x7169c9c005c0, FUTEX_WAIT_PRIVATE, 1, {tv_sec=9, tv_nsec=999998247} <unfinished ...>
109185 futex(0x7169d08005c0, FUTEX_WAKE_PRIVATE, 1 <unfinished ...>
109187 <... futex resumed>)             = 0
109185 <... futex resumed>)             = 1
109176 futex(0x7169d39aaa40, FUTEX_WAKE_PRIVATE, 1) = 1
109187 epoll_wait(4,  <unfinished ...>
109174 <... futex resumed>)             = 0
109185 futex(0x7169ca8005c0, FUTEX_WAKE_PRIVATE, 1 <unfinished ...>
109176 recvfrom(56,  <unfinished ...>
109185 <... futex resumed>)             = 1
130122 <... futex resumed>)             = 0
109176 <... recvfrom resumed>0x716988007230, 8, 0, NULL, NULL) = -1 EAGAIN (Resource temporarily unavailable)
109185 futex(0x7169d10005c0, FUTEX_WAIT_PRIVATE, 1, NULL <unfinished ...>
130122 fsync(30 <unfinished ...>
109174 futex(0x7169d10005c0, FUTEX_WAKE_PRIVATE, 1 <unfinished ...>
109185 <... futex resumed>)             = -1 EAGAIN (Resource temporarily unavailable)
109174 <... futex resumed>)             = 0
109185 futex(0x7169d10005c0, FUTEX_WAIT_PRIVATE, 1, NULL <unfinished ...>
109176 sendto(48, "\272\0\0\0\0\0\0\0", 8, MSG_NOSIGNAL, NULL, 0 <unfinished ...>
109174 futex(0x7169d39aaa40, FUTEX_WAIT_PRIVATE, 1, NULL <unfinished ...>
109176 <... sendto resumed>)            = 8
130127 <... recvfrom resumed>"\272\0\0\0\0\0\0\0", 8, 0, NULL, NULL) = 8
109176 sendto(48, "\2\0\0\0\1\0\0\0\0\0\0\0\2\0\0\0\6\0\0\0\0\0\0\0random\0\0"..., 186, MSG_NOSIGNAL, NULL, 0 <unfinished ...>
130127 recvfrom(3,  <unfinished ...>
109176 <... sendto resumed>)            = 186
130127 <... recvfrom resumed>"\2\0\0\0\1\0\0\0\0\0\0\0\2\0\0\0\6\0\0\0\0\0\0\0random\0\0"..., 186, 0, NULL, NULL) = 186
109176 recvfrom(48, 0x7169880055b0, 8, 0, NULL, NULL) = -1 EAGAIN (Resource temporarily unavailable)
109176 futex(0x7169d30005c0, FUTEX_WAIT_PRIVATE, 1, NULL <unfinished ...>
130127 futex(0x6073738c7b58, FUTEX_WAKE_PRIVATE, 1) = 1
130120 <... futex resumed>)             = 0
130127 sendto(3, "$\0\0\0\0\0\0\0", 8, MSG_NOSIGNAL, NULL, 0) = 8
109187 <... epoll_wait resumed>[{events=EPOLLIN|EPOLLOUT, data={u32=2080380416, u64=124697865885184}}], 1024, 8) = 1
130127 sendto(3, "\5\0\0\0\0\0\0\0\0\0\0\0\200I6\267\321l\207f^)\26\t\203)D\313\247(\207F"..., 36, MSG_NOSIGNAL, NULL, 0 <unfinished ...>
130120 sendto(6, "\375\0\0\0\0\0\0\0", 8, MSG_NOSIGNAL, NULL, 0 <unfinished ...>
109187 recvfrom(48,  <unfinished ...>
130127 <... sendto resumed>)            = 36
109187 <... recvfrom resumed>"$\0\0\0\0\0\0\0", 8, 0, NULL, NULL) = 8
130127 recvfrom(3,  <unfinished ...>
130120 <... sendto resumed>)            = 8
109187 recvfrom(48,  <unfinished ...>
130120 sendto(6, "\2\0\0\0\6\0\0\0\0\0\0\0status\0\0\300\2=\267\321l\207f^)\26\t"..., 253, MSG_NOSIGNAL, NULL, 0 <unfinished ...>
109187 <... recvfrom resumed>"\5\0\0\0\0\0\0\0\0\0\0\0\200I6\267\321l\207f^)\26\t\203)D\313\247(\207F"..., 36, 0, NULL, NULL) = 36
130120 <... sendto resumed>)            = 253
130120 futex(0x6073738c7b58, FUTEX_WAIT_BITSET_PRIVATE, 4294967295, NULL, FUTEX_BITSET_MATCH_ANY <unfinished ...>
109187 epoll_wait(4, [{events=EPOLLOUT, data={u32=2080380416, u64=124697865885184}}, {events=EPOLLIN|EPOLLOUT, data={u32=2348818944, u64=124698134323712}}], 1024, 7) = 2
109187 recvfrom(57, "\375\0\0\0\0\0\0\0", 8, 0, NULL, NULL) = 8
109187 recvfrom(57, "\2\0\0\0\6\0\0\0\0\0\0\0status\0\0\300\2=\267\321l\207f^)\26\t"..., 253, 0, NULL, NULL) = 253
109187 futex(0x7169d39aaa40, FUTEX_WAKE_PRIVATE, 1) = 1
109174 <... futex resumed>)             = 0
109187 recvfrom(57, 0x7169880049b0, 8, 0, NULL, NULL) = -1 EAGAIN (Resource temporarily unavailable)
109174 futex(0x7169d10005c0, FUTEX_WAKE_PRIVATE, 1 <unfinished ...>
109185 <... futex resumed>)             = 0
109174 <... futex resumed>)             = 1
109187 sendto(50, "\n\1\0\0\0\0\0\0", 8, MSG_NOSIGNAL, NULL, 0 <unfinished ...>
109185 epoll_wait(4,  <unfinished ...>
109174 futex(0x7169d39aaa40, FUTEX_WAIT_PRIVATE, 1, NULL <unfinished ...>
109187 <... sendto resumed>)            = 8
130126 <... recvfrom resumed>"\n\1\0\0\0\0\0\0", 8, 0, NULL, NULL) = 8
109187 sendto(50, "\2\0\0\0\1\0\0\0\0\0\0\0\2\0\0\0\7\0\0\0\0\0\0\0message\0"..., 266, MSG_NOSIGNAL, NULL, 0 <unfinished ...>
130126 recvfrom(3,  <unfinished ...>
109187 <... sendto resumed>)            = 266
130126 <... recvfrom resumed>"\2\0\0\0\1\0\0\0\0\0\0\0\2\0\0\0\7\0\0\0\0\0\0\0message\0"..., 266, 0, NULL, NULL) = 266
109187 recvfrom(50, 0x7169c4001eb0, 8, 0, NULL, NULL) = -1 EAGAIN (Resource temporarily unavailable)
109187 futex(0x7169d08005c0, FUTEX_WAIT_PRIVATE, 1, NULL <unfinished ...>
130126 futex(0x5e6b228d6b58, FUTEX_WAKE_PRIVATE, 1) = 1
130123 <... futex resumed>)             = 0
130126 sendto(3, "$\0\0\0\0\0\0\0", 8, MSG_NOSIGNAL, NULL, 0) = 8
130123 write(1, "sink received message: operator "..., 87 <unfinished ...>
109185 <... epoll_wait resumed>[{events=EPOLLIN|EPOLLOUT, data={u32=3288354944, u64=124699073859712}}], 1024, 7) = 1
130126 sendto(3, "\5\0\0\0\0\0\0\0\0\0\0\0p\252\200\267\321l\207f\236\220\222\3211`Is\250\207\375\334"..., 36, MSG_NOSIGNAL, NULL, 0 <unfinished ...>
130123 <... write resumed>)             = 87
130126 <... sendto resumed>)            = 36
109185 recvfrom(50,  <unfinished ...>
130123 futex(0x5e6b228d6b58, FUTEX_WAIT_BITSET_PRIVATE, 4294967295, NULL, FUTEX_BITSET_MATCH_ANY <unfinished ...>
130126 recvfrom(3,  <unfinished ...>
109185 <... recvfrom resumed>"$\0\0\0\0\0\0\0", 8, 0, NULL, NULL) = 8
109185 recvfrom(50, "\5\0\0\0\0\0\0\0\0\0\0\0p\252\200\267\321l\207f\236\220\222\3211`Is\250\207\375\334"..., 36, 0, NULL, NULL) = 36
109185 epoll_wait(4, [{events=EPOLLIN, data={u32=4173111168, u64=105102022844288}}, {events=EPOLLOUT, data={u32=3288354944, u64=124699073859712}}], 1024, 6) = 2
109185 read(45, "sink received message: operator "..., 8192) = 87
109185 futex(0x7169ca4005c0, FUTEX_WAKE_PRIVATE, 1 <unfinished ...>
130121 <... futex resumed>)             = 0
109185 <... futex resumed>)             = 1
130121 write(46, "sink received message: operator "..., 87) = 87
109185 epoll_wait(4,  <unfinished ...>
130121 write(5, "\1\0\0\0\0\0\0\0", 8)  = 8
109185 <... epoll_wait resumed>[{events=EPOLLIN, data={u32=0, u64=0}}], 1024, 6) = 1
130121 futex(0x7169ca4005c0, FUTEX_WAIT_PRIVATE, 1, {tv_sec=9, tv_nsec=999998517} <unfinished ...>
109185 futex(0x7169d08005c0, FUTEX_WAKE_PRIVATE, 1) = 1
109187 <... futex resumed>)             = 0
109185 futex(0x7169c9c005c0, FUTEX_WAKE_PRIVATE, 1 <unfinished ...>
109187 epoll_wait(4,  <unfinished ...>
130119 <... futex resumed>)             = 0
109185 <... futex resumed>)             = 1
130119 fsync(46 <unfinished ...>
109185 futex(0x7169d10005c0, FUTEX_WAIT_PRIVATE, 1, NULL <unfinished ...>
130122 <... fsync resumed>)             = 0
130122 futex(0x7169d10005c0, FUTEX_WAKE_PRIVATE, 1) = 1
109185 <... futex resumed>)             = 0
130122 futex(0x7169ca8005c0, FUTEX_WAIT_PRIVATE, 1, {tv_sec=9, tv_nsec=999999158} <unfinished ...>
109185 write(5, "\1\0\0\0\0\0\0\0", 8 <unfinished ...>
109187 <... epoll_wait resumed>[{events=EPOLLIN, data={u32=0, u64=0}}], 1024, 6) = 1
109185 <... write resumed>)             = 8
109187 futex(0x7169d08005c0, FUTEX_WAIT_PRIVATE, 1, NULL <unfinished ...>
109185 epoll_wait(4,  <unfinished ...>
130119 <... fsync resumed>)             = 0
130119 futex(0x7169d08005c0, FUTEX_WAKE_PRIVATE, 1) = 1
109187 <... futex resumed>)             = 0
130119 futex(0x7169c9c005c0, FUTEX_WAIT_PRIVATE, 1, {tv_sec=9, tv_nsec=999999369} <unfinished ...>
109187 write(5, "\1\0\0\0\0\0\0\0", 8)  = 8
109185 <... epoll_wait resumed>[{events=EPOLLIN, data={u32=0, u64=0}}], 1024, 6) = 1
109187 futex(0x7169d08005c0, FUTEX_WAIT_PRIVATE, 1, NULL <unfinished ...>
109185 epoll_wait(4, [], 1024, 3)       = 0
109185 futex(0x7169d39aaa40, FUTEX_WAKE_PRIVATE, 1) = 1
109174 <... futex resumed>)             = 0
109185 epoll_wait(4,  <unfinished ...>
109174 write(5, "\1\0\0\0\0\0\0\0", 8 <unfinished ...>
109185 <... epoll_wait resumed>[{events=EPOLLIN, data={u32=0, u64=0}}], 1024, 10) = 1
109174 <... write resumed>)             = 8
109185 futex(0x7169d08005c0, FUTEX_WAKE_PRIVATE, 1 <unfinished ...>
109174 futex(0x7169d39aaa40, FUTEX_WAIT_PRIVATE, 1, NULL <unfinished ...>
109185 <... futex resumed>)             = 1
109187 <... futex resumed>)             = 0
109187 epoll_wait(4,  <unfinished ...>
109185 sendto(42, "\224\0\0\0\0\0\0\0", 8, MSG_NOSIGNAL, NULL, 0) = 8
130128 <... recvfrom resumed>"\224\0\0\0\0\0\0\0", 8, 0, NULL, NULL) = 8
109185 sendto(42, "\2\0\0\0\1\0\0\0\0\0\0\0\2\0\0\0\4\0\0\0\0\0\0\0tick\0\0\360\35"..., 148, MSG_NOSIGNAL, NULL, 0 <unfinished ...>
130128 recvfrom(3,  <unfinished ...>
109185 <... sendto resumed>)            = 148
130128 <... recvfrom resumed>"\2\0\0\0\1\0\0\0\0\0\0\0\2\0\0\0\4\0\0\0\0\0\0\0tick\0\0\360\35"..., 148, 0, NULL, NULL) = 148
109185 recvfrom(42, 0x7169c400c800, 8, 0, NULL, NULL) = -1 EAGAIN (Resource temporarily unavailable)
109185 futex(0x7169d10005c0, FUTEX_WAIT_PRIVATE, 1, NULL <unfinished ...>
130128 futex(0x6206be372b58, FUTEX_WAKE_PRIVATE, 1) = 1
130118 <... futex resumed>)             = 0
130128 sendto(3, "$\0\0\0\0\0\0\0", 8, MSG_NOSIGNAL, NULL, 0 <unfinished ...>
130118 write(1, "tick 19, sending 0xc965364e8db6c"..., 36 <unfinished ...>
130128 <... sendto resumed>)            = 8
130118 <... write resumed>)             = 36
109187 <... epoll_wait resumed>[{events=EPOLLIN|EPOLLOUT, data={u32=3288352256, u64=124699073857024}}, {events=EPOLLIN, data={u32=4173105792, u64=105102022838912}}], 1024, 10) = 2
130128 sendto(3, "\5\0\0\0\0\0\0\0\0\0\0\0\340\206D\271\321l\207f8\2732\206\345~O\4\240\370mR"..., 36, MSG_NOSIGNAL, NULL, 0) = 36
109187 futex(0x7169d10005c0, FUTEX_WAKE_PRIVATE, 1 <unfinished ...>
130128 recvfrom(3,  <unfinished ...>
109187 <... futex resumed>)             = 1
130118 sendto(6, "\256\0\0\0\0\0\0\0", 8, MSG_NOSIGNAL, NULL, 0 <unfinished ...>
109185 <... futex resumed>)             = 0
109187 read(27, "tick 19, sending 0xc965364e8db6c"..., 8192) = 36
130118 <... sendto resumed>)            = 8
109185 futex(0x7169d30005c0, FUTEX_WAKE_PRIVATE, 1 <unfinished ...>
130118 sendto(6, "\2\0\0\0\6\0\0\0\0\0\0\0random\0\0\20\211L\271\321l\207f8\2732\206"..., 174, MSG_NOSIGNAL, NULL, 0 <unfinished ...>
109185 <... futex resumed>)             = 1
109176 <... futex resumed>)             = 0
130118 <... sendto resumed>)            = 174
109187 futex(0x7169ca4005c0, FUTEX_WAKE_PRIVATE, 1 <unfinished ...>
109185 recvfrom(42,  <unfinished ...>
109187 <... futex resumed>)             = 1
130121 <... futex resumed>)             = 0
130118 futex(0x6206be372b58, FUTEX_WAIT_BITSET_PRIVATE, 4294967295, NULL, FUTEX_BITSET_MATCH_ANY <unfinished ...>
109185 <... recvfrom resumed>"$\0\0\0\0\0\0\0", 8, 0, NULL, NULL) = 8
109176 epoll_wait(4,  <unfinished ...>
130121 write(30, "tick 19, sending 0xc965364e8db6c"..., 36 <unfinished ...>
109187 futex(0x7169d08005c0, FUTEX_WAIT_PRIVATE, 1, NULL <unfinished ...>
109185 recvfrom(42,  <unfinished ...>
109176 <... epoll_wait resumed>[{events=EPOLLIN|EPOLLOUT, data={u32=3288352256, u64=124699073857024}}, {events=EPOLLIN|EPOLLOUT, data={u32=2147496448, u64=124697933001216}}], 1024, 9) = 2
130121 <... write resumed>)             = 36
109185 <... recvfrom resumed>"\5\0\0\0\0\0\0\0\0\0\0\0\340\206D\271\321l\207f8\2732\206\345~O\4\240\370mR"..., 36, 0, NULL, NULL) = 36
130121 futex(0x7169d08005c0, FUTEX_WAKE_PRIVATE, 1) = 1
109187 <... futex resumed>)             = 0
109176 recvfrom(56,  <unfinished ...>
130121 futex(0x7169ca4005c0, FUTEX_WAIT_PRIVATE, 1, {tv_sec=9, tv_nsec=999999228} <unfinished ...>
109176 <... recvfrom resumed>"\256\0\0\0\0\0\0\0", 8, 0, NULL, NULL) = 8
109187 epoll_wait(4,  <unfinished ...>
109185 futex(0x7169ca8005c0, FUTEX_WAKE_PRIVATE, 1 <unfinished ...>
109176 recvfrom(56,  <unfinished ...>
109185 <... futex resumed>)             = 1
130122 <... futex resumed>)             = 0
109176 <... recvfrom resumed>"\2\0\0\0\6\0\0\0\0\0\0\0random\0\0\20\211L\271\321l\207f8\2732\206"..., 174, 0, NULL, NULL) = 174
130122 fsync(30 <unfinished ...>
109185 futex(0x7169d10005c0, FUTEX_WAIT_PRIVATE, 1, NULL <unfinished ...>
109176 futex(0x7169d39aaa40, FUTEX_WAKE_PRIVATE, 1) = 1
109174 <... futex resumed>)             = 0
109176 recvfrom(56, 0x716988007230, 8, 0, NULL, NULL) = -1 EAGAIN (Resource temporarily unavailable)
109174 futex(0x7169d10005c0, FUTEX_WAKE_PRIVATE, 1 <unfinished ...>
109185 <... futex resumed>)             = 0
109174 <... futex resumed>)             = 1
109176 sendto(48, "\272\0\0\0\0\0\0\0", 8, MSG_NOSIGNAL, NULL, 0 <unfinished ...>
109185 futex(0x7169d10005c0, FUTEX_WAIT_PRIVATE, 1, NULL <unfinished ...>
109174 futex(0x7169d39aaa40, FUTEX_WAIT_PRIVATE, 1, NULL <unfinished ...>
109176 <... sendto resumed>)            = 8
130127 <... recvfrom resumed>"\272\0\0\0\0\0\0\0", 8, 0, NULL, NULL) = 8
109176 sendto(48, "\2\0\0\0\1\0\0\0\0\0\0\0\2\0\0\0\6\0\0\0\0\0\0\0random\0\0"..., 186, MSG_NOSIGNAL, NULL, 0 <unfinished ...>
130127 recvfrom(3,  <unfinished ...>
109176 <... sendto resumed>)            = 186
130127 <... recvfrom resumed>"\2\0\0\0\1\0\0\0\0\0\0\0\2\0\0\0\6\0\0\0\0\0\0\0random\0\0"..., 186, 0, NULL, NULL) = 186
109176 recvfrom(48, 0x5f96f8bdfe20, 8, 0, NULL, NULL) = -1 EAGAIN (Resource temporarily unavailable)
109176 futex(0x7169d30005c0, FUTEX_WAIT_PRIVATE, 1, NULL <unfinished ...>
130127 futex(0x6073738c7b58, FUTEX_WAKE_PRIVATE, 1) = 1
130120 <... futex resumed>)             = 0
130127 sendto(3, "$\0\0\0\0\0\0\0", 8, MSG_NOSIGNAL, NULL, 0) = 8
109187 <... epoll_wait resumed>[{events=EPOLLIN|EPOLLOUT, data={u32=2080380416, u64=124697865885184}}], 1024, 9) = 1
130127 sendto(3, "\5\0\0\0\0\0\0\0\0\0\0\0\20\227|\271\321l\207f^)\26\t\203)D\313\247(\207F"..., 36, MSG_NOSIGNAL, NULL, 0) = 36
130120 sendto(6, "\375\0\0\0\0\0\0\0", 8, MSG_NOSIGNAL, NULL, 0 <unfinished ...>
109187 recvfrom(48,  <unfinished ...>
130127 recvfrom(3,  <unfinished ...>
109187 <... recvfrom resumed>"$\0\0\0\0\0\0\0", 8, 0, NULL, NULL) = 8
130120 <... sendto resumed>)            = 8
109187 recvfrom(48,  <unfinished ...>
130120 sendto(6, "\2\0\0\0\6\0\0\0\0\0\0\0status\0\0\3403\201\271\321l\207f^)\26\t"..., 253, MSG_NOSIGNAL, NULL, 0 <unfinished ...>
109187 <... recvfrom resumed>"\5\0\0\0\0\0\0\0\0\0\0\0\20\227|\271\321l\207f^)\26\t\203)D\313\247(\207F"..., 36, 0, NULL, NULL) = 36
130120 <... sendto resumed>)            = 253
130120 futex(0x6073738c7b58, FUTEX_WAIT_BITSET_PRIVATE, 4294967295, NULL, FUTEX_BITSET_MATCH_ANY <unfinished ...>
109187 epoll_wait(4, [{events=EPOLLOUT, data={u32=2080380416, u64=124697865885184}}, {events=EPOLLIN|EPOLLOUT, data={u32=2348818944, u64=124698134323712}}], 1024, 9) = 2
109187 recvfrom(57, "\375\0\0\0\0\0\0\0", 8, 0, NULL, NULL) = 8
109187 recvfrom(57, "\2\0\0\0\6\0\0\0\0\0\0\0status\0\0\3403\201\271\321l\207f^)\26\t"..., 253, 0, NULL, NULL) = 253
109187 futex(0x7169d39aaa40, FUTEX_WAKE_PRIVATE, 1) = 1
109174 <... futex resumed>)             = 0
109187 recvfrom(57, 0x7169880049b0, 8, 0, NULL, NULL) = -1 EAGAIN (Resource temporarily unavailable)
109174 futex(0x7169d10005c0, FUTEX_WAKE_PRIVATE, 1) = 1
109187 sendto(50, "\n\1\0\0\0\0\0\0", 8, MSG_NOSIGNAL, NULL, 0 <unfinished ...>
109185 <... futex resumed>)             = 0
109174 futex(0x7169d39aaa40, FUTEX_WAIT_PRIVATE, 1, NULL <unfinished ...>
109185 epoll_wait(4,  <unfinished ...>
130126 <... recvfrom resumed>"\n\1\0\0\0\0\0\0", 8, 0, NULL, NULL) = 8
109187 <... sendto resumed>)            = 8
109185 <... epoll_wait resumed>[], 1024, 0) = 0
130126 recvfrom(3,  <unfinished ...>
109187 sendto(50, "\2\0\0\0\1\0\0\0\0\0\0\0\2\0\0\0\7\0\0\0\0\0\0\0message\0"..., 266, MSG_NOSIGNAL, NULL, 0 <unfinished ...>
109185 epoll_wait(4,  <unfinished ...>
109187 <... sendto resumed>)            = 266
130126 <... recvfrom resumed>"\2\0\0\0\1\0\0\0\0\0\0\0\2\0\0\0\7\0\0\0\0\0\0\0message\0"..., 266, 0, NULL, NULL) = 266
109187 recvfrom(50, 0x5f96f8bdfe20, 8, 0, NULL, NULL) = -1 EAGAIN (Resource temporarily unavailable)
130126 futex(0x5e6b228d6b58, FUTEX_WAKE_PRIVATE, 1 <unfinished ...>
109187 futex(0x7169d08005c0, FUTEX_WAIT_PRIVATE, 1, NULL <unfinished ...>
130126 <... futex resumed>)             = 1
130123 <... futex resumed>)             = 0
130126 sendto(3, "$\0\0\0\0\0\0\0", 8, MSG_NOSIGNAL, NULL, 0 <unfinished ...>
130123 write(1, "sink received message: operator "..., 87 <unfinished ...>
130126 <... sendto resumed>)            = 8
130123 <... write resumed>)             = 87
109185 <... epoll_wait resumed>[{events=EPOLLIN|EPOLLOUT, data={u32=3288354944, u64=124699073859712}}], 1024, 8) = 1
130126 sendto(3, "\5\0\0\0\0\0\0\0\0\0\0\0\240$\257\271\321l\207f\236\220\222\3211`Is\250\207\375\334"..., 36, MSG_NOSIGNAL, NULL, 0 <unfinished ...>
130123 futex(0x5e6b228d6b58, FUTEX_WAIT_BITSET_PRIVATE, 4294967295, NULL, FUTEX_BITSET_MATCH_ANY <unfinished ...>
130126 <... sendto resumed>)            = 36
109185 recvfrom(50,  <unfinished ...>
130126 recvfrom(3,  <unfinished ...>
109185 <... recvfrom resumed>"$\0\0\0\0\0\0\0", 8, 0, NULL, NULL) = 8
109185 recvfrom(50, "\5\0\0\0\0\0\0\0\0\0\0\0\240$\257\271\321l\207f\236\220\222\3211`Is\250\207\375\334"..., 36, 0, NULL, NULL) = 36
109185 epoll_wait(4, [{events=EPOLLIN, data={u32=4173111168, u64=105102022844288}}, {events=EPOLLOUT, data={u32=3288354944, u64=124699073859712}}], 1024, 8) = 2
109185 read(45, "sink received message: operator "..., 8192) = 87
109185 futex(0x7169c9c005c0, FUTEX_WAKE_PRIVATE, 1 <unfinished ...>
130119 <... futex resumed>)             = 0
109185 <... futex resumed>)             = 1
130119 write(46, "sink received message: operator "..., 87 <unfinished ...>
109185 epoll_wait(4,  <unfinished ...>
130119 <... write resumed>)             = 87
130122 <... fsync resumed>)             = 0
130119 write(5, "\1\0\0\0\0\0\0\0", 8 <unfinished ...>
130122 futex(0x7169ca8005c0, FUTEX_WAIT_PRIVATE, 1, {tv_sec=9, tv_nsec=999998336} <unfinished ...>
130119 <... write resumed>)             = 8
109185 <... epoll_wait resumed>[{events=EPOLLIN, data={u32=0, u64=0}}], 1024, 8) = 1
130119 futex(0x7169c9c005c0, FUTEX_WAIT_PRIVATE, 1, {tv_sec=9, tv_nsec=999998828} <unfinished ...>
109185 futex(0x7169d08005c0, FUTEX_WAKE_PRIVATE, 1 <unfinished ...>
109187 <... futex resumed>)             = 0
109185 <... futex resumed>)             = 1
109187 futex(0x7169d30005c0, FUTEX_WAKE_PRIVATE, 1 <unfinished ...>
109185 futex(0x7169ca4005c0, FUTEX_WAKE_PRIVATE, 1 <unfinished ...>
109187 <... futex resumed>)             = 1
109185 <... futex resumed>)             = 1
109176 <... futex resumed>)             = 0
130121 <... futex resumed>)             = 0
109187 futex(0x7169d08005c0, FUTEX_WAIT_PRIVATE, 1, NULL <unfinished ...>
109185 epoll_wait(4,  <unfinished ...>
130121 fsync(46 <unfinished ...>
109176 futex(0x7169d30005c0, FUTEX_WAIT_PRIVATE, 1, NULL <unfinished ...>
130121 <... fsync resumed>)             = 0
130121 futex(0x7169d30005c0, FUTEX_WAKE_PRIVATE, 1) = 1
109176 <... futex resumed>)             = 0
130121 futex(0x7169ca4005c0, FUTEX_WAIT_PRIVATE, 1, {tv_sec=9, tv_nsec=999999139} <unfinished ...>
109176 futex(0x7169d08005c0, FUTEX_WAKE_PRIVATE, 1 <unfinished ...>
109187 <... futex resumed>)             = 0
109176 <... futex resumed>)             = 1
109187 futex(0x7169d08005c0, FUTEX_WAIT_PRIVATE, 1, NULL <unfinished ...>
109176 futex(0x7169d30005c0, FUTEX_WAIT_PRIVATE, 1, NULL <unfinished ...>
109185 <... epoll_wait resumed>[], 1024, 8) = 0
109185 futex(0x7169d30005c0, FUTEX_WAKE_PRIVATE, 1) = 1
109176 <... futex resumed>)             = 0
109176 futex(0x7169d08005c0, FUTEX_WAKE_PRIVATE, 1) = 1
109187 <... futex resumed>)             = 0
109185 futex(0x7169d39aaa40, FUTEX_WAKE_PRIVATE, 1) = 1
109174 <... futex resumed>)             = 0
109187 sched_yield( <unfinished ...>
109176 write(5, "\1\0\0\0\0\0\0\0", 8 <unfinished ...>
109187 <... sched_yield resumed>)       = 0
109185 write(5, "\1\0\0\0\0\0\0\0", 8 <unfinished ...>
109187 sched_yield( <unfinished ...>
109176 <... write resumed>)             = 8
109187 <... sched_yield resumed>)       = 0
109185 <... write resumed>)             = 8
109174 write(5, "\1\0\0\0\0\0\0\0", 8 <unfinished ...>
109187 epoll_wait(4,  <unfinished ...>
109185 futex(0x7169d10005c0, FUTEX_WAIT_PRIVATE, 1, NULL <unfinished ...>
109174 <... write resumed>)             = 8
109187 <... epoll_wait resumed>[{events=EPOLLIN, data={u32=0, u64=0}}], 1024, 89) = 1
109176 sendto(42, "\224\0\0\0\0\0\0\0", 8, MSG_NOSIGNAL, NULL, 0 <unfinished ...>
109174 futex(0x7169d39aaa40, FUTEX_WAIT_PRIVATE, 1, NULL <unfinished ...>
109187 futex(0x7169d10005c0, FUTEX_WAKE_PRIVATE, 1) = 1
109185 <... futex resumed>)             = 0
130128 <... recvfrom resumed>"\224\0\0\0\0\0\0\0", 8, 0, NULL, NULL) = 8
109176 <... sendto resumed>)            = 8
109187 sendto(48, "\224\0\0\0\0\0\0\0", 8, MSG_NOSIGNAL, NULL, 0 <unfinished ...>
109185 epoll_wait(4,  <unfinished ...>
130128 recvfrom(3,  <unfinished ...>
109176 sendto(42, "\2\0\0\0\1\0\0\0\0\0\0\0\2\0\0\0\4\0\0\0\0\0\0\0tick\0\0\360\212"..., 148, MSG_NOSIGNAL, NULL, 0 <unfinished ...>
109187 <... sendto resumed>)            = 8
130127 <... recvfrom resumed>"\224\0\0\0\0\0\0\0", 8, 0, NULL, NULL) = 8
109176 <... sendto resumed>)            = 148
130128 <... recvfrom resumed>"\2\0\0\0\1\0\0\0\0\0\0\0\2\0\0\0\4\0\0\0\0\0\0\0tick\0\0\360\212"..., 148, 0, NULL, NULL) = 148
109187 sendto(48, "\2\0\0\0\1\0\0\0\0\0\0\0\2\0\0\0\4\0\0\0\0\0\0\0tick\0\0@;"..., 148, MSG_NOSIGNAL, NULL, 0 <unfinished ...>
130127 recvfrom(3,  <unfinished ...>
109176 recvfrom(42,  <unfinished ...>
109187 <... sendto resumed>)            = 148
109176 <... recvfrom resumed>0x716980002620, 8, 0, NULL, NULL) = -1 EAGAIN (Resource temporarily unavailable)
130127 <... recvfrom resumed>"\2\0\0\0\1\0\0\0\0\0\0\0\2\0\0\0\4\0\0\0\0\0\0\0tick\0\0@;"..., 148, 0, NULL, NULL) = 148
109187 recvfrom(48,  <unfinished ...>
109176 futex(0x7169d30005c0, FUTEX_WAIT_PRIVATE, 1, NULL <unfinished ...>
109187 <... recvfrom resumed>0x716988007eb0, 8, 0, NULL, NULL) = -1 EAGAIN (Resource temporarily unavailable)
130128 futex(0x6206be372b58, FUTEX_WAKE_PRIVATE, 1 <unfinished ...>
109187 futex(0x7169d08005c0, FUTEX_WAIT_PRIVATE, 1, NULL <unfinished ...>
130128 <... futex resumed>)             = 1
130118 <... futex resumed>)             = 0
130127 futex(0x6073738c7b58, FUTEX_WAKE_PRIVATE, 1 <unfinished ...>
130128 sendto(3, "$\0\0\0\0\0\0\0", 8, MSG_NOSIGNAL, NULL, 0 <unfinished ...>
130127 <... futex resumed>)             = 1
130120 <... futex resumed>)             = 0
130118 write(1, "tick 20, sending 0xe3ec147bc99e9"..., 36 <unfinished ...>
130128 <... sendto resumed>)            = 8
109185 <... epoll_wait resumed>[{events=EPOLLIN|EPOLLOUT, data={u32=3288352256, u64=124699073857024}}], 1024, 9) = 1
130128 sendto(3, "\5\0\0\0\0\0\0\0\0\0\0\0\300\235*\274\321l\207f8\2732\206\345~O\4\240\370mR"..., 36, MSG_NOSIGNAL, NULL, 0 <unfinished ...>
130118 <... write resumed>)             = 36
130127 sendto(3, "$\0\0\0\0\0\0\0", 8, MSG_NOSIGNAL, NULL, 0 <unfinished ...>
130128 <... sendto resumed>)            = 36
130120 futex(0x6073738c7b58, FUTEX_WAIT_BITSET_PRIVATE, 4294967295, NULL, FUTEX_BITSET_MATCH_ANY <unfinished ...>
109185 recvfrom(42,  <unfinished ...>
130128 recvfrom(3,  <unfinished ...>
130127 <... sendto resumed>)            = 8
109185 <... recvfrom resumed>"$\0\0\0\0\0\0\0", 8, 0, NULL, NULL) = 8
130127 sendto(3, "\5\0\0\0\0\0\0\0\0\0\0\0P\2610\274\321l\207f^)\26\t\203)D\313\247(\207F"..., 36, MSG_NOSIGNAL, NULL, 0 <unfinished ...>
109185 recvfrom(42,  <unfinished ...>
130127 <... sendto resumed>)            = 36
130118 sendto(6, "\256\0\0\0\0\0\0\0", 8, MSG_NOSIGNAL, NULL, 0 <unfinished ...>
109185 <... recvfrom resumed>"\5\0\0\0\0\0\0\0\0\0\0\0\300\235*\274\321l\207f8\2732\206\345~O\4\240\370mR"..., 36, 0, NULL, NULL) = 36
130127 recvfrom(3,  <unfinished ...>
130118 <... sendto resumed>)            = 8
130118 sendto(6, "\2\0\0\0\6\0\0\0\0\0\0\0random\0\0\320\3056\274\321l\207f8\2732\206"..., 174, MSG_NOSIGNAL, NULL, 0) = 174
109185 epoll_wait(4,  <unfinished ...>
130118 futex(0x6206be372b58, FUTEX_WAIT_BITSET_PRIVATE, 4294967295, NULL, FUTEX_BITSET_MATCH_ANY <unfinished ...>
109185 <... epoll_wait resumed>[{events=EPOLLIN, data={u32=4173105792, u64=105102022838912}}, {events=EPOLLOUT, data={u32=3288352256, u64=124699073857024}}, {events=EPOLLIN|EPOLLOUT, data={u32=2080380416, u64=124697865885184}}, {events=EPOLLIN|EPOLLOUT, data={u32=2147496448, u64=124697933001216}}], 1024, 8) = 4
109185 futex(0x7169d30005c0, FUTEX_WAKE_PRIVATE, 1) = 1
109176 <... futex resumed>)             = 0
109185 recvfrom(56,  <unfinished ...>
109176 futex(0x7169d08005c0, FUTEX_WAKE_PRIVATE, 1 <unfinished ...>
109185 <... recvfrom resumed>"\256\0\0\0\0\0\0\0", 8, 0, NULL, NULL) = 8
109176 <... futex resumed>)             = 1
109187 <... futex resumed>)             = 0
109185 recvfrom(56,  <unfinished ...>
109176 read(27,  <unfinished ...>
109187 futex(0x7169d0c005c0, FUTEX_WAKE_PRIVATE, 1 <unfinished ...>
109176 <... read resumed>"tick 20, sending 0xe3ec147bc99e9"..., 8192) = 36
109187 <... futex resumed>)             = 1
109185 <... recvfrom resumed>"\2\0\0\0\6\0\0\0\0\0\0\0random\0\0\320\3056\274\321l\207f8\2732\206"..., 174, 0, NULL, NULL) = 174
109186 <... futex resumed>)             = 0
109187 recvfrom(48, "$\0\0\0\0\0\0\0", 8, 0, NULL, NULL) = 8
109187 recvfrom(48,  <unfinished ...>
109186 epoll_wait(4,  <unfinished ...>
109176 futex(0x7169ca8005c0, FUTEX_WAKE_PRIVATE, 1 <unfinished ...>
109187 <... recvfrom resumed>"\5\0\0\0\0\0\0\0\0\0\0\0P\2610\274\321l\207f^)\26\t\203)D\313\247(\207F"..., 36, 0, NULL, NULL) = 36
109176 <... futex resumed>)             = 1
130122 <... futex resumed>)             = 0
109185 futex(0x7169d39aaa40, FUTEX_WAKE_PRIVATE, 1 <unfinished ...>
130122 write(30, "tick 20, sending 0xe3ec147bc99e9"..., 36 <unfinished ...>
109187 futex(0x7169d08005c0, FUTEX_WAIT_PRIVATE, 1, NULL <unfinished ...>
109176 futex(0x7169d30005c0, FUTEX_WAIT_PRIVATE, 1, NULL <unfinished ...>
109185 <... futex resumed>)             = 1
109174 <... futex resumed>)             = 0
130122 <... write resumed>)             = 36
109185 recvfrom(56, 0x716980002620, 8, 0, NULL, NULL) = -1 EAGAIN (Resource temporarily unavailable)
130122 futex(0x7169d30005c0, FUTEX_WAKE_PRIVATE, 1) = 1
109176 <... futex resumed>)             = 0
109185 futex(0x7169c9c005c0, FUTEX_WAKE_PRIVATE, 1 <unfinished ...>
