222825 futex(0x71d16de02a68, FUTEX_WAKE_PRIVATE, 1) = 1
221775 <... futex resumed>)             = 0
222825 futex(0x71d16be02a68, FUTEX_WAIT_PRIVATE, 1, {tv_sec=9, tv_nsec=999999800} <unfinished ...>
221775 write(5, "\1\0\0\0\0\0\0\0", 8)  = 8
221766 <... epoll_pwait resumed>[{events=EPOLLIN, data={u32=0, u64=0}}], 1024, 7, NULL, 8) = 1
221775 futex(0x71d16de02a68, FUTEX_WAIT_PRIVATE, 1, NULL <unfinished ...>
221766 epoll_pwait(4, [], 1024, 5, NULL, 8) = 0
221766 futex(0x71d171d022f8, FUTEX_WAKE_PRIVATE, 1) = 1
221765 <... futex resumed>)             = 0
221766 write(5, "\1\0\0\0\0\0\0\0", 8)  = 8
221765 futex(0x71d16de02a68, FUTEX_WAKE_PRIVATE, 1 <unfinished ...>
221775 <... futex resumed>)             = 0
221766 sendto(26, "\224\0\0\0\0\0\0\0", 8, MSG_NOSIGNAL, NULL, 0 <unfinished ...>
221765 <... futex resumed>)             = 1
221775 epoll_pwait(4, [{events=EPOLLIN, data={u32=0, u64=0}}], 1024, 10, NULL, 8) = 1
222836 <... recvfrom resumed>"\224\0\0\0\0\0\0\0", 8, 0, NULL, NULL) = 8
221766 <... sendto resumed>)            = 8
221765 futex(0x71d171d022f8, FUTEX_WAIT_PRIVATE, 1, NULL <unfinished ...>
221775 epoll_pwait(4,  <unfinished ...>
221766 sendto(26, "\2\0\0\0\1\0\0\0\0\0\0\0\2\0\0\0\4\0\0\0\0\0\0\0tick\0\0`\1"..., 148, MSG_NOSIGNAL, NULL, 0 <unfinished ...>
222836 recvfrom(3,  <unfinished ...>
221766 <... sendto resumed>)            = 148
222836 <... recvfrom resumed>"\2\0\0\0\1\0\0\0\0\0\0\0\2\0\0\0\4\0\0\0\0\0\0\0tick\0\0`\1"..., 148, 0, NULL, NULL) = 148
221766 recvfrom(26, 0x71d171c53190, 8, 0, NULL, NULL) = -1 EAGAIN (Resource temporarily unavailable)
221766 futex(0x71d170202a68, FUTEX_WAIT_PRIVATE, 1, NULL <unfinished ...>
222836 futex(0x5b6ee181fb58, FUTEX_WAKE_PRIVATE, 1) = 1
222824 <... futex resumed>)             = 0
222836 sendto(3, "$\0\0\0\0\0\0\0", 8, MSG_NOSIGNAL, NULL, 0 <unfinished ...>
222824 write(1, "tick 2, sending 0xe11041a930bb03"..., 35 <unfinished ...>
222836 <... sendto resumed>)            = 8
222824 <... write resumed>)             = 35
221775 <... epoll_pwait resumed>[{events=EPOLLIN|EPOLLOUT, data={u32=1908741504, u64=125144370845056}}, {events=EPOLLIN, data={u32=1908816000, u64=125144370919552}}], 1024, 10, NULL, 8) = 2
222836 sendto(3, "\5\0\0\0\0\0\0\0\0\0\0\0\20\23\207\311@\202\207fi)!\360 \6C\36\267\220\240R"..., 36, MSG_NOSIGNAL, NULL, 0 <unfinished ...>
221775 futex(0x71d170202a68, FUTEX_WAKE_PRIVATE, 1 <unfinished ...>
222836 <... sendto resumed>)            = 36
221775 <... futex resumed>)             = 1
221766 <... futex resumed>)             = 0
222836 recvfrom(3,  <unfinished ...>
222824 sendto(6, "\256\0\0\0\0\0\0\0", 8, MSG_NOSIGNAL, NULL, 0 <unfinished ...>
221775 read(18,  <unfinished ...>
221766 futex(0x71d16c602a68, FUTEX_WAKE_PRIVATE, 1 <unfinished ...>
221775 <... read resumed>"tick 2, sending 0xe11041a930bb03"..., 8192) = 35
222824 <... sendto resumed>)            = 8
221781 <... futex resumed>)             = 0
221775 futex(0x71d16ba02a68, FUTEX_WAKE_PRIVATE, 1 <unfinished ...>
222824 sendto(6, "\2\0\0\0\6\0\0\0\0\0\0\0random\0\0\340[\216\311@\202\207fi)!\360"..., 174, MSG_NOSIGNAL, NULL, 0 <unfinished ...>
221766 <... futex resumed>)             = 1
222828 <... futex resumed>)             = 0
222824 <... sendto resumed>)            = 174
221781 epoll_pwait(4,  <unfinished ...>
221775 <... futex resumed>)             = 1
221766 recvfrom(26,  <unfinished ...>
222828 write(19, "tick 2, sending 0xe11041a930bb03"..., 35 <unfinished ...>
221781 <... epoll_pwait resumed>[{events=EPOLLIN|EPOLLOUT, data={u32=1908741504, u64=125144370845056}}, {events=EPOLLIN|EPOLLOUT, data={u32=1908614144, u64=125144370717696}}], 1024, 9, NULL, 8) = 2
221775 futex(0x71d16de02a68, FUTEX_WAIT_PRIVATE, 1, NULL <unfinished ...>
222828 <... write resumed>)             = 35
222824 futex(0x5b6ee181fb58, FUTEX_WAIT_BITSET_PRIVATE, 4294967295, NULL, FUTEX_BITSET_MATCH_ANY <unfinished ...>
221781 recvfrom(41,  <unfinished ...>
221766 <... recvfrom resumed>"$\0\0\0\0\0\0\0", 8, 0, NULL, NULL) = 8
222828 futex(0x71d16de02a68, FUTEX_WAKE_PRIVATE, 1 <unfinished ...>
221781 <... recvfrom resumed>"\256\0\0\0\0\0\0\0", 8, 0, NULL, NULL) = 8
221766 recvfrom(26,  <unfinished ...>
222828 <... futex resumed>)             = 1
221781 recvfrom(41,  <unfinished ...>
221775 <... futex resumed>)             = 0
222828 futex(0x71d16ba02a68, FUTEX_WAIT_PRIVATE, 1, {tv_sec=9, tv_nsec=999999760} <unfinished ...>
221766 <... recvfrom resumed>"\5\0\0\0\0\0\0\0\0\0\0\0\20\23\207\311@\202\207fi)!\360 \6C\36\267\220\240R"..., 36, 0, NULL, NULL) = 36
221781 <... recvfrom resumed>"\2\0\0\0\6\0\0\0\0\0\0\0random\0\0\340[\216\311@\202\207fi)!\360"..., 174, 0, NULL, NULL) = 174
221775 futex(0x71d16da02a68, FUTEX_WAKE_PRIVATE, 1 <unfinished ...>
221766 epoll_pwait(4,  <unfinished ...>
221781 futex(0x71d171d022f8, FUTEX_WAKE_PRIVATE, 1 <unfinished ...>
221775 <... futex resumed>)             = 1
221776 <... futex resumed>)             = 0
221781 <... futex resumed>)             = 1
221776 futex(0x71d16da02a68, FUTEX_WAIT_PRIVATE, 1, NULL <unfinished ...>
221775 futex(0x71d16be02a68, FUTEX_WAKE_PRIVATE, 1 <unfinished ...>
221765 <... futex resumed>)             = 0
221781 recvfrom(41,  <unfinished ...>
221775 <... futex resumed>)             = 1
222825 <... futex resumed>)             = 0
221781 <... recvfrom resumed>0x71d171cfeea0, 8, 0, NULL, NULL) = -1 EAGAIN (Resource temporarily unavailable)
221765 futex(0x71d16da02a68, FUTEX_WAKE_PRIVATE, 1 <unfinished ...>
222825 fsync(19 <unfinished ...>
221775 sendto(31, "\272\0\0\0\0\0\0\0", 8, MSG_NOSIGNAL, NULL, 0 <unfinished ...>
221781 futex(0x71d16c602a68, FUTEX_WAIT_PRIVATE, 1, NULL <unfinished ...>
221776 <... futex resumed>)             = 0
221765 <... futex resumed>)             = 1
221776 futex(0x71d16da02a68, FUTEX_WAIT_PRIVATE, 1, NULL <unfinished ...>
222837 <... recvfrom resumed>"\272\0\0\0\0\0\0\0", 8, 0, NULL, NULL) = 8
221775 <... sendto resumed>)            = 8
221765 futex(0x71d171d022f8, FUTEX_WAIT_PRIVATE, 1, NULL <unfinished ...>
221775 sendto(31, "\2\0\0\0\1\0\0\0\0\0\0\0\2\0\0\0\6\0\0\0\0\0\0\0random\0\0"..., 186, MSG_NOSIGNAL, NULL, 0 <unfinished ...>
222837 recvfrom(3,  <unfinished ...>
221775 <... sendto resumed>)            = 186
222837 <... recvfrom resumed>"\2\0\0\0\1\0\0\0\0\0\0\0\2\0\0\0\6\0\0\0\0\0\0\0random\0\0"..., 186, 0, NULL, NULL) = 186
221775 recvfrom(31, 0x71d171c53420, 8, 0, NULL, NULL) = -1 EAGAIN (Resource temporarily unavailable)
221775 futex(0x71d16de02a68, FUTEX_WAIT_PRIVATE, 1, NULL <unfinished ...>
222837 futex(0x5f8bde5beb58, FUTEX_WAKE_PRIVATE, 1) = 1
222827 <... futex resumed>)             = 0
222837 sendto(3, "$\0\0\0\0\0\0\0", 8, MSG_NOSIGNAL, NULL, 0) = 8
221766 <... epoll_pwait resumed>[{events=EPOLLIN|EPOLLOUT, data={u32=1908746368, u64=125144370849920}}], 1024, 9, NULL, 8) = 1
222837 sendto(3, "\5\0\0\0\0\0\0\0\0\0\0\0\320\325\271\311@\202\207f^| \275C\263E\34\237\234\244v"..., 36, MSG_NOSIGNAL, NULL, 0 <unfinished ...>
221766 recvfrom(31,  <unfinished ...>
222837 <... sendto resumed>)            = 36
222827 sendto(6, "\375\0\0\0\0\0\0\0", 8, MSG_NOSIGNAL, NULL, 0 <unfinished ...>
221766 <... recvfrom resumed>"$\0\0\0\0\0\0\0", 8, 0, NULL, NULL) = 8
222837 recvfrom(3,  <unfinished ...>
222827 <... sendto resumed>)            = 8
221766 recvfrom(31,  <unfinished ...>
222827 sendto(6, "\2\0\0\0\6\0\0\0\0\0\0\0status\0\0\20\307\276\311@\202\207f^| \275"..., 253, MSG_NOSIGNAL, NULL, 0 <unfinished ...>
221766 <... recvfrom resumed>"\5\0\0\0\0\0\0\0\0\0\0\0\320\325\271\311@\202\207f^| \275C\263E\34\237\234\244v"..., 36, 0, NULL, NULL) = 36
222827 <... sendto resumed>)            = 253
221766 epoll_pwait(4, [{events=EPOLLOUT, data={u32=1908746368, u64=125144370849920}}, {events=EPOLLIN|EPOLLOUT, data={u32=1908617728, u64=125144370721280}}], 1024, 9, NULL, 8) = 2
221766 recvfrom(42,  <unfinished ...>
222827 futex(0x5f8bde5beb58, FUTEX_WAIT_BITSET_PRIVATE, 4294967295, NULL, FUTEX_BITSET_MATCH_ANY <unfinished ...>
221766 <... recvfrom resumed>"\375\0\0\0\0\0\0\0", 8, 0, NULL, NULL) = 8
221766 recvfrom(42, "\2\0\0\0\6\0\0\0\0\0\0\0status\0\0\20\307\276\311@\202\207f^| \275"..., 253, 0, NULL, NULL) = 253
221766 futex(0x71d171d022f8, FUTEX_WAKE_PRIVATE, 1) = 1
221765 <... futex resumed>)             = 0
221766 recvfrom(42, 0x71d171c53120, 8, 0, NULL, NULL) = -1 EAGAIN (Resource temporarily unavailable)
221765 futex(0x71d16da02a68, FUTEX_WAKE_PRIVATE, 1 <unfinished ...>
221776 <... futex resumed>)             = 0
221766 sendto(35, "\n\1\0\0\0\0\0\0", 8, MSG_NOSIGNAL, NULL, 0 <unfinished ...>
221765 <... futex resumed>)             = 1
221776 epoll_pwait(4,  <unfinished ...>
221765 futex(0x71d171d022f8, FUTEX_WAIT_PRIVATE, 1, NULL <unfinished ...>
221766 <... sendto resumed>)            = 8
222835 <... recvfrom resumed>"\n\1\0\0\0\0\0\0", 8, 0, NULL, NULL) = 8
221766 sendto(35, "\2\0\0\0\1\0\0\0\0\0\0\0\2\0\0\0\7\0\0\0\0\0\0\0message\0"..., 266, MSG_NOSIGNAL, NULL, 0 <unfinished ...>
222835 recvfrom(3,  <unfinished ...>
221766 <... sendto resumed>)            = 266
222835 <... recvfrom resumed>"\2\0\0\0\1\0\0\0\0\0\0\0\2\0\0\0\7\0\0\0\0\0\0\0message\0"..., 266, 0, NULL, NULL) = 266
221766 recvfrom(35, 0x71d171c53190, 8, 0, NULL, NULL) = -1 EAGAIN (Resource temporarily unavailable)
221766 futex(0x71d170202a68, FUTEX_WAIT_PRIVATE, 1, NULL <unfinished ...>
222835 futex(0x5da72061eb58, FUTEX_WAKE_PRIVATE, 1) = 1
222829 <... futex resumed>)             = 0
222835 sendto(3, "$\0\0\0\0\0\0\0", 8, MSG_NOSIGNAL, NULL, 0) = 8
222829 write(1, "sink received message: operator "..., 87 <unfinished ...>
221776 <... epoll_pwait resumed>[{events=EPOLLIN|EPOLLOUT, data={u32=1908747904, u64=125144370851456}}], 1024, 8, NULL, 8) = 1
222835 sendto(3, "\5\0\0\0\0\0\0\0\0\0\0\0\240f\346\311@\202\207fi\310\340Bm:A\30\257%\16\346"..., 36, MSG_NOSIGNAL, NULL, 0 <unfinished ...>
222829 <... write resumed>)             = 87
221776 recvfrom(35,  <unfinished ...>
222835 <... sendto resumed>)            = 36
221776 <... recvfrom resumed>"$\0\0\0\0\0\0\0", 8, 0, NULL, NULL) = 8
222835 recvfrom(3,  <unfinished ...>
222829 futex(0x5da72061eb58, FUTEX_WAIT_BITSET_PRIVATE, 4294967295, NULL, FUTEX_BITSET_MATCH_ANY <unfinished ...>
221776 recvfrom(35, "\5\0\0\0\0\0\0\0\0\0\0\0\240f\346\311@\202\207fi\310\340Bm:A\30\257%\16\346"..., 36, 0, NULL, NULL) = 36
221776 epoll_pwait(4, [{events=EPOLLIN, data={u32=1908745088, u64=125144370848640}}, {events=EPOLLOUT, data={u32=1908747904, u64=125144370851456}}], 1024, 8, NULL, 8) = 2
221776 read(30, "sink received message: operator "..., 8192) = 87
221776 futex(0x71d16ba02a68, FUTEX_WAKE_PRIVATE, 1) = 1
222828 <... futex resumed>)             = 0
221776 epoll_pwait(4,  <unfinished ...>
222828 write(33, "sink received message: operator "..., 87) = 87
222828 write(5, "\1\0\0\0\0\0\0\0", 8)  = 8
221776 <... epoll_pwait resumed>[{events=EPOLLIN, data={u32=0, u64=0}}], 1024, 8, NULL, 8) = 1
222828 futex(0x71d16ba02a68, FUTEX_WAIT_PRIVATE, 1, {tv_sec=9, tv_nsec=999999790} <unfinished ...>
221776 futex(0x71d170202a68, FUTEX_WAKE_PRIVATE, 1) = 1
221766 <... futex resumed>)             = 0
221776 futex(0x71d16ba02a68, FUTEX_WAKE_PRIVATE, 1 <unfinished ...>
221766 epoll_pwait(4,  <unfinished ...>
222828 <... futex resumed>)             = 0
221776 <... futex resumed>)             = 1
221766 <... epoll_pwait resumed>[], 1024, 0, NULL, 8) = 0
222828 fsync(33 <unfinished ...>
221776 futex(0x71d16da02a68, FUTEX_WAIT_PRIVATE, 1, NULL <unfinished ...>
221766 epoll_pwait(4,  <unfinished ...>
222825 <... fsync resumed>)             = 0
222825 write(5, "\1\0\0\0\0\0\0\0", 8)  = 8
221766 <... epoll_pwait resumed>[{events=EPOLLIN, data={u32=0, u64=0}}], 1024, 8, NULL, 8) = 1
222825 futex(0x71d16be02a68, FUTEX_WAIT_PRIVATE, 1, {tv_sec=9, tv_nsec=999999679} <unfinished ...>
221766 futex(0x71d16da02a68, FUTEX_WAKE_PRIVATE, 1) = 1
221776 <... futex resumed>)             = 0
221766 epoll_pwait(4,  <unfinished ...>
221776 futex(0x71d16da02a68, FUTEX_WAIT_PRIVATE, 1, NULL <unfinished ...>
222828 <... fsync resumed>)             = 0
222828 futex(0x71d16da02a68, FUTEX_WAKE_PRIVATE, 1) = 1
221776 <... futex resumed>)             = 0
222828 futex(0x71d16ba02a68, FUTEX_WAIT_PRIVATE, 1, {tv_sec=9, tv_nsec=999999759} <unfinished ...>
221776 write(5, "\1\0\0\0\0\0\0\0", 8)  = 8
221766 <... epoll_pwait resumed>[{events=EPOLLIN, data={u32=0, u64=0}}], 1024, 7, NULL, 8) = 1
221776 futex(0x71d16da02a68, FUTEX_WAIT_PRIVATE, 1, NULL <unfinished ...>
221766 epoll_pwait(4, [], 1024, 5, NULL, 8) = 0
221766 futex(0x71d171d022f8, FUTEX_WAKE_PRIVATE, 1) = 1
221765 <... futex resumed>)             = 0
221766 write(5, "\1\0\0\0\0\0\0\0", 8 <unfinished ...>
221765 futex(0x71d16da02a68, FUTEX_WAKE_PRIVATE, 1 <unfinished ...>
221766 <... write resumed>)             = 8
221765 <... futex resumed>)             = 1
221776 <... futex resumed>)             = 0
221766 sendto(26, "\224\0\0\0\0\0\0\0", 8, MSG_NOSIGNAL, NULL, 0 <unfinished ...>
221765 futex(0x71d171d022f8, FUTEX_WAIT_PRIVATE, 1, NULL <unfinished ...>
221776 epoll_pwait(4, [{events=EPOLLIN, data={u32=0, u64=0}}], 1024, 10, NULL, 8) = 1
222836 <... recvfrom resumed>"\224\0\0\0\0\0\0\0", 8, 0, NULL, NULL) = 8
221766 <... sendto resumed>)            = 8
221776 epoll_pwait(4,  <unfinished ...>
222836 recvfrom(3,  <unfinished ...>
221766 sendto(26, "\2\0\0\0\1\0\0\0\0\0\0\0\2\0\0\0\4\0\0\0\0\0\0\0tick\0\0P\353"..., 148, MSG_NOSIGNAL, NULL, 0) = 148
222836 <... recvfrom resumed>"\2\0\0\0\1\0\0\0\0\0\0\0\2\0\0\0\4\0\0\0\0\0\0\0tick\0\0P\353"..., 148, 0, NULL, NULL) = 148
221766 recvfrom(26, 0x71d171cfef80, 8, 0, NULL, NULL) = -1 EAGAIN (Resource temporarily unavailable)
221766 futex(0x71d170202a68, FUTEX_WAIT_PRIVATE, 1, NULL <unfinished ...>
222836 futex(0x5b6ee181fb58, FUTEX_WAKE_PRIVATE, 1) = 1
222824 <... futex resumed>)             = 0
222836 sendto(3, "$\0\0\0\0\0\0\0", 8, MSG_NOSIGNAL, NULL, 0 <unfinished ...>
222824 write(1, "tick 3, sending 0x3cef9a901235bd"..., 35 <unfinished ...>
222836 <... sendto resumed>)            = 8
222824 <... write resumed>)             = 35
221776 <... epoll_pwait resumed>[{events=EPOLLIN|EPOLLOUT, data={u32=1908741504, u64=125144370845056}}, {events=EPOLLIN, data={u32=1908816000, u64=125144370919552}}], 1024, 10, NULL, 8) = 2
222836 sendto(3, "\5\0\0\0\0\0\0\0\0\0\0\0\200q\37\314@\202\207fi)!\360 \6C\36\267\220\240R"..., 36, MSG_NOSIGNAL, NULL, 0 <unfinished ...>
221776 futex(0x71d170202a68, FUTEX_WAKE_PRIVATE, 1 <unfinished ...>
222836 <... sendto resumed>)            = 36
221776 <... futex resumed>)             = 1
221766 <... futex resumed>)             = 0
222836 recvfrom(3,  <unfinished ...>
221776 read(18,  <unfinished ...>
222824 sendto(6, "\256\0\0\0\0\0\0\0", 8, MSG_NOSIGNAL, NULL, 0 <unfinished ...>
221766 futex(0x71d16c602a68, FUTEX_WAKE_PRIVATE, 1 <unfinished ...>
221776 <... read resumed>"tick 3, sending 0x3cef9a901235bd"..., 8192) = 35
221766 <... futex resumed>)             = 1
221781 <... futex resumed>)             = 0
222824 <... sendto resumed>)            = 8
221776 futex(0x71d16be02a68, FUTEX_WAKE_PRIVATE, 1 <unfinished ...>
221766 recvfrom(26,  <unfinished ...>
222824 sendto(6, "\2\0\0\0\6\0\0\0\0\0\0\0random\0\0p\313(\314@\202\207fi)!\360"..., 174, MSG_NOSIGNAL, NULL, 0 <unfinished ...>
221781 epoll_pwait(4,  <unfinished ...>
221776 <... futex resumed>)             = 1
221766 <... recvfrom resumed>"$\0\0\0\0\0\0\0", 8, 0, NULL, NULL) = 8
222825 <... futex resumed>)             = 0
222824 <... sendto resumed>)            = 174
221781 <... epoll_pwait resumed>[{events=EPOLLIN|EPOLLOUT, data={u32=1908741504, u64=125144370845056}}, {events=EPOLLIN|EPOLLOUT, data={u32=1908614144, u64=125144370717696}}], 1024, 9, NULL, 8) = 2
221776 futex(0x71d16da02a68, FUTEX_WAIT_PRIVATE, 1, NULL <unfinished ...>
221766 recvfrom(26,  <unfinished ...>
222825 write(19, "tick 3, sending 0x3cef9a901235bd"..., 35 <unfinished ...>
222824 futex(0x5b6ee181fb58, FUTEX_WAIT_BITSET_PRIVATE, 4294967295, NULL, FUTEX_BITSET_MATCH_ANY <unfinished ...>
221781 recvfrom(41,  <unfinished ...>
221766 <... recvfrom resumed>"\5\0\0\0\0\0\0\0\0\0\0\0\200q\37\314@\202\207fi)!\360 \6C\36\267\220\240R"..., 36, 0, NULL, NULL) = 36
222825 <... write resumed>)             = 35
221781 <... recvfrom resumed>"\256\0\0\0\0\0\0\0", 8, 0, NULL, NULL) = 8
222825 write(5, "\1\0\0\0\0\0\0\0", 8 <unfinished ...>
221766 epoll_pwait(4,  <unfinished ...>
221781 recvfrom(41,  <unfinished ...>
222825 <... write resumed>)             = 8
221766 <... epoll_pwait resumed>[{events=EPOLLIN, data={u32=0, u64=0}}], 1024, 9, NULL, 8) = 1
222825 futex(0x71d16be02a68, FUTEX_WAIT_PRIVATE, 1, {tv_sec=9, tv_nsec=999999399} <unfinished ...>
221781 <... recvfrom resumed>"\2\0\0\0\6\0\0\0\0\0\0\0random\0\0p\313(\314@\202\207fi)!\360"..., 174, 0, NULL, NULL) = 174
221766 futex(0x71d16da02a68, FUTEX_WAKE_PRIVATE, 1 <unfinished ...>
221781 futex(0x71d171d022f8, FUTEX_WAKE_PRIVATE, 1 <unfinished ...>
221776 <... futex resumed>)             = 0
221766 <... futex resumed>)             = 1
221781 <... futex resumed>)             = 1
221765 <... futex resumed>)             = 0
221776 epoll_pwait(4,  <unfinished ...>
221766 futex(0x71d16ba02a68, FUTEX_WAKE_PRIVATE, 1 <unfinished ...>
221781 recvfrom(41,  <unfinished ...>
221765 write(5, "\1\0\0\0\0\0\0\0", 8 <unfinished ...>
221766 <... futex resumed>)             = 1
222828 <... futex resumed>)             = 0
221781 <... recvfrom resumed>0x71d171c53420, 8, 0, NULL, NULL) = -1 EAGAIN (Resource temporarily unavailable)
221765 <... write resumed>)             = 8
222828 fsync(19 <unfinished ...>
221776 <... epoll_pwait resumed>[{events=EPOLLIN, data={u32=0, u64=0}}], 1024, 9, NULL, 8) = 1
221781 futex(0x71d16c602a68, FUTEX_WAIT_PRIVATE, 1, NULL <unfinished ...>
221766 sendto(31, "\272\0\0\0\0\0\0\0", 8, MSG_NOSIGNAL, NULL, 0 <unfinished ...>
221776 epoll_pwait(4,  <unfinished ...>
221765 futex(0x71d171d022f8, FUTEX_WAIT_PRIVATE, 1, NULL <unfinished ...>
221766 <... sendto resumed>)            = 8
222837 <... recvfrom resumed>"\272\0\0\0\0\0\0\0", 8, 0, NULL, NULL) = 8
221766 sendto(31, "\2\0\0\0\1\0\0\0\0\0\0\0\2\0\0\0\6\0\0\0\0\0\0\0random\0\0"..., 186, MSG_NOSIGNAL, NULL, 0 <unfinished ...>
222837 recvfrom(3,  <unfinished ...>
221766 <... sendto resumed>)            = 186
222837 <... recvfrom resumed>"\2\0\0\0\1\0\0\0\0\0\0\0\2\0\0\0\6\0\0\0\0\0\0\0random\0\0"..., 186, 0, NULL, NULL) = 186
221766 recvfrom(31, 0x71d171c53190, 8, 0, NULL, NULL) = -1 EAGAIN (Resource temporarily unavailable)
221766 futex(0x71d170202a68, FUTEX_WAIT_PRIVATE, 1, NULL <unfinished ...>
222837 futex(0x5f8bde5beb58, FUTEX_WAKE_PRIVATE, 1) = 1
222827 <... futex resumed>)             = 0
222837 sendto(3, "$\0\0\0\0\0\0\0", 8, MSG_NOSIGNAL, NULL, 0) = 8
221776 <... epoll_pwait resumed>[{events=EPOLLIN|EPOLLOUT, data={u32=1908746368, u64=125144370849920}}], 1024, 9, NULL, 8) = 1
222837 sendto(3, "\5\0\0\0\0\0\0\0\0\0\0\0\220\271W\314@\202\207f^| \275C\263E\34\237\234\244v"..., 36, MSG_NOSIGNAL, NULL, 0 <unfinished ...>
221776 recvfrom(31, "$\0\0\0\0\0\0\0", 8, 0, NULL, NULL) = 8
222837 <... sendto resumed>)            = 36
222827 sendto(6, "\375\0\0\0\0\0\0\0", 8, MSG_NOSIGNAL, NULL, 0 <unfinished ...>
221776 recvfrom(31,  <unfinished ...>
222837 recvfrom(3,  <unfinished ...>
222827 <... sendto resumed>)            = 8
221776 <... recvfrom resumed>"\5\0\0\0\0\0\0\0\0\0\0\0\220\271W\314@\202\207f^| \275C\263E\34\237\234\244v"..., 36, 0, NULL, NULL) = 36
222827 sendto(6, "\2\0\0\0\6\0\0\0\0\0\0\0status\0\0\240\343\\\314@\202\207f^| \275"..., 253, MSG_NOSIGNAL, NULL, 0 <unfinished ...>
221776 epoll_pwait(4,  <unfinished ...>
222827 <... sendto resumed>)            = 253
221776 <... epoll_pwait resumed>[{events=EPOLLOUT, data={u32=1908746368, u64=125144370849920}}, {events=EPOLLIN|EPOLLOUT, data={u32=1908617728, u64=125144370721280}}], 1024, 8, NULL, 8) = 2
221776 recvfrom(42,  <unfinished ...>
222827 futex(0x5f8bde5beb58, FUTEX_WAIT_BITSET_PRIVATE, 4294967295, NULL, FUTEX_BITSET_MATCH_ANY <unfinished ...>
221776 <... recvfrom resumed>"\375\0\0\0\0\0\0\0", 8, 0, NULL, NULL) = 8
221776 recvfrom(42, "\2\0\0\0\6\0\0\0\0\0\0\0status\0\0\240\343\\\314@\202\207f^| \275"..., 253, 0, NULL, NULL) = 253
221776 futex(0x71d171d022f8, FUTEX_WAKE_PRIVATE, 1) = 1
221765 <... futex resumed>)             = 0
221776 recvfrom(42,  <unfinished ...>
221765 futex(0x71d170202a68, FUTEX_WAKE_PRIVATE, 1 <unfinished ...>
221776 <... recvfrom resumed>0x71d171cfeea0, 8, 0, NULL, NULL) = -1 EAGAIN (Resource temporarily unavailable)
221765 <... futex resumed>)             = 1
221766 <... futex resumed>)             = 0
221776 sendto(35, "\n\1\0\0\0\0\0\0", 8, MSG_NOSIGNAL, NULL, 0 <unfinished ...>
221765 futex(0x71d171d022f8, FUTEX_WAIT_PRIVATE, 1, NULL <unfinished ...>
221766 epoll_pwait(4,  <unfinished ...>
221776 <... sendto resumed>)            = 8
221766 <... epoll_pwait resumed>[{events=EPOLLOUT, data={u32=1908617728, u64=125144370721280}}], 1024, 8, NULL, 8) = 1
222835 <... recvfrom resumed>"\n\1\0\0\0\0\0\0", 8, 0, NULL, NULL) = 8
221776 sendto(35, "\2\0\0\0\1\0\0\0\0\0\0\0\2\0\0\0\7\0\0\0\0\0\0\0message\0"..., 266, MSG_NOSIGNAL, NULL, 0 <unfinished ...>
221766 epoll_pwait(4,  <unfinished ...>
222835 recvfrom(3,  <unfinished ...>
221776 <... sendto resumed>)            = 266
222835 <... recvfrom resumed>"\2\0\0\0\1\0\0\0\0\0\0\0\2\0\0\0\7\0\0\0\0\0\0\0message\0"..., 266, 0, NULL, NULL) = 266
221776 recvfrom(35, 0x71d171cfef80, 8, 0, NULL, NULL) = -1 EAGAIN (Resource temporarily unavailable)
221776 futex(0x71d16da02a68, FUTEX_WAIT_PRIVATE, 1, NULL <unfinished ...>
222835 futex(0x5da72061eb58, FUTEX_WAKE_PRIVATE, 1) = 1
222829 <... futex resumed>)             = 0
222835 sendto(3, "$\0\0\0\0\0\0\0", 8, MSG_NOSIGNAL, NULL, 0) = 8
222829 write(1, "sink received message: operator "..., 87 <unfinished ...>
221766 <... epoll_pwait resumed>[{events=EPOLLIN|EPOLLOUT, data={u32=1908747904, u64=125144370851456}}], 1024, 8, NULL, 8) = 1
222835 sendto(3, "\5\0\0\0\0\0\0\0\0\0\0\0\240||\314@\202\207fi\310\340Bm:A\30\257%\16\346"..., 36, MSG_NOSIGNAL, NULL, 0 <unfinished ...>
222829 <... write resumed>)             = 87
221766 recvfrom(35,  <unfinished ...>
222835 <... sendto resumed>)            = 36
221766 <... recvfrom resumed>"$\0\0\0\0\0\0\0", 8, 0, NULL, NULL) = 8
222835 recvfrom(3,  <unfinished ...>
222829 futex(0x5da72061eb58, FUTEX_WAIT_BITSET_PRIVATE, 4294967295, NULL, FUTEX_BITSET_MATCH_ANY <unfinished ...>
221766 recvfrom(35, "\5\0\0\0\0\0\0\0\0\0\0\0\240||\314@\202\207fi\310\340Bm:A\30\257%\16\346"..., 36, 0, NULL, NULL) = 36
221766 epoll_pwait(4, [{events=EPOLLIN, data={u32=1908745088, u64=125144370848640}}, {events=EPOLLOUT, data={u32=1908747904, u64=125144370851456}}], 1024, 8, NULL, 8) = 2
221766 read(30, "sink received message: operator "..., 8192) = 87
221766 futex(0x71d16be02a68, FUTEX_WAKE_PRIVATE, 1) = 1
222825 <... futex resumed>)             = 0
221766 epoll_pwait(4,  <unfinished ...>
222825 write(33, "sink received message: operator "..., 87) = 87
222825 write(5, "\1\0\0\0\0\0\0\0", 8)  = 8
221766 <... epoll_pwait resumed>[{events=EPOLLIN, data={u32=0, u64=0}}], 1024, 8, NULL, 8) = 1
222825 futex(0x71d16be02a68, FUTEX_WAIT_PRIVATE, 1, {tv_sec=9, tv_nsec=999999809} <unfinished ...>
221766 futex(0x71d16da02a68, FUTEX_WAKE_PRIVATE, 1 <unfinished ...>
221776 <... futex resumed>)             = 0
221766 <... futex resumed>)             = 1
221776 epoll_pwait(4,  <unfinished ...>
221766 futex(0x71d16be02a68, FUTEX_WAKE_PRIVATE, 1 <unfinished ...>
222825 <... futex resumed>)             = 0
221766 <... futex resumed>)             = 1
222825 fsync(33 <unfinished ...>
221766 futex(0x71d170202a68, FUTEX_WAIT_PRIVATE, 1, NULL <unfinished ...>
222828 <... fsync resumed>)             = 0
222828 futex(0x71d170202a68, FUTEX_WAKE_PRIVATE, 1) = 1
221766 <... futex resumed>)             = 0
222828 futex(0x71d16ba02a68, FUTEX_WAIT_PRIVATE, 1, {tv_sec=9, tv_nsec=999999890} <unfinished ...>
221766 write(5, "\1\0\0\0\0\0\0\0", 8 <unfinished ...>
221776 <... epoll_pwait resumed>[{events=EPOLLIN, data={u32=0, u64=0}}], 1024, 8, NULL, 8) = 1
221766 <... write resumed>)             = 8
221776 epoll_pwait(4,  <unfinished ...>
221766 futex(0x71d170202a68, FUTEX_WAIT_PRIVATE, 1, NULL <unfinished ...>
222825 <... fsync resumed>)             = 0
222825 futex(0x71d170202a68, FUTEX_WAKE_PRIVATE, 1) = 1
221766 <... futex resumed>)             = 0
222825 futex(0x71d16be02a68, FUTEX_WAIT_PRIVATE, 1, {tv_sec=9, tv_nsec=999999600} <unfinished ...>
221766 write(5, "\1\0\0\0\0\0\0\0", 8)  = 8
221776 <... epoll_pwait resumed>[{events=EPOLLIN, data={u32=0, u64=0}}], 1024, 7, NULL, 8) = 1
221766 futex(0x71d170202a68, FUTEX_WAIT_PRIVATE, 1, NULL <unfinished ...>
221776 epoll_pwait(4, [], 1024, 5, NULL, 8) = 0
221776 futex(0x71d171d022f8, FUTEX_WAKE_PRIVATE, 1) = 1
221765 <... futex resumed>)             = 0
221776 epoll_pwait(4,  <unfinished ...>
221765 write(5, "\1\0\0\0\0\0\0\0", 8 <unfinished ...>
221776 <... epoll_pwait resumed>[{events=EPOLLIN, data={u32=0, u64=0}}], 1024, 9, NULL, 8) = 1
221765 <... write resumed>)             = 8
221776 futex(0x71d170202a68, FUTEX_WAKE_PRIVATE, 1 <unfinished ...>
221765 futex(0x71d171d022f8, FUTEX_WAIT_PRIVATE, 1, NULL <unfinished ...>
221776 <... futex resumed>)             = 1
221766 <... futex resumed>)             = 0
221776 sendto(26, "\224\0\0\0\0\0\0\0", 8, MSG_NOSIGNAL, NULL, 0 <unfinished ...>
221766 epoll_pwait(4,  <unfinished ...>
222836 <... recvfrom resumed>"\224\0\0\0\0\0\0\0", 8, 0, NULL, NULL) = 8
221776 <... sendto resumed>)            = 8
222836 recvfrom(3,  <unfinished ...>
221776 sendto(26, "\2\0\0\0\1\0\0\0\0\0\0\0\2\0\0\0\4\0\0\0\0\0\0\0tick\0\0P\22"..., 148, MSG_NOSIGNAL, NULL, 0) = 148
222836 <... recvfrom resumed>"\2\0\0\0\1\0\0\0\0\0\0\0\2\0\0\0\4\0\0\0\0\0\0\0tick\0\0P\22"..., 148, 0, NULL, NULL) = 148
221776 recvfrom(26, 0x71d171c53120, 8, 0, NULL, NULL) = -1 EAGAIN (Resource temporarily unavailable)
222836 futex(0x5b6ee181fb58, FUTEX_WAKE_PRIVATE, 1 <unfinished ...>
221776 futex(0x71d16da02a68, FUTEX_WAIT_PRIVATE, 1, NULL <unfinished ...>
222836 <... futex resumed>)             = 1
222824 <... futex resumed>)             = 0
222836 sendto(3, "$\0\0\0\0\0\0\0", 8, MSG_NOSIGNAL, NULL, 0) = 8
222824 write(1, "tick 4, sending 0x43237fe0062dd3"..., 35 <unfinished ...>
222836 sendto(3, "\5\0\0\0\0\0\0\0\0\0\0\0000\1\254\316@\202\207fi)!\360 \6C\36\267\220\240R"..., 36, MSG_NOSIGNAL, NULL, 0 <unfinished ...>
221766 <... epoll_pwait resumed>[{events=EPOLLIN|EPOLLOUT, data={u32=1908741504, u64=125144370845056}}], 1024, 9, NULL, 8) = 1
222836 <... sendto resumed>)            = 36
222824 <... write resumed>)             = 35
222836 recvfrom(3,  <unfinished ...>
221766 recvfrom(26, "$\0\0\0\0\0\0\0", 8, 0, NULL, NULL) = 8
221766 recvfrom(26, "\5\0\0\0\0\0\0\0\0\0\0\0000\1\254\316@\202\207fi)!\360 \6C\36\267\220\240R"..., 36, 0, NULL, NULL) = 36
222824 sendto(6, "\256\0\0\0\0\0\0\0", 8, MSG_NOSIGNAL, NULL, 0 <unfinished ...>
221766 epoll_pwait(4, [{events=EPOLLIN, data={u32=1908816000, u64=125144370919552}}, {events=EPOLLOUT, data={u32=1908741504, u64=125144370845056}}], 1024, 8, NULL, 8) = 2
222824 <... sendto resumed>)            = 8
221766 read(18,  <unfinished ...>
222824 sendto(6, "\2\0\0\0\6\0\0\0\0\0\0\0random\0\0\300x\267\316@\202\207fi)!\360"..., 174, MSG_NOSIGNAL, NULL, 0 <unfinished ...>
221766 <... read resumed>"tick 4, sending 0x43237fe0062dd3"..., 8192) = 35
222824 <... sendto resumed>)            = 174
221766 futex(0x71d16ba02a68, FUTEX_WAKE_PRIVATE, 1) = 1
222828 <... futex resumed>)             = 0
222824 futex(0x5b6ee181fb58, FUTEX_WAIT_BITSET_PRIVATE, 4294967295, NULL, FUTEX_BITSET_MATCH_ANY <unfinished ...>
222828 write(19, "tick 4, sending 0x43237fe0062dd3"..., 35 <unfinished ...>
221766 epoll_pwait(4, [{events=EPOLLIN|EPOLLOUT, data={u32=1908614144, u64=125144370717696}}], 1024, 8, NULL, 8) = 1
222828 <... write resumed>)             = 35
221766 recvfrom(41,  <unfinished ...>
222828 futex(0x71d16da02a68, FUTEX_WAKE_PRIVATE, 1 <unfinished ...>
221766 <... recvfrom resumed>"\256\0\0\0\0\0\0\0", 8, 0, NULL, NULL) = 8
222828 <... futex resumed>)             = 1
221776 <... futex resumed>)             = 0
221766 recvfrom(41,  <unfinished ...>
222828 futex(0x71d16ba02a68, FUTEX_WAIT_PRIVATE, 1, {tv_sec=9, tv_nsec=999999749} <unfinished ...>
221776 futex(0x71d16c602a68, FUTEX_WAKE_PRIVATE, 1 <unfinished ...>
221781 <... futex resumed>)             = 0
221776 <... futex resumed>)             = 1
221766 <... recvfrom resumed>"\2\0\0\0\6\0\0\0\0\0\0\0random\0\0\300x\267\316@\202\207fi)!\360"..., 174, 0, NULL, NULL) = 174
221781 epoll_pwait(4,  <unfinished ...>
221776 futex(0x71d16be02a68, FUTEX_WAKE_PRIVATE, 1) = 1
221766 futex(0x71d171d022f8, FUTEX_WAKE_PRIVATE, 1 <unfinished ...>
222825 <... futex resumed>)             = 0
221776 futex(0x71d16da02a68, FUTEX_WAIT_PRIVATE, 1, NULL <unfinished ...>
221766 <... futex resumed>)             = 1
222825 fsync(19 <unfinished ...>
221765 <... futex resumed>)             = 0
221766 recvfrom(41, 0x71d171c53190, 8, 0, NULL, NULL) = -1 EAGAIN (Resource temporarily unavailable)
221765 futex(0x71d16da02a68, FUTEX_WAKE_PRIVATE, 1 <unfinished ...>
221766 sendto(31, "\272\0\0\0\0\0\0\0", 8, MSG_NOSIGNAL, NULL, 0 <unfinished ...>
221776 <... futex resumed>)             = 0
221765 <... futex resumed>)             = 1
221776 futex(0x71d16da02a68, FUTEX_WAIT_PRIVATE, 1, NULL <unfinished ...>
221766 <... sendto resumed>)            = 8
221765 futex(0x71d171d022f8, FUTEX_WAIT_PRIVATE, 1, NULL <unfinished ...>
222837 <... recvfrom resumed>"\272\0\0\0\0\0\0\0", 8, 0, NULL, NULL) = 8
221766 sendto(31, "\2\0\0\0\1\0\0\0\0\0\0\0\2\0\0\0\6\0\0\0\0\0\0\0random\0\0"..., 186, MSG_NOSIGNAL, NULL, 0 <unfinished ...>
222837 recvfrom(3,  <unfinished ...>
221766 <... sendto resumed>)            = 186
222837 <... recvfrom resumed>"\2\0\0\0\1\0\0\0\0\0\0\0\2\0\0\0\6\0\0\0\0\0\0\0random\0\0"..., 186, 0, NULL, NULL) = 186
221766 recvfrom(31, 0x71d171cfef80, 8, 0, NULL, NULL) = -1 EAGAIN (Resource temporarily unavailable)
221766 futex(0x71d170202a68, FUTEX_WAIT_PRIVATE, 1, NULL <unfinished ...>
222837 futex(0x5f8bde5beb58, FUTEX_WAKE_PRIVATE, 1) = 1
222827 <... futex resumed>)             = 0
222837 sendto(3, "$\0\0\0\0\0\0\0", 8, MSG_NOSIGNAL, NULL, 0) = 8
221781 <... epoll_pwait resumed>[{events=EPOLLIN|EPOLLOUT, data={u32=1908746368, u64=125144370849920}}], 1024, 8, NULL, 8) = 1
222837 sendto(3, "\5\0\0\0\0\0\0\0\0\0\0\0`1\351\316@\202\207f^| \275C\263E\34\237\234\244v"..., 36, MSG_NOSIGNAL, NULL, 0 <unfinished ...>
221781 recvfrom(31, "$\0\0\0\0\0\0\0", 8, 0, NULL, NULL) = 8
222837 <... sendto resumed>)            = 36
222827 sendto(6, "\375\0\0\0\0\0\0\0", 8, MSG_NOSIGNAL, NULL, 0 <unfinished ...>
222837 recvfrom(3,  <unfinished ...>
221781 recvfrom(31,  <unfinished ...>
222827 <... sendto resumed>)            = 8
221781 <... recvfrom resumed>"\5\0\0\0\0\0\0\0\0\0\0\0`1\351\316@\202\207f^| \275C\263E\34\237\234\244v"..., 36, 0, NULL, NULL) = 36
222827 sendto(6, "\2\0\0\0\6\0\0\0\0\0\0\0status\0\0\360\35\356\316@\202\207f^| \275"..., 253, MSG_NOSIGNAL, NULL, 0 <unfinished ...>
221781 epoll_pwait(4,  <unfinished ...>
222827 <... sendto resumed>)            = 253
221781 <... epoll_pwait resumed>[{events=EPOLLOUT, data={u32=1908746368, u64=125144370849920}}, {events=EPOLLIN|EPOLLOUT, data={u32=1908617728, u64=125144370721280}}], 1024, 7, NULL, 8) = 2
222827 futex(0x5f8bde5beb58, FUTEX_WAIT_BITSET_PRIVATE, 4294967295, NULL, FUTEX_BITSET_MATCH_ANY <unfinished ...>
221781 recvfrom(42, "\375\0\0\0\0\0\0\0", 8, 0, NULL, NULL) = 8
221781 recvfrom(42, "\2\0\0\0\6\0\0\0\0\0\0\0status\0\0\360\35\356\316@\202\207f^| \275"..., 253, 0, NULL, NULL) = 253
221781 futex(0x71d171d022f8, FUTEX_WAKE_PRIVATE, 1) = 1
221765 <... futex resumed>)             = 0
221781 recvfrom(42,  <unfinished ...>
221765 futex(0x71d16da02a68, FUTEX_WAKE_PRIVATE, 1 <unfinished ...>
221781 <... recvfrom resumed>0x71d171c53420, 8, 0, NULL, NULL) = -1 EAGAIN (Resource temporarily unavailable)
221765 <... futex resumed>)             = 1
221776 <... futex resumed>)             = 0
221781 sendto(35, "\n\1\0\0\0\0\0\0", 8, MSG_NOSIGNAL, NULL, 0 <unfinished ...>
221765 futex(0x71d171d022f8, FUTEX_WAIT_PRIVATE, 1, NULL <unfinished ...>
221776 epoll_pwait(4,  <unfinished ...>
221781 <... sendto resumed>)            = 8
222835 <... recvfrom resumed>"\n\1\0\0\0\0\0\0", 8, 0, NULL, NULL) = 8
221781 sendto(35, "\2\0\0\0\1\0\0\0\0\0\0\0\2\0\0\0\7\0\0\0\0\0\0\0message\0"..., 266, MSG_NOSIGNAL, NULL, 0 <unfinished ...>
222835 recvfrom(3,  <unfinished ...>
221781 <... sendto resumed>)            = 266
222835 <... recvfrom resumed>"\2\0\0\0\1\0\0\0\0\0\0\0\2\0\0\0\7\0\0\0\0\0\0\0message\0"..., 266, 0, NULL, NULL) = 266
221781 recvfrom(35, 0x71d171c53120, 8, 0, NULL, NULL) = -1 EAGAIN (Resource temporarily unavailable)
221781 futex(0x71d16c602a68, FUTEX_WAIT_PRIVATE, 1, NULL <unfinished ...>
222835 futex(0x5da72061eb58, FUTEX_WAKE_PRIVATE, 1) = 1
222829 <... futex resumed>)             = 0
222835 sendto(3, "$\0\0\0\0\0\0\0", 8, MSG_NOSIGNAL, NULL, 0) = 8
222829 write(1, "sink received message: operator "..., 87 <unfinished ...>
221776 <... epoll_pwait resumed>[{events=EPOLLIN|EPOLLOUT, data={u32=1908747904, u64=125144370851456}}], 1024, 7, NULL, 8) = 1
222835 sendto(3, "\5\0\0\0\0\0\0\0\0\0\0\0P\343\20\317@\202\207fi\310\340Bm:A\30\257%\16\346"..., 36, MSG_NOSIGNAL, NULL, 0 <unfinished ...>
222829 <... write resumed>)             = 87
221776 recvfrom(35,  <unfinished ...>
222835 <... sendto resumed>)            = 36
221776 <... recvfrom resumed>"$\0\0\0\0\0\0\0", 8, 0, NULL, NULL) = 8
222835 recvfrom(3,  <unfinished ...>
222829 futex(0x5da72061eb58, FUTEX_WAIT_BITSET_PRIVATE, 4294967295, NULL, FUTEX_BITSET_MATCH_ANY <unfinished ...>
221776 recvfrom(35, "\5\0\0\0\0\0\0\0\0\0\0\0P\343\20\317@\202\207fi\310\340Bm:A\30\257%\16\346"..., 36, 0, NULL, NULL) = 36
221776 epoll_pwait(4, [{events=EPOLLIN, data={u32=1908745088, u64=125144370848640}}, {events=EPOLLOUT, data={u32=1908747904, u64=125144370851456}}], 1024, 7, NULL, 8) = 2
221776 read(30, "sink received message: operator "..., 8192) = 87
221776 futex(0x71d16ba02a68, FUTEX_WAKE_PRIVATE, 1) = 1
222828 <... futex resumed>)             = 0
221776 epoll_pwait(4,  <unfinished ...>
222828 write(33, "sink received message: operator "..., 87) = 87
222828 write(5, "\1\0\0\0\0\0\0\0", 8)  = 8
221776 <... epoll_pwait resumed>[{events=EPOLLIN, data={u32=0, u64=0}}], 1024, 7, NULL, 8) = 1
222828 futex(0x71d16ba02a68, FUTEX_WAIT_PRIVATE, 1, {tv_sec=9, tv_nsec=999999780} <unfinished ...>
221776 futex(0x71d16c602a68, FUTEX_WAKE_PRIVATE, 1 <unfinished ...>
221781 <... futex resumed>)             = 0
221776 <... futex resumed>)             = 1
221781 epoll_pwait(4,  <unfinished ...>
221776 futex(0x71d16ba02a68, FUTEX_WAKE_PRIVATE, 1 <unfinished ...>
222828 <... futex resumed>)             = 0
221776 <... futex resumed>)             = 1
222828 fsync(33 <unfinished ...>
221776 futex(0x71d16da02a68, FUTEX_WAIT_PRIVATE, 1, NULL <unfinished ...>
222825 <... fsync resumed>)             = 0
222825 futex(0x71d16da02a68, FUTEX_WAKE_PRIVATE, 1) = 1
221776 <... futex resumed>)             = 0
222825 futex(0x71d16be02a68, FUTEX_WAIT_PRIVATE, 1, {tv_sec=9, tv_nsec=999999830} <unfinished ...>
221776 write(5, "\1\0\0\0\0\0\0\0", 8 <unfinished ...>
221781 <... epoll_pwait resumed>[{events=EPOLLIN, data={u32=0, u64=0}}], 1024, 7, NULL, 8) = 1
221776 <... write resumed>)             = 8
221781 epoll_pwait(4,  <unfinished ...>
221776 futex(0x71d16da02a68, FUTEX_WAIT_PRIVATE, 1, NULL <unfinished ...>
222828 <... fsync resumed>)             = 0
222828 futex(0x71d16da02a68, FUTEX_WAKE_PRIVATE, 1) = 1
221776 <... futex resumed>)             = 0
222828 futex(0x71d16ba02a68, FUTEX_WAIT_PRIVATE, 1, {tv_sec=9, tv_nsec=999999839} <unfinished ...>
221776 write(5, "\1\0\0\0\0\0\0\0", 8 <unfinished ...>
221781 <... epoll_pwait resumed>[{events=EPOLLIN, data={u32=0, u64=0}}], 1024, 6, NULL, 8) = 1
221776 <... write resumed>)             = 8
221781 epoll_pwait(4,  <unfinished ...>
221776 futex(0x71d16da02a68, FUTEX_WAIT_PRIVATE, 1, NULL <unfinished ...>
221781 <... epoll_pwait resumed>[], 1024, 4, NULL, 8) = 0
221781 epoll_pwait(4, [], 1024, 1, NULL, 8) = 0
221781 futex(0x71d171d022f8, FUTEX_WAKE_PRIVATE, 1) = 1
221765 <... futex resumed>)             = 0
221781 write(5, "\1\0\0\0\0\0\0\0", 8)  = 8
221765 futex(0x71d16da02a68, FUTEX_WAKE_PRIVATE, 1 <unfinished ...>
221781 sendto(26, "\224\0\0\0\0\0\0\0", 8, MSG_NOSIGNAL, NULL, 0 <unfinished ...>
221776 <... futex resumed>)             = 0
221765 <... futex resumed>)             = 1
221781 <... sendto resumed>)            = 8
221776 epoll_pwait(4,  <unfinished ...>
221765 futex(0x71d171d022f8, FUTEX_WAIT_PRIVATE, 1, NULL <unfinished ...>
222836 <... recvfrom resumed>"\224\0\0\0\0\0\0\0", 8, 0, NULL, NULL) = 8
221781 sendto(26, "\2\0\0\0\1\0\0\0\0\0\0\0\2\0\0\0\4\0\0\0\0\0\0\0tick\0\0000\6"..., 148, MSG_NOSIGNAL, NULL, 0 <unfinished ...>
221776 <... epoll_pwait resumed>[{events=EPOLLIN, data={u32=0, u64=0}}], 1024, 10, NULL, 8) = 1
222836 recvfrom(3,  <unfinished ...>
221781 <... sendto resumed>)            = 148
221776 epoll_pwait(4,  <unfinished ...>
221781 recvfrom(26,  <unfinished ...>
222836 <... recvfrom resumed>"\2\0\0\0\1\0\0\0\0\0\0\0\2\0\0\0\4\0\0\0\0\0\0\0tick\0\0000\6"..., 148, 0, NULL, NULL) = 148
221781 <... recvfrom resumed>0x71d171cfeea0, 8, 0, NULL, NULL) = -1 EAGAIN (Resource temporarily unavailable)
221781 futex(0x71d16c602a68, FUTEX_WAIT_PRIVATE, 1, NULL <unfinished ...>
222836 futex(0x5b6ee181fb58, FUTEX_WAKE_PRIVATE, 1) = 1
222824 <... futex resumed>)             = 0
222836 sendto(3, "$\0\0\0\0\0\0\0", 8, MSG_NOSIGNAL, NULL, 0 <unfinished ...>
222824 write(1, "tick 5, sending 0xb06e0e840f77d9"..., 35 <unfinished ...>
222836 <... sendto resumed>)            = 8
221776 <... epoll_pwait resumed>[{events=EPOLLIN|EPOLLOUT, data={u32=1908741504, u64=125144370845056}}], 1024, 10, NULL, 8) = 1
222836 sendto(3, "\5\0\0\0\0\0\0\0\0\0\0\0\320\3035\321@\202\207fi)!\360 \6C\36\267\220\240R"..., 36, MSG_NOSIGNAL, NULL, 0 <unfinished ...>
222824 <... write resumed>)             = 35
221776 recvfrom(26,  <unfinished ...>
222836 <... sendto resumed>)            = 36
221776 <... recvfrom resumed>"$\0\0\0\0\0\0\0", 8, 0, NULL, NULL) = 8
222836 recvfrom(3,  <unfinished ...>
221776 recvfrom(26,  <unfinished ...>
222824 sendto(6, "\256\0\0\0\0\0\0\0", 8, MSG_NOSIGNAL, NULL, 0 <unfinished ...>
221776 <... recvfrom resumed>"\5\0\0\0\0\0\0\0\0\0\0\0\320\3035\321@\202\207fi)!\360 \6C\36\267\220\240R"..., 36, 0, NULL, NULL) = 36
222824 <... sendto resumed>)            = 8
221776 epoll_pwait(4,  <unfinished ...>
222824 sendto(6, "\2\0\0\0\6\0\0\0\0\0\0\0random\0\0\340\364=\321@\202\207fi)!\360"..., 174, MSG_NOSIGNAL, NULL, 0 <unfinished ...>
221776 <... epoll_pwait resumed>[{events=EPOLLIN, data={u32=1908816000, u64=125144370919552}}, {events=EPOLLOUT, data={u32=1908741504, u64=125144370845056}}, {events=EPOLLIN|EPOLLOUT, data={u32=1908614144, u64=125144370717696}}], 1024, 9, NULL, 8) = 3
222824 <... sendto resumed>)            = 174
221776 futex(0x71d16c602a68, FUTEX_WAKE_PRIVATE, 1 <unfinished ...>
222824 futex(0x5b6ee181fb58, FUTEX_WAIT_BITSET_PRIVATE, 4294967295, NULL, FUTEX_BITSET_MATCH_ANY <unfinished ...>
221781 <... futex resumed>)             = 0
221776 <... futex resumed>)             = 1
221781 futex(0x71d170202a68, FUTEX_WAKE_PRIVATE, 1 <unfinished ...>
221776 recvfrom(41,  <unfinished ...>
221781 <... futex resumed>)             = 1
221776 <... recvfrom resumed>"\256\0\0\0\0\0\0\0", 8, 0, NULL, NULL) = 8
221766 <... futex resumed>)             = 0
221781 read(18,  <unfinished ...>
221776 recvfrom(41,  <unfinished ...>
221781 <... read resumed>"tick 5, sending 0xb06e0e840f77d9"..., 8192) = 35
221766 epoll_pwait(4,  <unfinished ...>
221776 <... recvfrom resumed>"\2\0\0\0\6\0\0\0\0\0\0\0random\0\0\340\364=\321@\202\207fi)!\360"..., 174, 0, NULL, NULL) = 174
221781 futex(0x71d16be02a68, FUTEX_WAKE_PRIVATE, 1 <unfinished ...>
221766 <... epoll_pwait resumed>[{events=EPOLLOUT, data={u32=1908614144, u64=125144370717696}}], 1024, 9, NULL, 8) = 1
221781 <... futex resumed>)             = 1
221776 futex(0x71d171d022f8, FUTEX_WAKE_PRIVATE, 1 <unfinished ...>
222825 <... futex resumed>)             = 0
221781 futex(0x71d16c602a68, FUTEX_WAIT_PRIVATE, 1, NULL <unfinished ...>
221766 epoll_pwait(4,  <unfinished ...>
222825 write(19, "tick 5, sending 0xb06e0e840f77d9"..., 35 <unfinished ...>
221776 <... futex resumed>)             = 1
221765 <... futex resumed>)             = 0
222825 <... write resumed>)             = 35
221776 recvfrom(41,  <unfinished ...>
221765 futex(0x71d16c602a68, FUTEX_WAKE_PRIVATE, 1 <unfinished ...>
222825 futex(0x71d16be02a68, FUTEX_WAIT_PRIVATE, 1, {tv_sec=9, tv_nsec=999999790} <unfinished ...>
221776 <... recvfrom resumed>0x71d171cfef80, 8, 0, NULL, NULL) = -1 EAGAIN (Resource temporarily unavailable)
221781 <... futex resumed>)             = 0
221765 <... futex resumed>)             = 1
221781 write(5, "\1\0\0\0\0\0\0\0", 8 <unfinished ...>
221776 sendto(31, "\272\0\0\0\0\0\0\0", 8, MSG_NOSIGNAL, NULL, 0 <unfinished ...>
221781 <... write resumed>)             = 8
221766 <... epoll_pwait resumed>[{events=EPOLLIN, data={u32=0, u64=0}}], 1024, 9, NULL, 8) = 1
221765 futex(0x71d171d022f8, FUTEX_WAIT_PRIVATE, 1, NULL <unfinished ...>
221781 futex(0x71d16ba02a68, FUTEX_WAKE_PRIVATE, 1 <unfinished ...>
221776 <... sendto resumed>)            = 8
222837 <... recvfrom resumed>"\272\0\0\0\0\0\0\0", 8, 0, NULL, NULL) = 8
221781 <... futex resumed>)             = 1
221766 epoll_pwait(4,  <unfinished ...>
222828 <... futex resumed>)             = 0
221781 futex(0x71d16c602a68, FUTEX_WAIT_PRIVATE, 1, NULL <unfinished ...>
221776 sendto(31, "\2\0\0\0\1\0\0\0\0\0\0\0\2\0\0\0\6\0\0\0\0\0\0\0random\0\0"..., 186, MSG_NOSIGNAL, NULL, 0 <unfinished ...>
222837 recvfrom(3,  <unfinished ...>
222828 fsync(19 <unfinished ...>
221776 <... sendto resumed>)            = 186
222837 <... recvfrom resumed>"\2\0\0\0\1\0\0\0\0\0\0\0\2\0\0\0\6\0\0\0\0\0\0\0random\0\0"..., 186, 0, NULL, NULL) = 186
221776 recvfrom(31, 0x71d171c53120, 8, 0, NULL, NULL) = -1 EAGAIN (Resource temporarily unavailable)
221776 futex(0x71d16da02a68, FUTEX_WAIT_PRIVATE, 1, NULL <unfinished ...>
222837 futex(0x5f8bde5beb58, FUTEX_WAKE_PRIVATE, 1) = 1
222827 <... futex resumed>)             = 0
222837 sendto(3, "$\0\0\0\0\0\0\0", 8, MSG_NOSIGNAL, NULL, 0) = 8
221766 <... epoll_pwait resumed>[{events=EPOLLIN|EPOLLOUT, data={u32=1908746368, u64=125144370849920}}], 1024, 9, NULL, 8) = 1
222837 sendto(3, "\5\0\0\0\0\0\0\0\0\0\0\0\320\250c\321@\202\207f^| \275C\263E\34\237\234\244v"..., 36, MSG_NOSIGNAL, NULL, 0 <unfinished ...>
221766 recvfrom(31,  <unfinished ...>
222837 <... sendto resumed>)            = 36
221766 <... recvfrom resumed>"$\0\0\0\0\0\0\0", 8, 0, NULL, NULL) = 8
222837 recvfrom(3,  <unfinished ...>
222827 sendto(6, "\375\0\0\0\0\0\0\0", 8, MSG_NOSIGNAL, NULL, 0 <unfinished ...>
221766 recvfrom(31,  <unfinished ...>
222827 <... sendto resumed>)            = 8
221766 <... recvfrom resumed>"\5\0\0\0\0\0\0\0\0\0\0\0\320\250c\321@\202\207f^| \275C\263E\34\237\234\244v"..., 36, 0, NULL, NULL) = 36
222827 sendto(6, "\2\0\0\0\6\0\0\0\0\0\0\0status\0\0 ~h\321@\202\207f^| \275"..., 253, MSG_NOSIGNAL, NULL, 0 <unfinished ...>
221766 epoll_pwait(4,  <unfinished ...>
222827 <... sendto resumed>)            = 253
221766 <... epoll_pwait resumed>[{events=EPOLLOUT, data={u32=1908746368, u64=125144370849920}}, {events=EPOLLIN|EPOLLOUT, data={u32=1908617728, u64=125144370721280}}], 1024, 9, NULL, 8) = 2
221766 recvfrom(42,  <unfinished ...>
222827 futex(0x5f8bde5beb58, FUTEX_WAIT_BITSET_PRIVATE, 4294967295, NULL, FUTEX_BITSET_MATCH_ANY <unfinished ...>
221766 <... recvfrom resumed>"\375\0\0\0\0\0\0\0", 8, 0, NULL, NULL) = 8
221766 recvfrom(42, "\2\0\0\0\6\0\0\0\0\0\0\0status\0\0 ~h\321@\202\207f^| \275"..., 253, 0, NULL, NULL) = 253
221766 futex(0x71d171d022f8, FUTEX_WAKE_PRIVATE, 1) = 1
221765 <... futex resumed>)             = 0
221766 recvfrom(42,  <unfinished ...>
221765 futex(0x71d16c602a68, FUTEX_WAKE_PRIVATE, 1 <unfinished ...>
221766 <... recvfrom resumed>0x71d171c53190, 8, 0, NULL, NULL) = -1 EAGAIN (Resource temporarily unavailable)
221781 <... futex resumed>)             = 0
221765 <... futex resumed>)             = 1
221781 epoll_pwait(4,  <unfinished ...>
221766 sendto(35, "\n\1\0\0\0\0\0\0", 8, MSG_NOSIGNAL, NULL, 0 <unfinished ...>
221765 futex(0x71d171d022f8, FUTEX_WAIT_PRIVATE, 1, NULL <unfinished ...>
221766 <... sendto resumed>)            = 8
222835 <... recvfrom resumed>"\n\1\0\0\0\0\0\0", 8, 0, NULL, NULL) = 8
221766 sendto(35, "\2\0\0\0\1\0\0\0\0\0\0\0\2\0\0\0\7\0\0\0\0\0\0\0message\0"..., 266, MSG_NOSIGNAL, NULL, 0 <unfinished ...>
222835 recvfrom(3,  <unfinished ...>
221766 <... sendto resumed>)            = 266
222835 <... recvfrom resumed>"\2\0\0\0\1\0\0\0\0\0\0\0\2\0\0\0\7\0\0\0\0\0\0\0message\0"..., 266, 0, NULL, NULL) = 266
221766 recvfrom(35, 0x71d171cfeea0, 8, 0, NULL, NULL) = -1 EAGAIN (Resource temporarily unavailable)
221766 futex(0x71d170202a68, FUTEX_WAIT_PRIVATE, 1, NULL <unfinished ...>
222835 futex(0x5da72061eb58, FUTEX_WAKE_PRIVATE, 1) = 1
222829 <... futex resumed>)             = 0
222835 sendto(3, "$\0\0\0\0\0\0\0", 8, MSG_NOSIGNAL, NULL, 0) = 8
222829 write(1, "sink received message: operator "..., 87 <unfinished ...>
221781 <... epoll_pwait resumed>[{events=EPOLLIN|EPOLLOUT, data={u32=1908747904, u64=125144370851456}}], 1024, 9, NULL, 8) = 1
222835 sendto(3, "\5\0\0\0\0\0\0\0\0\0\0\0\200\262\211\321@\202\207fi\310\340Bm:A\30\257%\16\346"..., 36, MSG_NOSIGNAL, NULL, 0 <unfinished ...>
222829 <... write resumed>)             = 87
221781 recvfrom(35,  <unfinished ...>
222835 <... sendto resumed>)            = 36
221781 <... recvfrom resumed>"$\0\0\0\0\0\0\0", 8, 0, NULL, NULL) = 8
222835 recvfrom(3,  <unfinished ...>
222829 futex(0x5da72061eb58, FUTEX_WAIT_BITSET_PRIVATE, 4294967295, NULL, FUTEX_BITSET_MATCH_ANY <unfinished ...>
221781 recvfrom(35, "\5\0\0\0\0\0\0\0\0\0\0\0\200\262\211\321@\202\207fi\310\340Bm:A\30\257%\16\346"..., 36, 0, NULL, NULL) = 36
221781 epoll_pwait(4, [{events=EPOLLIN, data={u32=1908745088, u64=125144370848640}}, {events=EPOLLOUT, data={u32=1908747904, u64=125144370851456}}], 1024, 8, NULL, 8) = 2
221781 read(30, "sink received message: operator "..., 8192) = 87
221781 futex(0x71d16be02a68, FUTEX_WAKE_PRIVATE, 1) = 1
222825 <... futex resumed>)             = 0
221781 epoll_pwait(4,  <unfinished ...>
222825 write(33, "sink received message: operator "..., 87) = 87
222825 write(5, "\1\0\0\0\0\0\0\0", 8)  = 8
221781 <... epoll_pwait resumed>[{events=EPOLLIN, data={u32=0, u64=0}}], 1024, 8, NULL, 8) = 1
222825 futex(0x71d16be02a68, FUTEX_WAIT_PRIVATE, 1, {tv_sec=9, tv_nsec=999999810} <unfinished ...>
221781 futex(0x71d170202a68, FUTEX_WAKE_PRIVATE, 1) = 1
221766 <... futex resumed>)             = 0
221781 futex(0x71d16be02a68, FUTEX_WAKE_PRIVATE, 1 <unfinished ...>
221766 epoll_pwait(4,  <unfinished ...>
221781 <... futex resumed>)             = 1
222825 <... futex resumed>)             = 0
221781 futex(0x71d16c602a68, FUTEX_WAIT_PRIVATE, 1, NULL <unfinished ...>
222825 fsync(33 <unfinished ...>
222828 <... fsync resumed>)             = 0
222828 futex(0x71d16c602a68, FUTEX_WAKE_PRIVATE, 1) = 1
221781 <... futex resumed>)             = 0
222828 futex(0x71d16ba02a68, FUTEX_WAIT_PRIVATE, 1, {tv_sec=9, tv_nsec=999999890} <unfinished ...>
221781 write(5, "\1\0\0\0\0\0\0\0", 8)  = 8
221766 <... epoll_pwait resumed>[{events=EPOLLIN, data={u32=0, u64=0}}], 1024, 8, NULL, 8) = 1
221781 futex(0x71d16c602a68, FUTEX_WAIT_PRIVATE, 1, NULL <unfinished ...>
221766 epoll_pwait(4,  <unfinished ...>
222825 <... fsync resumed>)             = 0
222825 write(5, "\1\0\0\0\0\0\0\0", 8)  = 8
221766 <... epoll_pwait resumed>[{events=EPOLLIN, data={u32=0, u64=0}}], 1024, 7, NULL, 8) = 1
222825 futex(0x71d16be02a68, FUTEX_WAIT_PRIVATE, 1, {tv_sec=9, tv_nsec=999999709} <unfinished ...>
221766 futex(0x71d16c602a68, FUTEX_WAKE_PRIVATE, 1 <unfinished ...>
221781 <... futex resumed>)             = 0
221766 <... futex resumed>)             = 1
221781 epoll_pwait(4,  <unfinished ...>
221766 futex(0x71d170202a68, FUTEX_WAIT_PRIVATE, 1, NULL <unfinished ...>
221781 <... epoll_pwait resumed>[], 1024, 5, NULL, 8) = 0
221781 futex(0x71d171d022f8, FUTEX_WAKE_PRIVATE, 1) = 1
221765 <... futex resumed>)             = 0
221781 write(5, "\1\0\0\0\0\0\0\0", 8 <unfinished ...>
221765 futex(0x71d170202a68, FUTEX_WAKE_PRIVATE, 1 <unfinished ...>
221781 <... write resumed>)             = 8
221765 <... futex resumed>)             = 1
221766 <... futex resumed>)             = 0
221781 sendto(26, "\224\0\0\0\0\0\0\0", 8, MSG_NOSIGNAL, NULL, 0 <unfinished ...>
221765 futex(0x71d171d022f8, FUTEX_WAIT_PRIVATE, 1, NULL <unfinished ...>
221766 epoll_pwait(4, [{events=EPOLLIN, data={u32=0, u64=0}}], 1024, 10, NULL, 8) = 1
222836 <... recvfrom resumed>"\224\0\0\0\0\0\0\0", 8, 0, NULL, NULL) = 8
221781 <... sendto resumed>)            = 8
221766 epoll_pwait(4,  <unfinished ...>
221781 sendto(26, "\2\0\0\0\1\0\0\0\0\0\0\0\2\0\0\0\4\0\0\0\0\0\0\0tick\0\0\240\270"..., 148, MSG_NOSIGNAL, NULL, 0 <unfinished ...>
222836 recvfrom(3,  <unfinished ...>
221781 <... sendto resumed>)            = 148
222836 <... recvfrom resumed>"\2\0\0\0\1\0\0\0\0\0\0\0\2\0\0\0\4\0\0\0\0\0\0\0tick\0\0\240\270"..., 148, 0, NULL, NULL) = 148
221781 recvfrom(26, 0x71d171c53420, 8, 0, NULL, NULL) = -1 EAGAIN (Resource temporarily unavailable)
221781 futex(0x71d16c602a68, FUTEX_WAIT_PRIVATE, 1, NULL <unfinished ...>
222836 futex(0x5b6ee181fb58, FUTEX_WAKE_PRIVATE, 1) = 1
222824 <... futex resumed>)             = 0
222836 sendto(3, "$\0\0\0\0\0\0\0", 8, MSG_NOSIGNAL, NULL, 0 <unfinished ...>
222824 write(1, "tick 6, sending 0x1669bc9f875d06"..., 35 <unfinished ...>
222836 <... sendto resumed>)            = 8
222824 <... write resumed>)             = 35
