221766 <... epoll_pwait resumed>[{events=EPOLLIN, data={u32=1908816000, u64=125144370919552}}, {events=EPOLLIN|EPOLLOUT, data={u32=1908741504, u64=125144370845056}}], 1024, 10, NULL, 8) = 2
222836 sendto(3, "\5\0\0\0\0\0\0\0\0\0\0\0\200(\322\323@\202\207fi)!\360 \6C\36\267\220\240R"..., 36, MSG_NOSIGNAL, NULL, 0 <unfinished ...>
221766 futex(0x71d16c602a68, FUTEX_WAKE_PRIVATE, 1 <unfinished ...>
222836 <... sendto resumed>)            = 36
221766 <... futex resumed>)             = 1
222824 sendto(6, "\256\0\0\0\0\0\0\0", 8, MSG_NOSIGNAL, NULL, 0 <unfinished ...>
221781 <... futex resumed>)             = 0
222836 recvfrom(3,  <unfinished ...>
221766 recvfrom(26,  <unfinished ...>
221781 futex(0x71d16da02a68, FUTEX_WAKE_PRIVATE, 1 <unfinished ...>
222824 <... sendto resumed>)            = 8
221781 <... futex resumed>)             = 1
221766 <... recvfrom resumed>"$\0\0\0\0\0\0\0", 8, 0, NULL, NULL) = 8
222824 sendto(6, "\2\0\0\0\6\0\0\0\0\0\0\0random\0\0 o\333\323@\202\207fi)!\360"..., 174, MSG_NOSIGNAL, NULL, 0 <unfinished ...>
221781 read(18,  <unfinished ...>
221776 <... futex resumed>)             = 0
221766 recvfrom(26,  <unfinished ...>
222824 <... sendto resumed>)            = 174
221781 <... read resumed>"tick 6, sending 0x1669bc9f875d06"..., 8192) = 35
221776 epoll_pwait(4,  <unfinished ...>
221766 <... recvfrom resumed>"\5\0\0\0\0\0\0\0\0\0\0\0\200(\322\323@\202\207fi)!\360 \6C\36\267\220\240R"..., 36, 0, NULL, NULL) = 36
222824 futex(0x5b6ee181fb58, FUTEX_WAIT_BITSET_PRIVATE, 4294967295, NULL, FUTEX_BITSET_MATCH_ANY <unfinished ...>
221781 futex(0x71d16ba02a68, FUTEX_WAKE_PRIVATE, 1 <unfinished ...>
221776 <... epoll_pwait resumed>[{events=EPOLLOUT, data={u32=1908741504, u64=125144370845056}}, {events=EPOLLIN|EPOLLOUT, data={u32=1908614144, u64=125144370717696}}], 1024, 9, NULL, 8) = 2
221781 <... futex resumed>)             = 1
221766 futex(0x71d170202a68, FUTEX_WAIT_PRIVATE, 1, NULL <unfinished ...>
222828 <... futex resumed>)             = 0
221776 recvfrom(41,  <unfinished ...>
221781 epoll_pwait(4,  <unfinished ...>
222828 write(19, "tick 6, sending 0x1669bc9f875d06"..., 35 <unfinished ...>
221776 <... recvfrom resumed>"\256\0\0\0\0\0\0\0", 8, 0, NULL, NULL) = 8
222828 <... write resumed>)             = 35
221776 recvfrom(41,  <unfinished ...>
222828 write(5, "\1\0\0\0\0\0\0\0", 8)  = 8
221776 <... recvfrom resumed>"\2\0\0\0\6\0\0\0\0\0\0\0random\0\0 o\333\323@\202\207fi)!\360"..., 174, 0, NULL, NULL) = 174
222828 futex(0x71d16ba02a68, FUTEX_WAIT_PRIVATE, 1, {tv_sec=9, tv_nsec=999999539} <unfinished ...>
221781 <... epoll_pwait resumed>[{events=EPOLLIN, data={u32=0, u64=0}}], 1024, 9, NULL, 8) = 1
221776 futex(0x71d171d022f8, FUTEX_WAKE_PRIVATE, 1 <unfinished ...>
221781 futex(0x71d170202a68, FUTEX_WAKE_PRIVATE, 1 <unfinished ...>
221776 <... futex resumed>)             = 1
221781 <... futex resumed>)             = 1
221766 <... futex resumed>)             = 0
221765 <... futex resumed>)             = 0
221776 recvfrom(41,  <unfinished ...>
221781 futex(0x71d16be02a68, FUTEX_WAKE_PRIVATE, 1 <unfinished ...>
221766 epoll_pwait(4,  <unfinished ...>
221776 <... recvfrom resumed>0x71d171c53120, 8, 0, NULL, NULL) = -1 EAGAIN (Resource temporarily unavailable)
221781 <... futex resumed>)             = 1
221765 write(5, "\1\0\0\0\0\0\0\0", 8 <unfinished ...>
222825 <... futex resumed>)             = 0
221781 futex(0x71d16c602a68, FUTEX_WAIT_PRIVATE, 1, NULL <unfinished ...>
221776 sendto(31, "\272\0\0\0\0\0\0\0", 8, MSG_NOSIGNAL, NULL, 0 <unfinished ...>
222825 fsync(19 <unfinished ...>
221766 <... epoll_pwait resumed>[{events=EPOLLIN, data={u32=0, u64=0}}], 1024, 9, NULL, 8) = 1
221765 <... write resumed>)             = 8
221776 <... sendto resumed>)            = 8
222837 <... recvfrom resumed>"\272\0\0\0\0\0\0\0", 8, 0, NULL, NULL) = 8
221766 epoll_pwait(4,  <unfinished ...>
221765 futex(0x71d171d022f8, FUTEX_WAIT_PRIVATE, 1, NULL <unfinished ...>
221776 sendto(31, "\2\0\0\0\1\0\0\0\0\0\0\0\2\0\0\0\6\0\0\0\0\0\0\0random\0\0"..., 186, MSG_NOSIGNAL, NULL, 0 <unfinished ...>
222837 recvfrom(3,  <unfinished ...>
221776 <... sendto resumed>)            = 186
222837 <... recvfrom resumed>"\2\0\0\0\1\0\0\0\0\0\0\0\2\0\0\0\6\0\0\0\0\0\0\0random\0\0"..., 186, 0, NULL, NULL) = 186
221776 recvfrom(31, 0x71d171cfeea0, 8, 0, NULL, NULL) = -1 EAGAIN (Resource temporarily unavailable)
221776 futex(0x71d16da02a68, FUTEX_WAIT_PRIVATE, 1, NULL <unfinished ...>
222837 futex(0x5f8bde5beb58, FUTEX_WAKE_PRIVATE, 1) = 1
222827 <... futex resumed>)             = 0
222837 sendto(3, "$\0\0\0\0\0\0\0", 8, MSG_NOSIGNAL, NULL, 0) = 8
221766 <... epoll_pwait resumed>[{events=EPOLLIN|EPOLLOUT, data={u32=1908746368, u64=125144370849920}}], 1024, 9, NULL, 8) = 1
222837 sendto(3, "\5\0\0\0\0\0\0\0\0\0\0\0\300u\r\324@\202\207f^| \275C\263E\34\237\234\244v"..., 36, MSG_NOSIGNAL, NULL, 0 <unfinished ...>
221766 recvfrom(31, "$\0\0\0\0\0\0\0", 8, 0, NULL, NULL) = 8
222837 <... sendto resumed>)            = 36
222827 sendto(6, "\375\0\0\0\0\0\0\0", 8, MSG_NOSIGNAL, NULL, 0 <unfinished ...>
221766 recvfrom(31,  <unfinished ...>
222837 recvfrom(3,  <unfinished ...>
221766 <... recvfrom resumed>"\5\0\0\0\0\0\0\0\0\0\0\0\300u\r\324@\202\207f^| \275C\263E\34\237\234\244v"..., 36, 0, NULL, NULL) = 36
222827 <... sendto resumed>)            = 8
222827 sendto(6, "\2\0\0\0\6\0\0\0\0\0\0\0status\0\0\320\334\22\324@\202\207f^| \275"..., 253, MSG_NOSIGNAL, NULL, 0 <unfinished ...>
221766 epoll_pwait(4,  <unfinished ...>
222827 <... sendto resumed>)            = 253
221766 <... epoll_pwait resumed>[{events=EPOLLOUT, data={u32=1908746368, u64=125144370849920}}, {events=EPOLLIN|EPOLLOUT, data={u32=1908617728, u64=125144370721280}}], 1024, 8, NULL, 8) = 2
221766 recvfrom(42,  <unfinished ...>
222827 futex(0x5f8bde5beb58, FUTEX_WAIT_BITSET_PRIVATE, 4294967295, NULL, FUTEX_BITSET_MATCH_ANY <unfinished ...>
221766 <... recvfrom resumed>"\375\0\0\0\0\0\0\0", 8, 0, NULL, NULL) = 8
221766 recvfrom(42, "\2\0\0\0\6\0\0\0\0\0\0\0status\0\0\320\334\22\324@\202\207f^| \275"..., 253, 0, NULL, NULL) = 253
221766 futex(0x71d171d022f8, FUTEX_WAKE_PRIVATE, 1) = 1
221765 <... futex resumed>)             = 0
221766 recvfrom(42, 0x71d171cfef80, 8, 0, NULL, NULL) = -1 EAGAIN (Resource temporarily unavailable)
221765 futex(0x71d16da02a68, FUTEX_WAKE_PRIVATE, 1 <unfinished ...>
221766 sendto(35, "\n\1\0\0\0\0\0\0", 8, MSG_NOSIGNAL, NULL, 0 <unfinished ...>
221776 <... futex resumed>)             = 0
221765 <... futex resumed>)             = 1
221776 epoll_pwait(4,  <unfinished ...>
221766 <... sendto resumed>)            = 8
221765 futex(0x71d171d022f8, FUTEX_WAIT_PRIVATE, 1, NULL <unfinished ...>
222835 <... recvfrom resumed>"\n\1\0\0\0\0\0\0", 8, 0, NULL, NULL) = 8
221776 <... epoll_pwait resumed>[{events=EPOLLOUT, data={u32=1908617728, u64=125144370721280}}], 1024, 8, NULL, 8) = 1
221766 sendto(35, "\2\0\0\0\1\0\0\0\0\0\0\0\2\0\0\0\7\0\0\0\0\0\0\0message\0"..., 266, MSG_NOSIGNAL, NULL, 0 <unfinished ...>
222835 recvfrom(3,  <unfinished ...>
221776 epoll_pwait(4,  <unfinished ...>
221766 <... sendto resumed>)            = 266
222835 <... recvfrom resumed>"\2\0\0\0\1\0\0\0\0\0\0\0\2\0\0\0\7\0\0\0\0\0\0\0message\0"..., 266, 0, NULL, NULL) = 266
221766 recvfrom(35, 0x71d171c53420, 8, 0, NULL, NULL) = -1 EAGAIN (Resource temporarily unavailable)
221766 futex(0x71d170202a68, FUTEX_WAIT_PRIVATE, 1, NULL <unfinished ...>
222835 futex(0x5da72061eb58, FUTEX_WAKE_PRIVATE, 1) = 1
222829 <... futex resumed>)             = 0
222835 sendto(3, "$\0\0\0\0\0\0\0", 8, MSG_NOSIGNAL, NULL, 0) = 8
222829 write(1, "sink received message: operator "..., 87 <unfinished ...>
221776 <... epoll_pwait resumed>[{events=EPOLLIN|EPOLLOUT, data={u32=1908747904, u64=125144370851456}}], 1024, 8, NULL, 8) = 1
222835 sendto(3, "\5\0\0\0\0\0\0\0\0\0\0\0p\f5\324@\202\207fi\310\340Bm:A\30\257%\16\346"..., 36, MSG_NOSIGNAL, NULL, 0 <unfinished ...>
222829 <... write resumed>)             = 87
221776 recvfrom(35,  <unfinished ...>
222835 <... sendto resumed>)            = 36
221776 <... recvfrom resumed>"$\0\0\0\0\0\0\0", 8, 0, NULL, NULL) = 8
222835 recvfrom(3,  <unfinished ...>
222829 futex(0x5da72061eb58, FUTEX_WAIT_BITSET_PRIVATE, 4294967295, NULL, FUTEX_BITSET_MATCH_ANY <unfinished ...>
221776 recvfrom(35, "\5\0\0\0\0\0\0\0\0\0\0\0p\f5\324@\202\207fi\310\340Bm:A\30\257%\16\346"..., 36, 0, NULL, NULL) = 36
221776 epoll_pwait(4, [{events=EPOLLIN, data={u32=1908745088, u64=125144370848640}}, {events=EPOLLOUT, data={u32=1908747904, u64=125144370851456}}], 1024, 8, NULL, 8) = 2
221776 read(30, "sink received message: operator "..., 8192) = 87
221776 futex(0x71d16ba02a68, FUTEX_WAKE_PRIVATE, 1) = 1
222828 <... futex resumed>)             = 0
221776 epoll_pwait(4,  <unfinished ...>
222828 write(33, "sink received message: operator "..., 87) = 87
222828 write(5, "\1\0\0\0\0\0\0\0", 8)  = 8
221776 <... epoll_pwait resumed>[{events=EPOLLIN, data={u32=0, u64=0}}], 1024, 8, NULL, 8) = 1
222828 futex(0x71d16ba02a68, FUTEX_WAIT_PRIVATE, 1, {tv_sec=9, tv_nsec=999999850} <unfinished ...>
221776 futex(0x71d170202a68, FUTEX_WAKE_PRIVATE, 1) = 1
221766 <... futex resumed>)             = 0
221776 futex(0x71d16ba02a68, FUTEX_WAKE_PRIVATE, 1 <unfinished ...>
221766 epoll_pwait(4,  <unfinished ...>
221776 <... futex resumed>)             = 1
222828 <... futex resumed>)             = 0
221776 futex(0x71d16da02a68, FUTEX_WAIT_PRIVATE, 1, NULL <unfinished ...>
222828 fsync(33 <unfinished ...>
222825 <... fsync resumed>)             = 0
222825 futex(0x71d16da02a68, FUTEX_WAKE_PRIVATE, 1) = 1
221776 <... futex resumed>)             = 0
222825 futex(0x71d16be02a68, FUTEX_WAIT_PRIVATE, 1, {tv_sec=9, tv_nsec=999999860} <unfinished ...>
221776 write(5, "\1\0\0\0\0\0\0\0", 8)  = 8
221766 <... epoll_pwait resumed>[{events=EPOLLIN, data={u32=0, u64=0}}], 1024, 8, NULL, 8) = 1
221776 futex(0x71d16da02a68, FUTEX_WAIT_PRIVATE, 1, NULL <unfinished ...>
221766 epoll_pwait(4,  <unfinished ...>
222828 <... fsync resumed>)             = 0
222828 write(5, "\1\0\0\0\0\0\0\0", 8)  = 8
221766 <... epoll_pwait resumed>[{events=EPOLLIN, data={u32=0, u64=0}}], 1024, 7, NULL, 8) = 1
222828 futex(0x71d16ba02a68, FUTEX_WAIT_PRIVATE, 1, {tv_sec=9, tv_nsec=999999780} <unfinished ...>
221766 futex(0x71d16da02a68, FUTEX_WAKE_PRIVATE, 1 <unfinished ...>
221776 <... futex resumed>)             = 0
221766 <... futex resumed>)             = 1
221776 epoll_pwait(4,  <unfinished ...>
221766 futex(0x71d170202a68, FUTEX_WAIT_PRIVATE, 1, NULL <unfinished ...>
221776 <... epoll_pwait resumed>[], 1024, 5, NULL, 8) = 0
221776 futex(0x71d171d022f8, FUTEX_WAKE_PRIVATE, 1) = 1
221765 <... futex resumed>)             = 0
221776 write(5, "\1\0\0\0\0\0\0\0", 8 <unfinished ...>
221765 futex(0x71d170202a68, FUTEX_WAKE_PRIVATE, 1 <unfinished ...>
221776 <... write resumed>)             = 8
221765 <... futex resumed>)             = 1
221766 <... futex resumed>)             = 0
221776 sendto(26, "\224\0\0\0\0\0\0\0", 8, MSG_NOSIGNAL, NULL, 0 <unfinished ...>
221766 epoll_pwait(4,  <unfinished ...>
221765 futex(0x71d171d022f8, FUTEX_WAIT_PRIVATE, 1, NULL <unfinished ...>
221776 <... sendto resumed>)            = 8
221766 <... epoll_pwait resumed>[{events=EPOLLIN, data={u32=0, u64=0}}], 1024, 10, NULL, 8) = 1
222836 <... recvfrom resumed>"\224\0\0\0\0\0\0\0", 8, 0, NULL, NULL) = 8
221776 sendto(26, "\2\0\0\0\1\0\0\0\0\0\0\0\2\0\0\0\4\0\0\0\0\0\0\0tick\0\0`w"..., 148, MSG_NOSIGNAL, NULL, 0 <unfinished ...>
222836 recvfrom(3,  <unfinished ...>
221766 epoll_pwait(4,  <unfinished ...>
221776 <... sendto resumed>)            = 148
222836 <... recvfrom resumed>"\2\0\0\0\1\0\0\0\0\0\0\0\2\0\0\0\4\0\0\0\0\0\0\0tick\0\0`w"..., 148, 0, NULL, NULL) = 148
221776 recvfrom(26, 0x71d171c53190, 8, 0, NULL, NULL) = -1 EAGAIN (Resource temporarily unavailable)
221776 futex(0x71d16da02a68, FUTEX_WAIT_PRIVATE, 1, NULL <unfinished ...>
222836 futex(0x5b6ee181fb58, FUTEX_WAKE_PRIVATE, 1) = 1
222824 <... futex resumed>)             = 0
222836 sendto(3, "$\0\0\0\0\0\0\0", 8, MSG_NOSIGNAL, NULL, 0 <unfinished ...>
222824 write(1, "tick 7, sending 0xa76af4908f498b"..., 35 <unfinished ...>
222836 <... sendto resumed>)            = 8
222824 <... write resumed>)             = 35
221766 <... epoll_pwait resumed>[{events=EPOLLIN|EPOLLOUT, data={u32=1908741504, u64=125144370845056}}, {events=EPOLLIN, data={u32=1908816000, u64=125144370919552}}], 1024, 10, NULL, 8) = 2
222836 sendto(3, "\5\0\0\0\0\0\0\0\0\0\0\0\300\352W\326@\202\207fi)!\360 \6C\36\267\220\240R"..., 36, MSG_NOSIGNAL, NULL, 0 <unfinished ...>
221766 futex(0x71d16da02a68, FUTEX_WAKE_PRIVATE, 1 <unfinished ...>
222836 <... sendto resumed>)            = 36
222824 sendto(6, "\256\0\0\0\0\0\0\0", 8, MSG_NOSIGNAL, NULL, 0 <unfinished ...>
221776 <... futex resumed>)             = 0
221766 <... futex resumed>)             = 1
222836 recvfrom(3,  <unfinished ...>
221776 recvfrom(26,  <unfinished ...>
221766 futex(0x71d16c602a68, FUTEX_WAKE_PRIVATE, 1 <unfinished ...>
222824 <... sendto resumed>)            = 8
221776 <... recvfrom resumed>"$\0\0\0\0\0\0\0", 8, 0, NULL, NULL) = 8
222824 sendto(6, "\2\0\0\0\6\0\0\0\0\0\0\0random\0\0\20_a\326@\202\207fi)!\360"..., 174, MSG_NOSIGNAL, NULL, 0 <unfinished ...>
221781 <... futex resumed>)             = 0
221766 <... futex resumed>)             = 1
221776 recvfrom(26,  <unfinished ...>
221781 epoll_pwait(4,  <unfinished ...>
222824 <... sendto resumed>)            = 174
221766 read(18,  <unfinished ...>
221781 <... epoll_pwait resumed>[{events=EPOLLOUT, data={u32=1908741504, u64=125144370845056}}, {events=EPOLLIN|EPOLLOUT, data={u32=1908614144, u64=125144370717696}}], 1024, 9, NULL, 8) = 2
221776 <... recvfrom resumed>"\5\0\0\0\0\0\0\0\0\0\0\0\300\352W\326@\202\207fi)!\360 \6C\36\267\220\240R"..., 36, 0, NULL, NULL) = 36
222824 futex(0x5b6ee181fb58, FUTEX_WAIT_BITSET_PRIVATE, 4294967295, NULL, FUTEX_BITSET_MATCH_ANY <unfinished ...>
221781 recvfrom(41,  <unfinished ...>
221766 <... read resumed>"tick 7, sending 0xa76af4908f498b"..., 8192) = 35
221781 <... recvfrom resumed>"\256\0\0\0\0\0\0\0", 8, 0, NULL, NULL) = 8
221776 epoll_pwait(4,  <unfinished ...>
221766 futex(0x71d16be02a68, FUTEX_WAKE_PRIVATE, 1 <unfinished ...>
221781 recvfrom(41,  <unfinished ...>
222825 <... futex resumed>)             = 0
221766 <... futex resumed>)             = 1
221781 <... recvfrom resumed>"\2\0\0\0\6\0\0\0\0\0\0\0random\0\0\20_a\326@\202\207fi)!\360"..., 174, 0, NULL, NULL) = 174
222825 write(19, "tick 7, sending 0xa76af4908f498b"..., 35 <unfinished ...>
221766 futex(0x71d170202a68, FUTEX_WAIT_PRIVATE, 1, NULL <unfinished ...>
221781 futex(0x71d171d022f8, FUTEX_WAKE_PRIVATE, 1 <unfinished ...>
222825 <... write resumed>)             = 35
221781 <... futex resumed>)             = 1
221765 <... futex resumed>)             = 0
222825 futex(0x71d170202a68, FUTEX_WAKE_PRIVATE, 1 <unfinished ...>
221781 recvfrom(41,  <unfinished ...>
222825 <... futex resumed>)             = 1
221766 <... futex resumed>)             = 0
221765 futex(0x71d171d022f8, FUTEX_WAIT_PRIVATE, 1, NULL <unfinished ...>
222825 futex(0x71d16be02a68, FUTEX_WAIT_PRIVATE, 1, {tv_sec=9, tv_nsec=999999750} <unfinished ...>
221781 <... recvfrom resumed>0x71d171cfeea0, 8, 0, NULL, NULL) = -1 EAGAIN (Resource temporarily unavailable)
221766 write(5, "\1\0\0\0\0\0\0\0", 8 <unfinished ...>
221781 sendto(31, "\272\0\0\0\0\0\0\0", 8, MSG_NOSIGNAL, NULL, 0 <unfinished ...>
221766 <... write resumed>)             = 8
221776 <... epoll_pwait resumed>[{events=EPOLLIN, data={u32=0, u64=0}}], 1024, 9, NULL, 8) = 1
221766 futex(0x71d16ba02a68, FUTEX_WAKE_PRIVATE, 1 <unfinished ...>
221781 <... sendto resumed>)            = 8
221776 epoll_pwait(4,  <unfinished ...>
222837 <... recvfrom resumed>"\272\0\0\0\0\0\0\0", 8, 0, NULL, NULL) = 8
222828 <... futex resumed>)             = 0
221781 sendto(31, "\2\0\0\0\1\0\0\0\0\0\0\0\2\0\0\0\6\0\0\0\0\0\0\0random\0\0"..., 186, MSG_NOSIGNAL, NULL, 0 <unfinished ...>
221766 <... futex resumed>)             = 1
222837 recvfrom(3,  <unfinished ...>
222828 fsync(19 <unfinished ...>
221781 <... sendto resumed>)            = 186
221766 futex(0x71d170202a68, FUTEX_WAIT_PRIVATE, 1, NULL <unfinished ...>
222837 <... recvfrom resumed>"\2\0\0\0\1\0\0\0\0\0\0\0\2\0\0\0\6\0\0\0\0\0\0\0random\0\0"..., 186, 0, NULL, NULL) = 186
221781 recvfrom(31, 0x71d171c53420, 8, 0, NULL, NULL) = -1 EAGAIN (Resource temporarily unavailable)
221781 futex(0x71d16c602a68, FUTEX_WAIT_PRIVATE, 1, NULL <unfinished ...>
222837 futex(0x5f8bde5beb58, FUTEX_WAKE_PRIVATE, 1) = 1
222827 <... futex resumed>)             = 0
222837 sendto(3, "$\0\0\0\0\0\0\0", 8, MSG_NOSIGNAL, NULL, 0) = 8
221776 <... epoll_pwait resumed>[{events=EPOLLIN|EPOLLOUT, data={u32=1908746368, u64=125144370849920}}], 1024, 9, NULL, 8) = 1
222837 sendto(3, "\5\0\0\0\0\0\0\0\0\0\0\0\240\245\213\326@\202\207f^| \275C\263E\34\237\234\244v"..., 36, MSG_NOSIGNAL, NULL, 0 <unfinished ...>
222827 sendto(6, "\375\0\0\0\0\0\0\0", 8, MSG_NOSIGNAL, NULL, 0 <unfinished ...>
221776 recvfrom(31,  <unfinished ...>
222837 <... sendto resumed>)            = 36
221776 <... recvfrom resumed>"$\0\0\0\0\0\0\0", 8, 0, NULL, NULL) = 8
222837 recvfrom(3,  <unfinished ...>
222827 <... sendto resumed>)            = 8
221776 recvfrom(31,  <unfinished ...>
222827 sendto(6, "\2\0\0\0\6\0\0\0\0\0\0\0status\0\0\20\356\216\326@\202\207f^| \275"..., 253, MSG_NOSIGNAL, NULL, 0 <unfinished ...>
221776 <... recvfrom resumed>"\5\0\0\0\0\0\0\0\0\0\0\0\240\245\213\326@\202\207f^| \275C\263E\34\237\234\244v"..., 36, 0, NULL, NULL) = 36
222827 <... sendto resumed>)            = 253
221776 epoll_pwait(4, [{events=EPOLLOUT, data={u32=1908746368, u64=125144370849920}}, {events=EPOLLIN|EPOLLOUT, data={u32=1908617728, u64=125144370721280}}], 1024, 9, NULL, 8) = 2
222827 futex(0x5f8bde5beb58, FUTEX_WAIT_BITSET_PRIVATE, 4294967295, NULL, FUTEX_BITSET_MATCH_ANY <unfinished ...>
221776 recvfrom(42, "\375\0\0\0\0\0\0\0", 8, 0, NULL, NULL) = 8
221776 recvfrom(42, "\2\0\0\0\6\0\0\0\0\0\0\0status\0\0\20\356\216\326@\202\207f^| \275"..., 253, 0, NULL, NULL) = 253
221776 futex(0x71d171d022f8, FUTEX_WAKE_PRIVATE, 1) = 1
221765 <... futex resumed>)             = 0
221776 recvfrom(42,  <unfinished ...>
221765 futex(0x71d170202a68, FUTEX_WAKE_PRIVATE, 1 <unfinished ...>
221776 <... recvfrom resumed>0x71d171c53120, 8, 0, NULL, NULL) = -1 EAGAIN (Resource temporarily unavailable)
221766 <... futex resumed>)             = 0
221765 <... futex resumed>)             = 1
221776 sendto(35, "\n\1\0\0\0\0\0\0", 8, MSG_NOSIGNAL, NULL, 0 <unfinished ...>
221766 epoll_pwait(4,  <unfinished ...>
221765 futex(0x71d171d022f8, FUTEX_WAIT_PRIVATE, 1, NULL <unfinished ...>
221766 <... epoll_pwait resumed>[], 1024, 0, NULL, 8) = 0
221776 <... sendto resumed>)            = 8
222835 <... recvfrom resumed>"\n\1\0\0\0\0\0\0", 8, 0, NULL, NULL) = 8
221766 epoll_pwait(4,  <unfinished ...>
221776 sendto(35, "\2\0\0\0\1\0\0\0\0\0\0\0\2\0\0\0\7\0\0\0\0\0\0\0message\0"..., 266, MSG_NOSIGNAL, NULL, 0 <unfinished ...>
222835 recvfrom(3,  <unfinished ...>
221776 <... sendto resumed>)            = 266
222835 <... recvfrom resumed>"\2\0\0\0\1\0\0\0\0\0\0\0\2\0\0\0\7\0\0\0\0\0\0\0message\0"..., 266, 0, NULL, NULL) = 266
221776 recvfrom(35, 0x71d171c53190, 8, 0, NULL, NULL) = -1 EAGAIN (Resource temporarily unavailable)
221776 futex(0x71d16da02a68, FUTEX_WAIT_PRIVATE, 1, NULL <unfinished ...>
222835 futex(0x5da72061eb58, FUTEX_WAKE_PRIVATE, 1) = 1
222829 <... futex resumed>)             = 0
222835 sendto(3, "$\0\0\0\0\0\0\0", 8, MSG_NOSIGNAL, NULL, 0 <unfinished ...>
222829 write(1, "sink received message: operator "..., 87 <unfinished ...>
222835 <... sendto resumed>)            = 8
222829 <... write resumed>)             = 87
221766 <... epoll_pwait resumed>[{events=EPOLLIN|EPOLLOUT, data={u32=1908747904, u64=125144370851456}}, {events=EPOLLIN, data={u32=1908745088, u64=125144370848640}}], 1024, 8, NULL, 8) = 2
222835 sendto(3, "\5\0\0\0\0\0\0\0\0\0\0\0`\344\256\326@\202\207fi\310\340Bm:A\30\257%\16\346"..., 36, MSG_NOSIGNAL, NULL, 0 <unfinished ...>
222829 futex(0x5da72061eb58, FUTEX_WAIT_BITSET_PRIVATE, 4294967295, NULL, FUTEX_BITSET_MATCH_ANY <unfinished ...>
221766 futex(0x71d16da02a68, FUTEX_WAKE_PRIVATE, 1 <unfinished ...>
222835 <... sendto resumed>)            = 36
221766 <... futex resumed>)             = 1
221776 <... futex resumed>)             = 0
222835 recvfrom(3,  <unfinished ...>
221776 futex(0x71d16c602a68, FUTEX_WAKE_PRIVATE, 1 <unfinished ...>
221766 read(30,  <unfinished ...>
221776 <... futex resumed>)             = 1
221781 <... futex resumed>)             = 0
221766 <... read resumed>"sink received message: operator "..., 8192) = 87
221781 epoll_pwait(4,  <unfinished ...>
221776 recvfrom(35,  <unfinished ...>
221781 <... epoll_pwait resumed>[{events=EPOLLIN|EPOLLOUT, data={u32=1908747904, u64=125144370851456}}], 1024, 8, NULL, 8) = 1
221766 futex(0x71d16be02a68, FUTEX_WAKE_PRIVATE, 1 <unfinished ...>
221776 <... recvfrom resumed>"$\0\0\0\0\0\0\0", 8, 0, NULL, NULL) = 8
221781 epoll_pwait(4,  <unfinished ...>
222825 <... futex resumed>)             = 0
221776 recvfrom(35,  <unfinished ...>
221766 <... futex resumed>)             = 1
222825 write(33, "sink received message: operator "..., 87 <unfinished ...>
221776 <... recvfrom resumed>"\5\0\0\0\0\0\0\0\0\0\0\0`\344\256\326@\202\207fi\310\340Bm:A\30\257%\16\346"..., 36, 0, NULL, NULL) = 36
221766 futex(0x71d170202a68, FUTEX_WAIT_PRIVATE, 1, NULL <unfinished ...>
222825 <... write resumed>)             = 87
221776 futex(0x71d16da02a68, FUTEX_WAIT_PRIVATE, 1, NULL <unfinished ...>
222825 futex(0x71d16da02a68, FUTEX_WAKE_PRIVATE, 1 <unfinished ...>
221776 <... futex resumed>)             = -1 EAGAIN (Resource temporarily unavailable)
222825 <... futex resumed>)             = 0
222825 futex(0x71d16be02a68, FUTEX_WAIT_PRIVATE, 1, {tv_sec=9, tv_nsec=999999790} <unfinished ...>
221776 futex(0x71d170202a68, FUTEX_WAKE_PRIVATE, 1) = 1
221766 <... futex resumed>)             = 0
221776 futex(0x71d16be02a68, FUTEX_WAKE_PRIVATE, 1 <unfinished ...>
221766 futex(0x71d170202a68, FUTEX_WAIT_PRIVATE, 1, NULL <unfinished ...>
222825 <... futex resumed>)             = 0
221776 <... futex resumed>)             = 1
222825 fsync(33 <unfinished ...>
221776 futex(0x71d16da02a68, FUTEX_WAIT_PRIVATE, 1, NULL <unfinished ...>
222828 <... fsync resumed>)             = 0
222828 futex(0x71d16da02a68, FUTEX_WAKE_PRIVATE, 1) = 1
221776 <... futex resumed>)             = 0
222828 futex(0x71d16ba02a68, FUTEX_WAIT_PRIVATE, 1, {tv_sec=9, tv_nsec=999999810} <unfinished ...>
221776 futex(0x71d170202a68, FUTEX_WAKE_PRIVATE, 1) = 1
221766 <... futex resumed>)             = 0
221776 futex(0x71d16da02a68, FUTEX_WAIT_PRIVATE, 1, NULL <unfinished ...>
221766 futex(0x71d170202a68, FUTEX_WAIT_PRIVATE, 1, NULL <unfinished ...>
222825 <... fsync resumed>)             = 0
222825 futex(0x71d170202a68, FUTEX_WAKE_PRIVATE, 1) = 1
221766 <... futex resumed>)             = 0
222825 futex(0x71d16be02a68, FUTEX_WAIT_PRIVATE, 1, {tv_sec=9, tv_nsec=999999689} <unfinished ...>
221766 futex(0x71d16da02a68, FUTEX_WAKE_PRIVATE, 1 <unfinished ...>
221776 <... futex resumed>)             = 0
221766 <... futex resumed>)             = 1
221776 futex(0x71d16da02a68, FUTEX_WAIT_PRIVATE, 1, NULL <unfinished ...>
221766 futex(0x71d170202a68, FUTEX_WAIT_PRIVATE, 1, NULL <unfinished ...>
221781 <... epoll_pwait resumed>[], 1024, 8, NULL, 8) = 0
221781 futex(0x71d171d022f8, FUTEX_WAKE_PRIVATE, 1) = 1
221765 <... futex resumed>)             = 0
221781 write(5, "\1\0\0\0\0\0\0\0", 8 <unfinished ...>
221765 futex(0x71d16da02a68, FUTEX_WAKE_PRIVATE, 1 <unfinished ...>
221781 <... write resumed>)             = 8
221765 <... futex resumed>)             = 1
221776 <... futex resumed>)             = 0
221781 sendto(26, "\224\0\0\0\0\0\0\0", 8, MSG_NOSIGNAL, NULL, 0 <unfinished ...>
221776 epoll_pwait(4,  <unfinished ...>
221765 futex(0x71d171d022f8, FUTEX_WAIT_PRIVATE, 1, NULL <unfinished ...>
221776 <... epoll_pwait resumed>[{events=EPOLLIN, data={u32=0, u64=0}}], 1024, 10, NULL, 8) = 1
222836 <... recvfrom resumed>"\224\0\0\0\0\0\0\0", 8, 0, NULL, NULL) = 8
221781 <... sendto resumed>)            = 8
221776 epoll_pwait(4,  <unfinished ...>
222836 recvfrom(3,  <unfinished ...>
221781 sendto(26, "\2\0\0\0\1\0\0\0\0\0\0\0\2\0\0\0\4\0\0\0\0\0\0\0tick\0\0000\264"..., 148, MSG_NOSIGNAL, NULL, 0) = 148
222836 <... recvfrom resumed>"\2\0\0\0\1\0\0\0\0\0\0\0\2\0\0\0\4\0\0\0\0\0\0\0tick\0\0000\264"..., 148, 0, NULL, NULL) = 148
221781 recvfrom(26, 0x71d171cfef80, 8, 0, NULL, NULL) = -1 EAGAIN (Resource temporarily unavailable)
221781 futex(0x71d16c602a68, FUTEX_WAIT_PRIVATE, 1, NULL <unfinished ...>
222836 futex(0x5b6ee181fb58, FUTEX_WAKE_PRIVATE, 1) = 1
222824 <... futex resumed>)             = 0
222836 sendto(3, "$\0\0\0\0\0\0\0", 8, MSG_NOSIGNAL, NULL, 0 <unfinished ...>
222824 write(1, "tick 8, sending 0x10319fed27681a"..., 34 <unfinished ...>
222836 <... sendto resumed>)            = 8
222824 <... write resumed>)             = 34
221776 <... epoll_pwait resumed>[{events=EPOLLIN|EPOLLOUT, data={u32=1908741504, u64=125144370845056}}, {events=EPOLLIN, data={u32=1908816000, u64=125144370919552}}], 1024, 10, NULL, 8) = 2
222836 sendto(3, "\5\0\0\0\0\0\0\0\0\0\0\0\220\356\354\330@\202\207fi)!\360 \6C\36\267\220\240R"..., 36, MSG_NOSIGNAL, NULL, 0 <unfinished ...>
221776 futex(0x71d16c602a68, FUTEX_WAKE_PRIVATE, 1 <unfinished ...>
222836 <... sendto resumed>)            = 36
221781 <... futex resumed>)             = 0
221776 <... futex resumed>)             = 1
222836 recvfrom(3,  <unfinished ...>
222824 sendto(6, "\256\0\0\0\0\0\0\0", 8, MSG_NOSIGNAL, NULL, 0 <unfinished ...>
221781 recvfrom(26,  <unfinished ...>
221776 futex(0x71d170202a68, FUTEX_WAKE_PRIVATE, 1 <unfinished ...>
221781 <... recvfrom resumed>"$\0\0\0\0\0\0\0", 8, 0, NULL, NULL) = 8
221776 <... futex resumed>)             = 1
221766 <... futex resumed>)             = 0
222824 <... sendto resumed>)            = 8
221781 recvfrom(26,  <unfinished ...>
221776 read(18,  <unfinished ...>
222824 sendto(6, "\2\0\0\0\6\0\0\0\0\0\0\0random\0\0 {\365\330@\202\207fi)!\360"..., 174, MSG_NOSIGNAL, NULL, 0 <unfinished ...>
221766 epoll_pwait(4,  <unfinished ...>
221781 <... recvfrom resumed>"\5\0\0\0\0\0\0\0\0\0\0\0\220\356\354\330@\202\207fi)!\360 \6C\36\267\220\240R"..., 36, 0, NULL, NULL) = 36
221776 <... read resumed>"tick 8, sending 0x10319fed27681a"..., 8192) = 34
222824 <... sendto resumed>)            = 174
221766 <... epoll_pwait resumed>[{events=EPOLLOUT, data={u32=1908741504, u64=125144370845056}}, {events=EPOLLIN|EPOLLOUT, data={u32=1908614144, u64=125144370717696}}], 1024, 9, NULL, 8) = 2
221781 futex(0x71d16c602a68, FUTEX_WAIT_PRIVATE, 1, NULL <unfinished ...>
221776 futex(0x71d16ba02a68, FUTEX_WAKE_PRIVATE, 1 <unfinished ...>
222824 futex(0x5b6ee181fb58, FUTEX_WAIT_BITSET_PRIVATE, 4294967295, NULL, FUTEX_BITSET_MATCH_ANY <unfinished ...>
221766 recvfrom(41,  <unfinished ...>
222828 <... futex resumed>)             = 0
221776 <... futex resumed>)             = 1
221766 <... recvfrom resumed>"\256\0\0\0\0\0\0\0", 8, 0, NULL, NULL) = 8
222828 write(19, "tick 8, sending 0x10319fed27681a"..., 34 <unfinished ...>
221776 epoll_pwait(4,  <unfinished ...>
221766 recvfrom(41,  <unfinished ...>
222828 <... write resumed>)             = 34
221766 <... recvfrom resumed>"\2\0\0\0\6\0\0\0\0\0\0\0random\0\0 {\365\330@\202\207fi)!\360"..., 174, 0, NULL, NULL) = 174
222828 write(5, "\1\0\0\0\0\0\0\0", 8)  = 8
221776 <... epoll_pwait resumed>[{events=EPOLLIN, data={u32=0, u64=0}}], 1024, 9, NULL, 8) = 1
222828 futex(0x71d16ba02a68, FUTEX_WAIT_PRIVATE, 1, {tv_sec=9, tv_nsec=999999720} <unfinished ...>
221766 futex(0x71d171d022f8, FUTEX_WAKE_PRIVATE, 1 <unfinished ...>
221776 futex(0x71d16c602a68, FUTEX_WAKE_PRIVATE, 1 <unfinished ...>
221766 <... futex resumed>)             = 1
221776 <... futex resumed>)             = 1
221765 <... futex resumed>)             = 0
221781 <... futex resumed>)             = 0
221776 futex(0x71d16be02a68, FUTEX_WAKE_PRIVATE, 1 <unfinished ...>
221766 recvfrom(41,  <unfinished ...>
221781 epoll_pwait(4,  <unfinished ...>
221765 write(5, "\1\0\0\0\0\0\0\0", 8 <unfinished ...>
221776 <... futex resumed>)             = 1
222825 <... futex resumed>)             = 0
221766 <... recvfrom resumed>0x71d171c53420, 8, 0, NULL, NULL) = -1 EAGAIN (Resource temporarily unavailable)
221765 <... write resumed>)             = 8
222825 fsync(19 <unfinished ...>
221781 <... epoll_pwait resumed>[{events=EPOLLIN, data={u32=0, u64=0}}], 1024, 9, NULL, 8) = 1
221776 sendto(31, "\272\0\0\0\0\0\0\0", 8, MSG_NOSIGNAL, NULL, 0 <unfinished ...>
221766 futex(0x71d170202a68, FUTEX_WAIT_PRIVATE, 1, NULL <unfinished ...>
221781 epoll_pwait(4,  <unfinished ...>
221765 futex(0x71d171d022f8, FUTEX_WAIT_PRIVATE, 1, NULL <unfinished ...>
221776 <... sendto resumed>)            = 8
222837 <... recvfrom resumed>"\272\0\0\0\0\0\0\0", 8, 0, NULL, NULL) = 8
221776 sendto(31, "\2\0\0\0\1\0\0\0\0\0\0\0\2\0\0\0\6\0\0\0\0\0\0\0random\0\0"..., 186, MSG_NOSIGNAL, NULL, 0 <unfinished ...>
222837 recvfrom(3,  <unfinished ...>
221776 <... sendto resumed>)            = 186
222837 <... recvfrom resumed>"\2\0\0\0\1\0\0\0\0\0\0\0\2\0\0\0\6\0\0\0\0\0\0\0random\0\0"..., 186, 0, NULL, NULL) = 186
221776 recvfrom(31, 0x71d171c53190, 8, 0, NULL, NULL) = -1 EAGAIN (Resource temporarily unavailable)
221776 futex(0x71d16da02a68, FUTEX_WAIT_PRIVATE, 1, NULL <unfinished ...>
222837 futex(0x5f8bde5beb58, FUTEX_WAKE_PRIVATE, 1) = 1
222827 <... futex resumed>)             = 0
222837 sendto(3, "$\0\0\0\0\0\0\0", 8, MSG_NOSIGNAL, NULL, 0) = 8
221781 <... epoll_pwait resumed>[{events=EPOLLIN|EPOLLOUT, data={u32=1908746368, u64=125144370849920}}], 1024, 9, NULL, 8) = 1
222837 sendto(3, "\5\0\0\0\0\0\0\0\0\0\0\0`\261(\331@\202\207f^| \275C\263E\34\237\234\244v"..., 36, MSG_NOSIGNAL, NULL, 0 <unfinished ...>
222827 sendto(6, "\374\0\0\0\0\0\0\0", 8, MSG_NOSIGNAL, NULL, 0 <unfinished ...>
221781 recvfrom(31,  <unfinished ...>
222837 <... sendto resumed>)            = 36
221781 <... recvfrom resumed>"$\0\0\0\0\0\0\0", 8, 0, NULL, NULL) = 8
222837 recvfrom(3,  <unfinished ...>
222827 <... sendto resumed>)            = 8
221781 recvfrom(31,  <unfinished ...>
222827 sendto(6, "\2\0\0\0\6\0\0\0\0\0\0\0status\0\0\240k-\331@\202\207f^| \275"..., 252, MSG_NOSIGNAL, NULL, 0 <unfinished ...>
221781 <... recvfrom resumed>"\5\0\0\0\0\0\0\0\0\0\0\0`\261(\331@\202\207f^| \275C\263E\34\237\234\244v"..., 36, 0, NULL, NULL) = 36
222827 <... sendto resumed>)            = 252
221781 epoll_pwait(4, [{events=EPOLLOUT, data={u32=1908746368, u64=125144370849920}}, {events=EPOLLIN|EPOLLOUT, data={u32=1908617728, u64=125144370721280}}], 1024, 8, NULL, 8) = 2
222827 futex(0x5f8bde5beb58, FUTEX_WAIT_BITSET_PRIVATE, 4294967295, NULL, FUTEX_BITSET_MATCH_ANY <unfinished ...>
221781 recvfrom(42, "\374\0\0\0\0\0\0\0", 8, 0, NULL, NULL) = 8
221781 recvfrom(42, "\2\0\0\0\6\0\0\0\0\0\0\0status\0\0\240k-\331@\202\207f^| \275"..., 252, 0, NULL, NULL) = 252
221781 futex(0x71d171d022f8, FUTEX_WAKE_PRIVATE, 1) = 1
221765 <... futex resumed>)             = 0
221781 recvfrom(42,  <unfinished ...>
221765 futex(0x71d16da02a68, FUTEX_WAKE_PRIVATE, 1 <unfinished ...>
221781 <... recvfrom resumed>0x71d171cfeea0, 8, 0, NULL, NULL) = -1 EAGAIN (Resource temporarily unavailable)
221765 <... futex resumed>)             = 1
221776 <... futex resumed>)             = 0
221781 sendto(35, "\t\1\0\0\0\0\0\0", 8, MSG_NOSIGNAL, NULL, 0 <unfinished ...>
221776 epoll_pwait(4,  <unfinished ...>
221765 futex(0x71d171d022f8, FUTEX_WAIT_PRIVATE, 1, NULL <unfinished ...>
221781 <... sendto resumed>)            = 8
222835 <... recvfrom resumed>"\t\1\0\0\0\0\0\0", 8, 0, NULL, NULL) = 8
221781 sendto(35, "\2\0\0\0\1\0\0\0\0\0\0\0\2\0\0\0\7\0\0\0\0\0\0\0message\0"..., 265, MSG_NOSIGNAL, NULL, 0 <unfinished ...>
222835 recvfrom(3,  <unfinished ...>
221781 <... sendto resumed>)            = 265
222835 <... recvfrom resumed>"\2\0\0\0\1\0\0\0\0\0\0\0\2\0\0\0\7\0\0\0\0\0\0\0message\0"..., 265, 0, NULL, NULL) = 265
221781 recvfrom(35, 0x71d171cfef80, 8, 0, NULL, NULL) = -1 EAGAIN (Resource temporarily unavailable)
221781 futex(0x71d16c602a68, FUTEX_WAIT_PRIVATE, 1, NULL <unfinished ...>
222835 futex(0x5da72061eb58, FUTEX_WAKE_PRIVATE, 1) = 1
222829 <... futex resumed>)             = 0
222835 sendto(3, "$\0\0\0\0\0\0\0", 8, MSG_NOSIGNAL, NULL, 0 <unfinished ...>
222829 write(1, "sink received message: operator "..., 86 <unfinished ...>
222835 <... sendto resumed>)            = 8
221776 <... epoll_pwait resumed>[{events=EPOLLIN|EPOLLOUT, data={u32=1908747904, u64=125144370851456}}], 1024, 8, NULL, 8) = 1
222835 sendto(3, "\5\0\0\0\0\0\0\0\0\0\0\0 ;S\331@\202\207fi\310\340Bm:A\30\257%\16\346"..., 36, MSG_NOSIGNAL, NULL, 0 <unfinished ...>
222829 <... write resumed>)             = 86
222835 <... sendto resumed>)            = 36
221776 recvfrom(35,  <unfinished ...>
222835 recvfrom(3,  <unfinished ...>
222829 futex(0x5da72061eb58, FUTEX_WAIT_BITSET_PRIVATE, 4294967295, NULL, FUTEX_BITSET_MATCH_ANY <unfinished ...>
221776 <... recvfrom resumed>"$\0\0\0\0\0\0\0", 8, 0, NULL, NULL) = 8
221776 recvfrom(35, "\5\0\0\0\0\0\0\0\0\0\0\0 ;S\331@\202\207fi\310\340Bm:A\30\257%\16\346"..., 36, 0, NULL, NULL) = 36
221776 epoll_pwait(4, [{events=EPOLLIN, data={u32=1908745088, u64=125144370848640}}, {events=EPOLLOUT, data={u32=1908747904, u64=125144370851456}}], 1024, 8, NULL, 8) = 2
221776 read(30, "sink received message: operator "..., 8192) = 86
221776 futex(0x71d16ba02a68, FUTEX_WAKE_PRIVATE, 1) = 1
222828 <... futex resumed>)             = 0
222828 write(33, "sink received message: operator "..., 86 <unfinished ...>
221776 epoll_pwait(4,  <unfinished ...>
222828 <... write resumed>)             = 86
222828 write(5, "\1\0\0\0\0\0\0\0", 8)  = 8
221776 <... epoll_pwait resumed>[{events=EPOLLIN, data={u32=0, u64=0}}], 1024, 8, NULL, 8) = 1
222828 futex(0x71d16ba02a68, FUTEX_WAIT_PRIVATE, 1, {tv_sec=9, tv_nsec=999999780} <unfinished ...>
221776 futex(0x71d16c602a68, FUTEX_WAKE_PRIVATE, 1 <unfinished ...>
221781 <... futex resumed>)             = 0
221776 <... futex resumed>)             = 1
221781 epoll_pwait(4,  <unfinished ...>
221776 futex(0x71d16ba02a68, FUTEX_WAKE_PRIVATE, 1 <unfinished ...>
222828 <... futex resumed>)             = 0
221776 <... futex resumed>)             = 1
222828 fsync(33 <unfinished ...>
221776 futex(0x71d16da02a68, FUTEX_WAIT_PRIVATE, 1, NULL <unfinished ...>
222825 <... fsync resumed>)             = 0
222825 futex(0x71d16da02a68, FUTEX_WAKE_PRIVATE, 1) = 1
221776 <... futex resumed>)             = 0
222825 futex(0x71d16be02a68, FUTEX_WAIT_PRIVATE, 1, {tv_sec=9, tv_nsec=999999709} <unfinished ...>
221776 write(5, "\1\0\0\0\0\0\0\0", 8 <unfinished ...>
221781 <... epoll_pwait resumed>[{events=EPOLLIN, data={u32=0, u64=0}}], 1024, 7, NULL, 8) = 1
221776 <... write resumed>)             = 8
221781 epoll_pwait(4,  <unfinished ...>
221776 futex(0x71d16da02a68, FUTEX_WAIT_PRIVATE, 1, NULL <unfinished ...>
222828 <... fsync resumed>)             = 0
222828 futex(0x71d16da02a68, FUTEX_WAKE_PRIVATE, 1) = 1
221776 <... futex resumed>)             = 0
222828 futex(0x71d16ba02a68, FUTEX_WAIT_PRIVATE, 1, {tv_sec=9, tv_nsec=999999829} <unfinished ...>
221776 write(5, "\1\0\0\0\0\0\0\0", 8)  = 8
221781 <... epoll_pwait resumed>[{events=EPOLLIN, data={u32=0, u64=0}}], 1024, 7, NULL, 8) = 1
221776 futex(0x71d16da02a68, FUTEX_WAIT_PRIVATE, 1, NULL <unfinished ...>
221781 epoll_pwait(4, [], 1024, 5, NULL, 8) = 0
221781 futex(0x71d171d022f8, FUTEX_WAKE_PRIVATE, 1) = 1
221765 <... futex resumed>)             = 0
221781 epoll_pwait(4,  <unfinished ...>
221765 write(5, "\1\0\0\0\0\0\0\0", 8 <unfinished ...>
221781 <... epoll_pwait resumed>[{events=EPOLLIN, data={u32=0, u64=0}}], 1024, 10, NULL, 8) = 1
221765 <... write resumed>)             = 8
221781 futex(0x71d16da02a68, FUTEX_WAKE_PRIVATE, 1 <unfinished ...>
221765 futex(0x71d171d022f8, FUTEX_WAIT_PRIVATE, 1, NULL <unfinished ...>
221781 <... futex resumed>)             = 1
221776 <... futex resumed>)             = 0
221781 sendto(26, "\224\0\0\0\0\0\0\0", 8, MSG_NOSIGNAL, NULL, 0 <unfinished ...>
221776 epoll_pwait(4,  <unfinished ...>
221781 <... sendto resumed>)            = 8
222836 <... recvfrom resumed>"\224\0\0\0\0\0\0\0", 8, 0, NULL, NULL) = 8
221781 sendto(26, "\2\0\0\0\1\0\0\0\0\0\0\0\2\0\0\0\4\0\0\0\0\0\0\0tick\0\0\220\177"..., 148, MSG_NOSIGNAL, NULL, 0 <unfinished ...>
222836 recvfrom(3,  <unfinished ...>
221781 <... sendto resumed>)            = 148
222836 <... recvfrom resumed>"\2\0\0\0\1\0\0\0\0\0\0\0\2\0\0\0\4\0\0\0\0\0\0\0tick\0\0\220\177"..., 148, 0, NULL, NULL) = 148
221781 recvfrom(26, 0x71d171c53120, 8, 0, NULL, NULL) = -1 EAGAIN (Resource temporarily unavailable)
221781 futex(0x71d16c602a68, FUTEX_WAIT_PRIVATE, 1, NULL <unfinished ...>
222836 futex(0x5b6ee181fb58, FUTEX_WAKE_PRIVATE, 1) = 1
222824 <... futex resumed>)             = 0
222836 sendto(3, "$\0\0\0\0\0\0\0", 8, MSG_NOSIGNAL, NULL, 0 <unfinished ...>
222824 write(1, "tick 9, sending 0x94b149372642e7"..., 35 <unfinished ...>
222836 <... sendto resumed>)            = 8
221776 <... epoll_pwait resumed>[{events=EPOLLIN|EPOLLOUT, data={u32=1908741504, u64=125144370845056}}], 1024, 10, NULL, 8) = 1
222836 sendto(3, "\5\0\0\0\0\0\0\0\0\0\0\0\320\206t\333@\202\207fi)!\360 \6C\36\267\220\240R"..., 36, MSG_NOSIGNAL, NULL, 0 <unfinished ...>
222824 <... write resumed>)             = 35
222836 <... sendto resumed>)            = 36
221776 recvfrom(26,  <unfinished ...>
222836 recvfrom(3,  <unfinished ...>
221776 <... recvfrom resumed>"$\0\0\0\0\0\0\0", 8, 0, NULL, NULL) = 8
221776 recvfrom(26,  <unfinished ...>
222824 sendto(6, "\256\0\0\0\0\0\0\0", 8, MSG_NOSIGNAL, NULL, 0 <unfinished ...>
221776 <... recvfrom resumed>"\5\0\0\0\0\0\0\0\0\0\0\0\320\206t\333@\202\207fi)!\360 \6C\36\267\220\240R"..., 36, 0, NULL, NULL) = 36
222824 <... sendto resumed>)            = 8
221776 epoll_pwait(4,  <unfinished ...>
222824 sendto(6, "\2\0\0\0\6\0\0\0\0\0\0\0random\0\0\220'\177\333@\202\207fi)!\360"..., 174, MSG_NOSIGNAL, NULL, 0 <unfinished ...>
221776 <... epoll_pwait resumed>[{events=EPOLLIN, data={u32=1908816000, u64=125144370919552}}, {events=EPOLLOUT, data={u32=1908741504, u64=125144370845056}}, {events=EPOLLIN|EPOLLOUT, data={u32=1908614144, u64=125144370717696}}], 1024, 9, NULL, 8) = 3
222824 <... sendto resumed>)            = 174
221776 futex(0x71d16c602a68, FUTEX_WAKE_PRIVATE, 1 <unfinished ...>
221781 <... futex resumed>)             = 0
221776 <... futex resumed>)             = 1
222824 futex(0x5b6ee181fb58, FUTEX_WAIT_BITSET_PRIVATE, 4294967295, NULL, FUTEX_BITSET_MATCH_ANY <unfinished ...>
221781 futex(0x71d170202a68, FUTEX_WAKE_PRIVATE, 1 <unfinished ...>
221776 recvfrom(41,  <unfinished ...>
221781 <... futex resumed>)             = 1
221776 <... recvfrom resumed>"\256\0\0\0\0\0\0\0", 8, 0, NULL, NULL) = 8
221766 <... futex resumed>)             = 0
221781 read(18,  <unfinished ...>
221776 recvfrom(41,  <unfinished ...>
221766 epoll_pwait(4,  <unfinished ...>
221781 <... read resumed>"tick 9, sending 0x94b149372642e7"..., 8192) = 35
221776 <... recvfrom resumed>"\2\0\0\0\6\0\0\0\0\0\0\0random\0\0\220'\177\333@\202\207fi)!\360"..., 174, 0, NULL, NULL) = 174
221766 <... epoll_pwait resumed>[{events=EPOLLOUT, data={u32=1908614144, u64=125144370717696}}], 1024, 9, NULL, 8) = 1
221781 futex(0x71d16be02a68, FUTEX_WAKE_PRIVATE, 1 <unfinished ...>
221776 futex(0x71d171d022f8, FUTEX_WAKE_PRIVATE, 1 <unfinished ...>
221781 <... futex resumed>)             = 1
221766 epoll_pwait(4,  <unfinished ...>
222825 <... futex resumed>)             = 0
221776 <... futex resumed>)             = 1
221781 futex(0x71d16c602a68, FUTEX_WAIT_PRIVATE, 1, NULL <unfinished ...>
221765 <... futex resumed>)             = 0
222825 write(19, "tick 9, sending 0x94b149372642e7"..., 35 <unfinished ...>
221776 recvfrom(41, 0x71d171c53190, 8, 0, NULL, NULL) = -1 EAGAIN (Resource temporarily unavailable)
221765 futex(0x71d16c602a68, FUTEX_WAKE_PRIVATE, 1 <unfinished ...>
222825 <... write resumed>)             = 35
221776 sendto(31, "\272\0\0\0\0\0\0\0", 8, MSG_NOSIGNAL, NULL, 0 <unfinished ...>
221765 <... futex resumed>)             = 1
221781 <... futex resumed>)             = 0
222825 futex(0x71d16be02a68, FUTEX_WAIT_PRIVATE, 1, {tv_sec=9, tv_nsec=999999679} <unfinished ...>
221781 write(5, "\1\0\0\0\0\0\0\0", 8 <unfinished ...>
222837 <... recvfrom resumed>"\272\0\0\0\0\0\0\0", 8, 0, NULL, NULL) = 8
221776 <... sendto resumed>)            = 8
221765 futex(0x71d171d022f8, FUTEX_WAIT_PRIVATE, 1, NULL <unfinished ...>
222837 recvfrom(3,  <unfinished ...>
221781 <... write resumed>)             = 8
221776 sendto(31, "\2\0\0\0\1\0\0\0\0\0\0\0\2\0\0\0\6\0\0\0\0\0\0\0random\0\0"..., 186, MSG_NOSIGNAL, NULL, 0 <unfinished ...>
221766 <... epoll_pwait resumed>[{events=EPOLLIN, data={u32=0, u64=0}}], 1024, 9, NULL, 8) = 1
221781 futex(0x71d16ba02a68, FUTEX_WAKE_PRIVATE, 1 <unfinished ...>
221776 <... sendto resumed>)            = 186
221781 <... futex resumed>)             = 1
221766 epoll_pwait(4,  <unfinished ...>
222837 <... recvfrom resumed>"\2\0\0\0\1\0\0\0\0\0\0\0\2\0\0\0\6\0\0\0\0\0\0\0random\0\0"..., 186, 0, NULL, NULL) = 186
222828 <... futex resumed>)             = 0
221781 futex(0x71d16c602a68, FUTEX_WAIT_PRIVATE, 1, NULL <unfinished ...>
221776 recvfrom(31,  <unfinished ...>
222828 fsync(19 <unfinished ...>
221776 <... recvfrom resumed>0x71d171cfef80, 8, 0, NULL, NULL) = -1 EAGAIN (Resource temporarily unavailable)
221776 futex(0x71d16da02a68, FUTEX_WAIT_PRIVATE, 1, NULL <unfinished ...>
222837 futex(0x5f8bde5beb58, FUTEX_WAKE_PRIVATE, 1) = 1
222827 <... futex resumed>)             = 0
222837 sendto(3, "$\0\0\0\0\0\0\0", 8, MSG_NOSIGNAL, NULL, 0) = 8
221766 <... epoll_pwait resumed>[{events=EPOLLIN|EPOLLOUT, data={u32=1908746368, u64=125144370849920}}], 1024, 9, NULL, 8) = 1
222837 sendto(3, "\5\0\0\0\0\0\0\0\0\0\0\0\0&\257\333@\202\207f^| \275C\263E\34\237\234\244v"..., 36, MSG_NOSIGNAL, NULL, 0 <unfinished ...>
222827 sendto(6, "\375\0\0\0\0\0\0\0", 8, MSG_NOSIGNAL, NULL, 0 <unfinished ...>
222837 <... sendto resumed>)            = 36
221766 recvfrom(31,  <unfinished ...>
222837 recvfrom(3,  <unfinished ...>
222827 <... sendto resumed>)            = 8
221766 <... recvfrom resumed>"$\0\0\0\0\0\0\0", 8, 0, NULL, NULL) = 8
222827 sendto(6, "\2\0\0\0\6\0\0\0\0\0\0\0status\0\0Pv\265\333@\202\207f^| \275"..., 253, MSG_NOSIGNAL, NULL, 0 <unfinished ...>
221766 recvfrom(31,  <unfinished ...>
222827 <... sendto resumed>)            = 253
221766 <... recvfrom resumed>"\5\0\0\0\0\0\0\0\0\0\0\0\0&\257\333@\202\207f^| \275C\263E\34\237\234\244v"..., 36, 0, NULL, NULL) = 36
222827 futex(0x5f8bde5beb58, FUTEX_WAIT_BITSET_PRIVATE, 4294967295, NULL, FUTEX_BITSET_MATCH_ANY <unfinished ...>
221766 epoll_pwait(4, [{events=EPOLLOUT, data={u32=1908746368, u64=125144370849920}}, {events=EPOLLIN|EPOLLOUT, data={u32=1908617728, u64=125144370721280}}], 1024, 8, NULL, 8) = 2
221766 recvfrom(42, "\375\0\0\0\0\0\0\0", 8, 0, NULL, NULL) = 8
221766 recvfrom(42, "\2\0\0\0\6\0\0\0\0\0\0\0status\0\0Pv\265\333@\202\207f^| \275"..., 253, 0, NULL, NULL) = 253
221766 futex(0x71d171d022f8, FUTEX_WAKE_PRIVATE, 1) = 1
221765 <... futex resumed>)             = 0
221766 recvfrom(42, 0x71d171c53420, 8, 0, NULL, NULL) = -1 EAGAIN (Resource temporarily unavailable)
221765 futex(0x71d16c602a68, FUTEX_WAKE_PRIVATE, 1 <unfinished ...>
221766 sendto(35, "\n\1\0\0\0\0\0\0", 8, MSG_NOSIGNAL, NULL, 0 <unfinished ...>
221765 <... futex resumed>)             = 1
221781 <... futex resumed>)             = 0
221765 futex(0x71d171d022f8, FUTEX_WAIT_PRIVATE, 1, NULL <unfinished ...>
221766 <... sendto resumed>)            = 8
222835 <... recvfrom resumed>"\n\1\0\0\0\0\0\0", 8, 0, NULL, NULL) = 8
221781 epoll_pwait(4,  <unfinished ...>
221766 sendto(35, "\2\0\0\0\1\0\0\0\0\0\0\0\2\0\0\0\7\0\0\0\0\0\0\0message\0"..., 266, MSG_NOSIGNAL, NULL, 0 <unfinished ...>
222835 recvfrom(3,  <unfinished ...>
221766 <... sendto resumed>)            = 266
222835 <... recvfrom resumed>"\2\0\0\0\1\0\0\0\0\0\0\0\2\0\0\0\7\0\0\0\0\0\0\0message\0"..., 266, 0, NULL, NULL) = 266
221766 recvfrom(35, 0x71d171c53120, 8, 0, NULL, NULL) = -1 EAGAIN (Resource temporarily unavailable)
221766 futex(0x71d170202a68, FUTEX_WAIT_PRIVATE, 1, NULL <unfinished ...>
222835 futex(0x5da72061eb58, FUTEX_WAKE_PRIVATE, 1) = 1
222829 <... futex resumed>)             = 0
222835 sendto(3, "$\0\0\0\0\0\0\0", 8, MSG_NOSIGNAL, NULL, 0) = 8
222829 write(1, "sink received message: operator "..., 87 <unfinished ...>
221781 <... epoll_pwait resumed>[{events=EPOLLIN|EPOLLOUT, data={u32=1908747904, u64=125144370851456}}], 1024, 8, NULL, 8) = 1
222835 sendto(3, "\5\0\0\0\0\0\0\0\0\0\0\0\0\321\345\333@\202\207fi\310\340Bm:A\30\257%\16\346"..., 36, MSG_NOSIGNAL, NULL, 0 <unfinished ...>
222829 <... write resumed>)             = 87
221781 recvfrom(35,  <unfinished ...>
222835 <... sendto resumed>)            = 36
221781 <... recvfrom resumed>"$\0\0\0\0\0\0\0", 8, 0, NULL, NULL) = 8
222829 futex(0x5da72061eb58, FUTEX_WAIT_BITSET_PRIVATE, 4294967295, NULL, FUTEX_BITSET_MATCH_ANY <unfinished ...>
222835 recvfrom(3,  <unfinished ...>
221781 recvfrom(35, "\5\0\0\0\0\0\0\0\0\0\0\0\0\321\345\333@\202\207fi\310\340Bm:A\30\257%\16\346"..., 36, 0, NULL, NULL) = 36
221781 epoll_pwait(4, [{events=EPOLLIN, data={u32=1908745088, u64=125144370848640}}, {events=EPOLLOUT, data={u32=1908747904, u64=125144370851456}}], 1024, 8, NULL, 8) = 2
221781 read(30, "sink received message: operator "..., 8192) = 87
221781 futex(0x71d16be02a68, FUTEX_WAKE_PRIVATE, 1) = 1
222825 <... futex resumed>)             = 0
221781 epoll_pwait(4,  <unfinished ...>
222825 write(33, "sink received message: operator "..., 87) = 87
222825 write(5, "\1\0\0\0\0\0\0\0", 8)  = 8
221781 <... epoll_pwait resumed>[{events=EPOLLIN, data={u32=0, u64=0}}], 1024, 8, NULL, 8) = 1
222825 futex(0x71d16be02a68, FUTEX_WAIT_PRIVATE, 1, {tv_sec=9, tv_nsec=999999689} <unfinished ...>
221781 futex(0x71d170202a68, FUTEX_WAKE_PRIVATE, 1) = 1
221766 <... futex resumed>)             = 0
221781 futex(0x71d16be02a68, FUTEX_WAKE_PRIVATE, 1 <unfinished ...>
221766 epoll_pwait(4,  <unfinished ...>
221781 <... futex resumed>)             = 1
222825 <... futex resumed>)             = 0
221781 futex(0x71d16c602a68, FUTEX_WAIT_PRIVATE, 1, NULL <unfinished ...>
222825 fsync(33 <unfinished ...>
222828 <... fsync resumed>)             = 0
222828 futex(0x71d16c602a68, FUTEX_WAKE_PRIVATE, 1) = 1
221781 <... futex resumed>)             = 0
222828 futex(0x71d16ba02a68, FUTEX_WAIT_PRIVATE, 1, {tv_sec=9, tv_nsec=999999800} <unfinished ...>
221781 write(5, "\1\0\0\0\0\0\0\0", 8)  = 8
221766 <... epoll_pwait resumed>[{events=EPOLLIN, data={u32=0, u64=0}}], 1024, 7, NULL, 8) = 1
221781 futex(0x71d16c602a68, FUTEX_WAIT_PRIVATE, 1, NULL <unfinished ...>
221766 epoll_pwait(4,  <unfinished ...>
222825 <... fsync resumed>)             = 0
222825 write(5, "\1\0\0\0\0\0\0\0", 8)  = 8
221766 <... epoll_pwait resumed>[{events=EPOLLIN, data={u32=0, u64=0}}], 1024, 7, NULL, 8) = 1
222825 futex(0x71d16be02a68, FUTEX_WAIT_PRIVATE, 1, {tv_sec=9, tv_nsec=999999649} <unfinished ...>
221766 futex(0x71d16c602a68, FUTEX_WAKE_PRIVATE, 1 <unfinished ...>
221781 <... futex resumed>)             = 0
221766 <... futex resumed>)             = 1
221781 epoll_pwait(4,  <unfinished ...>
221766 futex(0x71d170202a68, FUTEX_WAIT_PRIVATE, 1, NULL <unfinished ...>
221781 <... epoll_pwait resumed>[], 1024, 5, NULL, 8) = 0
221781 futex(0x71d170202a68, FUTEX_WAKE_PRIVATE, 1) = 1
221766 <... futex resumed>)             = 0
221781 futex(0x71d171d022f8, FUTEX_WAKE_PRIVATE, 1 <unfinished ...>
221766 futex(0x71d16da02a68, FUTEX_WAKE_PRIVATE, 1 <unfinished ...>
221781 <... futex resumed>)             = 1
221766 <... futex resumed>)             = 1
221765 <... futex resumed>)             = 0
221781 write(5, "\1\0\0\0\0\0\0\0", 8 <unfinished ...>
221776 <... futex resumed>)             = 0
221766 write(5, "\1\0\0\0\0\0\0\0", 8 <unfinished ...>
221781 <... write resumed>)             = 8
221765 futex(0x71d171d022f8, FUTEX_WAIT_PRIVATE, 1, NULL <unfinished ...>
221776 futex(0x71d16de02a68, FUTEX_WAKE_PRIVATE, 1 <unfinished ...>
221766 <... write resumed>)             = 8
221781 sendto(31, "\224\0\0\0\0\0\0\0", 8, MSG_NOSIGNAL, NULL, 0 <unfinished ...>
221776 <... futex resumed>)             = 1
221775 <... futex resumed>)             = 0
221766 epoll_pwait(4,  <unfinished ...>
221781 <... sendto resumed>)            = 8
221776 sendto(26, "\224\0\0\0\0\0\0\0", 8, MSG_NOSIGNAL, NULL, 0 <unfinished ...>
221775 futex(0x71d16de02a68, FUTEX_WAIT_PRIVATE, 1, NULL <unfinished ...>
222837 <... recvfrom resumed>"\224\0\0\0\0\0\0\0", 8, 0, NULL, NULL) = 8
221766 <... epoll_pwait resumed>[{events=EPOLLIN, data={u32=0, u64=0}}], 1024, 10, NULL, 8) = 1
222837 recvfrom(3,  <unfinished ...>
222836 <... recvfrom resumed>"\224\0\0\0\0\0\0\0", 8, 0, NULL, NULL) = 8
221781 sendto(31, "\2\0\0\0\1\0\0\0\0\0\0\0\2\0\0\0\4\0\0\0\0\0\0\0tick\0\0000?"..., 148, MSG_NOSIGNAL, NULL, 0 <unfinished ...>
221776 <... sendto resumed>)            = 8
221766 epoll_pwait(4,  <unfinished ...>
222836 recvfrom(3,  <unfinished ...>
221776 sendto(26, "\2\0\0\0\1\0\0\0\0\0\0\0\2\0\0\0\4\0\0\0\0\0\0\0tick\0\0\260\343"..., 148, MSG_NOSIGNAL, NULL, 0 <unfinished ...>
222837 <... recvfrom resumed>"\2\0\0\0\1\0\0\0\0\0\0\0\2\0\0\0\4\0\0\0\0\0\0\0tick\0\0000?"..., 148, 0, NULL, NULL) = 148
221781 <... sendto resumed>)            = 148
221776 <... sendto resumed>)            = 148
221781 recvfrom(31,  <unfinished ...>
222836 <... recvfrom resumed>"\2\0\0\0\1\0\0\0\0\0\0\0\2\0\0\0\4\0\0\0\0\0\0\0tick\0\0\260\343"..., 148, 0, NULL, NULL) = 148
221776 recvfrom(26,  <unfinished ...>
222837 futex(0x5f8bde5beb58, FUTEX_WAKE_PRIVATE, 1 <unfinished ...>
221781 <... recvfrom resumed>0x71d171cfeea0, 8, 0, NULL, NULL) = -1 EAGAIN (Resource temporarily unavailable)
